******************************************************************************
            TI ARM Clang Linker Unix v1.3.0                    
******************************************************************************
>> Linked Sat Nov 13 03:26:22 2021

OUTPUT FILE NAME:   <sbl_ospi_linux.release.out>
ENTRY POINT SYMBOL: "_vectors_sbl"  address: 70000000


MEMORY CONFIGURATION

         name            origin    length      used     unused   attr    fill
----------------------  --------  ---------  --------  --------  ----  --------
  R5F_VECS              00000000   00000040  00000000  00000040  RWIX
  R5F_TCMA              00000040   00007fc0  00000000  00007fc0  RWIX
  R5F_TCMB0             41010000   00008000  00000000  00008000  RWIX
  MSRAM_VECS            70000000   00000100  00000040  000000c0  RWIX
  MSRAM_0               70000100   0006ff00  00046500  00029a00  RWIX
  MSRAM_1               70070000   00010000  00007780  00008880  RWIX


SEGMENT ALLOCATION MAP

run origin  load origin   length   init length attrs members
----------  ----------- ---------- ----------- ----- -------
70000000    70000000    00000040   00000040    r-x
  70000000    70000000    00000040   00000040    r-x .vectors
70000100    70000100    00015380   00015380    r-x
  70000100    70000100    000141f0   000141f0    r-x .text
  700142f0    700142f0    000008d0   000008d0    r-x .text.hwi
  70014bc0    70014bc0    000004a0   000004a0    r-x .text.cache
  70015060    70015060    000002d0   000002d0    r-x .text.mpu
  70015330    70015330    00000150   00000150    r-x .text.boot
70015480    70015480    00002760   00002760    rw-
  70015480    70015480    00002760   00002760    rw- .data
70017c00    70017c00    0002ea00   0002ea00    r--
  70017c00    70017c00    0002ea00   0002ea00    r-- .rodata
70070000    70070000    00006380   00000000    rw-
  70070000    70070000    00004000   00000000    rw- .stack
  70074000    70074000    00002380   00000000    rw- .bss
70076380    70076380    00001400   00000000    r--
  70076380    70076380    00001000   00000000    r-- .irqstack
  70077380    70077380    00000100   00000000    r-- .fiqstack
  70077480    70077480    00000100   00000000    r-- .svcstack
  70077580    70077580    00000100   00000000    r-- .abortstack
  70077680    70077680    00000100   00000000    r-- .undefinedstack


SECTION ALLOCATION MAP

 output                                  attributes/
section   page    origin      length       input sections
--------  ----  ----------  ----------   ----------------
.vectors   0    70000000    00000040     
                  70000000    00000040     nortos.am64x.r5f.ti-arm-clang.release.lib : HwiP_armv7r_vectors_nortos_sbl_asm.obj (.vectors)

.text      0    70000100    000141f0     
                  70000100    00000a00     drivers.am64x.r5f.ti-arm-clang.release.lib : sciclient_rm_irq.obj (.text.Sciclient_rmIrqFindRoute)
                  70000b00    000008e8                                                : ospi_phy.obj (.text.OSPI_phyFindOTP1)
                  700013e8    00000008     libc.a : exit.c.obj (.text:abort)
                  700013f0    00000860     nortos.am64x.r5f.ti-arm-clang.release.lib : printf.obj (.text._vsnprintf)
                  70001c50    00000828     drivers.am64x.r5f.ti-arm-clang.release.lib : udma_ch.obj (.text.Udma_chDisable)
                  70002478    00000004     libclang_rt.builtins.a : aeabi_memcpy.S.obj (.text)
                  7000247c    00000004     --HOLE-- [fill = 0]
                  70002480    00000720     drivers.am64x.r5f.ti-arm-clang.release.lib : csl_bcdma.obj (.text.CSL_bcdmaChanOp)
                  70002ba0    00000648                                                : udma_rm.obj (.text.Udma_rmDeinit)
                  700031e8    00000008     --HOLE-- [fill = 0]
                  700031f0    00000628                                                : udma_event.obj (.text.Udma_eventRegister)
                  70003818    00000008     --HOLE-- [fill = 0]
                  70003820    00000558                                                : udma_ch.obj (.text.Udma_chOpen)
                  70003d78    00000008     --HOLE-- [fill = 0]
                  70003d80    0000053c     board.am64x.r5f.ti-arm-clang.release.lib : flash_nor_xspi.obj (.text.Flash_norXspiOpen)
                  700042bc    00000004     --HOLE-- [fill = 0]
                  700042c0    000004f8     drivers.am64x.r5f.ti-arm-clang.release.lib : uart_v0.obj (.text.UART_open)
                  700047b8    00000008     --HOLE-- [fill = 0]
                  700047c0    000004c4                                                : sciclient.obj (.text.Sciclient_service)
                  70004c84    0000000c     --HOLE-- [fill = 0]
                  70004c90    000004c0                                                : sciclient_rm_irq.obj (.text.Sciclient_rmIrqGetRoute)
                  70005150    00000490                                                : ospi_phy.obj (.text.OSPI_phyFindOTP2)
                  700055e0    00000450     nortos.am64x.r5f.ti-arm-clang.release.lib : printf.obj (.text._ftoa)
                  70005a30    00000400     drivers.am64x.r5f.ti-arm-clang.release.lib : udma_rm.obj (.text.Udma_rmInit)
                  70005e30    00000390                                                : ospi_v0.obj (.text.OSPI_open)
                  700061c0    00000370     nortos.am64x.r5f.ti-arm-clang.release.lib : printf.obj (.text._etoa)
                  70006530    0000036c     drivers.am64x.r5f.ti-arm-clang.release.lib : uart_v0.obj (.text.UART_masterIsr)
                  7000689c    00000004     --HOLE-- [fill = 0]
                  700068a0    00000350                                                : udma_rmcfg_common.obj (.text.UdmaRmInitPrms_init)
                  70006bf0    00000334                                                : sciclient_rm_irq.obj (.text.Sciclient_rmProgramInterruptRoute)
                  70006f24    0000000c     --HOLE-- [fill = 0]
                  70006f30    00000304                                                : udma_soc.obj (.text.Udma_initDrvHandle)
                  70007234    0000000c     --HOLE-- [fill = 0]
                  70007240    000002f0                                                : udma_event.obj (.text.Udma_eventUnRegister)
                  70007530    000002b8                                                : bootloader_soc.obj (.text.Bootloader_socCpuPowerOnResetR5f)
                  700077e8    00000008     --HOLE-- [fill = 0]
                  700077f0    000002b8                                                : sciclient_rm_irq.obj (.text.Sciclient_rmClearInterruptRoute)
                  70007aa8    00000008     --HOLE-- [fill = 0]
                  70007ab0    000002b4                                                : bootloader_soc.obj (.text.Bootloader_socCpuResetRelease)
                  70007d64    0000000c     --HOLE-- [fill = 0]
                  70007d70    000002b4                                                : uart_v0.obj (.text.UART_fifoConfig)
                  70008024    0000000c     --HOLE-- [fill = 0]
                  70008030    000002a4                                                : uart_v0.obj (.text.UART_write)
                  700082d4    0000000c     --HOLE-- [fill = 0]
                  700082e0    00000274                                                : ddr.obj (.text.DDR_init)
                  70008554    0000000c     --HOLE-- [fill = 0]
                  70008560    00000260     nortos.am64x.r5f.ti-arm-clang.release.lib : TimerP.obj (.text.TimerP_setup)
                  700087c0    0000025c     drivers.am64x.r5f.ti-arm-clang.release.lib : udma_ring_common.obj (.text.Udma_ringAlloc)
                  70008a1c    00000004     --HOLE-- [fill = 0]
                  70008a20    00000218                                                : sciclient_rm_irq.obj (.text.Sciclient_rmIrqDeleteRoute)
                  70008c38    00000008     --HOLE-- [fill = 0]
                  70008c40    00000214     nortos.am64x.r5f.ti-arm-clang.release.lib : printf.obj (.text._ntoa_format)
                  70008e54    0000000c     --HOLE-- [fill = 0]
                  70008e60    0000020c     drivers.am64x.r5f.ti-arm-clang.release.lib : sciclient_rm_irq.obj (.text.Sciclient_rmIrqProgramRoute)
                  7000906c    00000004     --HOLE-- [fill = 0]
                  70009070    000001fc                                                : soc.obj (.text.SOC_moduleSetClockFrequency)
                  7000926c    00000004     --HOLE-- [fill = 0]
                  70009270    000001e4     main.obj (.text.main)
                  70009454    0000000c     --HOLE-- [fill = 0]
                  70009460    000001d4     drivers.am64x.r5f.ti-arm-clang.release.lib : ospi_dma_udma.obj (.text.OspiDma_udmaOpen)
                  70009634    0000000c     --HOLE-- [fill = 0]
                  70009640    000001b4                                                : bootloader_soc.obj (.text.Bootloader_socCpuResetReleaseSelf)
                  700097f4    0000000c     --HOLE-- [fill = 0]
                  70009800    000001ac                                                : udma_ch.obj (.text.Udma_chConfigRx)
                  700099ac    00000004     --HOLE-- [fill = 0]
                  700099b0    000001ac                                                : udma_ch.obj (.text.Udma_chFreeResource)
                  70009b5c    00000004     --HOLE-- [fill = 0]
                  70009b60    000001a4                                                : uart_v0.obj (.text.UART_close)
                  70009d04    0000000c     --HOLE-- [fill = 0]
                  70009d10    000001a0                                                : sciclient.obj (.text.Sciclient_loadFirmware)
                  70009eb0    00000188                                                : ospi_v0.obj (.text.OSPI_writeCmd)
                  7000a038    00000008     --HOLE-- [fill = 0]
                  7000a040    00000184                                                : ospi_v0.obj (.text.OSPI_readCmd)
                  7000a1c4    0000000c     --HOLE-- [fill = 0]
                  7000a1d0    00000180                                                : lpddr4.obj (.text.LPDDR4_CheckCtlInterrupt)
                  7000a350    0000017c     board.am64x.r5f.ti-arm-clang.release.lib : flash_nor_xspi.obj (.text.Flash_norXspiWrite)
                  7000a4cc    00000004     --HOLE-- [fill = 0]
                  7000a4d0    00000174     drivers.am64x.r5f.ti-arm-clang.release.lib : bootloader_soc.obj (.text.Bootloader_socCpuPowerOnResetM4f)
                  7000a644    0000000c     --HOLE-- [fill = 0]
                  7000a650    0000016c                                                : ospi_dma_udma.obj (.text.OspiDma_udmaUpdateSubmitTR)
                  7000a7bc    00000004     --HOLE-- [fill = 0]
                  7000a7c0    0000016c                                                : udma_rm.obj (.text.Udma_rmSetSharedResRmInitPrms)
                  7000a92c    00000004     --HOLE-- [fill = 0]
                  7000a930    00000168     nortos.am64x.r5f.ti-arm-clang.release.lib : ClockP_nortos_r5.obj (.text.ClockP_init)
                  7000aa98    00000008     --HOLE-- [fill = 0]
                  7000aaa0    00000168     drivers.am64x.r5f.ti-arm-clang.release.lib : ospi_v0.obj (.text.OSPI_writeIndirect)
                  7000ac08    00000008     --HOLE-- [fill = 0]
                  7000ac10    00000168                                                : udma_ch.obj (.text.Udma_chEnable)
                  7000ad78    00000008     --HOLE-- [fill = 0]
                  7000ad80    00000160                                                : udma_flow.obj (.text.Udma_flowConfig)
                  7000aee0    00000158                                                : csl_lcdma_ringacc.obj (.text.CSL_lcdma_ringaccPop64MultiAccess)
                  7000b038    00000008     --HOLE-- [fill = 0]
                  7000b040    00000144                                                : bootloader.obj (.text.Bootloader_parseAndLoadLinuxAppImage)
                  7000b184    0000000c     --HOLE-- [fill = 0]
                  7000b190    00000134                                                : bootloader.obj (.text.Bootloader_loadSelfCpu)
                  7000b2c4    0000000c     --HOLE-- [fill = 0]
                  7000b2d0    00000130                                                : bootloader.obj (.text.Bootloader_rprcImageLoad)
                  7000b400    00000130                                                : udma_ch.obj (.text.Udma_chConfigTx)
                  7000b530    00000128                                                : csl_lcdma_ringacc.obj (.text.CSL_lcdma_ringaccPush64MultiAccess)
                  7000b658    00000008     --HOLE-- [fill = 0]
                  7000b660    00000128                                                : ospi_v0.obj (.text.OSPI_readDirect)
                  7000b788    00000008     --HOLE-- [fill = 0]
                  7000b790    00000124                                                : uart_v0.obj (.text.UART_divisorLatchWrite)
                  7000b8b4    0000000c     --HOLE-- [fill = 0]
                  7000b8c0    0000011c                                                : sciclient_pm.obj (.text.Sciclient_pmQueryModuleClkFreq)
                  7000b9dc    00000004     --HOLE-- [fill = 0]
                  7000b9e0    00000118     board.am64x.r5f.ti-arm-clang.release.lib : flash_nor_xspi.obj (.text.Flash_norXspiErase)
                  7000baf8    00000008     --HOLE-- [fill = 0]
                  7000bb00    00000118     drivers.am64x.r5f.ti-arm-clang.release.lib : sciclient.obj (.text.Sciclient_getVersionCheck)
                  7000bc18    00000118     libclang_rt.builtins.a : udivmoddi4.S.obj (.text)
                  7000bd30    00000114     drivers.am64x.r5f.ti-arm-clang.release.lib : uart_v0.obj (.text.UART_procLineStatusErr)
                  7000be44    0000000c     --HOLE-- [fill = 0]
                  7000be50    00000110                                                : bootloader_sysfw_load.obj (.text.Bootloader_socLoadSysFwLinux)
                  7000bf60    00000110                                                : sciclient_rm_irq.obj (.text.Sciclient_rmTranslateIntOutput)
                  7000c070    0000010c                                                : bootloader.obj (.text.Bootloader_parseMultiCoreAppImage)
                  7000c17c    00000004     --HOLE-- [fill = 0]
                  7000c180    00000108                                                : sciclient_rm_irq.obj (.text.Sciclient_rmIrInpIsFree)
                  7000c288    00000008     --HOLE-- [fill = 0]
                  7000c290    00000100     board.am64x.r5f.ti-arm-clang.release.lib : flash_nor_xspi.obj (.text.Flash_norXspiWaitReady)
                  7000c390    00000100     nortos.am64x.r5f.ti-arm-clang.release.lib : SemaphoreP_nortos.obj (.text.SemaphoreP_pend)
                  7000c490    000000f8     drivers.am64x.r5f.ti-arm-clang.release.lib : pinmux.obj (.text.Pinmux_config)
                  7000c588    00000008     --HOLE-- [fill = 0]
                  7000c590    000000f8                                                : sciclient_pm.obj (.text.Sciclient_pmSetModuleClkFreq)
                  7000c688    00000008     --HOLE-- [fill = 0]
                  7000c690    000000f4                                                : uart_v0.obj (.text.UART_flushTxFifo)
                  7000c784    0000000c     --HOLE-- [fill = 0]
                  7000c790    000000f0                                                : csl_lcdma_ringacc.obj (.text.CSL_lcdma_ringaccDequeue)
                  7000c880    000000f0                                                : udma.obj (.text.Udma_init)
                  7000c970    000000f0                                                : udma_rm.obj (.text.Udma_rmGetSciclientDefaultBoardCfgRmRange)
                  7000ca60    000000ec                                                : udma_rm.obj (.text.Udma_rmAllocMappedRxCh)
                  7000cb4c    00000004     --HOLE-- [fill = 0]
                  7000cb50    000000ec                                                : udma_rm.obj (.text.Udma_rmAllocMappedTxCh)
                  7000cc3c    00000004     --HOLE-- [fill = 0]
                  7000cc40    000000ec     nortos.am64x.r5f.ti-arm-clang.release.lib : printf.obj (.text._out_rev)
                  7000cd2c    00000004     --HOLE-- [fill = 0]
                  7000cd30    000000e8     board.am64x.r5f.ti-arm-clang.release.lib : flash_nor_xspi.obj (.text.Flash_norXspiReadId)
                  7000ce18    00000008     --HOLE-- [fill = 0]
                  7000ce20    000000e8     drivers.am64x.r5f.ti-arm-clang.release.lib : sciclient.obj (.text.Sciclient_init)
                  7000cf08    00000008     --HOLE-- [fill = 0]
                  7000cf10    000000e4                                                : udma_event.obj (.text.Udma_eventFreeResource)
                  7000cff4    0000000c     --HOLE-- [fill = 0]
                  7000d000    000000e4     nortos.am64x.r5f.ti-arm-clang.release.lib : printf.obj (.text._ntoa_long_long)
                  7000d0e4    0000000c     --HOLE-- [fill = 0]
                  7000d0f0    000000e0     drivers.am64x.r5f.ti-arm-clang.release.lib : udma_ch.obj (.text.Udma_chClose)
                  7000d1d0    000000e0                                                : udma_rm.obj (.text.Udma_rmAllocBlkCopyCh)
                  7000d2b0    000000e0                                                : udma_rm.obj (.text.Udma_rmAllocBlkCopyHcCh)
                  7000d390    000000e0                                                : udma_rm.obj (.text.Udma_rmAllocBlkCopyUhcCh)
                  7000d470    000000e0                                                : udma_rm.obj (.text.Udma_rmAllocIrIntr)
                  7000d550    000000e0                                                : udma_rm.obj (.text.Udma_rmAllocRxCh)
                  7000d630    000000e0                                                : udma_rm.obj (.text.Udma_rmAllocRxHcCh)
                  7000d710    000000e0                                                : udma_rm.obj (.text.Udma_rmAllocRxUhcCh)
                  7000d7f0    000000e0                                                : udma_rm.obj (.text.Udma_rmAllocTxCh)
                  7000d8d0    000000e0                                                : udma_rm.obj (.text.Udma_rmAllocTxHcCh)
                  7000d9b0    000000e0                                                : udma_rm.obj (.text.Udma_rmAllocTxUhcCh)
                  7000da90    000000dc                                                : sciclient.obj (.text.Sciclient_sendMessage)
                  7000db6c    00000004     --HOLE-- [fill = 0]
                  7000db70    000000dc                                                : udma_ring_lcdma.obj (.text.Udma_ringSetCfgLcdma)
                  7000dc4c    00000004     --HOLE-- [fill = 0]
                  7000dc50    000000d8                                                : sciclient_rm_irq.obj (.text.Sciclient_rmIrOutpIsFree)
                  7000dd28    00000008     --HOLE-- [fill = 0]
                  7000dd30    000000d4                                                : lpddr4.obj (.text.LPDDR4_Start)
                  7000de04    0000000c     --HOLE-- [fill = 0]
                  7000de10    000000d0     board.am64x.r5f.ti-arm-clang.release.lib : flash_nor_xspi.obj (.text.Flash_norXspiRegWrite)
                  7000dee0    000000cc     drivers.am64x.r5f.ti-arm-clang.release.lib : csl_bcdma.obj (.text.CSL_bcdmaDoChanOp)
                  7000dfac    00000004     --HOLE-- [fill = 0]
                  7000dfb0    000000c8     main.obj (.text.App_loadImages)
                  7000e078    00000008     --HOLE-- [fill = 0]
                  7000e080    000000c8     drivers.am64x.r5f.ti-arm-clang.release.lib : udma_rm.obj (.text.Udma_rmAllocMappedRing)
                  7000e148    00000008     --HOLE-- [fill = 0]
                  7000e150    000000c4                                                : ospi_phy.obj (.text.OSPI_phyTuneDDR)
                  7000e214    0000000c     --HOLE-- [fill = 0]
                  7000e220    000000c4                                                : sciclient_boardcfg.obj (.text.Sciclient_boardCfg)
                  7000e2e4    0000000c     --HOLE-- [fill = 0]
                  7000e2f0    000000c4                                                : sciclient_boardcfg.obj (.text.Sciclient_boardCfgPm)
                  7000e3b4    0000000c     --HOLE-- [fill = 0]
                  7000e3c0    000000c4                                                : sciclient_boardcfg.obj (.text.Sciclient_boardCfgRm)
                  7000e484    0000000c     --HOLE-- [fill = 0]
                  7000e490    000000c4                                                : sciclient_boardcfg.obj (.text.Sciclient_boardCfgSec)
                  7000e554    0000000c     --HOLE-- [fill = 0]
                  7000e560    000000c0                                                : uart_v0.obj (.text.UART_init)
                  7000e620    000000bc                                                : bootloader_profile.obj (.text.Bootloader_profilePrintProfileLog)
                  7000e6dc    00000004     --HOLE-- [fill = 0]
                  7000e6e0    000000bc                                                : ospi_dma_udma.obj (.text.OspiDma_udmaCopy)
                  7000e79c    00000004     --HOLE-- [fill = 0]
                  7000e7a0    000000b8                                                : csl_pktdma.obj (.text.CSL_pktdmaTeardownChan)
                  7000e858    00000008     --HOLE-- [fill = 0]
                  7000e860    000000b8                                                : sciclient_pm.obj (.text.Sciclient_pmGetModuleClkNumParent)
                  7000e918    00000008     --HOLE-- [fill = 0]
                  7000e920    000000b8                                                : sciclient_procboot.obj (.text.Sciclient_procBootWaitProcessorState)
                  7000e9d8    00000008     --HOLE-- [fill = 0]
                  7000e9e0    000000b4     nortos.am64x.r5f.ti-arm-clang.release.lib : ClockP_nortos.obj (.text.ClockP_timerTickIsr)
                  7000ea94    0000000c     --HOLE-- [fill = 0]
                  7000eaa0    000000b4     drivers.am64x.r5f.ti-arm-clang.release.lib : soc.obj (.text.SOC_moduleClockEnable)
                  7000eb54    0000000c     --HOLE-- [fill = 0]
                  7000eb60    000000b4     nortos.am64x.r5f.ti-arm-clang.release.lib : printf.obj (.text._ntoa_long)
                  7000ec14    0000000c     --HOLE-- [fill = 0]
                  7000ec20    000000b0     drivers.am64x.r5f.ti-arm-clang.release.lib : sciclient_pm.obj (.text.Sciclient_pmGetModuleState)
                  7000ecd0    000000ac                                                : bootloader_soc.obj (.text.Bootloader_socCpuSetClock)
                  7000ed7c    00000004     --HOLE-- [fill = 0]
                  7000ed80    000000a8                                                : ospi_v0.obj (.text.OSPI_init)
                  7000ee28    00000008     --HOLE-- [fill = 0]
                  7000ee30    000000a4                                                : bootloader_soc.obj (.text.Bootloader_socMemInitCpu)
                  7000eed4    0000000c     --HOLE-- [fill = 0]
                  7000eee0    000000a4                                                : sciclient_pm.obj (.text.Sciclient_pmGetModuleClkFreq)
                  7000ef84    0000000c     --HOLE-- [fill = 0]
                  7000ef90    000000a4                                                : udma_ring_lcdma.obj (.text.Udma_ringFlushRawLcdma)
                  7000f034    0000000c     --HOLE-- [fill = 0]
                  7000f040    000000a0                                                : sciclient_pm.obj (.text.Sciclient_pmGetModuleClkParent)
                  7000f0e0    000000a0                                                : sciclient_rm_irq.obj (.text.Sciclient_rmIrqGetNode)
                  7000f180    000000a0                                                : udma_ring_common.obj (.text.Udma_ringFree)
                  7000f220    0000009c                                                : bootloader_soc.obj (.text.Bootloader_socCpuPowerOnResetA53)
                  7000f2bc    00000004     --HOLE-- [fill = 0]
                  7000f2c0    0000009c     board.am64x.r5f.ti-arm-clang.release.lib : flash_nor_xspi.obj (.text.Flash_norXspiRead)
                  7000f35c    00000004     --HOLE-- [fill = 0]
                  7000f360    0000009c     drivers.am64x.r5f.ti-arm-clang.release.lib : sciclient_pm.obj (.text.Sciclient_pmModuleGetClkStatus)
                  7000f3fc    00000004     --HOLE-- [fill = 0]
                  7000f400    00000098     nortos.am64x.r5f.ti-arm-clang.release.lib : AddrTranslateP.obj (.text.AddrTranslateP_getLocalAddr)
                  7000f498    00000008     --HOLE-- [fill = 0]
                  7000f4a0    00000098     drivers.am64x.r5f.ti-arm-clang.release.lib : bootloader.obj (.text.Bootloader_runCpu)
                  7000f538    00000008     --HOLE-- [fill = 0]
                  7000f540    00000098                                                : csl_pktdma.obj (.text.CSL_pktdmaAccessChanPeerReg)
                  7000f5d8    00000008     --HOLE-- [fill = 0]
                  7000f5e0    00000098                                                : ospi_dma_udma.obj (.text.OspiDma_udmaClose)
                  7000f678    00000008     --HOLE-- [fill = 0]
                  7000f680    00000098                                                : sciclient_procboot.obj (.text.Sciclient_procBootSetSequenceCtrl)
                  7000f718    00000008     --HOLE-- [fill = 0]
                  7000f720    00000094     ti_board_open_close.obj (.text.Board_flashOpen)
                  7000f7b4    0000000c     --HOLE-- [fill = 0]
                  7000f7c0    00000094     drivers.am64x.r5f.ti-arm-clang.release.lib : bootloader_soc.obj (.text.Bootloader_socCpuGetClock)
                  7000f854    0000000c     --HOLE-- [fill = 0]
                  7000f860    00000094                                                : bootloader_soc.obj (.text.Bootloader_socCpuSetEntryPoint)
                  7000f8f4    0000000c     --HOLE-- [fill = 0]
                  7000f900    00000094                                                : ospi_v0.obj (.text.OSPI_close)
                  7000f994    0000000c     --HOLE-- [fill = 0]
                  7000f9a0    00000094                                                : ospi_phy.obj (.text.OSPI_phyFindRxHigh)
                  7000fa34    0000000c     --HOLE-- [fill = 0]
                  7000fa40    00000094                                                : ospi_phy.obj (.text.OSPI_phyFindRxLow)
                  7000fad4    0000000c     --HOLE-- [fill = 0]
                  7000fae0    00000094                                                : ospi_phy.obj (.text.OSPI_phyFindTxHigh)
                  7000fb74    0000000c     --HOLE-- [fill = 0]
                  7000fb80    00000094                                                : ospi_phy.obj (.text.OSPI_phyFindTxLow)
                  7000fc14    0000000c     --HOLE-- [fill = 0]
                  7000fc20    00000094                                                : sciclient_pm.obj (.text.Sciclient_pmSetModuleClkParent)
                  7000fcb4    0000000c     --HOLE-- [fill = 0]
                  7000fcc0    00000094                                                : sciclient_pm.obj (.text.Sciclient_pmSetModuleState)
                  7000fd54    0000000c     --HOLE-- [fill = 0]
                  7000fd60    00000094                                                : udma_rm.obj (.text.Udma_rmAllocVintrBit)
                  7000fdf4    0000000c     --HOLE-- [fill = 0]
                  7000fe00    00000090                                                : csl_bcdma.obj (.text.CSL_bcdmaChanOpSetChanPause)
                  7000fe90    00000090                                                : udma_ring_common.obj (.text.Udma_ringQueueRaw)
                  7000ff20    0000008c                                                : bootloader_soc.obj (.text.Bootloader_socCpuRelease)
                  7000ffac    00000004     --HOLE-- [fill = 0]
                  7000ffb0    0000008c                                                : ospi_v0.obj (.text.OSPI_setXferOpCodes)
                  7001003c    00000004     --HOLE-- [fill = 0]
                  70010040    0000008c                                                : sciclient_soc_priv.obj (.text.Sciclient_getContext)
                  700100cc    00000004     --HOLE-- [fill = 0]
                  700100d0    0000008c                                                : sciclient_pm.obj (.text.Sciclient_pmModuleClkRequest)
                  7001015c    00000004     --HOLE-- [fill = 0]
                  70010160    0000008c                                                : sciclient_procboot.obj (.text.Sciclient_procBootReleaseProcessor)
                  700101ec    00000004     --HOLE-- [fill = 0]
                  700101f0    00000088                                                : bootloader_soc.obj (.text.Bootloader_socCpuRequest)
                  70010278    00000008     --HOLE-- [fill = 0]
                  70010280    00000088                                                : ospi_phy.obj (.text.OSPI_phyResyncDLL)
                  70010308    00000008     --HOLE-- [fill = 0]
                  70010310    00000088     ti_drivers_config.obj (.text.System_init)
                  70010398    00000008     --HOLE-- [fill = 0]
                  700103a0    00000088     drivers.am64x.r5f.ti-arm-clang.release.lib : udma.obj (.text.Udma_deinit)
                  70010428    00000008     --HOLE-- [fill = 0]
                  70010430    00000088                                                : udma_ring_common.obj (.text.Udma_ringDequeueRaw)
                  700104b8    00000008     --HOLE-- [fill = 0]
                  700104c0    00000088                                                : udma_rm.obj (.text.Udma_rmFreeMappedRing)
                  70010548    00000008     --HOLE-- [fill = 0]
                  70010550    00000088     nortos.am64x.r5f.ti-arm-clang.release.lib : DebugP_log.obj (.text._DebugP_assert)
                  700105d8    00000008     --HOLE-- [fill = 0]
                  700105e0    00000084     drivers.am64x.r5f.ti-arm-clang.release.lib : bootloader_flash.obj (.text.Flash_imgRead)
                  70010664    0000000c     --HOLE-- [fill = 0]
                  70010670    00000084                                                : sciclient_rm.obj (.text.Sciclient_rmGetResourceRange)
                  700106f4    0000000c     --HOLE-- [fill = 0]
                  70010700    00000084                                                : sciclient_rm_irq.obj (.text.Sciclient_rmIrqUnmappedVintRouteDelete)
                  70010784    0000000c     --HOLE-- [fill = 0]
                  70010790    00000084                                                : udma_event.obj (.text.Udma_eventIsrFxn)
                  70010814    0000000c     --HOLE-- [fill = 0]
                  70010820    00000080     board.am64x.r5f.ti-arm-clang.release.lib : flash.obj (.text.Flash_offsetToBlkPage)
                  700108a0    00000080     drivers.am64x.r5f.ti-arm-clang.release.lib : lpddr4.obj (.text.LPDDR4_ReadReg)
                  70010920    00000080                                                : sciclient.obj (.text.Sciclient_abiCheck)
                  700109a0    00000080                                                : sciclient_pm.obj (.text.Sciclient_pmSetModuleRst_flags)
                  70010a20    00000080                                                : udma_rm.obj (.text.Udma_rmAllocEvent)
                  70010aa0    00000080                                                : udma_rm.obj (.text.Udma_rmAllocVintr)
                  70010b20    0000007c     nortos.am64x.r5f.ti-arm-clang.release.lib : ClockP_nortos.obj (.text.ClockP_addToList)
                  70010b9c    00000004     --HOLE-- [fill = 0]
                  70010ba0    0000007c     drivers.am64x.r5f.ti-arm-clang.release.lib : udma_ch.obj (.text.UdmaChTxPrms_init)
                  70010c1c    00000004     --HOLE-- [fill = 0]
                  70010c20    0000007c                                                : udma_utils.obj (.text.UdmaUtils_makeTrpd)
                  70010c9c    00000004     --HOLE-- [fill = 0]
                  70010ca0    00000078                                                : ospi_phy.obj (.text.OSPI_phyReadAttackVector)
                  70010d18    00000008     --HOLE-- [fill = 0]
                  70010d20    00000078                                                : sciclient_pm.obj (.text.Sciclient_pmSetModuleRst)
                  70010d98    00000008     --HOLE-- [fill = 0]
                  70010da0    00000078                                                : sciclient_procboot.obj (.text.Sciclient_procBootGetProcessorState)
                  70010e18    00000008     --HOLE-- [fill = 0]
                  70010e20    00000078                                                : uart_v0.obj (.text.UART_writeCancelNoCB)
                  70010e98    00000008     --HOLE-- [fill = 0]
                  70010ea0    00000074     nortos.am64x.r5f.ti-arm-clang.release.lib : ClockP_nortos.obj (.text.ClockP_stop)
                  70010f14    0000000c     --HOLE-- [fill = 0]
                  70010f20    00000074     ti_drivers_open_close.obj (.text.Drivers_ospiOpen)
                  70010f94    0000000c     --HOLE-- [fill = 0]
                  70010fa0    00000074     ti_drivers_open_close.obj (.text.Drivers_uartOpen)
                  70011014    0000000c     --HOLE-- [fill = 0]
                  70011020    00000074     drivers.am64x.r5f.ti-arm-clang.release.lib : sciclient_procboot.obj (.text.Sciclient_procBootRequestProcessor)
                  70011094    0000000c     --HOLE-- [fill = 0]
                  700110a0    00000074                                                : sciclient_rm.obj (.text.Sciclient_rmIrqReleaseRaw)
                  70011114    0000000c     --HOLE-- [fill = 0]
                  70011120    00000074                                                : sciclient_rm.obj (.text.Sciclient_rmPsilPair)
                  70011194    0000000c     --HOLE-- [fill = 0]
                  700111a0    00000074                                                : sciclient_rm.obj (.text.Sciclient_rmPsilUnpair)
                  70011214    0000000c     --HOLE-- [fill = 0]
                  70011220    00000070                                                : bootloader_soc.obj (.text.Bootloader_socTranslateSectionAddr)
                  70011290    00000070                                                : lpddr4.obj (.text.LPDDR4_Init)
                  70011300    00000070                                                : lpddr4.obj (.text.LPDDR4_WritePhyConfig)
                  70011370    00000070                                                : sciclient_rm.obj (.text.Sciclient_rmIrqSetRaw)
                  700113e0    00000070                                                : sciclient_rm.obj (.text.Sciclient_rmRingCfg)
                  70011450    00000070                                                : sciclient_rm.obj (.text.Sciclient_rmUdmapFlowCfg)
                  700114c0    00000070                                                : sciclient_rm.obj (.text.Sciclient_rmUdmapFlowSizeThreshCfg)
                  70011530    00000070                                                : sciclient_rm.obj (.text.Sciclient_rmUdmapRxChCfg)
                  700115a0    00000070                                                : sciclient_rm.obj (.text.Sciclient_rmUdmapTxChCfg)
                  70011610    0000006c                                                : csl_bcdma.obj (.text.CSL_bcdmaGetCfg)
                  7001167c    00000004     --HOLE-- [fill = 0]
                  70011680    0000006c     nortos.am64x.r5f.ti-arm-clang.release.lib : ClockP_nortos.obj (.text.ClockP_construct)
                  700116ec    00000004     --HOLE-- [fill = 0]
                  700116f0    0000006c     drivers.am64x.r5f.ti-arm-clang.release.lib : lpddr4.obj (.text.LPDDR4_WritePhyIndepConfig)
                  7001175c    00000004     --HOLE-- [fill = 0]
                  70011760    0000006c                                                : ospi_v0.obj (.text.OSPI_enablePhy)
                  700117cc    00000004     --HOLE-- [fill = 0]
                  700117d0    0000006c                                                : sciclient_procboot.obj (.text.Sciclient_procBootSetProcessorCfg)
                  7001183c    00000004     --HOLE-- [fill = 0]
                  70011840    0000006c                                                : udma_ring_common.obj (.text.Udma_ringFlushRaw)
                  700118ac    00000004     --HOLE-- [fill = 0]
                  700118b0    0000006c                                                : udma_rm.obj (.text.Udma_rmFreeVintrBit)
                  7001191c    00000004     --HOLE-- [fill = 0]
                  70011920    00000068                                                : lpddr4.obj (.text.LPDDR4_WriteCtlConfig)
                  70011988    00000008     --HOLE-- [fill = 0]
                  70011990    00000068                                                : ospi_dma.obj (.text.OSPI_dmaOpen)
                  700119f8    00000008     --HOLE-- [fill = 0]
                  70011a00    00000068     ti_drivers_config.obj (.text.System_deinit)
                  70011a68    00000008     --HOLE-- [fill = 0]
                  70011a70    00000068     drivers.am64x.r5f.ti-arm-clang.release.lib : udma_event.obj (.text.UdmaEventPrms_init)
                  70011ad8    00000008     --HOLE-- [fill = 0]
                  70011ae0    00000068                                                : udma_ring_lcdma.obj (.text.Udma_ringSetDoorBellLcdma)
                  70011b48    00000008     --HOLE-- [fill = 0]
                  70011b50    00000064     nortos.am64x.r5f.ti-arm-clang.release.lib : ClockP_nortos.obj (.text.ClockP_getTimeUsec)
                  70011bb4    0000000c     --HOLE-- [fill = 0]
                  70011bc0    00000064     drivers.am64x.r5f.ti-arm-clang.release.lib : ospi_phy.obj (.text.OSPI_phySetRdDelayTxRxDLL)
                  70011c24    0000000c     --HOLE-- [fill = 0]
                  70011c30    00000060                                                : bootloader.obj (.text.Bootloader_loadCpu)
                  70011c90    00000060                                                : bootloader.obj (.text.Bootloader_open)
                  70011cf0    00000060                                                : csl_pktdma.obj (.text.CSL_pktdmaGetCfg)
                  70011d50    00000060                                                : udma_ch.obj (.text.UdmaChRxPrms_init)
                  70011db0    00000060                                                : udma_flow.obj (.text.UdmaFlowPrms_init)
                  70011e10    00000060     nortos.am64x.r5f.ti-arm-clang.release.lib : DebugP_nortos.obj (.text._DebugP_logZone)
                  70011e70    0000005c     drivers.am64x.r5f.ti-arm-clang.release.lib : csl_intaggr.obj (.text.CSL_intaggrClrIntr)
                  70011ecc    00000004     --HOLE-- [fill = 0]
                  70011ed0    0000005c     nortos.am64x.r5f.ti-arm-clang.release.lib : ClockP_nortos.obj (.text.ClockP_destruct)
                  70011f2c    00000004     --HOLE-- [fill = 0]
                  70011f30    0000005c                                               : DebugP_uartLogWriter.obj (.text.DebugP_uartLogWriterPutChar)
                  70011f8c    00000004     --HOLE-- [fill = 0]
                  70011f90    0000005c                                               : SemaphoreP_nortos.obj (.text.SemaphoreP_constructBinary)
                  70011fec    0000005c     libc.a : autoinit.c.obj (.text:__TI_auto_init_nobinit_nopinit)
                  70012048    00000008     --HOLE-- [fill = 0]
                  70012050    00000058     drivers.am64x.r5f.ti-arm-clang.release.lib : csl_intaggr.obj (.text.CSL_intaggrIsIntrPending)
                  700120a8    00000008     --HOLE-- [fill = 0]
                  700120b0    00000058                                                : lpddr4.obj (.text.LPDDR4_PollCtlIrq)
                  70012108    00000008     --HOLE-- [fill = 0]
                  70012110    00000058                                                : ospi_v0.obj (.text.OSPI_setXferLines)
                  70012168    00000008     --HOLE-- [fill = 0]
                  70012170    00000058     nortos.am64x.r5f.ti-arm-clang.release.lib : SemaphoreP_nortos.obj (.text.SemaphoreP_constructMutex)
                  700121c8    00000008     --HOLE-- [fill = 0]
                  700121d0    00000058                                               : SemaphoreP_nortos.obj (.text.SemaphoreP_post)
                  70012228    00000008     --HOLE-- [fill = 0]
                  70012230    00000058     drivers.am64x.r5f.ti-arm-clang.release.lib : udma_ch.obj (.text.UdmaChPrms_init)
                  70012288    00000008     --HOLE-- [fill = 0]
                  70012290    00000058                                                : udma_ring_lcdma.obj (.text.Udma_lcdmaRingaccMemOps)
                  700122e8    00000008     --HOLE-- [fill = 0]
                  700122f0    00000058                                                : udma_rm.obj (.text.Udma_rmFreeMappedRxCh)
                  70012348    00000008     --HOLE-- [fill = 0]
                  70012350    00000058                                                : udma_rm.obj (.text.Udma_rmFreeMappedTxCh)
                  700123a8    00000008     --HOLE-- [fill = 0]
                  700123b0    00000054     ti_dpl_config.obj (.text.Dpl_init)
                  70012404    0000000c     --HOLE-- [fill = 0]
                  70012410    00000054     board.am64x.r5f.ti-arm-clang.release.lib : flash.obj (.text.Flash_open)
                  70012464    0000000c     --HOLE-- [fill = 0]
                  70012470    00000054     drivers.am64x.r5f.ti-arm-clang.release.lib : gtc.obj (.text.GTC_init)
                  700124c4    0000000c     --HOLE-- [fill = 0]
                  700124d0    00000054                                                : ospi_v0.obj (.text.OSPI_disablePhy)
                  70012524    0000000c     --HOLE-- [fill = 0]
                  70012530    00000054                                                : udma_ring_lcdma.obj (.text.Udma_ringPrimeReadLcdma)
                  70012584    0000000c     --HOLE-- [fill = 0]
                  70012590    00000050                                                : soc.obj (.text.SOC_controlModuleUnlockMMR)
                  700125e0    00000050                                                : udma_soc.obj (.text.Udma_getMappedChRingAttributes)
                  70012630    00000050                                                : udma_rm.obj (.text.Udma_rmFreeBlkCopyCh)
                  70012680    00000050                                                : udma_rm.obj (.text.Udma_rmFreeBlkCopyHcCh)
                  700126d0    00000050                                                : udma_rm.obj (.text.Udma_rmFreeBlkCopyUhcCh)
                  70012720    00000050                                                : udma_rm.obj (.text.Udma_rmFreeEvent)
                  70012770    00000050                                                : udma_rm.obj (.text.Udma_rmFreeIrIntr)
                  700127c0    00000050                                                : udma_rm.obj (.text.Udma_rmFreeRxCh)
                  70012810    00000050                                                : udma_rm.obj (.text.Udma_rmFreeRxHcCh)
                  70012860    00000050                                                : udma_rm.obj (.text.Udma_rmFreeRxUhcCh)
                  700128b0    00000050                                                : udma_rm.obj (.text.Udma_rmFreeTxCh)
                  70012900    00000050                                                : udma_rm.obj (.text.Udma_rmFreeTxHcCh)
                  70012950    00000050                                                : udma_rm.obj (.text.Udma_rmFreeTxUhcCh)
                  700129a0    00000050                                                : udma_rm.obj (.text.Udma_rmFreeVintr)
                  700129f0    0000004c     nortos.am64x.r5f.ti-arm-clang.release.lib : ClockP_nortos.obj (.text.ClockP_start)
                  70012a3c    00000004     --HOLE-- [fill = 0]
                  70012a40    0000004c     drivers.am64x.r5f.ti-arm-clang.release.lib : ospi_v0.obj (.text.OSPI_setDeviceSize)
                  70012a8c    00000004     --HOLE-- [fill = 0]
                  70012a90    0000004c                                                : udma_ring_common.obj (.text.UdmaRingPrms_init)
                  70012adc    00000004     --HOLE-- [fill = 0]
                  70012ae0    0000004c                                                : udma_ch.obj (.text.Udma_chGetCqRingNum)
                  70012b2c    00000004     --HOLE-- [fill = 0]
                  70012b30    0000004c                                                : udma_rmcfg.obj (.text.Udma_rmGetSharedResPrms)
                  70012b7c    00000004     --HOLE-- [fill = 0]
                  70012b80    00000048     ti_drivers_open_close.obj (.text.Drivers_close)
                  70012bc8    00000008     --HOLE-- [fill = 0]
                  70012bd0    00000048     ti_power_clock_config.obj (.text.Module_clockSetFrequency)
                  70012c18    00000008     --HOLE-- [fill = 0]
                  70012c20    00000044     main.obj (.text.App_loadLinuxImages)
                  70012c64    0000000c     --HOLE-- [fill = 0]
                  70012c70    00000044     drivers.am64x.r5f.ti-arm-clang.release.lib : bootloader_profile.obj (.text.Bootloader_profileReset)
                  70012cb4    0000000c     --HOLE-- [fill = 0]
                  70012cc0    00000044     nortos.am64x.r5f.ti-arm-clang.release.lib : ClockP_nortos.obj (.text.ClockP_sleepTicks)
                  70012d04    0000000c     --HOLE-- [fill = 0]
                  70012d10    00000044     drivers.am64x.r5f.ti-arm-clang.release.lib : ospi_dma.obj (.text.OSPI_dmaCopy)
                  70012d54    0000000c     --HOLE-- [fill = 0]
                  70012d60    00000044                                                : ospi_v0.obj (.text.OSPI_getHandle)
                  70012da4    0000000c     --HOLE-- [fill = 0]
                  70012db0    00000044                                                : uart_v0.obj (.text.UART_getHandle)
                  70012df4    0000000c     --HOLE-- [fill = 0]
                  70012e00    00000044                                                : udma_ring_lcdma.obj (.text.Udma_ringGetForwardRingOccLcdma)
                  70012e44    0000000c     --HOLE-- [fill = 0]
                  70012e50    00000044                                                : udma_ring_lcdma.obj (.text.Udma_ringGetReverseRingOccLcdma)
                  70012e94    0000000c     --HOLE-- [fill = 0]
                  70012ea0    00000040     main.obj (.text.App_runCpus)
                  70012ee0    00000040     drivers.am64x.r5f.ti-arm-clang.release.lib : bootloader.obj (.text.Bootloader_BootImageInfo_init)
                  70012f20    00000040                                                : bootloader_soc.obj (.text.Bootloader_socCpuPowerOnReset)
                  70012f60    00000040                                                : csl_intaggr.obj (.text.CSL_intaggrGetCfg)
                  70012fa0    00000040     nortos.am64x.r5f.ti-arm-clang.release.lib : ClockP_nortos.obj (.text.ClockP_usleep)
                  70012fe0    00000040     ti_power_clock_config.obj (.text.Module_clockDisable)
                  70013020    00000040     ti_power_clock_config.obj (.text.Module_clockEnable)
                  70013060    00000040     drivers.am64x.r5f.ti-arm-clang.release.lib : soc.obj (.text.SOC_setDevStat)
                  700130a0    00000040                                                : udma_ch.obj (.text.Udma_chGetCqRingHandle)
                  700130e0    00000040                                                : udma_ch.obj (.text.Udma_chGetFqRingHandle)
                  70013120    00000040                                                : udma_utils.obj (.text.Udma_phyToVirtFxn)
                  70013160    0000003c                                                : csl_bcdma.obj (.text.CSL_bcdmaGetChanPeerReg)
                  7001319c    00000004     --HOLE-- [fill = 0]
                  700131a0    0000003c                                                : ospi_dma.obj (.text.OSPI_dmaClose)
                  700131dc    00000004     --HOLE-- [fill = 0]
                  700131e0    0000003c                                                : udma_utils.obj (.text.UdmaUtils_makeTrpdTr15)
                  7001321c    00000004     --HOLE-- [fill = 0]
                  70013220    0000003c                                                : udma_ring_lcdma.obj (.text.Udma_ringPrimeLcdma)
                  7001325c    00000004     --HOLE-- [fill = 0]
                  70013260    00000038                                                : csl_bcdma.obj (.text.CSL_bcdmaSetChanPeerReg)
                  70013298    00000008     --HOLE-- [fill = 0]
                  700132a0    00000038                                                : csl_pktdma.obj (.text.CSL_pktdmaGetRxRT)
                  700132d8    00000008     --HOLE-- [fill = 0]
                  700132e0    00000038                                                : csl_pktdma.obj (.text.CSL_pktdmaGetTxRT)
                  70013318    00000008     --HOLE-- [fill = 0]
                  70013320    00000038                                                : soc.obj (.text.SOC_controlModuleLockMMR)
                  70013358    00000008     --HOLE-- [fill = 0]
                  70013360    00000038                                                : udma_utils.obj (.text.Udma_virtToPhyFxn)
                  70013398    00000008     --HOLE-- [fill = 0]
                  700133a0    00000034     main.obj (.text.App_runLinuxCpu)
                  700133d4    0000000c     --HOLE-- [fill = 0]
                  700133e0    00000034     drivers.am64x.r5f.ti-arm-clang.release.lib : ospi_v0.obj (.text.OSPI_setNumAddrBytes)
                  70013414    0000000c     --HOLE-- [fill = 0]
                  70013420    00000030                                                : bootloader_profile.obj (.text.Bootloader_profileAddProfilePoint)
                  70013450    00000030                                                : bootloader_soc.obj (.text.Bootloader_socRprcToCslCoreId)
                  70013480    00000030                                                : csl_bcdma.obj (.text.CSL_bcdmaTeardownRxChan)
                  700134b0    00000030                                                : csl_bcdma.obj (.text.CSL_bcdmaTeardownTxChan)
                  700134e0    00000030     nortos.am64x.r5f.ti-arm-clang.release.lib : DebugP_log.obj (.text.DebugP_logZoneEnable)
                  70013510    00000030     drivers.am64x.r5f.ti-arm-clang.release.lib : ospi_v0.obj (.text.OSPI_enableDacMode)
                  70013540    00000030                                                : ospi_v0.obj (.text.OSPI_setRdDataCaptureDelay)
                  70013570    00000030                                                : soc.obj (.text.SOC_getSelfCpuClk)
                  700135a0    00000030     nortos.am64x.r5f.ti-arm-clang.release.lib : PmuP_armv7r_asm.obj (.text.pmu)
                  700135d0    0000002c     drivers.am64x.r5f.ti-arm-clang.release.lib : csl_lcdma_ringacc.obj (.text.CSL_lcdma_ringaccPush64)
                  700135fc    00000004     --HOLE-- [fill = 0]
                  70013600    0000002c                                                : ospi_v0.obj (.text.OSPI_deinit)
                  7001362c    00000004     --HOLE-- [fill = 0]
                  70013630    0000002c                                                : sciclient.obj (.text.Sciclient_getCurrentContext)
                  7001365c    00000004     --HOLE-- [fill = 0]
                  70013660    0000002c                                                : uart_v0.obj (.text.UART_deinit)
                  7001368c    00000004     --HOLE-- [fill = 0]
                  70013690    0000002c     nortos.am64x.r5f.ti-arm-clang.release.lib : printf.obj (.text.vprintf_)
                  700136bc    00000004     --HOLE-- [fill = 0]
                  700136c0    00000028     drivers.am64x.r5f.ti-arm-clang.release.lib : bootloader.obj (.text.Bootloader_close)
                  700136e8    00000008     --HOLE-- [fill = 0]
                  700136f0    00000028                                                : bootloader.obj (.text.Bootloader_runSelfCpuWithLinux)
                  70013718    00000008     --HOLE-- [fill = 0]
                  70013720    00000028                                                : bootloader_soc.obj (.text.Bootloader_socCpuGetClkDefault)
                  70013748    00000008     --HOLE-- [fill = 0]
                  70013750    00000028                                                : csl_pktdma.obj (.text.CSL_pktdmaGetChanPeerReg)
                  70013778    00000008     --HOLE-- [fill = 0]
                  70013780    00000028                                                : csl_pktdma.obj (.text.CSL_pktdmaSetChanPeerReg)
                  700137a8    00000008     --HOLE-- [fill = 0]
                  700137b0    00000028                                                : csl_pktdma.obj (.text.CSL_pktdmaSetRxRT)
                  700137d8    00000008     --HOLE-- [fill = 0]
                  700137e0    00000028                                                : csl_pktdma.obj (.text.CSL_pktdmaSetTxRT)
                  70013808    00000008     --HOLE-- [fill = 0]
                  70013810    00000028     board.am64x.r5f.ti-arm-clang.release.lib : flash.obj (.text.Flash_getAttrs)
                  70013838    00000008     --HOLE-- [fill = 0]
                  70013840    00000028                                              : flash.obj (.text.Flash_getHandle)
                  70013868    00000008     --HOLE-- [fill = 0]
                  70013870    00000028                                              : flash.obj (.text.Flash_read)
                  70013898    00000008     --HOLE-- [fill = 0]
                  700138a0    00000028     drivers.am64x.r5f.ti-arm-clang.release.lib : ospi_v0.obj (.text.OSPI_ReadCmdParams_init)
                  700138c8    00000008     --HOLE-- [fill = 0]
                  700138d0    00000028                                                : ospi_v0.obj (.text.OSPI_WriteCmdParams_init)
                  700138f8    00000008     --HOLE-- [fill = 0]
                  70013900    00000028                                                : ospi_v0.obj (.text.OSPI_disablePhyPipeline)
                  70013928    00000008     --HOLE-- [fill = 0]
                  70013930    00000028                                                : ospi_v0.obj (.text.OSPI_enableDDR)
                  70013958    00000008     --HOLE-- [fill = 0]
                  70013960    00000028                                                : ospi_v0.obj (.text.OSPI_enableSDR)
                  70013988    00000008     --HOLE-- [fill = 0]
                  70013990    00000028                                                : ospi_v0.obj (.text.OSPI_setCmdDummyCycles)
                  700139b8    00000008     --HOLE-- [fill = 0]
                  700139c0    00000028                                                : ospi_v0.obj (.text.OSPI_setReadDummyCycles)
                  700139e8    00000008     --HOLE-- [fill = 0]
                  700139f0    00000028     ti_pinmux_config.obj (.text.Pinmux_init)
                  70013a18    00000008     --HOLE-- [fill = 0]
                  70013a20    00000028     nortos.am64x.r5f.ti-arm-clang.release.lib : TimerP.obj (.text.TimerP_Params_init)
                  70013a48    00000008     --HOLE-- [fill = 0]
                  70013a50    00000028     drivers.am64x.r5f.ti-arm-clang.release.lib : udma_ring_lcdma.obj (.text.Udma_ringGetElementCntLcdma)
                  70013a78    00000008     --HOLE-- [fill = 0]
                  70013a80    00000028                                                : udma_ring_lcdma.obj (.text.Udma_ringGetMemPtrLcdma)
                  70013aa8    00000008     --HOLE-- [fill = 0]
                  70013ab0    00000028                                                : udma_ring_lcdma.obj (.text.Udma_ringGetModeLcdma)
                  70013ad8    00000008     --HOLE-- [fill = 0]
                  70013ae0    00000028                                                : udma_ring_common.obj (.text.Udma_ringGetNum)
                  70013b08    00000008     --HOLE-- [fill = 0]
                  70013b10    00000028                                                : udma_ring_lcdma.obj (.text.Udma_ringGetRdIdxLcdma)
                  70013b38    00000008     --HOLE-- [fill = 0]
                  70013b40    00000028                                                : udma_ring_lcdma.obj (.text.Udma_ringGetWrIdxLcdma)
                  70013b68    00000008     --HOLE-- [fill = 0]
                  70013b70    00000028                                                : udma_ring_lcdma.obj (.text.Udma_ringQueueRawLcdma)
                  70013b98    00000008     --HOLE-- [fill = 0]
                  70013ba0    00000028     nortos.am64x.r5f.ti-arm-clang.release.lib : PmuP_armv7r.obj (.text.pmu)
                  70013bc8    00000008     --HOLE-- [fill = 0]
                  70013bd0    00000024     drivers.am64x.r5f.ti-arm-clang.release.lib : bootloader_soc.obj (.text.Bootloader_socGetCoreName)
                  70013bf4    0000000c     --HOLE-- [fill = 0]
                  70013c00    00000024     board.am64x.r5f.ti-arm-clang.release.lib : flash.obj (.text.Flash_close)
                  70013c24    0000000c     --HOLE-- [fill = 0]
                  70013c30    00000024     drivers.am64x.r5f.ti-arm-clang.release.lib : ospi_v0.obj (.text.OSPI_Transaction_init)
                  70013c54    0000000c     --HOLE-- [fill = 0]
                  70013c60    00000024                                                : udma_utils.obj (.text.UdmaUtils_getRingMemSize)
                  70013c84    0000000c     --HOLE-- [fill = 0]
                  70013c90    00000024                                                : udma_ring_lcdma.obj (.text.Udma_ringDequeueRawLcdma)
                  70013cb4    0000000c     --HOLE-- [fill = 0]
                  70013cc0    00000024     nortos.am64x.r5f.ti-arm-clang.release.lib : boot_armv7r.obj (.text._system_pre_init)
                  70013ce4    00000024     libclang_rt.builtins.a : aeabi_uldivmod.S.obj (.text)
                  70013d08    00000008     --HOLE-- [fill = 0]
                  70013d10    00000020     drivers.am64x.r5f.ti-arm-clang.release.lib : csl_bcdma.obj (.text.CSL_bcdmaGetRxRT)
                  70013d30    00000020                                                : csl_bcdma.obj (.text.CSL_bcdmaGetTxRT)
                  70013d50    00000020                                                : csl_bcdma.obj (.text.CSL_bcdmaSetRxRT)
                  70013d70    00000020                                                : csl_bcdma.obj (.text.CSL_bcdmaSetTxRT)
                  70013d90    00000020                                                : lpddr4.obj (.text.LPDDR4_Probe)
                  70013db0    00000020                                                : udma_rmcfg.obj (.text.Udma_rmGetDefBoardCfgPrms)
                  70013dd0    0000001c                                                : csl_lcdma_ringacc.obj (.text.CSL_lcdma_ringaccInitRingObj)
                  70013dec    00000004     --HOLE-- [fill = 0]
                  70013df0    0000001c                                                : csl_lcdma_ringacc.obj (.text.CSL_lcdma_ringaccPop64)
                  70013e0c    00000004     --HOLE-- [fill = 0]
                  70013e10    0000001c     board.am64x.r5f.ti-arm-clang.release.lib : flash.obj (.text.Flash_getPhyTuningOffset)
                  70013e2c    00000004     --HOLE-- [fill = 0]
                  70013e30    0000001c     drivers.am64x.r5f.ti-arm-clang.release.lib : ospi_v0.obj (.text.OSPI_setDualOpCodeMode)
                  70013e4c    00000004     --HOLE-- [fill = 0]
                  70013e50    0000001c                                                : sciclient_soc_priv.obj (.text.Sciclient_getDevId)
                  70013e6c    00000004     --HOLE-- [fill = 0]
                  70013e70    0000001c                                                : sciclient_rm.obj (.text.Sciclient_rmIrqRelease)
                  70013e8c    0000001c     libsysbm.a : memcpy32.S.obj (.text:TI_memcpy_small)
                  70013ea8    0000001c     libclang_rt.builtins.a : aeabi_memset.S.obj (.text)
                  70013ec4    0000000c     --HOLE-- [fill = 0]
                  70013ed0    00000018     drivers.am64x.r5f.ti-arm-clang.release.lib : bootloader_soc.obj (.text.Bootloader_socGetSBLMem)
                  70013ee8    00000008     --HOLE-- [fill = 0]
                  70013ef0    00000018                                                : csl_lcdma_ringacc.obj (.text.CSL_lcdma_ringaccGetReverseRingOcc)
                  70013f08    00000008     --HOLE-- [fill = 0]
                  70013f10    00000018                                                : ospi_phy.obj (.text.OSPI_phyGetTuningData)
                  70013f28    00000008     --HOLE-- [fill = 0]
                  70013f30    00000018     nortos.am64x.r5f.ti-arm-clang.release.lib : TimerP.obj (.text.TimerP_clearOverflowInt)
                  70013f48    00000008     --HOLE-- [fill = 0]
                  70013f50    00000018     drivers.am64x.r5f.ti-arm-clang.release.lib : udma_rm.obj (.text.Udma_rmTranslateCoreIntrInput)
                  70013f68    00000008     --HOLE-- [fill = 0]
                  70013f70    00000018                                                : udma_rm.obj (.text.Udma_rmTranslateIrOutput)
                  70013f88    00000018     libsysbm.a : memset32.S.obj (.text:TI_memset_small)
                  70013fa0    00000014     drivers.am64x.r5f.ti-arm-clang.release.lib : csl_lcdma_ringacc.obj (.text.CSL_lcdma_ringaccGetForwardRingOcc)
                  70013fb4    0000000c     --HOLE-- [fill = 0]
                  70013fc0    00000014                                                : csl_sec_proxy.obj (.text.CSL_secProxyGetDataAddr)
                  70013fd4    0000000c     --HOLE-- [fill = 0]
                  70013fe0    00000014                                                : ospi_v0.obj (.text.OSPI_getFlashDataBaseAddr)
                  70013ff4    0000000c     --HOLE-- [fill = 0]
                  70014000    00000010                                                : bootloader.obj (.text.Bootloader_Params_init)
                  70014010    00000010     nortos.am64x.r5f.ti-arm-clang.release.lib : ClockP_nortos.obj (.text.ClockP_Params_init)
                  70014020    00000010                                               : ClockP_nortos.obj (.text.ClockP_getTicks)
                  70014030    00000010                                               : ClockP_nortos.obj (.text.ClockP_isActive)
                  70014040    00000010                                               : DebugP_uartLogWriter.obj (.text.DebugP_uartSetDrvIndex)
                  70014050    00000010     ti_drivers_open_close.obj (.text.Drivers_open)
                  70014060    00000010     drivers.am64x.r5f.ti-arm-clang.release.lib : bootloader_flash.obj (.text.Flash_imgOpen)
                  70014070    00000010                                                : bootloader_flash.obj (.text.Flash_imgSeek)
                  70014080    00000010     board.am64x.r5f.ti-arm-clang.release.lib : flash_nor_xspi.obj (.text.Flash_norXspiClose)
                  70014090    00000010     drivers.am64x.r5f.ti-arm-clang.release.lib : ospi_v0.obj (.text.OSPI_setCmdExtType)
                  700140a0    00000010                                                : ospi_v0.obj (.text.OSPI_setPhyEnableSuccess)
                  700140b0    00000010     ti_power_clock_config.obj (.text.PowerClock_init)
                  700140c0    00000010     drivers.am64x.r5f.ti-arm-clang.release.lib : sciclient.obj (.text.Sciclient_getSelfDevIdCore)
                  700140d0    00000010     nortos.am64x.r5f.ti-arm-clang.release.lib : TimerP.obj (.text.TimerP_start)
                  700140e0    00000010     drivers.am64x.r5f.ti-arm-clang.release.lib : udma_ring_lcdma.obj (.text.Udma_ringHandleClearRegsLcdma)
                  700140f0    0000000c                                                : ospi_v0.obj (.text.OSPI_getXferLines)
                  700140fc    00000004     --HOLE-- [fill = 0]
                  70014100    0000000c                                                : ospi_v0.obj (.text.OSPI_isDtrEnable)
                  7001410c    00000004     --HOLE-- [fill = 0]
                  70014110    0000000c                                                : ospi_v0.obj (.text.OSPI_isPhyEnable)
                  7001411c    00000004     --HOLE-- [fill = 0]
                  70014120    0000000c                                                : udma_ring_common.obj (.text.Udma_ringGetForwardRingOcc)
                  7001412c    00000004     --HOLE-- [fill = 0]
                  70014130    0000000c                                                : udma_ring_common.obj (.text.Udma_ringGetReverseRingOcc)
                  7001413c    00000004     --HOLE-- [fill = 0]
                  70014140    0000000c     nortos.am64x.r5f.ti-arm-clang.release.lib : printf.obj (.text._out_char)
                  7001414c    00000004     --HOLE-- [fill = 0]
                  70014150    00000008     drivers.am64x.r5f.ti-arm-clang.release.lib : csl_pktdma.obj (.text.CSL_pktdmaTeardownRxChan)
                  70014158    00000008     --HOLE-- [fill = 0]
                  70014160    00000008                                                : csl_pktdma.obj (.text.CSL_pktdmaTeardownTxChan)
                  70014168    00000008     --HOLE-- [fill = 0]
                  70014170    00000008                                                : bootloader_flash.obj (.text.Flash_imgGetCurOffset)
                  70014178    00000008     --HOLE-- [fill = 0]
                  70014180    00000008                                                : soc.obj (.text.SOC_moduleGetClockFrequency)
                  70014188    00000008     --HOLE-- [fill = 0]
                  70014190    00000008                                                : sciclient.obj (.text.Sciclient_deinit)
                  70014198    00000008     --HOLE-- [fill = 0]
                  700141a0    00000008     nortos.am64x.r5f.ti-arm-clang.release.lib : TimerP.obj (.text.TimerP_getCount)
                  700141a8    00000008     --HOLE-- [fill = 0]
                  700141b0    00000008                                               : TimerP.obj (.text.TimerP_getReloadCount)
                  700141b8    00000008     --HOLE-- [fill = 0]
                  700141c0    00000008     drivers.am64x.r5f.ti-arm-clang.release.lib : udma_utils.obj (.text.Udma_defaultVirtToPhyFxn)
                  700141c8    00000008     --HOLE-- [fill = 0]
                  700141d0    00000008                                                : udma_soc.obj (.text.Udma_isCacheCoherent)
                  700141d8    00000008     --HOLE-- [fill = 0]
                  700141e0    00000008                                                : udma_rm.obj (.text.Udma_rmAllocFreeRing)
                  700141e8    00000008     --HOLE-- [fill = 0]
                  700141f0    00000004     ti_board_open_close.obj (.text.Board_driversOpen)
                  700141f4    0000000c     --HOLE-- [fill = 0]
                  70014200    00000004     nortos.am64x.r5f.ti-arm-clang.release.lib : ClockP_nortos_r5.obj (.text.ClockP_getTimerCount)
                  70014204    0000000c     --HOLE-- [fill = 0]
                  70014210    00000004                                               : ClockP_nortos_r5.obj (.text.ClockP_timerClearOverflowInt)
                  70014214    0000000c     --HOLE-- [fill = 0]
                  70014220    00000004     ti_dpl_config.obj (.text.Dpl_deinit)
                  70014224    0000000c     --HOLE-- [fill = 0]
                  70014230    00000004     drivers.am64x.r5f.ti-arm-clang.release.lib : bootloader_flash.obj (.text.Flash_imgClose)
                  70014234    0000000c     --HOLE-- [fill = 0]
                  70014240    00000004                                                : ospi_v0.obj (.text.OSPI_isr)
                  70014244    0000000c     --HOLE-- [fill = 0]
                  70014250    00000004     ti_power_clock_config.obj (.text.PowerClock_deinit)
                  70014254    0000000c     --HOLE-- [fill = 0]
                  70014260    00000004     drivers.am64x.r5f.ti-arm-clang.release.lib : sciclient_rm.obj (.text.Sciclient_rmIrqSet)
                  70014264    0000000c     --HOLE-- [fill = 0]
                  70014270    00000004                                                : sciclient_rm.obj (.text.Sciclient_rmIrqTranslateIaOutput)
                  70014274    0000000c     --HOLE-- [fill = 0]
                  70014280    00000004     nortos.am64x.r5f.ti-arm-clang.release.lib : SemaphoreP_nortos.obj (.text.SemaphoreP_destruct)
                  70014284    0000000c     --HOLE-- [fill = 0]
                  70014290    00000004                                               : TaskP_nortos.obj (.text.TaskP_yield)
                  70014294    0000000c     --HOLE-- [fill = 0]
                  700142a0    00000004     drivers.am64x.r5f.ti-arm-clang.release.lib : udma_utils.obj (.text.Udma_defaultPhyToVirtFxn)
                  700142a4    0000000c     --HOLE-- [fill = 0]
                  700142b0    00000004                                                : udma_rm.obj (.text.Udma_rmFreeFreeRing)
                  700142b4    0000000c     --HOLE-- [fill = 0]
                  700142c0    00000004     libclang_rt.builtins.a : aeabi_div0.c.obj (.text.__aeabi_ldiv0)
                  700142c4    0000000c     --HOLE-- [fill = 0]
                  700142d0    00000004     nortos.am64x.r5f.ti-arm-clang.release.lib : printf.obj (.text._out_null)
                  700142d4    0000000c     --HOLE-- [fill = 0]
                  700142e0    00000004     ti_dpl_config.obj (.text.putchar_)
                  700142e4    0000000c     --HOLE-- [fill = 0]

.text.hwi 
*          0    700142f0    000008d0     
                  700142f0    00000568     nortos.am64x.r5f.ti-arm-clang.release.lib : HwiP_armv7r_vim.obj (.text.hwi)
                  70014858    00000008     --HOLE-- [fill = 0]
                  70014860    00000270                                               : HwiP_armv7r_handlers_nortos.obj (.text.hwi)
                  70014ad0    00000078                                               : HwiP_armv7r_handlers_nortos_asm.obj (.text.hwi)
                  70014b48    00000070                                               : HwiP_armv7r_asm.obj (.text.hwi)
                  70014bb8    00000008     --HOLE-- [fill = 0]

.text.cache 
*          0    70014bc0    000004a0     
                  70014bc0    00000340     nortos.am64x.r5f.ti-arm-clang.release.lib : CacheP_armv7r_asm.obj (.text.cache)
                  70014f00    0000015c                                               : CacheP_armv7r.obj (.text.cache)
                  7001505c    00000004     --HOLE-- [fill = 0]

.text.mpu 
*          0    70015060    000002d0     
                  70015060    00000250     nortos.am64x.r5f.ti-arm-clang.release.lib : MpuP_armv7r.obj (.text.mpu)
                  700152b0    00000078                                               : MpuP_armv7r_asm.obj (.text.mpu)
                  70015328    00000008     --HOLE-- [fill = 0]

.text.boot 
*          0    70015330    00000150     
                  70015330    000000fc     nortos.am64x.r5f.ti-arm-clang.release.lib : boot_armv7r_asm.obj (.text.boot)
                  7001542c    00000004     --HOLE-- [fill = 0]
                  70015430    00000034                                               : DebugP_log.obj (.text.boot)
                  70015464    0000000c     --HOLE-- [fill = 0]
                  70015470    00000010     ti_dpl_config.obj (.text.boot)

.data      0    70015480    00002760     
                  70015480    000007ec     ti_drivers_config.obj (.data.DDRSS_phyReg)
                  70015c6c    0000069c     ti_drivers_config.obj (.data.DDRSS_ctlReg)
                  70016308    00000564     ti_drivers_config.obj (.data.DDRSS_phyIndepReg)
                  7001686c    000003f6     ti_drivers_config.obj (.data.DDRSS_phyRegNum)
                  70016c62    0000034e     ti_drivers_config.obj (.data.DDRSS_ctlRegNum)
                  70016fb0    000002b2     ti_drivers_config.obj (.data.DDRSS_phyIndepRegNum)
                  70017262    00000001     drivers.am64x.r5f.ti-arm-clang.release.lib : sciclient.obj (.data.gSecHeaderSizeWords)
                  70017263    00000001     --HOLE-- [fill = 0]
                  70017264    000000c4                                                : bootloader_soc.obj (.data.gAddrTranslateInfo)
                  70017328    000000b8                                                : sciclient_irq_rm.obj (.data.vint_usage_count_DMASS0_INTAGGR_0)
                  700173e0    000000a8                                                : bootloader_soc.obj (.data.gCoreBootInfo)
                  70017488    00000094                                                : ospi_v0.obj (.data.gOspiDrvObj)
                  7001751c    00000094                                                : uart_v0.obj (.data.gUartDrvObj)
                  700175b0    00000080                                                : ospi_phy.obj (.data.gOspiFlashAttackVector)
                  70017630    00000080                                                : ospi_phy.obj (.data.gReadBuf)
                  700176b0    00000070     ti_pinmux_config.obj (.data.gPinMuxMainDomainCfg)
                  70017720    00000060     drivers.am64x.r5f.ti-arm-clang.release.lib : sciclient_irq_rm.obj (.data.gRmIrInstances)
                  70017780    00000058                                                : udma_rmcfg.obj (.data.gUdmaRmSharedResPrms)
                  700177d8    00000050     ti_dpl_config.obj (.data.gMpuRegionConfig)
                  70017828    00000050     ti_drivers_config.obj (.data.gOspiAttrs)
                  70017878    0000004c     ti_drivers_open_close.obj (.data.gUartParams)
                  700178c4    00000048     board.am64x.r5f.ti-arm-clang.release.lib : flash_nor_xspi_device_S28HS512T.obj (.data.gFlashNorXspiDeviceDefines_S28HS512T)
                  7001790c    00000048     main.obj (.data.gPinMuxMMCSDCfg)
                  70017954    00000004     ti_drivers_config.obj (.data.gBootloaderConfigNum)
                  70017958    00000028     ti_drivers_config.obj (.data.gDdrParams)
                  70017980    00000028     board.am64x.r5f.ti-arm-clang.release.lib : flash_nor_xspi_device_S28HS512T.obj (.data.gFlashNorXspiAttrs_S28HS512T)
                  700179a8    00000028     drivers.am64x.r5f.ti-arm-clang.release.lib : ospi_phy.obj (.data.gPhyTuneWindowParamsGTE133)
                  700179d0    00000028                                                : ospi_phy.obj (.data.gPhyTuneWindowParamsLT133)
                  700179f8    00000024     ti_power_clock_config.obj (.data.gSocModulesClockFrequency)
                  70017a1c    00000020     ti_drivers_config.obj (.data.gOspiDmaRestrictRegions)
                  70017a3c    00000020     drivers.am64x.r5f.ti-arm-clang.release.lib : sciclient_irq_rm.obj (.data.gRmIaInstances)
                  70017a5c    00000004     nortos.am64x.r5f.ti-arm-clang.release.lib : CacheP_armv7r.obj (.data.gCacheL1dCacheLineSize)
                  70017a60    00000020     drivers.am64x.r5f.ti-arm-clang.release.lib : sciclient_soc_priv.obj (.data.gSciclientSecProxyCfg)
                  70017a80    0000001c     ti_drivers_config.obj (.data.gOspiUdma0Args)
                  70017a9c    0000001c     ti_power_clock_config.obj (.data.gSocModules)
                  70017ab8    00000014     drivers.am64x.r5f.ti-arm-clang.release.lib : bootloader_flash.obj (.data.gBootloaderFlashFxns)
                  70017acc    00000014     ti_dpl_config.obj (.data.gClockConfig)
                  70017ae0    00000014     board.am64x.r5f.ti-arm-clang.release.lib : flash_nor_xspi.obj (.data.gFlashNorXspiFxns)
                  70017af4    00000014     drivers.am64x.r5f.ti-arm-clang.release.lib : sciclient_irq_rm.obj (.data.rom_usage_DMASS0_INTAGGR_0)
                  70017b08    00000010     ti_drivers_config.obj (.data.gBootloaderConfig)
                  70017b18    00000010     ti_board_open_close.obj (.data.gFlashConfig)
                  70017b28    00000010     ti_drivers_config.obj (.data.gUdmaInitPrms)
                  70017b38    0000000c     nortos.am64x.r5f.ti-arm-clang.release.lib : AddrTranslateP.obj (.data.gAddrTranslateConfig)
                  70017b44    0000000c     ti_drivers_config.obj (.data.gBootloader0Args)
                  70017b50    0000000c     ti_drivers_config.obj (.data.gBootloader1Args)
                  70017b5c    0000000c     ti_dpl_config.obj (.data.gMpuConfig)
                  70017b68    0000000c     drivers.am64x.r5f.ti-arm-clang.release.lib : ospi_dma_udma.obj (.data.gOspiDmaUdmaFxns)
                  70017b74    00000008     ti_dpl_config.obj (.data.gCacheConfig)
                  70017b7c    00000008     ti_drivers_config.obj (.data.gOspiConfig)
                  70017b84    00000008     ti_drivers_config.obj (.data.gOspiDmaConfig)
                  70017b8c    00000008     ti_pinmux_config.obj (.data.gPinMuxMcuDomainCfg)
                  70017b94    00000008     ti_drivers_config.obj (.data.gUartAttrs)
                  70017b9c    00000008     ti_drivers_config.obj (.data.gUartConfig)
                  70017ba4    00000004     nortos.am64x.r5f.ti-arm-clang.release.lib : CacheP_armv7r.obj (.data.gCacheL1pCacheLineSize)
                  70017ba8    00000004                                               : DebugP_log.obj (.data.gDebugLogZone)
                  70017bac    00000004                                               : DebugP_uartLogWriter.obj (.data.gDebugP_uartDrvIndex)
[...]
70016308  DDRSS_phyIndepReg                                                             
7001686c  DDRSS_phyRegNum                                                               
70016c62  DDRSS_ctlRegNum                                                               
70016fb0  DDRSS_phyIndepRegNum                                                          
70017264  gAddrTranslateInfo                                                            
70017328  vint_usage_count_DMASS0_INTAGGR_0                                             
700173e0  gCoreBootInfo                                                                 
70017720  gRmIrInstances                                                                
70017780  gUdmaRmSharedResPrms                                                          
700177d8  gMpuRegionConfig                                                              
70017878  gUartParams                                                                   
700178c4  gFlashNorXspiDeviceDefines_S28HS512T                                          
70017954  gBootloaderConfigNum                                                          
70017980  gFlashNorXspiAttrs_S28HS512T                                                  
700179a8  gPhyTuneWindowParamsGTE133                                                    
700179d0  gPhyTuneWindowParamsLT133                                                     
700179f8  gSocModulesClockFrequency                                                     
70017a3c  gRmIaInstances                                                                
70017a5c  gCacheL1dCacheLineSize                                                        
70017a60  gSciclientSecProxyCfg                                                         
70017a80  gOspiUdma0Args                                                                
70017a9c  gSocModules                                                                   
70017ab8  gBootloaderFlashFxns                                                          
70017acc  gClockConfig                                                                  
70017ae0  gFlashNorXspiFxns                                                             
70017b08  gBootloaderConfig                                                             
70017b18  gFlashConfig                                                                  
70017b38  gAddrTranslateConfig                                                          
70017b44  gBootloader0Args                                                              
70017b50  gBootloader1Args                                                              
70017b5c  gMpuConfig                                                                    
70017b68  gOspiDmaUdmaFxns                                                              
70017b74  gCacheConfig                                                                  
70017b7c  gOspiConfig                                                                   
70017b84  gOspiDmaConfig                                                                
70017b9c  gUartConfig                                                                   
70017ba4  gCacheL1pCacheLineSize                                                        
70017ba8  gDebugLogZone                                                                 
70017bac  gDebugP_uartDrvIndex                                                          
70017bb0  gFlashConfigNum                                                               
70017bb4  gHwiConfig                                                                    
70017bb8  gOspiConfigNum                                                                
70017bbc  gOspiDmaConfigNum                                                             
70017bc0  gOspiParams                                                                   
70017bc4  gPhyTuneWindowParams                                                          
70017bdc  gUartConfigNum                                                                
70017c00  gSysFw                                                                        
70044b18  gUdmaRmDefBoardCfg_Pktdma                                                     
700450bc  gUdmaTxMappedChRingAttributes                                                 
700451f4  gSciclientMap                                                                 
7004590c  gUdmaRxMappedChRingAttributes                                                 
70045a34  gUdmaRmDefBoardCfg_Bcdma                                                      
70045c9c  tisci_if_TIMESYNC_EVENT_INTROUTER0                                            
70045dc4  gRmIrqTree                                                                    
70045e1c  gRmIrqTreeCount                                                               
70045ebc  gSOC_r5fVectors                                                               
70045f4c  tisci_if_MAIN_GPIOMUX_INTROUTER0                                              
70045f80  tisci_if_DMASS0_INTAGGR_0                                                     
70045fe0  tisci_if_MCU_MCU_GPIOMUX_INTROUTER0                                           
70046004  tisci_if_CPTS0                                                                
70046040  tisci_if_PRU_ICSSG0                                                           
7004605c  tisci_if_PRU_ICSSG1                                                           
70046078  CMP_EVENT_INTROUTER0_outp_0_15_to_GICSS0_spi_48_63                            
70046080  gBoardConfigLow_debug                                                         
700460b8  tisci_if_CMP_EVENT_INTROUTER0                                                 
700460d0  tisci_if_PCIE0                                                                
700460f8  tisci_if_CPSW0                                                                
70046114  tisci_if_EPWM0                                                                
70046124  tisci_if_EPWM3                                                                
70046134  tisci_if_EPWM6                                                                
70046144  CMP_EVENT_INTROUTER0_outp_16_23_to_R5FSS0_CORE0_intr_48_55                    
7004614c  CMP_EVENT_INTROUTER0_outp_16_23_to_R5FSS0_CORE1_intr_48_55                    
70046154  CMP_EVENT_INTROUTER0_outp_24_31_to_R5FSS1_CORE0_intr_48_55                    
7004615c  CMP_EVENT_INTROUTER0_outp_24_31_to_R5FSS1_CORE1_intr_48_55                    
70046164  CMP_EVENT_INTROUTER0_outp_32_39_to_DMASS0_INTAGGR_0_intaggr_levi_pend_0_7     
7004616c  CPSW0_cpts_comp_0_0_to_CMP_EVENT_INTROUTER0_in_80_80                          
70046174  CPSW0_cpts_genf0_1_1_to_TIMESYNC_EVENT_INTROUTER0_in_21_21                    
7004617c  CPSW0_cpts_genf1_2_2_to_TIMESYNC_EVENT_INTROUTER0_in_22_22                    
70046184  CPSW0_cpts_sync_3_3_to_TIMESYNC_EVENT_INTROUTER0_in_34_34                     
7004618c  CPTS0_cpts_comp_0_0_to_CMP_EVENT_INTROUTER0_in_82_82                          
70046194  CPTS0_cpts_genf0_1_1_to_TIMESYNC_EVENT_INTROUTER0_in_16_16                    
7004619c  CPTS0_cpts_genf1_2_2_to_TIMESYNC_EVENT_INTROUTER0_in_17_17                    
700461a4  CPTS0_cpts_genf2_3_3_to_TIMESYNC_EVENT_INTROUTER0_in_18_18                    
700461ac  CPTS0_cpts_genf3_4_4_to_TIMESYNC_EVENT_INTROUTER0_in_19_19                    
700461b4  CPTS0_cpts_genf4_5_5_to_TIMESYNC_EVENT_INTROUTER0_in_20_20                    
700461bc  CPTS0_cpts_genf5_6_6_to_TIMESYNC_EVENT_INTROUTER0_in_24_24                    
700461c4  CPTS0_cpts_sync_7_7_to_TIMESYNC_EVENT_INTROUTER0_in_35_35                     
700461cc  DMASS0_INTAGGR_0_intaggr_vintr_pend_0_39_to_GICSS0_spi_64_103                 
700461d4  DMASS0_INTAGGR_0_intaggr_vintr_pend_120_127_to_R5FSS1_CORE0_intr_8_15         
700461dc  DMASS0_INTAGGR_0_intaggr_vintr_pend_128_135_to_R5FSS1_CORE1_intr_8_15         
700461e4  DMASS0_INTAGGR_0_intaggr_vintr_pend_152_159_to_PRU_ICSSG0_pr1_slv_intr_16_23  
700461ec  DMASS0_INTAGGR_0_intaggr_vintr_pend_160_167_to_PRU_ICSSG1_pr1_slv_intr_16_23  
700461f4  DMASS0_INTAGGR_0_intaggr_vintr_pend_168_183_to_MCU_M4FSS0_CORE0_nvic_32_47    
700461fc  DMASS0_INTAGGR_0_intaggr_vintr_pend_40_71_to_R5FSS0_CORE0_intr_64_95          
70046204  DMASS0_INTAGGR_0_intaggr_vintr_pend_40_71_to_R5FSS0_CORE1_intr_64_95          
7004620c  DMASS0_INTAGGR_0_intaggr_vintr_pend_72_79_to_R5FSS0_CORE0_intr_8_15           
70046214  DMASS0_INTAGGR_0_intaggr_vintr_pend_80_87_to_R5FSS0_CORE1_intr_8_15           
7004621c  DMASS0_INTAGGR_0_intaggr_vintr_pend_88_119_to_R5FSS1_CORE0_intr_64_95         
70046224  DMASS0_INTAGGR_0_intaggr_vintr_pend_88_119_to_R5FSS1_CORE1_intr_64_95         
7004622c  EPWM0_epwm_synco_o_0_0_to_TIMESYNC_EVENT_INTROUTER0_in_39_39                  
70046234  EPWM3_epwm_synco_o_0_0_to_TIMESYNC_EVENT_INTROUTER0_in_40_40                  
7004623c  EPWM6_epwm_synco_o_0_0_to_TIMESYNC_EVENT_INTROUTER0_in_41_41                  
70046244  GPIO0_gpio_0_89_to_MAIN_GPIOMUX_INTROUTER0_in_0_89                            
7004624c  GPIO0_gpio_bank_90_98_to_MAIN_GPIOMUX_INTROUTER0_in_190_198                   
70046254  GPIO1_gpio_0_89_to_MAIN_GPIOMUX_INTROUTER0_in_90_179                          
7004625c  GPIO1_gpio_bank_90_98_to_MAIN_GPIOMUX_INTROUTER0_in_180_188                   
70046264  GPMC0_gpmc_sdmareq_0_0_to_DMASS0_INTAGGR_0_intaggr_levi_pend_29_29            
7004626c  GTC0_gtc_push_event_0_0_to_TIMESYNC_EVENT_INTROUTER0_in_36_36                 
70046274  MAIN_GPIOMUX_INTROUTER0_outp_0_15_to_GICSS0_spi_32_47                         
7004627c  MAIN_GPIOMUX_INTROUTER0_outp_0_15_to_R5FSS0_CORE0_intr_32_47                  
70046284  MAIN_GPIOMUX_INTROUTER0_outp_0_15_to_R5FSS0_CORE1_intr_32_47                  
7004628c  MAIN_GPIOMUX_INTROUTER0_outp_0_15_to_R5FSS1_CORE0_intr_32_47                  
70046294  MAIN_GPIOMUX_INTROUTER0_outp_0_15_to_R5FSS1_CORE1_intr_32_47                  
7004629c  MAIN_GPIOMUX_INTROUTER0_outp_16_17_to_DMASS0_INTAGGR_0_intaggr_levi_pend_24_25
700462a4  MAIN_GPIOMUX_INTROUTER0_outp_18_23_to_PRU_ICSSG0_pr1_iep0_cap_intr_req_4_9    
700462ac  MAIN_GPIOMUX_INTROUTER0_outp_18_23_to_PRU_ICSSG1_pr1_iep0_cap_intr_req_4_9    
700462b4  MAIN_GPIOMUX_INTROUTER0_outp_24_29_to_PRU_ICSSG0_pr1_iep1_cap_intr_req_10_15  
700462bc  MAIN_GPIOMUX_INTROUTER0_outp_24_29_to_PRU_ICSSG1_pr1_iep1_cap_intr_req_10_15  
700462c4  MAIN_GPIOMUX_INTROUTER0_outp_30_37_to_DMASS0_INTAGGR_0_intaggr_levi_pend_16_23
700462cc  MAIN_GPIOMUX_INTROUTER0_outp_38_45_to_PRU_ICSSG0_pr1_slv_intr_46_53           
700462d4  MAIN_GPIOMUX_INTROUTER0_outp_46_53_to_PRU_ICSSG1_pr1_slv_intr_46_53           
700462dc  MCU_GPIO0_gpio_0_29_to_MCU_MCU_GPIOMUX_INTROUTER0_in_0_29                     
700462e4  MCU_GPIO0_gpio_bank_30_31_to_MCU_MCU_GPIOMUX_INTROUTER0_in_30_31              
700462ec  MCU_MCU_GPIOMUX_INTROUTER0_outp_0_3_to_GICSS0_spi_104_107                     
700462f4  MCU_MCU_GPIOMUX_INTROUTER0_outp_0_3_to_R5FSS0_CORE0_intr_104_107              
700462fc  MCU_MCU_GPIOMUX_INTROUTER0_outp_0_3_to_R5FSS0_CORE1_intr_104_107              
70046304  MCU_MCU_GPIOMUX_INTROUTER0_outp_0_3_to_R5FSS1_CORE0_intr_104_107              
7004630c  MCU_MCU_GPIOMUX_INTROUTER0_outp_0_3_to_R5FSS1_CORE1_intr_104_107              
70046314  MCU_MCU_GPIOMUX_INTROUTER0_outp_4_7_to_MCU_M4FSS0_CORE0_nvic_0_3              
7004631c  MCU_MCU_GPIOMUX_INTROUTER0_outp_8_11_to_MCU_ESM0_esm_pls_event0_88_91         
70046324  MCU_MCU_GPIOMUX_INTROUTER0_outp_8_11_to_MCU_ESM0_esm_pls_event1_92_95         
7004632c  MCU_MCU_GPIOMUX_INTROUTER0_outp_8_11_to_MCU_ESM0_esm_pls_event2_96_99         
70046334  PCIE0_pcie_cpts_comp_0_0_to_CMP_EVENT_INTROUTER0_in_81_81                     
7004633c  PCIE0_pcie_cpts_genf0_1_1_to_TIMESYNC_EVENT_INTROUTER0_in_23_23               
70046344  PCIE0_pcie_cpts_hw1_push_2_2_to_TIMESYNC_EVENT_INTROUTER0_in_37_37            
7004634c  PCIE0_pcie_cpts_sync_3_3_to_TIMESYNC_EVENT_INTROUTER0_in_33_33                
70046354  PCIE0_pcie_ptm_valid_pulse_4_4_to_TIMESYNC_EVENT_INTROUTER0_in_38_38          
7004635c  PRU_ICSSG0_pr1_edc0_sync0_out_0_0_to_TIMESYNC_EVENT_INTROUTER0_in_25_25       
70046364  PRU_ICSSG0_pr1_edc0_sync1_out_1_1_to_TIMESYNC_EVENT_INTROUTER0_in_26_26       
7004636c  PRU_ICSSG0_pr1_edc1_sync0_out_2_2_to_TIMESYNC_EVENT_INTROUTER0_in_27_27       
70046374  PRU_ICSSG0_pr1_edc1_sync1_out_3_3_to_TIMESYNC_EVENT_INTROUTER0_in_28_28       
7004637c  PRU_ICSSG0_pr1_host_intr_req_4_11_to_CMP_EVENT_INTROUTER0_in_0_7              
70046384  PRU_ICSSG0_pr1_iep0_cmp_intr_req_12_27_to_CMP_EVENT_INTROUTER0_in_16_31       
7004638c  PRU_ICSSG0_pr1_iep1_cmp_intr_req_28_43_to_CMP_EVENT_INTROUTER0_in_32_47       
70046394  PRU_ICSSG1_pr1_edc0_sync0_out_0_0_to_TIMESYNC_EVENT_INTROUTER0_in_29_29       
7004639c  PRU_ICSSG1_pr1_edc0_sync1_out_1_1_to_TIMESYNC_EVENT_INTROUTER0_in_30_30       
700463a4  PRU_ICSSG1_pr1_edc1_sync0_out_2_2_to_TIMESYNC_EVENT_INTROUTER0_in_31_31       
700463ac  PRU_ICSSG1_pr1_edc1_sync1_out_3_3_to_TIMESYNC_EVENT_INTROUTER0_in_32_32       
700463b4  PRU_ICSSG1_pr1_host_intr_req_4_11_to_CMP_EVENT_INTROUTER0_in_8_15             
700463bc  PRU_ICSSG1_pr1_iep0_cmp_intr_req_12_27_to_CMP_EVENT_INTROUTER0_in_48_63       
700463c4  PRU_ICSSG1_pr1_iep1_cmp_intr_req_28_43_to_CMP_EVENT_INTROUTER0_in_64_79       
700463cc  TIMER0_timer_pwm_0_0_to_TIMESYNC_EVENT_INTROUTER0_in_0_0                      
700463d4  TIMER1_timer_pwm_0_0_to_TIMESYNC_EVENT_INTROUTER0_in_1_1                      
700463dc  TIMER2_timer_pwm_0_0_to_TIMESYNC_EVENT_INTROUTER0_in_2_2                      
700463e4  TIMER3_timer_pwm_0_0_to_TIMESYNC_EVENT_INTROUTER0_in_3_3                      
700463ec  TIMESYNC_EVENT_INTROUTER0_outl_0_7_to_DMASS0_INTAGGR_0_intaggr_levi_pend_8_15 
700463f4  TIMESYNC_EVENT_INTROUTER0_outl_10_10_to_PRU_ICSSG0_pr1_edc1_latch0_in_2_2     
700463fc  TIMESYNC_EVENT_INTROUTER0_outl_11_11_to_PRU_ICSSG0_pr1_edc1_latch1_in_3_3     
70046404  TIMESYNC_EVENT_INTROUTER0_outl_12_12_to_PRU_ICSSG1_pr1_edc0_latch0_in_0_0     
7004640c  TIMESYNC_EVENT_INTROUTER0_outl_13_13_to_PRU_ICSSG1_pr1_edc0_latch1_in_1_1     
70046414  TIMESYNC_EVENT_INTROUTER0_outl_14_14_to_PRU_ICSSG1_pr1_edc1_latch0_in_2_2     
7004641c  TIMESYNC_EVENT_INTROUTER0_outl_15_15_to_PRU_ICSSG1_pr1_edc1_latch1_in_3_3     
70046424  TIMESYNC_EVENT_INTROUTER0_outl_16_16_to_CPTS0_cpts_hw1_push_0_0               
7004642c  TIMESYNC_EVENT_INTROUTER0_outl_17_17_to_CPTS0_cpts_hw2_push_1_1               
70046434  TIMESYNC_EVENT_INTROUTER0_outl_18_18_to_CPTS0_cpts_hw3_push_2_2               
7004643c  TIMESYNC_EVENT_INTROUTER0_outl_19_19_to_CPTS0_cpts_hw4_push_3_3               
70046444  TIMESYNC_EVENT_INTROUTER0_outl_20_20_to_CPTS0_cpts_hw5_push_4_4               
7004644c  TIMESYNC_EVENT_INTROUTER0_outl_21_21_to_CPTS0_cpts_hw6_push_5_5               
70046454  TIMESYNC_EVENT_INTROUTER0_outl_22_22_to_CPTS0_cpts_hw7_push_6_6               
7004645c  TIMESYNC_EVENT_INTROUTER0_outl_23_23_to_CPTS0_cpts_hw8_push_7_7               
70046464  TIMESYNC_EVENT_INTROUTER0_outl_29_29_to_PCIE0_pcie_cpts_hw2_push_0_0          
7004646c  TIMESYNC_EVENT_INTROUTER0_outl_30_30_to_CPSW0_cpts_hw1_push_0_0               
70046474  TIMESYNC_EVENT_INTROUTER0_outl_31_31_to_CPSW0_cpts_hw2_push_1_1               
7004647c  TIMESYNC_EVENT_INTROUTER0_outl_32_32_to_CPSW0_cpts_hw3_push_2_2               
70046484  TIMESYNC_EVENT_INTROUTER0_outl_33_33_to_CPSW0_cpts_hw4_push_3_3               
7004648c  TIMESYNC_EVENT_INTROUTER0_outl_34_34_to_CPSW0_cpts_hw5_push_4_4               
70046494  TIMESYNC_EVENT_INTROUTER0_outl_35_35_to_CPSW0_cpts_hw6_push_5_5               
7004649c  TIMESYNC_EVENT_INTROUTER0_outl_36_36_to_CPSW0_cpts_hw7_push_6_6               
700464a4  TIMESYNC_EVENT_INTROUTER0_outl_37_37_to_CPSW0_cpts_hw8_push_7_7               
700464ac  TIMESYNC_EVENT_INTROUTER0_outl_8_8_to_PRU_ICSSG0_pr1_edc0_latch0_in_0_0       
700464b4  TIMESYNC_EVENT_INTROUTER0_outl_9_9_to_PRU_ICSSG0_pr1_edc0_latch1_in_1_1       
700464bc  tisci_if_GPIO0                                                                
700464c4  tisci_if_GPIO1                                                                
700464cc  tisci_if_MCU_GPIO0                                                            
70046584  tisci_if_GPMC0                                                                
70046588  tisci_if_GTC0                                                                 
7004658c  tisci_if_TIMER0                                                               
70046590  tisci_if_TIMER1                                                               
70046594  tisci_if_TIMER2                                                               
70046598  tisci_if_TIMER3                                                               
70070000  __stack                                                                       
70070000  __start___llvm_prf_cnts                                                       
70070000  __stop___llvm_prf_cnts                                                        
70074000  __BSS_START                                                                   
70074000  __STACK_END                                                                   
70074000  gHwiCtrl                                                                      
70075008  gUdmaDrvObj                                                                   
7007601c  gProfileObj                                                                   
70076120  gClockCtrl                                                                    
70076320  gFlashObject_S28HS512T                                                        
7007632c  gFlashHandle                                                                  
70076330  gOspiHandle                                                                   
70076334  gUartHandle                                                                   
70076380  __BSS_END                                                                     
70076380  __IRQ_STACK_START                                                             
70077380  __FIQ_STACK_START                                                             
70077380  __IRQ_STACK_END                                                               
70077480  __FIQ_STACK_END                                                               
70077480  __SVC_STACK_START                                                             
70077580  __ABORT_STACK_START                                                           
70077580  __SVC_STACK_END                                                               
70077680  __ABORT_STACK_END                                                             
70077680  __UNDEFINED_STACK_START                                                       
70077780  __UNDEFINED_STACK_END                                                         
ffffffff  __TI_pprof_out_hndl                                                           
ffffffff  __TI_prof_data_size                                                           
ffffffff  __TI_prof_data_start                                                          
ffffffff  __binit__                                                                     
ffffffff  binit                                                                         
UNDEFED   __TI_CINIT_Base                                                               
UNDEFED   __TI_CINIT_Limit                                                              
UNDEFED   __TI_Handler_Table_Base                                                       
UNDEFED   __TI_Handler_Table_Limit                                                      
UNDEFED   _system_post_cinit                                                            

[660 symbols]
