******************************************************************************
            TI ARM Clang Linker Unix v1.3.0                    
******************************************************************************
>> Linked Sat Nov 13 03:24:55 2021

OUTPUT FILE NAME:   <sbl_ospi_linux.debug.out>
ENTRY POINT SYMBOL: "_vectors_sbl"  address: 70000000


MEMORY CONFIGURATION

         name            origin    length      used     unused   attr    fill
----------------------  --------  ---------  --------  --------  ----  --------
  R5F_VECS              00000000   00000040  00000000  00000040  RWIX
  R5F_TCMA              00000040   00007fc0  00000000  00007fc0  RWIX
  R5F_TCMB0             41010000   00008000  00000000  00008000  RWIX
  MSRAM_VECS            70000000   00000100  00000040  000000c0  RWIX
  MSRAM_0               70000100   0006ff00  0005e300  00011c00  RWIX
  MSRAM_1               70070000   00010000  00007780  00008880  RWIX


SEGMENT ALLOCATION MAP

run origin  load origin   length   init length attrs members
----------  ----------- ---------- ----------- ----- -------
70000000    70000000    00000040   00000040    r-x
  70000000    70000000    00000040   00000040    r-x .vectors
70000100    70000100    0002d150   0002d150    r-x
  70000100    70000100    0002b820   0002b820    r-x .text
  7002b920    7002b920    00000e90   00000e90    r-x .text.hwi
  7002c7b0    7002c7b0    00000550   00000550    r-x .text.cache
  7002cd00    7002cd00    000003f0   000003f0    r-x .text.mpu
  7002d0f0    7002d0f0    00000160   00000160    r-x .text.boot
7002d250    7002d250    00002a50   00002a50    rw-
  7002d250    7002d250    00002a50   00002a50    rw- .data
7002fd00    7002fd00    0002e700   0002e700    r--
  7002fd00    7002fd00    0002e700   0002e700    r-- .rodata
70070000    70070000    00006380   00000000    rw-
  70070000    70070000    00004000   00000000    rw- .stack
  70074000    70074000    00002380   00000000    rw- .bss
70076380    70076380    00001400   00000000    r--
  70076380    70076380    00001000   00000000    r-- .irqstack
  70077380    70077380    00000100   00000000    r-- .fiqstack
  70077480    70077480    00000100   00000000    r-- .svcstack
  70077580    70077580    00000100   00000000    r-- .abortstack
  70077680    70077680    00000100   00000000    r-- .undefinedstack


SECTION ALLOCATION MAP

 output                                  attributes/
section   page    origin      length       input sections
--------  ----  ----------  ----------   ----------------
.vectors   0    70000000    00000040     
                  70000000    00000040     nortos.am64x.r5f.ti-arm-clang.debug.lib : HwiP_armv7r_vectors_nortos_sbl_asm.obj (.vectors)

.text      0    70000100    0002b820     
                  70000100    000011d0     nortos.am64x.r5f.ti-arm-clang.debug.lib : printf.obj (.text._vsnprintf)
                  700012d0    00000de8     drivers.am64x.r5f.ti-arm-clang.debug.lib : ospi_phy.obj (.text.OSPI_phyFindOTP1)
                  700020b8    00000008     libc.a : exit.c.obj (.text:abort)
                  700020c0    00000980     drivers.am64x.r5f.ti-arm-clang.debug.lib : sciclient_rm_irq.obj (.text.Sciclient_rmIrqRouteValidate)
                  70002a40    0000095c                                              : udma_rm.obj (.text.Udma_rmInit)
                  7000339c    00000004     libclang_rt.builtins.a : aeabi_memcpy.S.obj (.text)
                  700033a0    0000089c     drivers.am64x.r5f.ti-arm-clang.debug.lib : ospi_phy.obj (.text.OSPI_phyFindOTP2)
                  70003c3c    00000004     --HOLE-- [fill = 0]
                  70003c40    0000078c     nortos.am64x.r5f.ti-arm-clang.debug.lib : printf.obj (.text._ftoa)
                  700043cc    00000004     --HOLE-- [fill = 0]
                  700043d0    00000644     drivers.am64x.r5f.ti-arm-clang.debug.lib : udma_ch.obj (.text.Udma_chAllocResource)
                  70004a14    0000000c     --HOLE-- [fill = 0]
                  70004a20    00000620     nortos.am64x.r5f.ti-arm-clang.debug.lib : printf.obj (.text._etoa)
                  70005040    000005e8     drivers.am64x.r5f.ti-arm-clang.debug.lib : udma_ch.obj (.text.Udma_chDisableTxChan)
                  70005628    00000008     --HOLE-- [fill = 0]
                  70005630    000005ac                                              : udma_rmcfg_common.obj (.text.UdmaRmInitPrms_init)
                  70005bdc    00000004     --HOLE-- [fill = 0]
                  70005be0    00000554                                              : udma_soc.obj (.text.Udma_initDrvHandle)
                  70006134    0000000c     --HOLE-- [fill = 0]
                  70006140    0000054c                                              : udma_event.obj (.text.Udma_eventConfig)
                  7000668c    00000004     --HOLE-- [fill = 0]
                  70006690    00000524                                              : sciclient_rm_irq.obj (.text.Sciclient_rmIrqGetRoute)
                  70006bb4    0000000c     --HOLE-- [fill = 0]
                  70006bc0    000004e8                                              : sciclient.obj (.text.Sciclient_service)
                  700070a8    00000008     --HOLE-- [fill = 0]
                  700070b0    000004e4                                              : udma_ch.obj (.text.Udma_chDisableRxChan)
                  70007594    0000000c     --HOLE-- [fill = 0]
                  700075a0    00000498                                              : udma_event.obj (.text.Udma_eventReset)
                  70007a38    00000008     --HOLE-- [fill = 0]
                  70007a40    00000438                                              : csl_bcdma.obj (.text.CSL_bcdmaChanOpCfgChan)
                  70007e78    00000008     --HOLE-- [fill = 0]
                  70007e80    0000042c     nortos.am64x.r5f.ti-arm-clang.debug.lib : TimerP.obj (.text.TimerP_setup)
                  700082ac    00000004     --HOLE-- [fill = 0]
                  700082b0    00000404                                             : printf.obj (.text._ntoa_format)
                  700086b4    0000000c     --HOLE-- [fill = 0]
                  700086c0    00000400     drivers.am64x.r5f.ti-arm-clang.debug.lib : sciclient_rm_irq.obj (.text.Sciclient_rmIrqFindRoute)
                  70008ac0    000003f8                                              : ospi_v0.obj (.text.OSPI_programInstance)
                  70008eb8    00000008     --HOLE-- [fill = 0]
                  70008ec0    000003f8                                              : udma_event.obj (.text.Udma_eventAllocResource)
                  700092b8    00000008     --HOLE-- [fill = 0]
                  700092c0    000003e0                                              : udma_event.obj (.text.Udma_eventRegister)
                  700096a0    000003d8                                              : udma_rm.obj (.text.Udma_rmSetSharedResRmInitPrms)
                  70009a78    00000008     --HOLE-- [fill = 0]
                  70009a80    000003d4                                              : uart_v0.obj (.text.UART_fifoConfig)
                  70009e54    0000000c     --HOLE-- [fill = 0]
                  70009e60    000003c4                                              : ospi_dma_udma.obj (.text.OspiDma_udmaOpen)
                  7000a224    0000000c     --HOLE-- [fill = 0]
                  7000a230    000003c0                                              : uart_v0.obj (.text.UART_masterIsr)
                  7000a5f0    000003b8                                              : udma_ch.obj (.text.Udma_chConfigRx)
                  7000a9a8    00000008     --HOLE-- [fill = 0]
                  7000a9b0    000003b0                                              : udma_ch.obj (.text.Udma_chDisableBlkCpyChan)
                  7000ad60    000003ac                                              : lpddr4.obj (.text.LPDDR4_SanityFunction16)
                  7000b10c    00000004     --HOLE-- [fill = 0]
                  7000b110    000003a8                                              : udma_rm.obj (.text.Udma_rmDeinit)
                  7000b4b8    00000008     --HOLE-- [fill = 0]
                  7000b4c0    0000039c                                              : udma_ring_common.obj (.text.Udma_ringAlloc)
                  7000b85c    00000004     --HOLE-- [fill = 0]
                  7000b860    00000388                                              : lpddr4.obj (.text.LPDDR4_SanityFunction17)
                  7000bbe8    00000008     --HOLE-- [fill = 0]
                  7000bbf0    00000384                                              : uart_v0.obj (.text.UART_open)
                  7000bf74    0000000c     --HOLE-- [fill = 0]
                  7000bf80    00000384                                              : udma_ch.obj (.text.Udma_chFreeResource)
                  7000c304    0000000c     --HOLE-- [fill = 0]
                  7000c310    00000368     board.am64x.r5f.ti-arm-clang.debug.lib : flash_nor_xspi.obj (.text.Flash_norXspiOpen)
                  7000c678    00000008     --HOLE-- [fill = 0]
                  7000c680    00000334     drivers.am64x.r5f.ti-arm-clang.debug.lib : bootloader_soc.obj (.text.Bootloader_socCpuResetRelease)
                  7000c9b4    0000000c     --HOLE-- [fill = 0]
                  7000c9c0    0000032c                                              : soc.obj (.text.SOC_moduleSetClockFrequency)
                  7000ccec    00000004     --HOLE-- [fill = 0]
                  7000ccf0    00000310                                              : udma_flow.obj (.text.Udma_flowConfig)
                  7000d000    0000030c                                              : ospi_v0.obj (.text.OSPI_open)
                  7000d30c    00000004     --HOLE-- [fill = 0]
                  7000d310    000002e0                                              : bootloader_soc.obj (.text.Bootloader_socCpuPowerOnResetR5f)
                  7000d5f0    000002b8                                              : sciclient_rm_irq.obj (.text.Sciclient_rmClearInterruptRoute)
                  7000d8a8    00000008     --HOLE-- [fill = 0]
                  7000d8b0    000002a8                                              : sciclient_rm_irq.obj (.text.Sciclient_rmProgramInterruptRoute)
                  7000db58    00000008     --HOLE-- [fill = 0]
                  7000db60    0000029c                                              : ospi_dma_udma.obj (.text.OspiDma_udmaUpdateSubmitTR)
                  7000ddfc    00000004     --HOLE-- [fill = 0]
                  7000de00    00000298                                              : csl_bcdma.obj (.text.CSL_bcdmaChanOp)
                  7000e098    00000008     --HOLE-- [fill = 0]
                  7000e0a0    00000298                                              : udma_ch.obj (.text.Udma_chConfigTx)
                  7000e338    00000008     --HOLE-- [fill = 0]
                  7000e340    00000290                                              : sciclient_rm_irq.obj (.text.Sciclient_rmIrqProgramRoute)
                  7000e5d0    00000290                                              : udma_ch.obj (.text.Udma_chOpen)
                  7000e860    00000288                                              : ospi_v0.obj (.text.OSPI_readDirect)
                  7000eae8    00000008     --HOLE-- [fill = 0]
                  7000eaf0    00000284                                              : bootloader_soc.obj (.text.Bootloader_socCpuResetReleaseSelf)
                  7000ed74    0000000c     --HOLE-- [fill = 0]
                  7000ed80    00000280                                              : csl_lcdma_ringacc.obj (.text.CSL_lcdma_ringaccDequeue)
                  7000f000    00000280                                              : sciclient.obj (.text.Sciclient_loadFirmware)
                  7000f280    0000027c                                              : csl_bcdma.obj (.text.CSL_bcdmaChanOpTeardownChan)
                  7000f4fc    00000004     --HOLE-- [fill = 0]
                  7000f500    0000027c     main.obj (.text.main)
                  7000f77c    00000004     --HOLE-- [fill = 0]
                  7000f780    00000270     drivers.am64x.r5f.ti-arm-clang.debug.lib : ospi_v0.obj (.text.OSPI_writeIndirect)
                  7000f9f0    0000026c                                              : uart_v0.obj (.text.UART_write)
                  7000fc5c    00000004     --HOLE-- [fill = 0]
                  7000fc60    00000264                                              : udma_ch.obj (.text.Udma_chEnableLocal)
                  7000fec4    0000000c     --HOLE-- [fill = 0]
                  7000fed0    00000260                                              : sciclient_rm_irq.obj (.text.Sciclient_rmIrqDeleteRoute)
                  70010130    00000260                                              : uart_v0.obj (.text.UART_procLineStatusErr)
                  70010390    0000025c                                              : uart_v0.obj (.text.UART_close)
                  700105ec    00000004     --HOLE-- [fill = 0]
                  700105f0    00000258                                              : ospi_v0.obj (.text.OSPI_readCmd)
                  70010848    00000008     --HOLE-- [fill = 0]
                  70010850    00000250                                              : csl_bcdma.obj (.text.CSL_bcdmaChanOpGetChanStats)
                  70010aa0    00000250     board.am64x.r5f.ti-arm-clang.debug.lib : flash_nor_xspi.obj (.text.Flash_norXspiWrite)
                  70010cf0    0000024c     drivers.am64x.r5f.ti-arm-clang.debug.lib : lpddr4.obj (.text.LPDDR4_SanityFunction20)
                  70010f3c    00000004     --HOLE-- [fill = 0]
                  70010f40    00000248                                              : uart_v0.obj (.text.UART_configInstance)
                  70011188    00000008     --HOLE-- [fill = 0]
                  70011190    00000248                                              : udma_rm.obj (.text.Udma_rmAllocMappedRxCh)
                  700113d8    00000008     --HOLE-- [fill = 0]
                  700113e0    00000248                                              : udma_rm.obj (.text.Udma_rmAllocMappedTxCh)
                  70011628    00000008     --HOLE-- [fill = 0]
                  70011630    00000244                                              : ospi_v0.obj (.text.OSPI_writeCmd)
                  70011874    0000000c     --HOLE-- [fill = 0]
                  70011880    0000023c                                              : sciclient.obj (.text.Sciclient_sendMessage)
                  70011abc    00000004     --HOLE-- [fill = 0]
                  70011ac0    00000228                                              : lpddr4.obj (.text.LPDDR4_SanityFunction21)
                  70011ce8    00000008     --HOLE-- [fill = 0]
                  70011cf0    0000021c                                              : bootloader.obj (.text.Bootloader_parseAndLoadLinuxAppImage)
                  70011f0c    00000004     --HOLE-- [fill = 0]
                  70011f10    00000218                                              : sciclient_rm_irq.obj (.text.Sciclient_rmIrqVintDelete)
                  70012128    00000008     --HOLE-- [fill = 0]
                  70012130    00000210                                              : udma_rm.obj (.text.Udma_rmAllocMappedRing)
                  70012340    0000020c                                              : udma_ch.obj (.text.Udma_chAssignRegOverlay)
                  7001254c    00000004     --HOLE-- [fill = 0]
                  70012550    00000200     nortos.am64x.r5f.ti-arm-clang.debug.lib : ClockP_nortos_r5.obj (.text.ClockP_init)
                  70012750    00000200     drivers.am64x.r5f.ti-arm-clang.debug.lib : sciclient_rm_irq.obj (.text.Sciclient_rmIaValidateMapping)
                  70012950    00000200                                              : udma_event.obj (.text.Udma_eventCheckParams)
                  70012b50    000001fc                                              : udma_rm.obj (.text.Udma_rmAllocBlkCopyCh)
                  70012d4c    00000004     --HOLE-- [fill = 0]
                  70012d50    000001fc                                              : udma_rm.obj (.text.Udma_rmAllocBlkCopyHcCh)
                  70012f4c    00000004     --HOLE-- [fill = 0]
                  70012f50    000001fc                                              : udma_rm.obj (.text.Udma_rmAllocBlkCopyUhcCh)
                  7001314c    00000004     --HOLE-- [fill = 0]
                  70013150    000001fc                                              : udma_rm.obj (.text.Udma_rmAllocIrIntr)
                  7001334c    00000004     --HOLE-- [fill = 0]
                  70013350    000001fc                                              : udma_rm.obj (.text.Udma_rmAllocRxCh)
                  7001354c    00000004     --HOLE-- [fill = 0]
                  70013550    000001fc                                              : udma_rm.obj (.text.Udma_rmAllocRxHcCh)
                  7001374c    00000004     --HOLE-- [fill = 0]
                  70013750    000001fc                                              : udma_rm.obj (.text.Udma_rmAllocRxUhcCh)
                  7001394c    00000004     --HOLE-- [fill = 0]
                  70013950    000001fc                                              : udma_rm.obj (.text.Udma_rmAllocTxCh)
                  70013b4c    00000004     --HOLE-- [fill = 0]
                  70013b50    000001fc                                              : udma_rm.obj (.text.Udma_rmAllocTxHcCh)
                  70013d4c    00000004     --HOLE-- [fill = 0]
                  70013d50    000001fc                                              : udma_rm.obj (.text.Udma_rmAllocTxUhcCh)
                  70013f4c    00000004     --HOLE-- [fill = 0]
                  70013f50    000001f8                                              : sciclient.obj (.text.Sciclient_recvMessage)
                  70014148    00000008     --HOLE-- [fill = 0]
                  70014150    000001f8                                              : udma_ring_lcdma.obj (.text.Udma_ringSetCfgLcdma)
                  70014348    00000008     --HOLE-- [fill = 0]
                  70014350    000001f4                                              : sciclient_rm_irq.obj (.text.Sciclient_rmIrqVintAdd)
                  70014544    0000000c     --HOLE-- [fill = 0]
                  70014550    000001f4     nortos.am64x.r5f.ti-arm-clang.debug.lib : printf.obj (.text._ntoa_long_long)
                  70014744    0000000c     --HOLE-- [fill = 0]
                  70014750    000001ec     drivers.am64x.r5f.ti-arm-clang.debug.lib : csl_lcdma_ringacc.obj (.text.CSL_lcdma_ringaccPop64MultiAccess)
                  7001493c    00000004     --HOLE-- [fill = 0]
                  70014940    000001e4                                              : csl_lcdma_ringacc.obj (.text.CSL_lcdma_ringaccPush64MultiAccess)
                  70014b24    0000000c     --HOLE-- [fill = 0]
                  70014b30    000001e0                                              : bootloader.obj (.text.Bootloader_loadSelfCpu)
                  70014d10    000001cc                                              : bootloader.obj (.text.Bootloader_parseMultiCoreAppImage)
                  70014edc    00000004     --HOLE-- [fill = 0]
                  70014ee0    000001cc                                              : csl_bcdma.obj (.text.CSL_bcdmaChanOpDecChanStats)
                  700150ac    00000004     --HOLE-- [fill = 0]
                  700150b0    000001c8                                              : csl_pktdma.obj (.text.CSL_pktdmaTeardownChan)
                  70015278    00000008     --HOLE-- [fill = 0]
                  70015280    000001c4                                              : sciclient_pm.obj (.text.Sciclient_pmQueryModuleClkFreq)
                  70015444    0000000c     --HOLE-- [fill = 0]
                  70015450    000001c4     nortos.am64x.r5f.ti-arm-clang.debug.lib : SemaphoreP_nortos.obj (.text.SemaphoreP_pend)
                  70015614    0000000c     --HOLE-- [fill = 0]
                  70015620    000001c4     drivers.am64x.r5f.ti-arm-clang.debug.lib : uart_v0.obj (.text.UART_divisorLatchWrite)
                  700157e4    0000000c     --HOLE-- [fill = 0]
                  700157f0    000001c0                                              : sciclient_rm_irq.obj (.text.Sciclient_rmIaValidateEvt)
                  700159b0    000001b0                                              : bootloader_soc.obj (.text.Bootloader_socCpuPowerOnResetM4f)
                  70015b60    000001b0     board.am64x.r5f.ti-arm-clang.debug.lib : flash_nor_xspi.obj (.text.Flash_norXspiErase)
                  70015d10    000001b0     drivers.am64x.r5f.ti-arm-clang.debug.lib : sciclient_rm_irq.obj (.text.Sciclient_rmIrGetOutp)
                  70015ec0    000001a8     nortos.am64x.r5f.ti-arm-clang.debug.lib : printf.obj (.text._ntoa_long)
                  70016068    00000008     --HOLE-- [fill = 0]
                  70016070    000001a4     drivers.am64x.r5f.ti-arm-clang.debug.lib : bootloader.obj (.text.Bootloader_rprcImageLoad)
                  70016214    0000000c     --HOLE-- [fill = 0]
                  70016220    000001a0                                              : lpddr4.obj (.text.LPDDR4_AckCtlInterrupt)
                  700163c0    000001a0                                              : udma.obj (.text.Udma_init)
                  70016560    0000019c                                              : udma_event.obj (.text.Udma_eventFreeResource)
                  700166fc    00000004     --HOLE-- [fill = 0]
                  70016700    00000198     board.am64x.r5f.ti-arm-clang.debug.lib : flash_nor_xspi.obj (.text.Flash_norXspiWaitReady)
                  70016898    00000008     --HOLE-- [fill = 0]
                  700168a0    00000194     drivers.am64x.r5f.ti-arm-clang.debug.lib : sciclient_rm_irq.obj (.text.Sciclient_rmTranslateIntOutput)
                  70016a34    0000000c     --HOLE-- [fill = 0]
                  70016a40    00000190     board.am64x.r5f.ti-arm-clang.debug.lib : flash_nor_xspi.obj (.text.Flash_norXspiReadId)
                  70016bd0    00000190     drivers.am64x.r5f.ti-arm-clang.debug.lib : lpddr4.obj (.text.LPDDR4_CheckCtlInterrupt)
                  70016d60    0000018c     nortos.am64x.r5f.ti-arm-clang.debug.lib : AddrTranslateP.obj (.text.AddrTranslateP_getLocalAddr)
                  70016eec    00000004     --HOLE-- [fill = 0]
                  70016ef0    0000018c     drivers.am64x.r5f.ti-arm-clang.debug.lib : sciclient.obj (.text.Sciclient_getVersionCheck)
                  7001707c    00000004     --HOLE-- [fill = 0]
                  70017080    00000188                                              : sciclient_pm.obj (.text.Sciclient_pmSetModuleClkFreq)
                  70017208    00000008     --HOLE-- [fill = 0]
                  70017210    00000180                                              : csl_bcdma.obj (.text.CSL_bcdmaChanOpGetChanRT)
                  70017390    00000180                                              : udma_rm.obj (.text.Udma_rmGetSciclientDefaultBoardCfgRmRange)
                  70017510    0000017c                                              : lpddr4.obj (.text.LPDDR4_CheckCtlInterrupt_2)
                  7001768c    00000004     --HOLE-- [fill = 0]
                  70017690    0000017c                                              : sciclient_rm_irq.obj (.text.Sciclient_rmIrqGetNode)
                  7001780c    00000004     --HOLE-- [fill = 0]
                  70017810    0000017c                                              : sciclient.obj (.text.Sciclient_waitForMessage)
                  7001798c    00000004     --HOLE-- [fill = 0]
                  70017990    0000017c                                              : udma_event.obj (.text.Udma_eventUnRegister)
                  70017b0c    00000004     --HOLE-- [fill = 0]
                  70017b10    00000178                                              : ddr.obj (.text.DDR_start)
                  70017c88    00000008     --HOLE-- [fill = 0]
                  70017c90    00000178                                              : udma_ring_common.obj (.text.Udma_ringCheckParams)
                  70017e08    00000008     --HOLE-- [fill = 0]
                  70017e10    00000170                                              : uart_v0.obj (.text.UART_writePolling)
                  70017f80    00000170                                              : udma_ring_common.obj (.text.Udma_ringFree)
                  700180f0    00000168                                              : uart_v0.obj (.text.UART_intrEnable)
                  70018258    00000008     --HOLE-- [fill = 0]
                  70018260    00000164                                              : csl_bcdma.obj (.text.CSL_bcdmaChanOpSetBurstSize)
                  700183c4    0000000c     --HOLE-- [fill = 0]
                  700183d0    00000164                                              : ospi_phy.obj (.text.OSPI_phyResyncDLL)
                  70018534    0000000c     --HOLE-- [fill = 0]
                  70018540    00000164                                              : sciclient_soc_priv.obj (.text.Sciclient_getContext)
                  700186a4    0000000c     --HOLE-- [fill = 0]
                  700186b0    00000164                                              : udma_ch.obj (.text.Udma_chClose)
                  70018814    0000000c     --HOLE-- [fill = 0]
                  70018820    00000160     board.am64x.r5f.ti-arm-clang.debug.lib : flash_nor_xspi.obj (.text.Flash_norXspiSetDummyCycles)
                  70018980    00000160     drivers.am64x.r5f.ti-arm-clang.debug.lib : lpddr4.obj (.text.LPDDR4_AckCtlInterrupt_4)
                  70018ae0    00000160                                              : sciclient_rm_irq.obj (.text.Sciclient_rmIrInpIsFree)
                  70018c40    00000160                                              : sciclient_rm_irq.obj (.text.Sciclient_rmIrqIsVintRouteSet)
                  70018da0    00000160                                              : uart_v0.obj (.text.UART_intrDisable)
                  70018f00    0000015c     main.obj (.text.App_loadImages)
                  7001905c    00000004     --HOLE-- [fill = 0]
                  70019060    0000015c     drivers.am64x.r5f.ti-arm-clang.debug.lib : udma_event.obj (.text.Udma_eventCheckUnRegister)
                  700191bc    00000004     --HOLE-- [fill = 0]
                  700191c0    0000015c                                              : bootloader_sysfw_load.obj (.text.sciclient_set_boardcfg_linux)
                  7001931c    00000004     --HOLE-- [fill = 0]
                  70019320    00000158                                              : lpddr4.obj (.text.LPDDR4_Init)
                  70019478    00000008     --HOLE-- [fill = 0]
                  70019480    00000154                                              : csl_bcdma.obj (.text.CSL_bcdmaChanOpAccessRemotePeerReg)
                  700195d4    0000000c     --HOLE-- [fill = 0]
                  700195e0    00000154     nortos.am64x.r5f.ti-arm-clang.debug.lib : printf.obj (.text._out_rev)
                  70019734    0000000c     --HOLE-- [fill = 0]
                  70019740    00000150     drivers.am64x.r5f.ti-arm-clang.debug.lib : ospi_dma_udma.obj (.text.OspiDma_udmaCopy)
                  70019890    00000150                                              : pinmux.obj (.text.Pinmux_unlockMMR)
                  700199e0    0000014c     nortos.am64x.r5f.ti-arm-clang.debug.lib : ClockP_nortos.obj (.text.ClockP_stop)
                  70019b2c    00000004     --HOLE-- [fill = 0]
                  70019b30    0000014c     board.am64x.r5f.ti-arm-clang.debug.lib : flash.obj (.text.Flash_offsetToBlkPage)
                  70019c7c    00000004     --HOLE-- [fill = 0]
                  70019c80    0000014c     drivers.am64x.r5f.ti-arm-clang.debug.lib : sciclient_procboot.obj (.text.Sciclient_procBootWaitProcessorState)
                  70019dcc    00000004     --HOLE-- [fill = 0]
                  70019dd0    00000148                                              : lpddr4.obj (.text.LPDDR4_ReadReg)
                  70019f18    00000008     --HOLE-- [fill = 0]
                  70019f20    00000148                                              : udma.obj (.text.Udma_deinit)
                  7001a068    00000008     --HOLE-- [fill = 0]
                  7001a070    00000144                                              : udma_rm.obj (.text.Udma_rmAllocVintrBit)
                  7001a1b4    0000000c     --HOLE-- [fill = 0]
                  7001a1c0    00000140                                              : csl_pktdma.obj (.text.CSL_pktdmaAccessChanPeerReg)
                  7001a300    00000140                                              : uart_v0.obj (.text.UART_fifoWrite)
                  7001a440    00000140                                              : uart_v0.obj (.text.UART_flushTxFifo)
                  7001a580    00000140                                              : udma_ch.obj (.text.UdmaChRxPrms_init)
                  7001a6c0    00000140                                              : udma_soc.obj (.text.Udma_getMappedChRingAttributes)
                  7001a800    0000013c     nortos.am64x.r5f.ti-arm-clang.debug.lib : ClockP_nortos.obj (.text.ClockP_timerTickIsr)
                  7001a93c    00000004     --HOLE-- [fill = 0]
                  7001a940    0000013c     drivers.am64x.r5f.ti-arm-clang.debug.lib : lpddr4.obj (.text.LPDDR4_CheckCtlInterrupt_4)
                  7001aa7c    00000004     --HOLE-- [fill = 0]
                  7001aa80    0000013c                                              : ospi_v0.obj (.text.OSPI_flashExecCmd)
                  7001abbc    00000004     --HOLE-- [fill = 0]
                  7001abc0    0000013c                                              : udma_ch.obj (.text.UdmaChTxPrms_init)
                  7001acfc    00000004     --HOLE-- [fill = 0]
                  7001ad00    0000013c                                              : udma_ring_lcdma.obj (.text.Udma_ringSetDoorBellLcdma)
                  7001ae3c    00000004     --HOLE-- [fill = 0]
                  7001ae40    00000138     nortos.am64x.r5f.ti-arm-clang.debug.lib : ClockP_nortos.obj (.text.ClockP_addToList)
                  7001af78    00000008     --HOLE-- [fill = 0]
                  7001af80    00000138     drivers.am64x.r5f.ti-arm-clang.debug.lib : lpddr4.obj (.text.LPDDR4_AckCtlInterrupt_3)
                  7001b0b8    00000008     --HOLE-- [fill = 0]
                  7001b0c0    00000138                                              : lpddr4.obj (.text.LPDDR4_WriteReg)
                  7001b1f8    00000008     --HOLE-- [fill = 0]
                  7001b200    00000138                                              : udma_ch.obj (.text.Udma_chDisable)
                  7001b338    00000008     --HOLE-- [fill = 0]
                  7001b340    00000130     ti_board_open_close.obj (.text.Board_flashOpen)
                  7001b470    00000130     drivers.am64x.r5f.ti-arm-clang.debug.lib : ospi_v0.obj (.text.OSPI_close)
                  7001b5a0    0000012c                                              : bootloader_profile.obj (.text.Bootloader_profilePrintProfileLog)
                  7001b6cc    00000004     --HOLE-- [fill = 0]
                  7001b6d0    0000012c                                              : udma_ch.obj (.text.Udma_chCheckParams)
                  7001b7fc    00000004     --HOLE-- [fill = 0]
                  7001b800    00000128                                              : sciclient_pm.obj (.text.Sciclient_pmGetModuleClkNumParent)
                  7001b928    00000008     --HOLE-- [fill = 0]
                  7001b930    00000124     nortos.am64x.r5f.ti-arm-clang.debug.lib : ClockP_nortos.obj (.text.ClockP_destruct)
                  7001ba54    0000000c     --HOLE-- [fill = 0]
                  7001ba60    00000120     drivers.am64x.r5f.ti-arm-clang.debug.lib : udma_flow.obj (.text.UdmaFlowPrms_init)
                  7001bb80    0000011c                                              : csl_bcdma.obj (.text.CSL_bcdmaChanOpSetChanRT)
                  7001bc9c    00000004     --HOLE-- [fill = 0]
                  7001bca0    0000011c     ti_drivers_open_close.obj (.text.Drivers_uartOpen)
                  7001bdbc    00000004     --HOLE-- [fill = 0]
                  7001bdc0    0000011c     drivers.am64x.r5f.ti-arm-clang.debug.lib : ospi_phy.obj (.text.OSPI_phyTuneDDR)
                  7001bedc    00000004     --HOLE-- [fill = 0]
                  7001bee0    0000011c                                              : sciclient_pm.obj (.text.Sciclient_pmGetModuleClkFreq)
                  7001bffc    00000004     --HOLE-- [fill = 0]
                  7001c000    00000118     ti_drivers_open_close.obj (.text.Drivers_ospiOpen)
                  7001c118    00000008     --HOLE-- [fill = 0]
                  7001c120    00000118     drivers.am64x.r5f.ti-arm-clang.debug.lib : udma_ring_common.obj (.text.Udma_ringQueueRaw)
                  7001c238    00000118     libclang_rt.builtins.a : udivmoddi4.S.obj (.text)
                  7001c350    00000114     drivers.am64x.r5f.ti-arm-clang.debug.lib : bootloader.obj (.text.Bootloader_runCpu)
                  7001c464    0000000c     --HOLE-- [fill = 0]
                  7001c470    00000114     board.am64x.r5f.ti-arm-clang.debug.lib : flash_nor_xspi.obj (.text.Flash_norXspiRead)
                  7001c584    0000000c     --HOLE-- [fill = 0]
                  7001c590    00000114     drivers.am64x.r5f.ti-arm-clang.debug.lib : sciclient_pm.obj (.text.Sciclient_pmGetModuleClkParent)
                  7001c6a4    0000000c     --HOLE-- [fill = 0]
                  7001c6b0    00000114                                              : uart_v0.obj (.text.UART_init)
                  7001c7c4    0000000c     --HOLE-- [fill = 0]
                  7001c7d0    00000110                                              : csl_bcdma.obj (.text.CSL_bcdmaChanOpSetChanPause)
                  7001c8e0    00000110                                              : soc.obj (.text.SOC_moduleClockEnable)
                  7001c9f0    00000110                                              : sciclient_pm.obj (.text.Sciclient_pmModuleGetClkStatus)
                  7001cb00    00000110                                              : sciclient_procboot.obj (.text.Sciclient_procBootSetSequenceCtrl)
                  7001cc10    00000110                                              : udma_ring_common.obj (.text.Udma_ringDequeueRaw)
                  7001cd20    0000010c                                              : bootloader_soc.obj (.text.Bootloader_socTranslateSectionAddr)
                  7001ce2c    00000004     --HOLE-- [fill = 0]
                  7001ce30    0000010c                                              : ddr.obj (.text.DDR_initDrv)
                  7001cf3c    00000004     --HOLE-- [fill = 0]
                  7001cf40    0000010c                                              : sciclient_pm.obj (.text.Sciclient_pmSetModuleClkParent)
                  7001d04c    00000004     --HOLE-- [fill = 0]
                  7001d050    0000010c                                              : udma_rm.obj (.text.Udma_rmAllocEvent)
                  7001d15c    00000004     --HOLE-- [fill = 0]
                  7001d160    0000010c                                              : udma_rm.obj (.text.Udma_rmAllocVintr)
                  7001d26c    00000004     --HOLE-- [fill = 0]
                  7001d270    00000108                                              : lpddr4.obj (.text.LPDDR4_AckCtlInterrupt_2)
                  7001d378    00000008     --HOLE-- [fill = 0]
                  7001d380    00000108                                              : sciclient_pm.obj (.text.Sciclient_pmSetModuleState)
                  7001d488    00000008     --HOLE-- [fill = 0]
                  7001d490    00000108                                              : udma_ring_lcdma.obj (.text.Udma_ringFlushRawLcdma)
                  7001d598    00000008     --HOLE-- [fill = 0]
                  7001d5a0    00000104     board.am64x.r5f.ti-arm-clang.debug.lib : flash_nor_xspi.obj (.text.Flash_norXspiRegWrite)
                  7001d6a4    0000000c     --HOLE-- [fill = 0]
                  7001d6b0    00000104     drivers.am64x.r5f.ti-arm-clang.debug.lib : sciclient_rm_irq.obj (.text.Sciclient_rmIrInpRomMapped)
                  7001d7b4    0000000c     --HOLE-- [fill = 0]
                  7001d7c0    00000104                                              : sciclient_rm_irq.obj (.text.Sciclient_rmIrOutpRomMapped)
                  7001d8c4    0000000c     --HOLE-- [fill = 0]
                  7001d8d0    00000100                                              : csl_bcdma.obj (.text.CSL_bcdmaGetCfg)
                  7001d9d0    00000100                                              : csl_intaggr.obj (.text.CSL_intaggrIsIntrPending)
                  7001dad0    00000100     board.am64x.r5f.ti-arm-clang.debug.lib : flash_nor_xspi.obj (.text.Flash_norXspiHybridSectorConfig)
                  7001dbd0    00000100     drivers.am64x.r5f.ti-arm-clang.debug.lib : ospi_dma_udma.obj (.text.OspiDma_udmaClose)
                  7001dcd0    00000100                                              : sciclient_pm.obj (.text.Sciclient_pmGetModuleState)
                  7001ddd0    00000100                                              : sciclient_rm_irq.obj (.text.Sciclient_rmIrOutpIsFree)
                  7001ded0    00000100     ti_drivers_config.obj (.text.System_init)
                  7001dfd0    00000100     drivers.am64x.r5f.ti-arm-clang.debug.lib : udma_event.obj (.text.Udma_eventIsrFxn)
                  7001e0d0    00000100                                              : udma_ring_common.obj (.text.Udma_ringFlushRaw)
                  7001e1d0    000000fc                                              : ospi_v0.obj (.text.OSPI_enablePhy)
                  7001e2cc    00000004     --HOLE-- [fill = 0]
                  7001e2d0    000000fc                                              : sciclient_boardcfg.obj (.text.Sciclient_boardCfg)
                  7001e3cc    00000004     --HOLE-- [fill = 0]
                  7001e3d0    000000fc                                              : sciclient_boardcfg.obj (.text.Sciclient_boardCfgPm)
                  7001e4cc    00000004     --HOLE-- [fill = 0]
                  7001e4d0    000000fc                                              : sciclient_boardcfg.obj (.text.Sciclient_boardCfgRm)
                  7001e5cc    00000004     --HOLE-- [fill = 0]
                  7001e5d0    000000fc                                              : sciclient_boardcfg.obj (.text.Sciclient_boardCfgSec)
                  7001e6cc    00000004     --HOLE-- [fill = 0]
                  7001e6d0    000000fc                                              : sciclient.obj (.text.Sciclient_init)
                  7001e7cc    00000004     --HOLE-- [fill = 0]
                  7001e7d0    000000fc                                              : uart_v0.obj (.text.UART_subConfigTCRTLRModeEn)
                  7001e8cc    00000004     --HOLE-- [fill = 0]
                  7001e8d0    000000f8                                              : bootloader_soc.obj (.text.Bootloader_socCpuSetClock)
                  7001e9c8    00000008     --HOLE-- [fill = 0]
                  7001e9d0    000000f8                                              : csl_bcdma.obj (.text.CSL_bcdmaMapChanIdx)
                  7001eac8    00000008     --HOLE-- [fill = 0]
                  7001ead0    000000f8                                              : ospi_v0.obj (.text.OSPI_setXferOpCodes)
                  7001ebc8    00000008     --HOLE-- [fill = 0]
                  7001ebd0    000000f8                                              : sciclient_procboot.obj (.text.Sciclient_procBootReleaseProcessor)
                  7001ecc8    00000008     --HOLE-- [fill = 0]
                  7001ecd0    000000f8                                              : sciclient_rm_irq.obj (.text.Sciclient_rmIrqCheckLoop)
                  7001edc8    00000008     --HOLE-- [fill = 0]
                  7001edd0    000000f0                                              : ospi_v0.obj (.text.OSPI_waitIdle)
                  7001eec0    000000f0                                              : udma_ch.obj (.text.Udma_chPair)
                  7001efb0    000000f0                                              : udma_ch.obj (.text.Udma_chUnpair)
                  7001f0a0    000000f0                                              : udma_rm.obj (.text.Udma_rmFreeMappedRing)
                  7001f190    000000ec                                              : ddr.obj (.text.DDR_initHwRegs)
                  7001f27c    00000004     --HOLE-- [fill = 0]
                  7001f280    000000ec                                              : ospi_phy.obj (.text.OSPI_phyFindRxHigh)
                  7001f36c    00000004     --HOLE-- [fill = 0]
                  7001f370    000000ec                                              : ospi_phy.obj (.text.OSPI_phyFindRxLow)
                  7001f45c    00000004     --HOLE-- [fill = 0]
                  7001f460    000000ec                                              : ospi_phy.obj (.text.OSPI_phyFindTxHigh)
                  7001f54c    00000004     --HOLE-- [fill = 0]
                  7001f550    000000ec                                              : ospi_phy.obj (.text.OSPI_phyFindTxLow)
                  7001f63c    00000004     --HOLE-- [fill = 0]
                  7001f640    000000ec                                              : ospi_phy.obj (.text.OSPI_phySetRdDelayTxRxDLL)
                  7001f72c    00000004     --HOLE-- [fill = 0]
                  7001f730    000000ec                                              : sciclient_pm.obj (.text.Sciclient_pmModuleClkRequest)
                  7001f81c    00000004     --HOLE-- [fill = 0]
                  7001f820    000000ec                                              : sciclient_rm_irq.obj (.text.Sciclient_rmPsPop)
                  7001f90c    00000004     --HOLE-- [fill = 0]
                  7001f910    000000ec                                              : uart_v0.obj (.text.UART_readData)
                  7001f9fc    00000004     --HOLE-- [fill = 0]
                  7001fa00    000000e8                                              : ospi_v0.obj (.text.OSPI_setXferLines)
                  7001fae8    00000008     --HOLE-- [fill = 0]
                  7001faf0    000000e8                                              : ospi_v0.obj (.text.OSPI_waitIndWriteComplete)
                  7001fbd8    00000008     --HOLE-- [fill = 0]
                  7001fbe0    000000e8                                              : soc.obj (.text.SOC_controlModuleUnlockMMR)
                  7001fcc8    00000008     --HOLE-- [fill = 0]
                  7001fcd0    000000e8                                              : uart_v0.obj (.text.UART_Params_init)
                  7001fdb8    00000008     --HOLE-- [fill = 0]
                  7001fdc0    000000e8                                              : uart_v0.obj (.text.UART_writeInterrupt)
                  7001fea8    00000008     --HOLE-- [fill = 0]
                  7001feb0    000000e4                                              : csl_bcdma.obj (.text.CSL_bcdmaChanOpIsValidChanIdx)
                  7001ff94    0000000c     --HOLE-- [fill = 0]
                  7001ffa0    000000e4                                              : csl_bcdma.obj (.text.CSL_bcdmaChanOpSetChanEnable)
                  70020084    0000000c     --HOLE-- [fill = 0]
                  70020090    000000e4     nortos.am64x.r5f.ti-arm-clang.debug.lib : ClockP_nortos.obj (.text.ClockP_getTimeUsec)
                  70020174    0000000c     --HOLE-- [fill = 0]
                  70020180    000000e4     drivers.am64x.r5f.ti-arm-clang.debug.lib : lpddr4.obj (.text.LPDDR4_PollCtlIrq)
                  70020264    0000000c     --HOLE-- [fill = 0]
                  70020270    000000e4                                              : lpddr4.obj (.text.LPDDR4_PollPhyIndepIrq)
                  70020354    0000000c     --HOLE-- [fill = 0]
                  70020360    000000e4                                              : lpddr4.obj (.text.LPDDR4_Start)
                  70020444    0000000c     --HOLE-- [fill = 0]
                  70020450    000000e4                                              : ospi_v0.obj (.text.OSPI_init)
                  70020534    0000000c     --HOLE-- [fill = 0]
                  70020540    000000e4                                              : ospi_v0.obj (.text.OSPI_isDmaRestrictedRegion)
                  70020624    0000000c     --HOLE-- [fill = 0]
                  70020630    000000e4                                              : uart_v0.obj (.text.UART_tcrTlrBitValRestore)
                  70020714    0000000c     --HOLE-- [fill = 0]
                  70020720    000000e0                                              : csl_bcdma.obj (.text.CSL_bcdmaDoChanOp)
                  70020800    000000e0                                              : ospi_v0.obj (.text.OSPI_disablePhy)
                  700208e0    000000e0                                              : sciclient_rm_irq.obj (.text.Sciclient_rmIaEvtRomMapped)
                  700209c0    000000dc                                              : bootloader_soc.obj (.text.Bootloader_socCpuGetClock)
                  70020a9c    00000004     --HOLE-- [fill = 0]
                  70020aa0    000000dc                                              : csl_pktdma.obj (.text.CSL_pktdmaGetCfg)
                  70020b7c    00000004     --HOLE-- [fill = 0]
                  70020b80    000000d8                                              : csl_bcdma.obj (.text.CSL_bcdmaChanOpIsChanEnabled)
                  70020c58    00000008     --HOLE-- [fill = 0]
                  70020c60    000000d8                                              : csl_lcdma_ringacc.obj (.text.CSL_lcdma_ringaccAckReverseRing)
                  70020d38    00000008     --HOLE-- [fill = 0]
                  70020d40    000000d8                                              : bootloader_flash.obj (.text.Flash_imgRead)
                  70020e18    00000008     --HOLE-- [fill = 0]
                  70020e20    000000d8                                              : lpddr4.obj (.text.LPDDR4_CheckCtlInterrupt_3)
                  70020ef8    00000008     --HOLE-- [fill = 0]
                  70020f00    000000d8                                              : ospi_dma.obj (.text.OSPI_dmaOpen)
                  70020fd8    00000008     --HOLE-- [fill = 0]
                  70020fe0    000000d8     ti_drivers_config.obj (.text.System_deinit)
                  700210b8    00000008     --HOLE-- [fill = 0]
                  700210c0    000000d8     drivers.am64x.r5f.ti-arm-clang.debug.lib : udma_ch.obj (.text.Udma_chGetCqRingHandle)
                  70021198    00000008     --HOLE-- [fill = 0]
                  700211a0    000000d8                                              : udma_ch.obj (.text.Udma_chGetFqRingHandle)
                  70021278    00000008     --HOLE-- [fill = 0]
                  70021280    000000d4                                              : bootloader.obj (.text.Bootloader_open)
                  70021354    0000000c     --HOLE-- [fill = 0]
                  70021360    000000d4                                              : csl_bcdma.obj (.text.CSL_bcdmaChanOpClearError)
                  70021434    0000000c     --HOLE-- [fill = 0]
                  70021440    000000d4                                              : udma_utils.obj (.text.CSL_udmapCppi5SetReturnPolicy)
                  70021514    0000000c     --HOLE-- [fill = 0]
                  70021520    000000d4                                              : lpddr4.obj (.text.LPDDR4_StartSequenceController)
                  700215f4    0000000c     --HOLE-- [fill = 0]
                  70021600    000000d4                                              : ospi_v0.obj (.text.OSPI_waitWriteSRAMLevel)
                  700216d4    0000000c     --HOLE-- [fill = 0]
                  700216e0    000000d4                                              : sciclient_rm.obj (.text.Sciclient_rmGetResourceRange)
                  700217b4    0000000c     --HOLE-- [fill = 0]
                  700217c0    000000d4                                              : udma_ch.obj (.text.Udma_chEnable)
                  70021894    0000000c     --HOLE-- [fill = 0]
                  700218a0    000000d4                                              : udma_ring_lcdma.obj (.text.Udma_ringPrimeReadLcdma)
                  70021974    0000000c     --HOLE-- [fill = 0]
                  70021980    000000d0     board.am64x.r5f.ti-arm-clang.debug.lib : flash_nor_xspi.obj (.text.Flash_norXspiSetOpcodes)
                  70021a50    000000d0     drivers.am64x.r5f.ti-arm-clang.debug.lib : uart_v0.obj (.text.UART_divisorValCompute)
                  70021b20    000000d0                                              : udma_rm.obj (.text.Udma_rmFreeVintrBit)
                  70021bf0    000000cc                                              : csl_bcdma.obj (.text.CSL_bcdmaChanOpTriggerChan)
                  70021cbc    00000004     --HOLE-- [fill = 0]
                  70021cc0    000000cc     nortos.am64x.r5f.ti-arm-clang.debug.lib : ClockP_nortos.obj (.text.ClockP_construct)
                  70021d8c    00000004     --HOLE-- [fill = 0]
                  70021d90    000000cc     drivers.am64x.r5f.ti-arm-clang.debug.lib : ddr.obj (.text.DDR_init)
                  70021e5c    00000004     --HOLE-- [fill = 0]
                  70021e60    000000cc                                              : lpddr4.obj (.text.LPDDR4_WriteCtlConfig)
                  70021f2c    00000004     --HOLE-- [fill = 0]
                  70021f30    000000cc                                              : lpddr4.obj (.text.LPDDR4_WritePhyConfig)
                  70021ffc    00000004     --HOLE-- [fill = 0]
                  70022000    000000cc                                              : lpddr4.obj (.text.LPDDR4_WritePhyIndepConfig)
                  700220cc    00000004     --HOLE-- [fill = 0]
                  700220d0    000000cc                                              : ospi_phy.obj (.text.OSPI_phyReadAttackVector)
                  7002219c    00000004     --HOLE-- [fill = 0]
                  700221a0    000000cc                                              : udma_rm.obj (.text.Udma_rmCheckResLeak)
                  7002226c    00000004     --HOLE-- [fill = 0]
                  70022270    000000c8                                              : bootloader_soc.obj (.text.Bootloader_socCpuSetEntryPoint)
                  70022338    00000008     --HOLE-- [fill = 0]
                  70022340    000000c8                                              : bootloader_soc.obj (.text.Bootloader_socGetR5fBtcmAddrAndSize)
                  70022408    00000008     --HOLE-- [fill = 0]
                  70022410    000000c8     nortos.am64x.r5f.ti-arm-clang.debug.lib : DebugP_log.obj (.text._DebugP_assert)
                  700224d8    00000008     --HOLE-- [fill = 0]
                  700224e0    000000c4     drivers.am64x.r5f.ti-arm-clang.debug.lib : bootloader_soc.obj (.text.Bootloader_socGetR5fAtcmAddrAndSize)
                  700225a4    0000000c     --HOLE-- [fill = 0]
                  700225b0    000000c4                                              : pinmux.obj (.text.Pinmux_config)
                  70022674    0000000c     --HOLE-- [fill = 0]
                  70022680    000000c4                                              : sciclient_rm_irq.obj (.text.Sciclient_rmIaVintGetInfo)
                  70022744    0000000c     --HOLE-- [fill = 0]
                  70022750    000000c0                                              : csl_lcdma_ringacc.obj (.text.CSL_lcdma_ringaccCommitToForwardRing)
                  70022810    000000c0                                              : sciclient_pm.obj (.text.Sciclient_pmSetModuleRst_flags)
                  700228d0    000000c0                                              : sciclient_rm_irq.obj (.text.Sciclient_rmIrqCfgIsDirectEvent)
                  70022990    000000c0                                              : sciclient_rm_irq.obj (.text.Sciclient_rmIrqCfgIsDirectNonEvent)
                  70022a50    000000c0                                              : sciclient_rm_irq.obj (.text.Sciclient_rmIrqCfgIsEventToVintMappingOnly)
                  70022b10    000000c0                                              : sciclient_rm_irq.obj (.text.Sciclient_rmIrqCfgIsOesOnly)
                  70022bd0    000000c0                                              : sciclient_rm_irq.obj (.text.Sciclient_rmIrqCfgIsUnmappedVintDirectEvent)
                  70022c90    000000c0                                              : udma_utils.obj (.text.UdmaUtils_makeTrpd)
                  70022d50    000000bc     nortos.am64x.r5f.ti-arm-clang.debug.lib : ClockP_nortos.obj (.text.ClockP_usleep)
                  70022e0c    00000004     --HOLE-- [fill = 0]
                  70022e10    000000bc     board.am64x.r5f.ti-arm-clang.debug.lib : flash_nor_xspi.obj (.text.Flash_norXspiEnableDDR)
                  70022ecc    00000004     --HOLE-- [fill = 0]
                  70022ed0    000000bc                                            : flash_nor_xspi.obj (.text.Flash_norXspiEnableSDR)
                  70022f8c    00000004     --HOLE-- [fill = 0]
                  70022f90    000000bc                                            : flash.obj (.text.Flash_open)
                  7002304c    00000004     --HOLE-- [fill = 0]
                  70023050    000000bc     drivers.am64x.r5f.ti-arm-clang.debug.lib : pinmux.obj (.text.Pinmux_lockMMR)
                  7002310c    00000004     --HOLE-- [fill = 0]
                  70023110    000000bc                                              : uart_v0.obj (.text.UART_writeData)
                  700231cc    00000004     --HOLE-- [fill = 0]
                  700231d0    000000bc                                              : udma_ch.obj (.text.UdmaChPrms_init)
                  7002328c    00000004     --HOLE-- [fill = 0]
                  70023290    000000bc                                              : udma_event.obj (.text.UdmaEventPrms_init)
                  7002334c    00000004     --HOLE-- [fill = 0]
                  70023350    000000bc                                              : udma_rm.obj (.text.Udma_rmFreeMappedRxCh)
                  7002340c    00000004     --HOLE-- [fill = 0]
                  70023410    000000bc                                              : udma_rm.obj (.text.Udma_rmFreeMappedTxCh)
                  700234cc    00000004     --HOLE-- [fill = 0]
                  700234d0    000000b8                                              : udma_utils.obj (.text.Udma_phyToVirtFxn)
                  70023588    00000008     --HOLE-- [fill = 0]
                  70023590    000000b8                                              : udma_utils.obj (.text.Udma_virtToPhyFxn)
                  70023648    00000008     --HOLE-- [fill = 0]
                  70023650    000000b4                                              : udma_utils.obj (.text.CSL_udmapCppi5SetIds)
                  70023704    0000000c     --HOLE-- [fill = 0]
                  70023710    000000b4     nortos.am64x.r5f.ti-arm-clang.debug.lib : SemaphoreP_nortos.obj (.text.SemaphoreP_post)
                  700237c4    0000000c     --HOLE-- [fill = 0]
                  700237d0    000000b0     drivers.am64x.r5f.ti-arm-clang.debug.lib : bootloader.obj (.text.Bootloader_loadCpu)
                  70023880    000000b0                                              : bootloader_soc.obj (.text.Bootloader_socCpuPowerOnResetA53)
                  70023930    000000b0                                              : bootloader_soc.obj (.text.Bootloader_socInitR5FAtcmBtcm)
                  700239e0    000000b0                                              : csl_intaggr.obj (.text.CSL_intaggrClrIntr)
                  70023a90    000000b0                                              : uart_v0.obj (.text.UART_writeCancelNoCB)
                  70023b40    000000ac                                              : lpddr4.obj (.text.LPDDR4_SanityFunction4)
                  70023bec    00000004     --HOLE-- [fill = 0]
                  70023bf0    000000ac                                              : ospi_v0.obj (.text.OSPI_getCmdExt)
                  70023c9c    00000004     --HOLE-- [fill = 0]
                  70023ca0    000000ac                                              : ospi_v0.obj (.text.OSPI_setNumAddrBytes)
                  70023d4c    00000004     --HOLE-- [fill = 0]
                  70023d50    000000ac                                              : sciclient_pm.obj (.text.Sciclient_pmSetModuleRst)
                  70023dfc    00000004     --HOLE-- [fill = 0]
                  70023e00    000000ac                                              : sciclient_procboot.obj (.text.Sciclient_procBootGetProcessorState)
                  70023eac    00000004     --HOLE-- [fill = 0]
                  70023eb0    000000a8                                              : lpddr4.obj (.text.LPDDR4_PollAndAckIrq)
                  70023f58    00000008     --HOLE-- [fill = 0]
                  70023f60    000000a8                                              : ospi_dma.obj (.text.OSPI_dmaCopy)
                  70024008    00000008     --HOLE-- [fill = 0]
                  70024010    000000a8                                              : ospi_v0.obj (.text.OSPI_writeFifoData)
                  700240b8    00000008     --HOLE-- [fill = 0]
                  700240c0    000000a8                                              : sciclient.obj (.text.Sciclient_getCurrentContext)
                  70024168    00000008     --HOLE-- [fill = 0]
                  70024170    000000a8                                              : sciclient_rm_irq.obj (.text.Sciclient_rmIrqUnmappedVintRouteDelete)
                  70024218    00000008     --HOLE-- [fill = 0]
                  70024220    000000a8                                              : udma_rm.obj (.text.Udma_rmFreeBlkCopyCh)
                  700242c8    00000008     --HOLE-- [fill = 0]
                  700242d0    000000a8                                              : udma_rm.obj (.text.Udma_rmFreeBlkCopyHcCh)
                  70024378    00000008     --HOLE-- [fill = 0]
                  70024380    000000a8                                              : udma_rm.obj (.text.Udma_rmFreeBlkCopyUhcCh)
                  70024428    00000008     --HOLE-- [fill = 0]
                  70024430    000000a8                                              : udma_rm.obj (.text.Udma_rmFreeEvent)
                  700244d8    00000008     --HOLE-- [fill = 0]
                  700244e0    000000a8                                              : udma_rm.obj (.text.Udma_rmFreeIrIntr)
                  70024588    00000008     --HOLE-- [fill = 0]
                  70024590    000000a8                                              : udma_rm.obj (.text.Udma_rmFreeRxCh)
                  70024638    00000008     --HOLE-- [fill = 0]
                  70024640    000000a8                                              : udma_rm.obj (.text.Udma_rmFreeRxHcCh)
                  700246e8    00000008     --HOLE-- [fill = 0]
                  700246f0    000000a8                                              : udma_rm.obj (.text.Udma_rmFreeRxUhcCh)
                  70024798    00000008     --HOLE-- [fill = 0]
                  700247a0    000000a8                                              : udma_rm.obj (.text.Udma_rmFreeTxCh)
                  70024848    00000008     --HOLE-- [fill = 0]
                  70024850    000000a8                                              : udma_rm.obj (.text.Udma_rmFreeTxHcCh)
                  700248f8    00000008     --HOLE-- [fill = 0]
                  70024900    000000a8                                              : udma_rm.obj (.text.Udma_rmFreeTxUhcCh)
                  700249a8    00000008     --HOLE-- [fill = 0]
                  700249b0    000000a8                                              : udma_rm.obj (.text.Udma_rmFreeVintr)
                  70024a58    00000008     --HOLE-- [fill = 0]
                  70024a60    000000a4                                              : bootloader_soc.obj (.text.Bootloader_socCpuRelease)
                  70024b04    0000000c     --HOLE-- [fill = 0]
                  70024b10    000000a4                                              : bootloader_sysfw_load.obj (.text.Bootloader_socLoadSysFwLinux)
                  70024bb4    0000000c     --HOLE-- [fill = 0]
                  70024bc0    000000a4                                              : uart_v0.obj (.text.UART_getChar)
                  70024c64    0000000c     --HOLE-- [fill = 0]
                  70024c70    000000a0                                              : bootloader_soc.obj (.text.Bootloader_socCpuRequest)
                  70024d10    000000a0                                              : sciclient.obj (.text.Sciclient_abiCheck)
                  70024db0    000000a0                                              : sciclient_soc_priv.obj (.text.Sciclient_getDevId)
                  70024e50    000000a0                                              : sciclient_procboot.obj (.text.Sciclient_procBootRequestProcessor)
                  70024ef0    000000a0                                              : sciclient_rm.obj (.text.Sciclient_rmIrqSetRaw)
                  70024f90    000000a0                                              : sciclient_rm.obj (.text.Sciclient_rmRingCfg)
                  70025030    000000a0                                              : sciclient_rm.obj (.text.Sciclient_rmUdmapFlowCfg)
                  700250d0    000000a0                                              : sciclient_rm.obj (.text.Sciclient_rmUdmapFlowSizeThreshCfg)
                  70025170    000000a0                                              : sciclient_rm.obj (.text.Sciclient_rmUdmapRxChCfg)
                  70025210    000000a0                                              : sciclient_rm.obj (.text.Sciclient_rmUdmapTxChCfg)
                  700252b0    000000a0                                              : sciclient_rm_irq.obj (.text.Sciclient_rmUnmappedVintRouteCreate)
                  70025350    000000a0                                              : udma_ring_lcdma.obj (.text.Udma_ringPrimeLcdma)
                  700253f0    0000009c                                              : bootloader_soc.obj (.text.Bootloader_socCpuPowerOnReset)
                  7002548c    00000004     --HOLE-- [fill = 0]
                  70025490    0000009c                                              : lpddr4.obj (.text.LPDDR4_CheckPhyIndepInterrupt)
                  7002552c    00000004     --HOLE-- [fill = 0]
                  70025530    0000009c                                              : sciclient_rm.obj (.text.Sciclient_rmIrqReleaseRaw)
                  700255cc    00000004     --HOLE-- [fill = 0]
                  700255d0    0000009c                                              : sciclient_rm.obj (.text.Sciclient_rmPsilPair)
                  7002566c    00000004     --HOLE-- [fill = 0]
                  70025670    0000009c                                              : sciclient_rm.obj (.text.Sciclient_rmPsilUnpair)
                  7002570c    00000004     --HOLE-- [fill = 0]
                  70025710    0000009c                                              : uart_v0.obj (.text.UART_regConfigModeEnable)
                  700257ac    00000004     --HOLE-- [fill = 0]
                  700257b0    00000098                                              : csl_pktdma.obj (.text.CSL_pktdmaIsValidChanIdx)
                  70025848    00000008     --HOLE-- [fill = 0]
                  70025850    00000098                                              : ddr.obj (.text.DDR_probe)
                  700258e8    00000008     --HOLE-- [fill = 0]
                  700258f0    00000098     board.am64x.r5f.ti-arm-clang.debug.lib : flash_nor_xspi.obj (.text.Flash_norXspiResetMemory)
                  70025988    00000008     --HOLE-- [fill = 0]
                  70025990    00000098     drivers.am64x.r5f.ti-arm-clang.debug.lib : sciclient_procboot.obj (.text.Sciclient_procBootSetProcessorCfg)
                  70025a28    00000008     --HOLE-- [fill = 0]
                  70025a30    00000098                                              : sciclient_rm_irq.obj (.text.Sciclient_rmIaValidateGlobalEvt)
                  70025ac8    00000008     --HOLE-- [fill = 0]
                  70025ad0    00000098                                              : udma_ring_common.obj (.text.UdmaRingPrms_init)
                  70025b68    00000008     --HOLE-- [fill = 0]
                  70025b70    00000094                                              : bootloader_soc.obj (.text.Bootloader_socRprcToCslCoreId)
                  70025c04    0000000c     --HOLE-- [fill = 0]
                  70025c10    00000094     board.am64x.r5f.ti-arm-clang.debug.lib : flash.obj (.text.Flash_read)
                  70025ca4    0000000c     --HOLE-- [fill = 0]
                  70025cb0    00000094     drivers.am64x.r5f.ti-arm-clang.debug.lib : lpddr4.obj (.text.LPDDR4_AckPhyIndepInterrupt)
                  70025d44    0000000c     --HOLE-- [fill = 0]
                  70025d50    00000094                                              : ospi_dma.obj (.text.OSPI_dmaClose)
                  70025de4    0000000c     --HOLE-- [fill = 0]
                  70025df0    00000090                                              : soc.obj (.text.SOC_controlModuleLockMMR)
                  70025e80    00000090                                              : sciclient_rm_irq.obj (.text.Sciclient_rmPsPush)
                  70025f10    00000090     nortos.am64x.r5f.ti-arm-clang.debug.lib : SemaphoreP_nortos.obj (.text.SemaphoreP_construct)
                  70025fa0    00000090     drivers.am64x.r5f.ti-arm-clang.debug.lib : udma_utils.obj (.text.UdmaUtils_getTrSizeEncoded)
                  70026030    00000090                                              : udma_utils.obj (.text.UdmaUtils_makeTrpdTr15)
                  700260c0    0000008c                                              : csl_intaggr.obj (.text.CSL_intaggrGetCfg)
                  7002614c    00000004     --HOLE-- [fill = 0]
                  70026150    0000008c                                              : ospi_v0.obj (.text.OSPI_setDeviceSize)
                  700261dc    00000004     --HOLE-- [fill = 0]
                  700261e0    0000008c                                              : ospi_v0.obj (.text.OSPI_setRdDataCaptureDelay)
                  7002626c    00000004     --HOLE-- [fill = 0]
                  70026270    0000008c                                              : sciclient_rm_irq.obj (.text.Sciclient_rmIrGetInst)
                  700262fc    00000004     --HOLE-- [fill = 0]
                  70026300    0000008c                                              : udma_event.obj (.text.Udma_eventGetId)
                  7002638c    00000004     --HOLE-- [fill = 0]
                  70026390    0000008c                                              : udma_rmcfg.obj (.text.Udma_rmGetSharedResPrms)
                  7002641c    00000004     --HOLE-- [fill = 0]
                  70026420    00000088     ti_board_open_close.obj (.text.Board_flashClose)
                  700264a8    00000008     --HOLE-- [fill = 0]
                  700264b0    00000088     ti_drivers_open_close.obj (.text.Drivers_ospiClose)
                  70026538    00000008     --HOLE-- [fill = 0]
                  70026540    00000088     ti_drivers_open_close.obj (.text.Drivers_uartClose)
                  700265c8    00000008     --HOLE-- [fill = 0]
                  700265d0    00000088     board.am64x.r5f.ti-arm-clang.debug.lib : flash_nor_xspi.obj (.text.Flash_norXspiCmdRead)
                  70026658    00000008     --HOLE-- [fill = 0]
                  70026660    00000088                                            : flash_nor_xspi.obj (.text.Flash_norXspiCmdWrite)
                  700266e8    00000008     --HOLE-- [fill = 0]
                  700266f0    00000088     drivers.am64x.r5f.ti-arm-clang.debug.lib : lpddr4.obj (.text.LPDDR4_SanityFunction5)
                  70026778    00000008     --HOLE-- [fill = 0]
                  70026780    00000088                                              : ospi_v0.obj (.text.OSPI_getHandle)
                  70026808    00000008     --HOLE-- [fill = 0]
                  70026810    00000088                                              : uart_v0.obj (.text.UART_getHandle)
                  70026898    00000008     --HOLE-- [fill = 0]
                  700268a0    00000088     nortos.am64x.r5f.ti-arm-clang.debug.lib : printf.obj (.text._strnlen_s)
                  70026928    00000008     --HOLE-- [fill = 0]
                  70026930    00000084     main.obj (.text.App_runCpus)
                  700269b4    0000000c     --HOLE-- [fill = 0]
                  700269c0    00000084     drivers.am64x.r5f.ti-arm-clang.debug.lib : csl_pktdma.obj (.text.CSL_pktdmaIsChanEnabled)
                  70026a44    0000000c     --HOLE-- [fill = 0]
                  70026a50    00000084     ti_power_clock_config.obj (.text.Module_clockSetFrequency)
                  70026ad4    0000000c     --HOLE-- [fill = 0]
                  70026ae0    00000084     drivers.am64x.r5f.ti-arm-clang.debug.lib : sciclient_rm_irq.obj (.text.Sciclient_rmIaGetInst)
                  70026b64    0000000c     --HOLE-- [fill = 0]
                  70026b70    00000084                                              : uart_v0.obj (.text.UART_checkOpenParams)
                  70026bf4    0000000c     --HOLE-- [fill = 0]
                  70026c00    00000080     main.obj (.text.App_loadLinuxImages)
                  70026c80    00000080     drivers.am64x.r5f.ti-arm-clang.debug.lib : csl_bcdma.obj (.text.CSL_bcdmaGetChanPeerReg)
                  70026d00    00000080                                              : csl_pktdma.obj (.text.CSL_pktdmaGetRxRT)
                  70026d80    00000080                                              : csl_pktdma.obj (.text.CSL_pktdmaGetTxRT)
                  70026e00    00000080                                              : ddr.obj (.text.DDR_setClock)
                  70026e80    00000080                                              : udma_ring_lcdma.obj (.text.Udma_lcdmaRingaccMemOps)
                  70026f00    0000007c                                              : udma_utils.obj (.text.CSL_udmapCppi5SetPktLen)
                  70026f7c    00000004     --HOLE-- [fill = 0]
                  70026f80    0000007c                                              : ospi_v0.obj (.text.OSPI_enableDacMode)
                  70026ffc    00000004     --HOLE-- [fill = 0]
                  70027000    0000007c                                              : uart_v0.obj (.text.UART_fifoRegisterWrite)
                  7002707c    00000004     --HOLE-- [fill = 0]
                  70027080    0000007c                                              : uart_v0.obj (.text.UART_lineCharConfig)
                  700270fc    00000004     --HOLE-- [fill = 0]
                  70027100    00000078                                              : bootloader.obj (.text.Bootloader_BootImageInfo_init)
                  70027178    00000008     --HOLE-- [fill = 0]
                  70027180    00000078                                              : bootloader_profile.obj (.text.Bootloader_profileAddProfilePoint)
                  700271f8    00000008     --HOLE-- [fill = 0]
                  70027200    00000078                                              : ospi_v0.obj (.text.OSPI_setCmdDummyCycles)
                  70027278    00000008     --HOLE-- [fill = 0]
                  70027280    00000078                                              : ospi_v0.obj (.text.OSPI_setReadDummyCycles)
                  700272f8    00000008     --HOLE-- [fill = 0]
                  70027300    00000078                                              : uart_v0.obj (.text.UART_getIntrIdentityStatus)
                  70027378    00000008     --HOLE-- [fill = 0]
                  70027380    00000078                                              : udma_ring_lcdma.obj (.text.Udma_ringGetForwardRingOccLcdma)
                  700273f8    00000008     --HOLE-- [fill = 0]
                  70027400    00000078                                              : udma_ring_lcdma.obj (.text.Udma_ringGetReverseRingOccLcdma)
                  70027478    00000008     --HOLE-- [fill = 0]
                  70027480    00000078     nortos.am64x.r5f.ti-arm-clang.debug.lib : DebugP_nortos.obj (.text._DebugP_logZone)
                  700274f8    00000008     --HOLE-- [fill = 0]
                  70027500    00000074     drivers.am64x.r5f.ti-arm-clang.debug.lib : bootloader.obj (.text.Bootloader_close)
                  70027574    0000000c     --HOLE-- [fill = 0]
                  70027580    00000074                                              : bootloader.obj (.text.Bootloader_rprcImageParseEntryPoint)
                  700275f4    0000000c     --HOLE-- [fill = 0]
                  70027600    00000074     ti_power_clock_config.obj (.text.Module_clockDisable)
                  70027674    0000000c     --HOLE-- [fill = 0]
                  70027680    00000074     ti_power_clock_config.obj (.text.Module_clockEnable)
                  700276f4    0000000c     --HOLE-- [fill = 0]
                  70027700    00000074     drivers.am64x.r5f.ti-arm-clang.debug.lib : sciclient.obj (.text.Sciclient_secProxyWaitThread)
                  70027774    0000000c     --HOLE-- [fill = 0]
                  70027780    00000074                                              : uart_v0.obj (.text.UART_readLineStatus)
                  700277f4    0000000c     --HOLE-- [fill = 0]
                  70027800    00000074                                              : uart_v0.obj (.text.UART_writeDataPolling)
                  70027874    0000000c     --HOLE-- [fill = 0]
                  70027880    00000074                                              : udma_ch.obj (.text.Udma_chInitRegs)
                  700278f4    0000000c     --HOLE-- [fill = 0]
                  70027900    00000070                                              : csl_bcdma.obj (.text.CSL_bcdmaSetChanPeerReg)
                  70027970    00000070                                              : csl_bcdma.obj (.text.CSL_bcdmaTeardownRxChan)
                  700279e0    00000070                                              : csl_bcdma.obj (.text.CSL_bcdmaTeardownTxChan)
                  70027a50    00000070     nortos.am64x.r5f.ti-arm-clang.debug.lib : ClockP_nortos.obj (.text.ClockP_start)
                  70027ac0    00000070     drivers.am64x.r5f.ti-arm-clang.debug.lib : sciclient_rm_irq.obj (.text.Sciclient_rmIrqGetNodeItf)
                  70027b30    00000070                                              : udma_utils.obj (.text.UdmaUtils_getRingMemSize)
                  70027ba0    0000006c     board.am64x.r5f.ti-arm-clang.debug.lib : flash.obj (.text.Flash_close)
                  70027c0c    00000004     --HOLE-- [fill = 0]
                  70027c10    0000006c                                            : flash_nor_xspi.obj (.text.Flash_norXspiRegRead)
                  70027c7c    00000004     --HOLE-- [fill = 0]
                  70027c80    0000006c     drivers.am64x.r5f.ti-arm-clang.debug.lib : lpddr4.obj (.text.LPDDR4_SanityFunction2)
                  70027cec    00000004     --HOLE-- [fill = 0]
                  70027cf0    0000006c                                              : ospi_v0.obj (.text.OSPI_disablePhyPipeline)
                  70027d5c    00000004     --HOLE-- [fill = 0]
                  70027d60    0000006c                                              : ospi_v0.obj (.text.OSPI_enableDDR)
                  70027dcc    00000004     --HOLE-- [fill = 0]
                  70027dd0    0000006c                                              : ospi_v0.obj (.text.OSPI_enableSDR)
                  70027e3c    00000004     --HOLE-- [fill = 0]
                  70027e40    0000006c                                              : ospi_v0.obj (.text.OSPI_utilLog2)
                  70027eac    00000004     --HOLE-- [fill = 0]
                  70027eb0    0000006c                                              : uart_v0.obj (.text.UART_checkTransaction)
                  70027f1c    00000004     --HOLE-- [fill = 0]
                  70027f20    0000006c                                              : uart_v0.obj (.text.UART_spaceAvail)
                  70027f8c    00000004     --HOLE-- [fill = 0]
                  70027f90    0000006c     nortos.am64x.r5f.ti-arm-clang.debug.lib : printf.obj (.text._atoi)
                  70027ffc    00000004     --HOLE-- [fill = 0]
                  70028000    00000068     drivers.am64x.r5f.ti-arm-clang.debug.lib : lpddr4.obj (.text.LPDDR4_SanityFunction1)
                  70028068    00000008     --HOLE-- [fill = 0]
                  70028070    00000068                                              : sciclient_rm_irq.obj (.text.Sciclient_rmPsSetInp)
                  700280d8    00000008     --HOLE-- [fill = 0]
                  700280e0    00000068                                              : sciclient_rm_irq.obj (.text.Sciclient_rmPsSetOutp)
                  70028148    00000008     --HOLE-- [fill = 0]
                  70028150    00000064                                              : csl_bcdma.obj (.text.CSL_REG32_FINS_RAW)
                  700281b4    0000000c     --HOLE-- [fill = 0]
                  700281c0    00000064                                              : ospi_phy.obj (.text.CSL_REG32_FINS_RAW)
                  70028224    0000000c     --HOLE-- [fill = 0]
                  70028230    00000064                                              : ospi_v0.obj (.text.CSL_REG32_FINS_RAW)
                  70028294    0000000c     --HOLE-- [fill = 0]
                  700282a0    00000064     nortos.am64x.r5f.ti-arm-clang.debug.lib : DebugP_uartLogWriter.obj (.text.DebugP_uartLogWriterPutChar)
                  70028304    0000000c     --HOLE-- [fill = 0]
                  70028310    00000064     drivers.am64x.r5f.ti-arm-clang.debug.lib : uart_v0.obj (.text.UART_enhanFuncEnable)
                  70028374    0000000c     --HOLE-- [fill = 0]
                  70028380    00000064                                              : udma_ring_lcdma.obj (.text.Udma_ringDequeueRawLcdma)
[...]
7002e63c  DDRSS_phyRegNum                                                               
7002ea32  DDRSS_ctlRegNum                                                               
7002ed80  DDRSS_phyIndepRegNum                                                          
7002f298  gAddrTranslateInfo                                                            
7002f35c  vint_usage_count_DMASS0_INTAGGR_0                                             
7002f414  gCoreBootInfo                                                                 
7002f7d8  gRmIrInstances                                                                
7002f838  gUdmaRmSharedResPrms                                                          
7002f890  gMpuRegionConfig                                                              
7002f930  gUartParams                                                                   
7002f97c  gFlashNorXspiDeviceDefines_S28HS512T                                          
7002fa0c  gBootloaderConfigNum                                                          
7002fa38  gFlashNorXspiAttrs_S28HS512T                                                  
7002fa60  gPhyTuneWindowParamsGTE133                                                    
7002fa88  gPhyTuneWindowParamsLT133                                                     
7002fab0  gSocModulesClockFrequency                                                     
7002faf4  gRmIaInstances                                                                
7002fb14  gCacheL1dCacheLineSize                                                        
7002fb18  gSciclientSecProxyCfg                                                         
7002fb38  gOspiUdma0Args                                                                
7002fb54  gSocModules                                                                   
7002fb88  gBootloaderFlashFxns                                                          
7002fb9c  gClockConfig                                                                  
7002fbb0  gFlashNorXspiFxns                                                             
7002fbd8  gBootloaderConfig                                                             
7002fbe8  gFlashConfig                                                                  
7002fc08  gAddrTranslateConfig                                                          
7002fc14  gBootloader0Args                                                              
7002fc20  gBootloader1Args                                                              
7002fc2c  gMpuConfig                                                                    
7002fc38  gOspiDmaUdmaFxns                                                              
7002fc44  gCacheConfig                                                                  
7002fc4c  gOspiConfig                                                                   
7002fc54  gOspiDmaConfig                                                                
7002fc6c  gUartConfig                                                                   
7002fc74  gCacheL1pCacheLineSize                                                        
7002fc78  gDebugLogZone                                                                 
7002fc7c  gDebugP_uartDrvIndex                                                          
7002fc80  gFlashConfigNum                                                               
7002fc84  gHwiConfig                                                                    
7002fc88  gOspiConfigNum                                                                
7002fc8c  gOspiDmaConfigNum                                                             
7002fc90  gOspiParams                                                                   
7002fc94  gPhyTuneWindowParams                                                          
7002fc98  gUartConfigNum                                                                
7002fd00  gSysFw                                                                        
7005c9b4  gUdmaRmDefBoardCfg_Pktdma                                                     
7005cf58  gUdmaTxMappedChRingAttributes                                                 
7005d090  gSciclientMap                                                                 
7005d7a8  gUdmaRxMappedChRingAttributes                                                 
7005d8d0  gUdmaRmDefBoardCfg_Bcdma                                                      
7005dab4  tisci_if_TIMESYNC_EVENT_INTROUTER0                                            
7005dbdc  gRmIrqTree                                                                    
7005dc34  gRmIrqTreeCount                                                               
7005dcd4  gSOC_r5fVectors                                                               
7005dd64  tisci_if_MAIN_GPIOMUX_INTROUTER0                                              
7005dd98  tisci_if_DMASS0_INTAGGR_0                                                     
7005ddf8  tisci_if_MCU_MCU_GPIOMUX_INTROUTER0                                           
7005de1c  tisci_if_CPTS0                                                                
7005de58  tisci_if_PRU_ICSSG0                                                           
7005de80  gBoardConfigLow_debug                                                         
7005dea0  tisci_if_PRU_ICSSG1                                                           
7005debc  tisci_if_CMP_EVENT_INTROUTER0                                                 
7005ded4  tisci_if_PCIE0                                                                
7005df0c  tisci_if_CPSW0                                                                
7005df40  CMP_EVENT_INTROUTER0_outp_0_15_to_GICSS0_spi_48_63                            
7005df48  CMP_EVENT_INTROUTER0_outp_16_23_to_R5FSS0_CORE0_intr_48_55                    
7005df50  CMP_EVENT_INTROUTER0_outp_16_23_to_R5FSS0_CORE1_intr_48_55                    
7005df58  CMP_EVENT_INTROUTER0_outp_24_31_to_R5FSS1_CORE0_intr_48_55                    
7005df60  CMP_EVENT_INTROUTER0_outp_24_31_to_R5FSS1_CORE1_intr_48_55                    
7005df68  CMP_EVENT_INTROUTER0_outp_32_39_to_DMASS0_INTAGGR_0_intaggr_levi_pend_0_7     
7005df70  CPSW0_cpts_comp_0_0_to_CMP_EVENT_INTROUTER0_in_80_80                          
7005df78  CPSW0_cpts_genf0_1_1_to_TIMESYNC_EVENT_INTROUTER0_in_21_21                    
7005df80  CPSW0_cpts_genf1_2_2_to_TIMESYNC_EVENT_INTROUTER0_in_22_22                    
7005df88  CPSW0_cpts_sync_3_3_to_TIMESYNC_EVENT_INTROUTER0_in_34_34                     
7005df90  CPTS0_cpts_comp_0_0_to_CMP_EVENT_INTROUTER0_in_82_82                          
7005df98  CPTS0_cpts_genf0_1_1_to_TIMESYNC_EVENT_INTROUTER0_in_16_16                    
7005dfa0  CPTS0_cpts_genf1_2_2_to_TIMESYNC_EVENT_INTROUTER0_in_17_17                    
7005dfa8  CPTS0_cpts_genf2_3_3_to_TIMESYNC_EVENT_INTROUTER0_in_18_18                    
7005dfb0  CPTS0_cpts_genf3_4_4_to_TIMESYNC_EVENT_INTROUTER0_in_19_19                    
7005dfb8  CPTS0_cpts_genf4_5_5_to_TIMESYNC_EVENT_INTROUTER0_in_20_20                    
7005dfc0  CPTS0_cpts_genf5_6_6_to_TIMESYNC_EVENT_INTROUTER0_in_24_24                    
7005dfc8  CPTS0_cpts_sync_7_7_to_TIMESYNC_EVENT_INTROUTER0_in_35_35                     
7005dfd0  DMASS0_INTAGGR_0_intaggr_vintr_pend_0_39_to_GICSS0_spi_64_103                 
7005dfd8  DMASS0_INTAGGR_0_intaggr_vintr_pend_120_127_to_R5FSS1_CORE0_intr_8_15         
7005dfe0  DMASS0_INTAGGR_0_intaggr_vintr_pend_128_135_to_R5FSS1_CORE1_intr_8_15         
7005dfe8  DMASS0_INTAGGR_0_intaggr_vintr_pend_152_159_to_PRU_ICSSG0_pr1_slv_intr_16_23  
7005dff0  DMASS0_INTAGGR_0_intaggr_vintr_pend_160_167_to_PRU_ICSSG1_pr1_slv_intr_16_23  
7005dff8  DMASS0_INTAGGR_0_intaggr_vintr_pend_168_183_to_MCU_M4FSS0_CORE0_nvic_32_47    
7005e000  DMASS0_INTAGGR_0_intaggr_vintr_pend_40_71_to_R5FSS0_CORE0_intr_64_95          
7005e008  DMASS0_INTAGGR_0_intaggr_vintr_pend_40_71_to_R5FSS0_CORE1_intr_64_95          
7005e010  DMASS0_INTAGGR_0_intaggr_vintr_pend_72_79_to_R5FSS0_CORE0_intr_8_15           
7005e018  DMASS0_INTAGGR_0_intaggr_vintr_pend_80_87_to_R5FSS0_CORE1_intr_8_15           
7005e020  DMASS0_INTAGGR_0_intaggr_vintr_pend_88_119_to_R5FSS1_CORE0_intr_64_95         
7005e028  DMASS0_INTAGGR_0_intaggr_vintr_pend_88_119_to_R5FSS1_CORE1_intr_64_95         
7005e030  EPWM0_epwm_synco_o_0_0_to_TIMESYNC_EVENT_INTROUTER0_in_39_39                  
7005e038  EPWM3_epwm_synco_o_0_0_to_TIMESYNC_EVENT_INTROUTER0_in_40_40                  
7005e040  EPWM6_epwm_synco_o_0_0_to_TIMESYNC_EVENT_INTROUTER0_in_41_41                  
7005e048  GPIO0_gpio_0_89_to_MAIN_GPIOMUX_INTROUTER0_in_0_89                            
7005e050  GPIO0_gpio_bank_90_98_to_MAIN_GPIOMUX_INTROUTER0_in_190_198                   
7005e058  GPIO1_gpio_0_89_to_MAIN_GPIOMUX_INTROUTER0_in_90_179                          
7005e060  GPIO1_gpio_bank_90_98_to_MAIN_GPIOMUX_INTROUTER0_in_180_188                   
7005e068  GPMC0_gpmc_sdmareq_0_0_to_DMASS0_INTAGGR_0_intaggr_levi_pend_29_29            
7005e070  GTC0_gtc_push_event_0_0_to_TIMESYNC_EVENT_INTROUTER0_in_36_36                 
7005e078  MAIN_GPIOMUX_INTROUTER0_outp_0_15_to_GICSS0_spi_32_47                         
7005e080  MAIN_GPIOMUX_INTROUTER0_outp_0_15_to_R5FSS0_CORE0_intr_32_47                  
7005e088  MAIN_GPIOMUX_INTROUTER0_outp_0_15_to_R5FSS0_CORE1_intr_32_47                  
7005e090  MAIN_GPIOMUX_INTROUTER0_outp_0_15_to_R5FSS1_CORE0_intr_32_47                  
7005e098  MAIN_GPIOMUX_INTROUTER0_outp_0_15_to_R5FSS1_CORE1_intr_32_47                  
7005e0a0  MAIN_GPIOMUX_INTROUTER0_outp_16_17_to_DMASS0_INTAGGR_0_intaggr_levi_pend_24_25
7005e0a8  MAIN_GPIOMUX_INTROUTER0_outp_18_23_to_PRU_ICSSG0_pr1_iep0_cap_intr_req_4_9    
7005e0b0  MAIN_GPIOMUX_INTROUTER0_outp_18_23_to_PRU_ICSSG1_pr1_iep0_cap_intr_req_4_9    
7005e0b8  MAIN_GPIOMUX_INTROUTER0_outp_24_29_to_PRU_ICSSG0_pr1_iep1_cap_intr_req_10_15  
7005e0c0  MAIN_GPIOMUX_INTROUTER0_outp_24_29_to_PRU_ICSSG1_pr1_iep1_cap_intr_req_10_15  
7005e0c8  MAIN_GPIOMUX_INTROUTER0_outp_30_37_to_DMASS0_INTAGGR_0_intaggr_levi_pend_16_23
7005e0d0  MAIN_GPIOMUX_INTROUTER0_outp_38_45_to_PRU_ICSSG0_pr1_slv_intr_46_53           
7005e0d8  MAIN_GPIOMUX_INTROUTER0_outp_46_53_to_PRU_ICSSG1_pr1_slv_intr_46_53           
7005e0e0  MCU_GPIO0_gpio_0_29_to_MCU_MCU_GPIOMUX_INTROUTER0_in_0_29                     
7005e0e8  MCU_GPIO0_gpio_bank_30_31_to_MCU_MCU_GPIOMUX_INTROUTER0_in_30_31              
7005e0f0  MCU_MCU_GPIOMUX_INTROUTER0_outp_0_3_to_GICSS0_spi_104_107                     
7005e0f8  MCU_MCU_GPIOMUX_INTROUTER0_outp_0_3_to_R5FSS0_CORE0_intr_104_107              
7005e100  MCU_MCU_GPIOMUX_INTROUTER0_outp_0_3_to_R5FSS0_CORE1_intr_104_107              
7005e108  MCU_MCU_GPIOMUX_INTROUTER0_outp_0_3_to_R5FSS1_CORE0_intr_104_107              
7005e110  MCU_MCU_GPIOMUX_INTROUTER0_outp_0_3_to_R5FSS1_CORE1_intr_104_107              
7005e118  MCU_MCU_GPIOMUX_INTROUTER0_outp_4_7_to_MCU_M4FSS0_CORE0_nvic_0_3              
7005e120  MCU_MCU_GPIOMUX_INTROUTER0_outp_8_11_to_MCU_ESM0_esm_pls_event0_88_91         
7005e128  MCU_MCU_GPIOMUX_INTROUTER0_outp_8_11_to_MCU_ESM0_esm_pls_event1_92_95         
7005e130  MCU_MCU_GPIOMUX_INTROUTER0_outp_8_11_to_MCU_ESM0_esm_pls_event2_96_99         
7005e138  PCIE0_pcie_cpts_comp_0_0_to_CMP_EVENT_INTROUTER0_in_81_81                     
7005e140  PCIE0_pcie_cpts_genf0_1_1_to_TIMESYNC_EVENT_INTROUTER0_in_23_23               
7005e148  PCIE0_pcie_cpts_hw1_push_2_2_to_TIMESYNC_EVENT_INTROUTER0_in_37_37            
7005e150  PCIE0_pcie_cpts_sync_3_3_to_TIMESYNC_EVENT_INTROUTER0_in_33_33                
7005e158  PCIE0_pcie_ptm_valid_pulse_4_4_to_TIMESYNC_EVENT_INTROUTER0_in_38_38          
7005e160  PRU_ICSSG0_pr1_edc0_sync0_out_0_0_to_TIMESYNC_EVENT_INTROUTER0_in_25_25       
7005e168  PRU_ICSSG0_pr1_edc0_sync1_out_1_1_to_TIMESYNC_EVENT_INTROUTER0_in_26_26       
7005e170  PRU_ICSSG0_pr1_edc1_sync0_out_2_2_to_TIMESYNC_EVENT_INTROUTER0_in_27_27       
7005e178  PRU_ICSSG0_pr1_edc1_sync1_out_3_3_to_TIMESYNC_EVENT_INTROUTER0_in_28_28       
7005e180  PRU_ICSSG0_pr1_host_intr_req_4_11_to_CMP_EVENT_INTROUTER0_in_0_7              
7005e188  PRU_ICSSG0_pr1_iep0_cmp_intr_req_12_27_to_CMP_EVENT_INTROUTER0_in_16_31       
7005e190  PRU_ICSSG0_pr1_iep1_cmp_intr_req_28_43_to_CMP_EVENT_INTROUTER0_in_32_47       
7005e198  PRU_ICSSG1_pr1_edc0_sync0_out_0_0_to_TIMESYNC_EVENT_INTROUTER0_in_29_29       
7005e1a0  PRU_ICSSG1_pr1_edc0_sync1_out_1_1_to_TIMESYNC_EVENT_INTROUTER0_in_30_30       
7005e1a8  PRU_ICSSG1_pr1_edc1_sync0_out_2_2_to_TIMESYNC_EVENT_INTROUTER0_in_31_31       
7005e1b0  PRU_ICSSG1_pr1_edc1_sync1_out_3_3_to_TIMESYNC_EVENT_INTROUTER0_in_32_32       
7005e1b8  PRU_ICSSG1_pr1_host_intr_req_4_11_to_CMP_EVENT_INTROUTER0_in_8_15             
7005e1c0  PRU_ICSSG1_pr1_iep0_cmp_intr_req_12_27_to_CMP_EVENT_INTROUTER0_in_48_63       
7005e1c8  PRU_ICSSG1_pr1_iep1_cmp_intr_req_28_43_to_CMP_EVENT_INTROUTER0_in_64_79       
7005e1d0  TIMER0_timer_pwm_0_0_to_TIMESYNC_EVENT_INTROUTER0_in_0_0                      
7005e1d8  TIMER1_timer_pwm_0_0_to_TIMESYNC_EVENT_INTROUTER0_in_1_1                      
7005e1e0  TIMER2_timer_pwm_0_0_to_TIMESYNC_EVENT_INTROUTER0_in_2_2                      
7005e1e8  TIMER3_timer_pwm_0_0_to_TIMESYNC_EVENT_INTROUTER0_in_3_3                      
7005e1f0  TIMESYNC_EVENT_INTROUTER0_outl_0_7_to_DMASS0_INTAGGR_0_intaggr_levi_pend_8_15 
7005e1f8  TIMESYNC_EVENT_INTROUTER0_outl_10_10_to_PRU_ICSSG0_pr1_edc1_latch0_in_2_2     
7005e200  TIMESYNC_EVENT_INTROUTER0_outl_11_11_to_PRU_ICSSG0_pr1_edc1_latch1_in_3_3     
7005e208  TIMESYNC_EVENT_INTROUTER0_outl_12_12_to_PRU_ICSSG1_pr1_edc0_latch0_in_0_0     
7005e210  TIMESYNC_EVENT_INTROUTER0_outl_13_13_to_PRU_ICSSG1_pr1_edc0_latch1_in_1_1     
7005e218  TIMESYNC_EVENT_INTROUTER0_outl_14_14_to_PRU_ICSSG1_pr1_edc1_latch0_in_2_2     
7005e220  TIMESYNC_EVENT_INTROUTER0_outl_15_15_to_PRU_ICSSG1_pr1_edc1_latch1_in_3_3     
7005e228  TIMESYNC_EVENT_INTROUTER0_outl_16_16_to_CPTS0_cpts_hw1_push_0_0               
7005e230  TIMESYNC_EVENT_INTROUTER0_outl_17_17_to_CPTS0_cpts_hw2_push_1_1               
7005e238  TIMESYNC_EVENT_INTROUTER0_outl_18_18_to_CPTS0_cpts_hw3_push_2_2               
7005e240  TIMESYNC_EVENT_INTROUTER0_outl_19_19_to_CPTS0_cpts_hw4_push_3_3               
7005e248  TIMESYNC_EVENT_INTROUTER0_outl_20_20_to_CPTS0_cpts_hw5_push_4_4               
7005e250  TIMESYNC_EVENT_INTROUTER0_outl_21_21_to_CPTS0_cpts_hw6_push_5_5               
7005e258  TIMESYNC_EVENT_INTROUTER0_outl_22_22_to_CPTS0_cpts_hw7_push_6_6               
7005e260  TIMESYNC_EVENT_INTROUTER0_outl_23_23_to_CPTS0_cpts_hw8_push_7_7               
7005e268  TIMESYNC_EVENT_INTROUTER0_outl_29_29_to_PCIE0_pcie_cpts_hw2_push_0_0          
7005e270  TIMESYNC_EVENT_INTROUTER0_outl_30_30_to_CPSW0_cpts_hw1_push_0_0               
7005e278  TIMESYNC_EVENT_INTROUTER0_outl_31_31_to_CPSW0_cpts_hw2_push_1_1               
7005e280  TIMESYNC_EVENT_INTROUTER0_outl_32_32_to_CPSW0_cpts_hw3_push_2_2               
7005e288  TIMESYNC_EVENT_INTROUTER0_outl_33_33_to_CPSW0_cpts_hw4_push_3_3               
7005e290  TIMESYNC_EVENT_INTROUTER0_outl_34_34_to_CPSW0_cpts_hw5_push_4_4               
7005e298  TIMESYNC_EVENT_INTROUTER0_outl_35_35_to_CPSW0_cpts_hw6_push_5_5               
7005e2a0  TIMESYNC_EVENT_INTROUTER0_outl_36_36_to_CPSW0_cpts_hw7_push_6_6               
7005e2a8  TIMESYNC_EVENT_INTROUTER0_outl_37_37_to_CPSW0_cpts_hw8_push_7_7               
7005e2b0  TIMESYNC_EVENT_INTROUTER0_outl_8_8_to_PRU_ICSSG0_pr1_edc0_latch0_in_0_0       
7005e2b8  TIMESYNC_EVENT_INTROUTER0_outl_9_9_to_PRU_ICSSG0_pr1_edc0_latch1_in_1_1       
7005e2c0  gSOC_a53WhileLoop                                                             
7005e2c8  tisci_if_GPIO0                                                                
7005e2d0  tisci_if_GPIO1                                                                
7005e2d8  tisci_if_MCU_GPIO0                                                            
7005e390  tisci_if_EPWM0                                                                
7005e394  tisci_if_EPWM3                                                                
7005e398  tisci_if_EPWM6                                                                
7005e39c  tisci_if_GPMC0                                                                
7005e3a0  tisci_if_GTC0                                                                 
7005e3a4  tisci_if_TIMER0                                                               
7005e3a8  tisci_if_TIMER1                                                               
7005e3ac  tisci_if_TIMER2                                                               
7005e3b0  tisci_if_TIMER3                                                               
70070000  __stack                                                                       
70070000  __start___llvm_prf_cnts                                                       
70070000  __stop___llvm_prf_cnts                                                        
70074000  __BSS_START                                                                   
70074000  __STACK_END                                                                   
70074000  gHwiCtrl                                                                      
70075008  gUdmaDrvObj                                                                   
7007601c  gProfileObj                                                                   
70076120  gClockCtrl                                                                    
70076320  gFlashObject_S28HS512T                                                        
7007632c  gFlashHandle                                                                  
70076330  gOspiHandle                                                                   
70076334  gUartHandle                                                                   
70076380  __BSS_END                                                                     
70076380  __IRQ_STACK_START                                                             
70077380  __FIQ_STACK_START                                                             
70077380  __IRQ_STACK_END                                                               
70077480  __FIQ_STACK_END                                                               
70077480  __SVC_STACK_START                                                             
70077580  __ABORT_STACK_START                                                           
70077580  __SVC_STACK_END                                                               
70077680  __ABORT_STACK_END                                                             
70077680  __UNDEFINED_STACK_START                                                       
70077780  __UNDEFINED_STACK_END                                                         
ffffffff  __TI_pprof_out_hndl                                                           
ffffffff  __TI_prof_data_size                                                           
ffffffff  __TI_prof_data_start                                                          
ffffffff  __binit__                                                                     
ffffffff  binit                                                                         
UNDEFED   __TI_CINIT_Base                                                               
UNDEFED   __TI_CINIT_Limit                                                              
UNDEFED   __TI_Handler_Table_Base                                                       
UNDEFED   __TI_Handler_Table_Limit                                                      
UNDEFED   _system_post_cinit                                                            

[688 symbols]
