******************************************************************************
            TI ARM Clang Linker Unix v1.3.0                    
******************************************************************************
>> Linked Sat Nov 13 03:24:52 2021

OUTPUT FILE NAME:   <sbl_ospi.debug.out>
ENTRY POINT SYMBOL: "_vectors_sbl"  address: 70000000


MEMORY CONFIGURATION

         name            origin    length      used     unused   attr    fill
----------------------  --------  ---------  --------  --------  ----  --------
  R5F_VECS              00000000   00000040  00000000  00000040  RWIX
  R5F_TCMA              00000040   00007fc0  00000000  00007fc0  RWIX
  R5F_TCMB0             41010000   00008000  00000000  00008000  RWIX
  MSRAM_VECS            70000000   00000100  00000040  000000c0  RWIX
  MSRAM_0               70000100   0006ff00  0005df80  00011f80  RWIX
  MSRAM_1               70070000   00010000  00007780  00008880  RWIX


SEGMENT ALLOCATION MAP

run origin  load origin   length   init length attrs members
----------  ----------- ---------- ----------- ----- -------
70000000    70000000    00000040   00000040    r-x
  70000000    70000000    00000040   00000040    r-x .vectors
70000100    70000100    0002cea0   0002cea0    r-x
  70000100    70000100    0002b570   0002b570    r-x .text
  7002b670    7002b670    00000e90   00000e90    r-x .text.hwi
  7002c500    7002c500    00000550   00000550    r-x .text.cache
  7002ca50    7002ca50    000003f0   000003f0    r-x .text.mpu
  7002ce40    7002ce40    00000160   00000160    r-x .text.boot
7002cfa0    7002cfa0    000029f0   000029f0    rw-
  7002cfa0    7002cfa0    000029f0   000029f0    rw- .data
7002fa00    7002fa00    0002e680   0002e680    r--
  7002fa00    7002fa00    0002e680   0002e680    r-- .rodata
70070000    70070000    00006380   00000000    rw-
  70070000    70070000    00004000   00000000    rw- .stack
  70074000    70074000    00002380   00000000    rw- .bss
70076380    70076380    00001400   00000000    r--
  70076380    70076380    00001000   00000000    r-- .irqstack
  70077380    70077380    00000100   00000000    r-- .fiqstack
  70077480    70077480    00000100   00000000    r-- .svcstack
  70077580    70077580    00000100   00000000    r-- .abortstack
  70077680    70077680    00000100   00000000    r-- .undefinedstack


SECTION ALLOCATION MAP

 output                                  attributes/
section   page    origin      length       input sections
--------  ----  ----------  ----------   ----------------
.vectors   0    70000000    00000040     
                  70000000    00000040     nortos.am64x.r5f.ti-arm-clang.debug.lib : HwiP_armv7r_vectors_nortos_sbl_asm.obj (.vectors)

.text      0    70000100    0002b570     
                  70000100    000011d0     nortos.am64x.r5f.ti-arm-clang.debug.lib : printf.obj (.text._vsnprintf)
                  700012d0    00000de8     drivers.am64x.r5f.ti-arm-clang.debug.lib : ospi_phy.obj (.text.OSPI_phyFindOTP1)
                  700020b8    00000008     libc.a : exit.c.obj (.text:abort)
                  700020c0    00000980     drivers.am64x.r5f.ti-arm-clang.debug.lib : sciclient_rm_irq.obj (.text.Sciclient_rmIrqRouteValidate)
                  70002a40    0000095c                                              : udma_rm.obj (.text.Udma_rmInit)
                  7000339c    00000004     libclang_rt.builtins.a : aeabi_memcpy.S.obj (.text)
                  700033a0    0000089c     drivers.am64x.r5f.ti-arm-clang.debug.lib : ospi_phy.obj (.text.OSPI_phyFindOTP2)
                  70003c3c    00000004     --HOLE-- [fill = 0]
                  70003c40    0000078c     nortos.am64x.r5f.ti-arm-clang.debug.lib : printf.obj (.text._ftoa)
                  700043cc    00000004     --HOLE-- [fill = 0]
                  700043d0    00000644     drivers.am64x.r5f.ti-arm-clang.debug.lib : udma_ch.obj (.text.Udma_chAllocResource)
                  70004a14    0000000c     --HOLE-- [fill = 0]
                  70004a20    00000620     nortos.am64x.r5f.ti-arm-clang.debug.lib : printf.obj (.text._etoa)
                  70005040    000005e8     drivers.am64x.r5f.ti-arm-clang.debug.lib : udma_ch.obj (.text.Udma_chDisableTxChan)
                  70005628    00000008     --HOLE-- [fill = 0]
                  70005630    000005ac                                              : udma_rmcfg_common.obj (.text.UdmaRmInitPrms_init)
                  70005bdc    00000004     --HOLE-- [fill = 0]
                  70005be0    00000554                                              : udma_soc.obj (.text.Udma_initDrvHandle)
                  70006134    0000000c     --HOLE-- [fill = 0]
                  70006140    0000054c                                              : udma_event.obj (.text.Udma_eventConfig)
                  7000668c    00000004     --HOLE-- [fill = 0]
                  70006690    00000524                                              : sciclient_rm_irq.obj (.text.Sciclient_rmIrqGetRoute)
                  70006bb4    0000000c     --HOLE-- [fill = 0]
                  70006bc0    000004e8                                              : sciclient.obj (.text.Sciclient_service)
                  700070a8    00000008     --HOLE-- [fill = 0]
                  700070b0    000004e4                                              : udma_ch.obj (.text.Udma_chDisableRxChan)
                  70007594    0000000c     --HOLE-- [fill = 0]
                  700075a0    000004b4     main.obj (.text.main)
                  70007a54    0000000c     --HOLE-- [fill = 0]
                  70007a60    00000498     drivers.am64x.r5f.ti-arm-clang.debug.lib : udma_event.obj (.text.Udma_eventReset)
                  70007ef8    00000008     --HOLE-- [fill = 0]
                  70007f00    00000438                                              : csl_bcdma.obj (.text.CSL_bcdmaChanOpCfgChan)
                  70008338    00000008     --HOLE-- [fill = 0]
                  70008340    0000042c     nortos.am64x.r5f.ti-arm-clang.debug.lib : TimerP.obj (.text.TimerP_setup)
                  7000876c    00000004     --HOLE-- [fill = 0]
                  70008770    00000404                                             : printf.obj (.text._ntoa_format)
                  70008b74    0000000c     --HOLE-- [fill = 0]
                  70008b80    00000400     drivers.am64x.r5f.ti-arm-clang.debug.lib : sciclient_rm_irq.obj (.text.Sciclient_rmIrqFindRoute)
                  70008f80    000003f8                                              : ospi_v0.obj (.text.OSPI_programInstance)
                  70009378    00000008     --HOLE-- [fill = 0]
                  70009380    000003f8                                              : udma_event.obj (.text.Udma_eventAllocResource)
                  70009778    00000008     --HOLE-- [fill = 0]
                  70009780    000003e0                                              : udma_event.obj (.text.Udma_eventRegister)
                  70009b60    000003d8                                              : udma_rm.obj (.text.Udma_rmSetSharedResRmInitPrms)
                  70009f38    00000008     --HOLE-- [fill = 0]
                  70009f40    000003d4                                              : uart_v0.obj (.text.UART_fifoConfig)
                  7000a314    0000000c     --HOLE-- [fill = 0]
                  7000a320    000003c4                                              : ospi_dma_udma.obj (.text.OspiDma_udmaOpen)
                  7000a6e4    0000000c     --HOLE-- [fill = 0]
                  7000a6f0    000003c0                                              : uart_v0.obj (.text.UART_masterIsr)
                  7000aab0    000003b8                                              : udma_ch.obj (.text.Udma_chConfigRx)
                  7000ae68    00000008     --HOLE-- [fill = 0]
                  7000ae70    000003b0                                              : udma_ch.obj (.text.Udma_chDisableBlkCpyChan)
                  7000b220    000003ac                                              : lpddr4.obj (.text.LPDDR4_SanityFunction16)
                  7000b5cc    00000004     --HOLE-- [fill = 0]
                  7000b5d0    000003a8                                              : udma_rm.obj (.text.Udma_rmDeinit)
                  7000b978    00000008     --HOLE-- [fill = 0]
                  7000b980    0000039c                                              : udma_ring_common.obj (.text.Udma_ringAlloc)
                  7000bd1c    00000004     --HOLE-- [fill = 0]
                  7000bd20    00000388                                              : lpddr4.obj (.text.LPDDR4_SanityFunction17)
                  7000c0a8    00000008     --HOLE-- [fill = 0]
                  7000c0b0    00000384                                              : uart_v0.obj (.text.UART_open)
                  7000c434    0000000c     --HOLE-- [fill = 0]
                  7000c440    00000384                                              : udma_ch.obj (.text.Udma_chFreeResource)
                  7000c7c4    0000000c     --HOLE-- [fill = 0]
                  7000c7d0    00000368     board.am64x.r5f.ti-arm-clang.debug.lib : flash_nor_xspi.obj (.text.Flash_norXspiOpen)
                  7000cb38    00000008     --HOLE-- [fill = 0]
                  7000cb40    00000334     drivers.am64x.r5f.ti-arm-clang.debug.lib : bootloader_soc.obj (.text.Bootloader_socCpuResetRelease)
                  7000ce74    0000000c     --HOLE-- [fill = 0]
                  7000ce80    0000032c                                              : soc.obj (.text.SOC_moduleSetClockFrequency)
                  7000d1ac    00000004     --HOLE-- [fill = 0]
                  7000d1b0    00000310                                              : udma_flow.obj (.text.Udma_flowConfig)
                  7000d4c0    0000030c                                              : ospi_v0.obj (.text.OSPI_open)
                  7000d7cc    00000004     --HOLE-- [fill = 0]
                  7000d7d0    000002e0                                              : bootloader_soc.obj (.text.Bootloader_socCpuPowerOnResetR5f)
                  7000dab0    000002b8                                              : sciclient_rm_irq.obj (.text.Sciclient_rmClearInterruptRoute)
                  7000dd68    00000008     --HOLE-- [fill = 0]
                  7000dd70    000002a8                                              : sciclient_rm_irq.obj (.text.Sciclient_rmProgramInterruptRoute)
                  7000e018    00000008     --HOLE-- [fill = 0]
                  7000e020    0000029c                                              : ospi_dma_udma.obj (.text.OspiDma_udmaUpdateSubmitTR)
                  7000e2bc    00000004     --HOLE-- [fill = 0]
                  7000e2c0    00000298                                              : csl_bcdma.obj (.text.CSL_bcdmaChanOp)
                  7000e558    00000008     --HOLE-- [fill = 0]
                  7000e560    00000298                                              : udma_ch.obj (.text.Udma_chConfigTx)
                  7000e7f8    00000008     --HOLE-- [fill = 0]
                  7000e800    00000290                                              : sciclient_rm_irq.obj (.text.Sciclient_rmIrqProgramRoute)
                  7000ea90    00000290                                              : udma_ch.obj (.text.Udma_chOpen)
                  7000ed20    00000288                                              : ospi_v0.obj (.text.OSPI_readDirect)
                  7000efa8    00000008     --HOLE-- [fill = 0]
                  7000efb0    00000284                                              : bootloader_soc.obj (.text.Bootloader_socCpuResetReleaseSelf)
                  7000f234    0000000c     --HOLE-- [fill = 0]
                  7000f240    00000280                                              : csl_lcdma_ringacc.obj (.text.CSL_lcdma_ringaccDequeue)
                  7000f4c0    00000280                                              : sciclient.obj (.text.Sciclient_loadFirmware)
                  7000f740    0000027c                                              : csl_bcdma.obj (.text.CSL_bcdmaChanOpTeardownChan)
                  7000f9bc    00000004     --HOLE-- [fill = 0]
                  7000f9c0    00000270                                              : ospi_v0.obj (.text.OSPI_writeIndirect)
                  7000fc30    0000026c                                              : uart_v0.obj (.text.UART_write)
                  7000fe9c    00000004     --HOLE-- [fill = 0]
                  7000fea0    00000264                                              : udma_ch.obj (.text.Udma_chEnableLocal)
                  70010104    0000000c     --HOLE-- [fill = 0]
                  70010110    00000260                                              : sciclient_rm_irq.obj (.text.Sciclient_rmIrqDeleteRoute)
                  70010370    00000260                                              : uart_v0.obj (.text.UART_procLineStatusErr)
                  700105d0    0000025c                                              : uart_v0.obj (.text.UART_close)
                  7001082c    00000004     --HOLE-- [fill = 0]
                  70010830    00000258                                              : ospi_v0.obj (.text.OSPI_readCmd)
                  70010a88    00000008     --HOLE-- [fill = 0]
                  70010a90    00000250                                              : csl_bcdma.obj (.text.CSL_bcdmaChanOpGetChanStats)
                  70010ce0    00000250     board.am64x.r5f.ti-arm-clang.debug.lib : flash_nor_xspi.obj (.text.Flash_norXspiWrite)
                  70010f30    0000024c     drivers.am64x.r5f.ti-arm-clang.debug.lib : lpddr4.obj (.text.LPDDR4_SanityFunction20)
                  7001117c    00000004     --HOLE-- [fill = 0]
                  70011180    00000248                                              : uart_v0.obj (.text.UART_configInstance)
                  700113c8    00000008     --HOLE-- [fill = 0]
                  700113d0    00000248                                              : udma_rm.obj (.text.Udma_rmAllocMappedRxCh)
                  70011618    00000008     --HOLE-- [fill = 0]
                  70011620    00000248                                              : udma_rm.obj (.text.Udma_rmAllocMappedTxCh)
                  70011868    00000008     --HOLE-- [fill = 0]
                  70011870    00000244                                              : ospi_v0.obj (.text.OSPI_writeCmd)
                  70011ab4    0000000c     --HOLE-- [fill = 0]
                  70011ac0    0000023c                                              : sciclient.obj (.text.Sciclient_sendMessage)
                  70011cfc    00000004     --HOLE-- [fill = 0]
                  70011d00    00000228                                              : lpddr4.obj (.text.LPDDR4_SanityFunction21)
                  70011f28    00000008     --HOLE-- [fill = 0]
                  70011f30    00000218                                              : sciclient_rm_irq.obj (.text.Sciclient_rmIrqVintDelete)
                  70012148    00000008     --HOLE-- [fill = 0]
                  70012150    00000210                                              : udma_rm.obj (.text.Udma_rmAllocMappedRing)
                  70012360    0000020c                                              : udma_ch.obj (.text.Udma_chAssignRegOverlay)
                  7001256c    00000004     --HOLE-- [fill = 0]
                  70012570    00000200     nortos.am64x.r5f.ti-arm-clang.debug.lib : ClockP_nortos_r5.obj (.text.ClockP_init)
                  70012770    00000200     drivers.am64x.r5f.ti-arm-clang.debug.lib : sciclient_rm_irq.obj (.text.Sciclient_rmIaValidateMapping)
                  70012970    00000200                                              : udma_event.obj (.text.Udma_eventCheckParams)
                  70012b70    000001fc                                              : udma_rm.obj (.text.Udma_rmAllocBlkCopyCh)
                  70012d6c    00000004     --HOLE-- [fill = 0]
                  70012d70    000001fc                                              : udma_rm.obj (.text.Udma_rmAllocBlkCopyHcCh)
                  70012f6c    00000004     --HOLE-- [fill = 0]
                  70012f70    000001fc                                              : udma_rm.obj (.text.Udma_rmAllocBlkCopyUhcCh)
                  7001316c    00000004     --HOLE-- [fill = 0]
                  70013170    000001fc                                              : udma_rm.obj (.text.Udma_rmAllocIrIntr)
                  7001336c    00000004     --HOLE-- [fill = 0]
                  70013370    000001fc                                              : udma_rm.obj (.text.Udma_rmAllocRxCh)
                  7001356c    00000004     --HOLE-- [fill = 0]
                  70013570    000001fc                                              : udma_rm.obj (.text.Udma_rmAllocRxHcCh)
                  7001376c    00000004     --HOLE-- [fill = 0]
                  70013770    000001fc                                              : udma_rm.obj (.text.Udma_rmAllocRxUhcCh)
                  7001396c    00000004     --HOLE-- [fill = 0]
                  70013970    000001fc                                              : udma_rm.obj (.text.Udma_rmAllocTxCh)
                  70013b6c    00000004     --HOLE-- [fill = 0]
                  70013b70    000001fc                                              : udma_rm.obj (.text.Udma_rmAllocTxHcCh)
                  70013d6c    00000004     --HOLE-- [fill = 0]
                  70013d70    000001fc                                              : udma_rm.obj (.text.Udma_rmAllocTxUhcCh)
                  70013f6c    00000004     --HOLE-- [fill = 0]
                  70013f70    000001f8                                              : sciclient.obj (.text.Sciclient_recvMessage)
                  70014168    00000008     --HOLE-- [fill = 0]
                  70014170    000001f8                                              : udma_ring_lcdma.obj (.text.Udma_ringSetCfgLcdma)
                  70014368    00000008     --HOLE-- [fill = 0]
                  70014370    000001f4                                              : sciclient_rm_irq.obj (.text.Sciclient_rmIrqVintAdd)
                  70014564    0000000c     --HOLE-- [fill = 0]
                  70014570    000001f4     nortos.am64x.r5f.ti-arm-clang.debug.lib : printf.obj (.text._ntoa_long_long)
                  70014764    0000000c     --HOLE-- [fill = 0]
                  70014770    000001ec     drivers.am64x.r5f.ti-arm-clang.debug.lib : csl_lcdma_ringacc.obj (.text.CSL_lcdma_ringaccPop64MultiAccess)
                  7001495c    00000004     --HOLE-- [fill = 0]
                  70014960    000001e4                                              : csl_lcdma_ringacc.obj (.text.CSL_lcdma_ringaccPush64MultiAccess)
                  70014b44    0000000c     --HOLE-- [fill = 0]
                  70014b50    000001e0                                              : bootloader.obj (.text.Bootloader_loadSelfCpu)
                  70014d30    000001cc                                              : bootloader.obj (.text.Bootloader_parseMultiCoreAppImage)
                  70014efc    00000004     --HOLE-- [fill = 0]
                  70014f00    000001cc                                              : csl_bcdma.obj (.text.CSL_bcdmaChanOpDecChanStats)
                  700150cc    00000004     --HOLE-- [fill = 0]
                  700150d0    000001c8                                              : csl_pktdma.obj (.text.CSL_pktdmaTeardownChan)
                  70015298    00000008     --HOLE-- [fill = 0]
                  700152a0    000001c4                                              : sciclient_pm.obj (.text.Sciclient_pmQueryModuleClkFreq)
                  70015464    0000000c     --HOLE-- [fill = 0]
                  70015470    000001c4     nortos.am64x.r5f.ti-arm-clang.debug.lib : SemaphoreP_nortos.obj (.text.SemaphoreP_pend)
                  70015634    0000000c     --HOLE-- [fill = 0]
                  70015640    000001c4     drivers.am64x.r5f.ti-arm-clang.debug.lib : uart_v0.obj (.text.UART_divisorLatchWrite)
                  70015804    0000000c     --HOLE-- [fill = 0]
                  70015810    000001c0                                              : sciclient_rm_irq.obj (.text.Sciclient_rmIaValidateEvt)
                  700159d0    000001b0                                              : bootloader_soc.obj (.text.Bootloader_socCpuPowerOnResetM4f)
                  70015b80    000001b0     board.am64x.r5f.ti-arm-clang.debug.lib : flash_nor_xspi.obj (.text.Flash_norXspiErase)
                  70015d30    000001b0     drivers.am64x.r5f.ti-arm-clang.debug.lib : sciclient_rm_irq.obj (.text.Sciclient_rmIrGetOutp)
                  70015ee0    000001a8     nortos.am64x.r5f.ti-arm-clang.debug.lib : printf.obj (.text._ntoa_long)
                  70016088    00000008     --HOLE-- [fill = 0]
                  70016090    000001a4     drivers.am64x.r5f.ti-arm-clang.debug.lib : bootloader.obj (.text.Bootloader_rprcImageLoad)
                  70016234    0000000c     --HOLE-- [fill = 0]
                  70016240    000001a0                                              : lpddr4.obj (.text.LPDDR4_AckCtlInterrupt)
                  700163e0    000001a0                                              : udma.obj (.text.Udma_init)
                  70016580    0000019c                                              : udma_event.obj (.text.Udma_eventFreeResource)
                  7001671c    00000004     --HOLE-- [fill = 0]
                  70016720    00000198     board.am64x.r5f.ti-arm-clang.debug.lib : flash_nor_xspi.obj (.text.Flash_norXspiWaitReady)
                  700168b8    00000008     --HOLE-- [fill = 0]
                  700168c0    00000194     drivers.am64x.r5f.ti-arm-clang.debug.lib : sciclient_rm_irq.obj (.text.Sciclient_rmTranslateIntOutput)
                  70016a54    0000000c     --HOLE-- [fill = 0]
                  70016a60    00000190     board.am64x.r5f.ti-arm-clang.debug.lib : flash_nor_xspi.obj (.text.Flash_norXspiReadId)
                  70016bf0    00000190     drivers.am64x.r5f.ti-arm-clang.debug.lib : lpddr4.obj (.text.LPDDR4_CheckCtlInterrupt)
                  70016d80    0000018c     nortos.am64x.r5f.ti-arm-clang.debug.lib : AddrTranslateP.obj (.text.AddrTranslateP_getLocalAddr)
                  70016f0c    00000004     --HOLE-- [fill = 0]
                  70016f10    0000018c     drivers.am64x.r5f.ti-arm-clang.debug.lib : sciclient.obj (.text.Sciclient_getVersionCheck)
                  7001709c    00000004     --HOLE-- [fill = 0]
                  700170a0    00000188                                              : sciclient_pm.obj (.text.Sciclient_pmSetModuleClkFreq)
                  70017228    00000008     --HOLE-- [fill = 0]
                  70017230    00000180                                              : csl_bcdma.obj (.text.CSL_bcdmaChanOpGetChanRT)
                  700173b0    00000180                                              : udma_rm.obj (.text.Udma_rmGetSciclientDefaultBoardCfgRmRange)
                  70017530    0000017c                                              : lpddr4.obj (.text.LPDDR4_CheckCtlInterrupt_2)
                  700176ac    00000004     --HOLE-- [fill = 0]
                  700176b0    0000017c                                              : sciclient_rm_irq.obj (.text.Sciclient_rmIrqGetNode)
                  7001782c    00000004     --HOLE-- [fill = 0]
                  70017830    0000017c                                              : sciclient.obj (.text.Sciclient_waitForMessage)
                  700179ac    00000004     --HOLE-- [fill = 0]
                  700179b0    0000017c                                              : udma_event.obj (.text.Udma_eventUnRegister)
                  70017b2c    00000004     --HOLE-- [fill = 0]
                  70017b30    00000178                                              : ddr.obj (.text.DDR_start)
                  70017ca8    00000008     --HOLE-- [fill = 0]
                  70017cb0    00000178                                              : udma_ring_common.obj (.text.Udma_ringCheckParams)
                  70017e28    00000008     --HOLE-- [fill = 0]
                  70017e30    00000170                                              : uart_v0.obj (.text.UART_writePolling)
                  70017fa0    00000170                                              : udma_ring_common.obj (.text.Udma_ringFree)
                  70018110    00000168                                              : uart_v0.obj (.text.UART_intrEnable)
                  70018278    00000008     --HOLE-- [fill = 0]
                  70018280    00000164                                              : csl_bcdma.obj (.text.CSL_bcdmaChanOpSetBurstSize)
                  700183e4    0000000c     --HOLE-- [fill = 0]
                  700183f0    00000164                                              : ospi_phy.obj (.text.OSPI_phyResyncDLL)
                  70018554    0000000c     --HOLE-- [fill = 0]
                  70018560    00000164                                              : sciclient_soc_priv.obj (.text.Sciclient_getContext)
                  700186c4    0000000c     --HOLE-- [fill = 0]
                  700186d0    00000164                                              : udma_ch.obj (.text.Udma_chClose)
                  70018834    0000000c     --HOLE-- [fill = 0]
                  70018840    00000160     board.am64x.r5f.ti-arm-clang.debug.lib : flash_nor_xspi.obj (.text.Flash_norXspiSetDummyCycles)
                  700189a0    00000160     drivers.am64x.r5f.ti-arm-clang.debug.lib : lpddr4.obj (.text.LPDDR4_AckCtlInterrupt_4)
                  70018b00    00000160                                              : sciclient_rm_irq.obj (.text.Sciclient_rmIrInpIsFree)
                  70018c60    00000160                                              : sciclient_rm_irq.obj (.text.Sciclient_rmIrqIsVintRouteSet)
                  70018dc0    00000160                                              : uart_v0.obj (.text.UART_intrDisable)
                  70018f20    0000015c                                              : udma_event.obj (.text.Udma_eventCheckUnRegister)
                  7001907c    00000004     --HOLE-- [fill = 0]
                  70019080    0000015c                                              : bootloader_sysfw_load.obj (.text.sciclient_set_boardcfg)
                  700191dc    00000004     --HOLE-- [fill = 0]
                  700191e0    00000158                                              : lpddr4.obj (.text.LPDDR4_Init)
                  70019338    00000008     --HOLE-- [fill = 0]
                  70019340    00000154                                              : csl_bcdma.obj (.text.CSL_bcdmaChanOpAccessRemotePeerReg)
                  70019494    0000000c     --HOLE-- [fill = 0]
                  700194a0    00000154     nortos.am64x.r5f.ti-arm-clang.debug.lib : printf.obj (.text._out_rev)
                  700195f4    0000000c     --HOLE-- [fill = 0]
                  70019600    00000150     drivers.am64x.r5f.ti-arm-clang.debug.lib : ospi_dma_udma.obj (.text.OspiDma_udmaCopy)
                  70019750    00000150                                              : pinmux.obj (.text.Pinmux_unlockMMR)
                  700198a0    0000014c     nortos.am64x.r5f.ti-arm-clang.debug.lib : ClockP_nortos.obj (.text.ClockP_stop)
                  700199ec    00000004     --HOLE-- [fill = 0]
                  700199f0    0000014c     board.am64x.r5f.ti-arm-clang.debug.lib : flash.obj (.text.Flash_offsetToBlkPage)
                  70019b3c    00000004     --HOLE-- [fill = 0]
                  70019b40    0000014c     drivers.am64x.r5f.ti-arm-clang.debug.lib : sciclient_procboot.obj (.text.Sciclient_procBootWaitProcessorState)
                  70019c8c    00000004     --HOLE-- [fill = 0]
                  70019c90    00000148                                              : lpddr4.obj (.text.LPDDR4_ReadReg)
                  70019dd8    00000008     --HOLE-- [fill = 0]
                  70019de0    00000148                                              : udma.obj (.text.Udma_deinit)
                  70019f28    00000008     --HOLE-- [fill = 0]
                  70019f30    00000144                                              : udma_rm.obj (.text.Udma_rmAllocVintrBit)
                  7001a074    0000000c     --HOLE-- [fill = 0]
                  7001a080    00000140                                              : csl_pktdma.obj (.text.CSL_pktdmaAccessChanPeerReg)
                  7001a1c0    00000140                                              : uart_v0.obj (.text.UART_fifoWrite)
                  7001a300    00000140                                              : uart_v0.obj (.text.UART_flushTxFifo)
                  7001a440    00000140                                              : udma_ch.obj (.text.UdmaChRxPrms_init)
                  7001a580    00000140                                              : udma_soc.obj (.text.Udma_getMappedChRingAttributes)
                  7001a6c0    0000013c     nortos.am64x.r5f.ti-arm-clang.debug.lib : ClockP_nortos.obj (.text.ClockP_timerTickIsr)
                  7001a7fc    00000004     --HOLE-- [fill = 0]
                  7001a800    0000013c     drivers.am64x.r5f.ti-arm-clang.debug.lib : lpddr4.obj (.text.LPDDR4_CheckCtlInterrupt_4)
                  7001a93c    00000004     --HOLE-- [fill = 0]
                  7001a940    0000013c                                              : ospi_v0.obj (.text.OSPI_flashExecCmd)
                  7001aa7c    00000004     --HOLE-- [fill = 0]
                  7001aa80    0000013c                                              : udma_ch.obj (.text.UdmaChTxPrms_init)
                  7001abbc    00000004     --HOLE-- [fill = 0]
                  7001abc0    0000013c                                              : udma_ring_lcdma.obj (.text.Udma_ringSetDoorBellLcdma)
                  7001acfc    00000004     --HOLE-- [fill = 0]
                  7001ad00    00000138     nortos.am64x.r5f.ti-arm-clang.debug.lib : ClockP_nortos.obj (.text.ClockP_addToList)
                  7001ae38    00000008     --HOLE-- [fill = 0]
                  7001ae40    00000138     drivers.am64x.r5f.ti-arm-clang.debug.lib : lpddr4.obj (.text.LPDDR4_AckCtlInterrupt_3)
                  7001af78    00000008     --HOLE-- [fill = 0]
                  7001af80    00000138                                              : lpddr4.obj (.text.LPDDR4_WriteReg)
                  7001b0b8    00000008     --HOLE-- [fill = 0]
                  7001b0c0    00000138                                              : udma_ch.obj (.text.Udma_chDisable)
                  7001b1f8    00000008     --HOLE-- [fill = 0]
                  7001b200    00000130     ti_board_open_close.obj (.text.Board_flashOpen)
                  7001b330    00000130     drivers.am64x.r5f.ti-arm-clang.debug.lib : ospi_v0.obj (.text.OSPI_close)
                  7001b460    0000012c                                              : bootloader_profile.obj (.text.Bootloader_profilePrintProfileLog)
                  7001b58c    00000004     --HOLE-- [fill = 0]
                  7001b590    0000012c                                              : udma_ch.obj (.text.Udma_chCheckParams)
                  7001b6bc    00000004     --HOLE-- [fill = 0]
                  7001b6c0    00000128                                              : sciclient_pm.obj (.text.Sciclient_pmGetModuleClkNumParent)
                  7001b7e8    00000008     --HOLE-- [fill = 0]
                  7001b7f0    00000124     nortos.am64x.r5f.ti-arm-clang.debug.lib : ClockP_nortos.obj (.text.ClockP_destruct)
                  7001b914    0000000c     --HOLE-- [fill = 0]
                  7001b920    00000120     drivers.am64x.r5f.ti-arm-clang.debug.lib : udma_flow.obj (.text.UdmaFlowPrms_init)
                  7001ba40    0000011c                                              : csl_bcdma.obj (.text.CSL_bcdmaChanOpSetChanRT)
                  7001bb5c    00000004     --HOLE-- [fill = 0]
                  7001bb60    0000011c     ti_drivers_open_close.obj (.text.Drivers_uartOpen)
                  7001bc7c    00000004     --HOLE-- [fill = 0]
                  7001bc80    0000011c     drivers.am64x.r5f.ti-arm-clang.debug.lib : ospi_phy.obj (.text.OSPI_phyTuneDDR)
                  7001bd9c    00000004     --HOLE-- [fill = 0]
                  7001bda0    0000011c                                              : sciclient_pm.obj (.text.Sciclient_pmGetModuleClkFreq)
                  7001bebc    00000004     --HOLE-- [fill = 0]
                  7001bec0    00000118     ti_drivers_open_close.obj (.text.Drivers_ospiOpen)
                  7001bfd8    00000008     --HOLE-- [fill = 0]
                  7001bfe0    00000118     drivers.am64x.r5f.ti-arm-clang.debug.lib : udma_ring_common.obj (.text.Udma_ringQueueRaw)
                  7001c0f8    00000118     libclang_rt.builtins.a : udivmoddi4.S.obj (.text)
                  7001c210    00000114     drivers.am64x.r5f.ti-arm-clang.debug.lib : bootloader.obj (.text.Bootloader_runCpu)
                  7001c324    0000000c     --HOLE-- [fill = 0]
                  7001c330    00000114     board.am64x.r5f.ti-arm-clang.debug.lib : flash_nor_xspi.obj (.text.Flash_norXspiRead)
                  7001c444    0000000c     --HOLE-- [fill = 0]
                  7001c450    00000114     drivers.am64x.r5f.ti-arm-clang.debug.lib : sciclient_pm.obj (.text.Sciclient_pmGetModuleClkParent)
                  7001c564    0000000c     --HOLE-- [fill = 0]
                  7001c570    00000114                                              : uart_v0.obj (.text.UART_init)
                  7001c684    0000000c     --HOLE-- [fill = 0]
                  7001c690    00000110                                              : csl_bcdma.obj (.text.CSL_bcdmaChanOpSetChanPause)
                  7001c7a0    00000110                                              : soc.obj (.text.SOC_moduleClockEnable)
                  7001c8b0    00000110                                              : sciclient_pm.obj (.text.Sciclient_pmModuleGetClkStatus)
                  7001c9c0    00000110                                              : sciclient_procboot.obj (.text.Sciclient_procBootSetSequenceCtrl)
                  7001cad0    00000110                                              : udma_ring_common.obj (.text.Udma_ringDequeueRaw)
                  7001cbe0    0000010c                                              : bootloader_soc.obj (.text.Bootloader_socTranslateSectionAddr)
                  7001ccec    00000004     --HOLE-- [fill = 0]
                  7001ccf0    0000010c                                              : ddr.obj (.text.DDR_initDrv)
                  7001cdfc    00000004     --HOLE-- [fill = 0]
                  7001ce00    0000010c                                              : sciclient_pm.obj (.text.Sciclient_pmSetModuleClkParent)
                  7001cf0c    00000004     --HOLE-- [fill = 0]
                  7001cf10    0000010c                                              : udma_rm.obj (.text.Udma_rmAllocEvent)
                  7001d01c    00000004     --HOLE-- [fill = 0]
                  7001d020    0000010c                                              : udma_rm.obj (.text.Udma_rmAllocVintr)
                  7001d12c    00000004     --HOLE-- [fill = 0]
                  7001d130    00000108                                              : lpddr4.obj (.text.LPDDR4_AckCtlInterrupt_2)
                  7001d238    00000008     --HOLE-- [fill = 0]
                  7001d240    00000108                                              : sciclient_pm.obj (.text.Sciclient_pmSetModuleState)
                  7001d348    00000008     --HOLE-- [fill = 0]
                  7001d350    00000108                                              : udma_ring_lcdma.obj (.text.Udma_ringFlushRawLcdma)
                  7001d458    00000008     --HOLE-- [fill = 0]
                  7001d460    00000104     board.am64x.r5f.ti-arm-clang.debug.lib : flash_nor_xspi.obj (.text.Flash_norXspiRegWrite)
                  7001d564    0000000c     --HOLE-- [fill = 0]
                  7001d570    00000104     drivers.am64x.r5f.ti-arm-clang.debug.lib : sciclient_rm_irq.obj (.text.Sciclient_rmIrInpRomMapped)
                  7001d674    0000000c     --HOLE-- [fill = 0]
                  7001d680    00000104                                              : sciclient_rm_irq.obj (.text.Sciclient_rmIrOutpRomMapped)
                  7001d784    0000000c     --HOLE-- [fill = 0]
                  7001d790    00000100                                              : csl_bcdma.obj (.text.CSL_bcdmaGetCfg)
                  7001d890    00000100                                              : csl_intaggr.obj (.text.CSL_intaggrIsIntrPending)
                  7001d990    00000100     board.am64x.r5f.ti-arm-clang.debug.lib : flash_nor_xspi.obj (.text.Flash_norXspiHybridSectorConfig)
                  7001da90    00000100     drivers.am64x.r5f.ti-arm-clang.debug.lib : ospi_dma_udma.obj (.text.OspiDma_udmaClose)
                  7001db90    00000100                                              : sciclient_pm.obj (.text.Sciclient_pmGetModuleState)
                  7001dc90    00000100                                              : sciclient_rm_irq.obj (.text.Sciclient_rmIrOutpIsFree)
                  7001dd90    00000100                                              : udma_event.obj (.text.Udma_eventIsrFxn)
                  7001de90    00000100                                              : udma_ring_common.obj (.text.Udma_ringFlushRaw)
                  7001df90    000000fc                                              : ospi_v0.obj (.text.OSPI_enablePhy)
                  7001e08c    00000004     --HOLE-- [fill = 0]
                  7001e090    000000fc                                              : sciclient_boardcfg.obj (.text.Sciclient_boardCfg)
                  7001e18c    00000004     --HOLE-- [fill = 0]
                  7001e190    000000fc                                              : sciclient_boardcfg.obj (.text.Sciclient_boardCfgPm)
                  7001e28c    00000004     --HOLE-- [fill = 0]
                  7001e290    000000fc                                              : sciclient_boardcfg.obj (.text.Sciclient_boardCfgRm)
                  7001e38c    00000004     --HOLE-- [fill = 0]
                  7001e390    000000fc                                              : sciclient_boardcfg.obj (.text.Sciclient_boardCfgSec)
                  7001e48c    00000004     --HOLE-- [fill = 0]
                  7001e490    000000fc                                              : sciclient.obj (.text.Sciclient_init)
                  7001e58c    00000004     --HOLE-- [fill = 0]
                  7001e590    000000fc     ti_drivers_config.obj (.text.System_init)
                  7001e68c    00000004     --HOLE-- [fill = 0]
                  7001e690    000000fc     drivers.am64x.r5f.ti-arm-clang.debug.lib : uart_v0.obj (.text.UART_subConfigTCRTLRModeEn)
                  7001e78c    00000004     --HOLE-- [fill = 0]
                  7001e790    000000f8                                              : bootloader_soc.obj (.text.Bootloader_socCpuSetClock)
                  7001e888    00000008     --HOLE-- [fill = 0]
                  7001e890    000000f8                                              : csl_bcdma.obj (.text.CSL_bcdmaMapChanIdx)
                  7001e988    00000008     --HOLE-- [fill = 0]
                  7001e990    000000f8                                              : ospi_v0.obj (.text.OSPI_setXferOpCodes)
                  7001ea88    00000008     --HOLE-- [fill = 0]
                  7001ea90    000000f8                                              : sciclient_procboot.obj (.text.Sciclient_procBootReleaseProcessor)
                  7001eb88    00000008     --HOLE-- [fill = 0]
                  7001eb90    000000f8                                              : sciclient_rm_irq.obj (.text.Sciclient_rmIrqCheckLoop)
                  7001ec88    00000008     --HOLE-- [fill = 0]
                  7001ec90    000000f0                                              : ospi_v0.obj (.text.OSPI_waitIdle)
                  7001ed80    000000f0                                              : udma_ch.obj (.text.Udma_chPair)
                  7001ee70    000000f0                                              : udma_ch.obj (.text.Udma_chUnpair)
                  7001ef60    000000f0                                              : udma_rm.obj (.text.Udma_rmFreeMappedRing)
                  7001f050    000000ec                                              : ddr.obj (.text.DDR_initHwRegs)
                  7001f13c    00000004     --HOLE-- [fill = 0]
                  7001f140    000000ec                                              : ospi_phy.obj (.text.OSPI_phyFindRxHigh)
                  7001f22c    00000004     --HOLE-- [fill = 0]
                  7001f230    000000ec                                              : ospi_phy.obj (.text.OSPI_phyFindRxLow)
                  7001f31c    00000004     --HOLE-- [fill = 0]
                  7001f320    000000ec                                              : ospi_phy.obj (.text.OSPI_phyFindTxHigh)
                  7001f40c    00000004     --HOLE-- [fill = 0]
                  7001f410    000000ec                                              : ospi_phy.obj (.text.OSPI_phyFindTxLow)
                  7001f4fc    00000004     --HOLE-- [fill = 0]
                  7001f500    000000ec                                              : ospi_phy.obj (.text.OSPI_phySetRdDelayTxRxDLL)
                  7001f5ec    00000004     --HOLE-- [fill = 0]
                  7001f5f0    000000ec                                              : sciclient_pm.obj (.text.Sciclient_pmModuleClkRequest)
                  7001f6dc    00000004     --HOLE-- [fill = 0]
                  7001f6e0    000000ec                                              : sciclient_rm_irq.obj (.text.Sciclient_rmPsPop)
                  7001f7cc    00000004     --HOLE-- [fill = 0]
                  7001f7d0    000000ec                                              : uart_v0.obj (.text.UART_readData)
                  7001f8bc    00000004     --HOLE-- [fill = 0]
                  7001f8c0    000000e8                                              : ospi_v0.obj (.text.OSPI_setXferLines)
                  7001f9a8    00000008     --HOLE-- [fill = 0]
                  7001f9b0    000000e8                                              : ospi_v0.obj (.text.OSPI_waitIndWriteComplete)
                  7001fa98    00000008     --HOLE-- [fill = 0]
                  7001faa0    000000e8                                              : soc.obj (.text.SOC_controlModuleUnlockMMR)
                  7001fb88    00000008     --HOLE-- [fill = 0]
                  7001fb90    000000e8                                              : uart_v0.obj (.text.UART_Params_init)
                  7001fc78    00000008     --HOLE-- [fill = 0]
                  7001fc80    000000e8                                              : uart_v0.obj (.text.UART_writeInterrupt)
                  7001fd68    00000008     --HOLE-- [fill = 0]
                  7001fd70    000000e4                                              : csl_bcdma.obj (.text.CSL_bcdmaChanOpIsValidChanIdx)
                  7001fe54    0000000c     --HOLE-- [fill = 0]
                  7001fe60    000000e4                                              : csl_bcdma.obj (.text.CSL_bcdmaChanOpSetChanEnable)
                  7001ff44    0000000c     --HOLE-- [fill = 0]
                  7001ff50    000000e4     nortos.am64x.r5f.ti-arm-clang.debug.lib : ClockP_nortos.obj (.text.ClockP_getTimeUsec)
                  70020034    0000000c     --HOLE-- [fill = 0]
                  70020040    000000e4     drivers.am64x.r5f.ti-arm-clang.debug.lib : lpddr4.obj (.text.LPDDR4_PollCtlIrq)
                  70020124    0000000c     --HOLE-- [fill = 0]
                  70020130    000000e4                                              : lpddr4.obj (.text.LPDDR4_PollPhyIndepIrq)
                  70020214    0000000c     --HOLE-- [fill = 0]
                  70020220    000000e4                                              : lpddr4.obj (.text.LPDDR4_Start)
                  70020304    0000000c     --HOLE-- [fill = 0]
                  70020310    000000e4                                              : ospi_v0.obj (.text.OSPI_init)
                  700203f4    0000000c     --HOLE-- [fill = 0]
                  70020400    000000e4                                              : ospi_v0.obj (.text.OSPI_isDmaRestrictedRegion)
                  700204e4    0000000c     --HOLE-- [fill = 0]
                  700204f0    000000e4                                              : uart_v0.obj (.text.UART_tcrTlrBitValRestore)
                  700205d4    0000000c     --HOLE-- [fill = 0]
                  700205e0    000000e0                                              : csl_bcdma.obj (.text.CSL_bcdmaDoChanOp)
                  700206c0    000000e0                                              : ospi_v0.obj (.text.OSPI_disablePhy)
                  700207a0    000000e0                                              : sciclient_rm_irq.obj (.text.Sciclient_rmIaEvtRomMapped)
                  70020880    000000dc                                              : bootloader_soc.obj (.text.Bootloader_socCpuGetClock)
                  7002095c    00000004     --HOLE-- [fill = 0]
                  70020960    000000dc                                              : csl_pktdma.obj (.text.CSL_pktdmaGetCfg)
                  70020a3c    00000004     --HOLE-- [fill = 0]
                  70020a40    000000d8                                              : csl_bcdma.obj (.text.CSL_bcdmaChanOpIsChanEnabled)
                  70020b18    00000008     --HOLE-- [fill = 0]
                  70020b20    000000d8                                              : csl_lcdma_ringacc.obj (.text.CSL_lcdma_ringaccAckReverseRing)
                  70020bf8    00000008     --HOLE-- [fill = 0]
                  70020c00    000000d8                                              : bootloader_flash.obj (.text.Flash_imgRead)
                  70020cd8    00000008     --HOLE-- [fill = 0]
                  70020ce0    000000d8                                              : lpddr4.obj (.text.LPDDR4_CheckCtlInterrupt_3)
                  70020db8    00000008     --HOLE-- [fill = 0]
                  70020dc0    000000d8                                              : ospi_dma.obj (.text.OSPI_dmaOpen)
                  70020e98    00000008     --HOLE-- [fill = 0]
                  70020ea0    000000d8     ti_drivers_config.obj (.text.System_deinit)
                  70020f78    00000008     --HOLE-- [fill = 0]
                  70020f80    000000d8     drivers.am64x.r5f.ti-arm-clang.debug.lib : udma_ch.obj (.text.Udma_chGetCqRingHandle)
                  70021058    00000008     --HOLE-- [fill = 0]
                  70021060    000000d8                                              : udma_ch.obj (.text.Udma_chGetFqRingHandle)
                  70021138    00000008     --HOLE-- [fill = 0]
                  70021140    000000d4                                              : bootloader.obj (.text.Bootloader_open)
                  70021214    0000000c     --HOLE-- [fill = 0]
                  70021220    000000d4                                              : csl_bcdma.obj (.text.CSL_bcdmaChanOpClearError)
                  700212f4    0000000c     --HOLE-- [fill = 0]
                  70021300    000000d4                                              : udma_utils.obj (.text.CSL_udmapCppi5SetReturnPolicy)
                  700213d4    0000000c     --HOLE-- [fill = 0]
                  700213e0    000000d4                                              : lpddr4.obj (.text.LPDDR4_StartSequenceController)
                  700214b4    0000000c     --HOLE-- [fill = 0]
                  700214c0    000000d4                                              : ospi_v0.obj (.text.OSPI_waitWriteSRAMLevel)
                  70021594    0000000c     --HOLE-- [fill = 0]
                  700215a0    000000d4                                              : sciclient_rm.obj (.text.Sciclient_rmGetResourceRange)
                  70021674    0000000c     --HOLE-- [fill = 0]
                  70021680    000000d4                                              : udma_ch.obj (.text.Udma_chEnable)
                  70021754    0000000c     --HOLE-- [fill = 0]
                  70021760    000000d4                                              : udma_ring_lcdma.obj (.text.Udma_ringPrimeReadLcdma)
                  70021834    0000000c     --HOLE-- [fill = 0]
                  70021840    000000d0     board.am64x.r5f.ti-arm-clang.debug.lib : flash_nor_xspi.obj (.text.Flash_norXspiSetOpcodes)
                  70021910    000000d0     drivers.am64x.r5f.ti-arm-clang.debug.lib : uart_v0.obj (.text.UART_divisorValCompute)
                  700219e0    000000d0                                              : udma_rm.obj (.text.Udma_rmFreeVintrBit)
                  70021ab0    000000cc                                              : csl_bcdma.obj (.text.CSL_bcdmaChanOpTriggerChan)
                  70021b7c    00000004     --HOLE-- [fill = 0]
                  70021b80    000000cc     nortos.am64x.r5f.ti-arm-clang.debug.lib : ClockP_nortos.obj (.text.ClockP_construct)
                  70021c4c    00000004     --HOLE-- [fill = 0]
                  70021c50    000000cc     drivers.am64x.r5f.ti-arm-clang.debug.lib : ddr.obj (.text.DDR_init)
                  70021d1c    00000004     --HOLE-- [fill = 0]
                  70021d20    000000cc                                              : lpddr4.obj (.text.LPDDR4_WriteCtlConfig)
                  70021dec    00000004     --HOLE-- [fill = 0]
                  70021df0    000000cc                                              : lpddr4.obj (.text.LPDDR4_WritePhyConfig)
                  70021ebc    00000004     --HOLE-- [fill = 0]
                  70021ec0    000000cc                                              : lpddr4.obj (.text.LPDDR4_WritePhyIndepConfig)
                  70021f8c    00000004     --HOLE-- [fill = 0]
                  70021f90    000000cc                                              : ospi_phy.obj (.text.OSPI_phyReadAttackVector)
                  7002205c    00000004     --HOLE-- [fill = 0]
                  70022060    000000cc                                              : udma_rm.obj (.text.Udma_rmCheckResLeak)
                  7002212c    00000004     --HOLE-- [fill = 0]
                  70022130    000000c8                                              : bootloader_soc.obj (.text.Bootloader_socCpuSetEntryPoint)
                  700221f8    00000008     --HOLE-- [fill = 0]
                  70022200    000000c8                                              : bootloader_soc.obj (.text.Bootloader_socGetR5fBtcmAddrAndSize)
                  700222c8    00000008     --HOLE-- [fill = 0]
                  700222d0    000000c8     nortos.am64x.r5f.ti-arm-clang.debug.lib : DebugP_log.obj (.text._DebugP_assert)
                  70022398    00000008     --HOLE-- [fill = 0]
                  700223a0    000000c4     drivers.am64x.r5f.ti-arm-clang.debug.lib : bootloader_soc.obj (.text.Bootloader_socGetR5fAtcmAddrAndSize)
                  70022464    0000000c     --HOLE-- [fill = 0]
                  70022470    000000c4                                              : pinmux.obj (.text.Pinmux_config)
                  70022534    0000000c     --HOLE-- [fill = 0]
                  70022540    000000c4                                              : sciclient_rm_irq.obj (.text.Sciclient_rmIaVintGetInfo)
                  70022604    0000000c     --HOLE-- [fill = 0]
                  70022610    000000c0                                              : csl_lcdma_ringacc.obj (.text.CSL_lcdma_ringaccCommitToForwardRing)
                  700226d0    000000c0                                              : sciclient_pm.obj (.text.Sciclient_pmSetModuleRst_flags)
                  70022790    000000c0                                              : sciclient_rm_irq.obj (.text.Sciclient_rmIrqCfgIsDirectEvent)
                  70022850    000000c0                                              : sciclient_rm_irq.obj (.text.Sciclient_rmIrqCfgIsDirectNonEvent)
                  70022910    000000c0                                              : sciclient_rm_irq.obj (.text.Sciclient_rmIrqCfgIsEventToVintMappingOnly)
                  700229d0    000000c0                                              : sciclient_rm_irq.obj (.text.Sciclient_rmIrqCfgIsOesOnly)
                  70022a90    000000c0                                              : sciclient_rm_irq.obj (.text.Sciclient_rmIrqCfgIsUnmappedVintDirectEvent)
                  70022b50    000000c0                                              : udma_utils.obj (.text.UdmaUtils_makeTrpd)
                  70022c10    000000bc     nortos.am64x.r5f.ti-arm-clang.debug.lib : ClockP_nortos.obj (.text.ClockP_usleep)
                  70022ccc    00000004     --HOLE-- [fill = 0]
                  70022cd0    000000bc     board.am64x.r5f.ti-arm-clang.debug.lib : flash_nor_xspi.obj (.text.Flash_norXspiEnableDDR)
                  70022d8c    00000004     --HOLE-- [fill = 0]
                  70022d90    000000bc                                            : flash_nor_xspi.obj (.text.Flash_norXspiEnableSDR)
                  70022e4c    00000004     --HOLE-- [fill = 0]
                  70022e50    000000bc                                            : flash.obj (.text.Flash_open)
                  70022f0c    00000004     --HOLE-- [fill = 0]
                  70022f10    000000bc     drivers.am64x.r5f.ti-arm-clang.debug.lib : pinmux.obj (.text.Pinmux_lockMMR)
                  70022fcc    00000004     --HOLE-- [fill = 0]
                  70022fd0    000000bc                                              : uart_v0.obj (.text.UART_writeData)
                  7002308c    00000004     --HOLE-- [fill = 0]
                  70023090    000000bc                                              : udma_ch.obj (.text.UdmaChPrms_init)
                  7002314c    00000004     --HOLE-- [fill = 0]
                  70023150    000000bc                                              : udma_event.obj (.text.UdmaEventPrms_init)
                  7002320c    00000004     --HOLE-- [fill = 0]
                  70023210    000000bc                                              : udma_rm.obj (.text.Udma_rmFreeMappedRxCh)
                  700232cc    00000004     --HOLE-- [fill = 0]
                  700232d0    000000bc                                              : udma_rm.obj (.text.Udma_rmFreeMappedTxCh)
                  7002338c    00000004     --HOLE-- [fill = 0]
                  70023390    000000b8                                              : udma_utils.obj (.text.Udma_phyToVirtFxn)
                  70023448    00000008     --HOLE-- [fill = 0]
                  70023450    000000b8                                              : udma_utils.obj (.text.Udma_virtToPhyFxn)
                  70023508    00000008     --HOLE-- [fill = 0]
                  70023510    000000b4                                              : udma_utils.obj (.text.CSL_udmapCppi5SetIds)
                  700235c4    0000000c     --HOLE-- [fill = 0]
                  700235d0    000000b4     nortos.am64x.r5f.ti-arm-clang.debug.lib : SemaphoreP_nortos.obj (.text.SemaphoreP_post)
                  70023684    0000000c     --HOLE-- [fill = 0]
                  70023690    000000b0     drivers.am64x.r5f.ti-arm-clang.debug.lib : bootloader.obj (.text.Bootloader_loadCpu)
                  70023740    000000b0                                              : bootloader_soc.obj (.text.Bootloader_socCpuPowerOnResetA53)
                  700237f0    000000b0                                              : bootloader_soc.obj (.text.Bootloader_socInitR5FAtcmBtcm)
                  700238a0    000000b0                                              : csl_intaggr.obj (.text.CSL_intaggrClrIntr)
                  70023950    000000b0                                              : uart_v0.obj (.text.UART_writeCancelNoCB)
                  70023a00    000000ac                                              : lpddr4.obj (.text.LPDDR4_SanityFunction4)
                  70023aac    00000004     --HOLE-- [fill = 0]
                  70023ab0    000000ac                                              : ospi_v0.obj (.text.OSPI_getCmdExt)
                  70023b5c    00000004     --HOLE-- [fill = 0]
                  70023b60    000000ac                                              : ospi_v0.obj (.text.OSPI_setNumAddrBytes)
                  70023c0c    00000004     --HOLE-- [fill = 0]
                  70023c10    000000ac                                              : sciclient_pm.obj (.text.Sciclient_pmSetModuleRst)
                  70023cbc    00000004     --HOLE-- [fill = 0]
                  70023cc0    000000ac                                              : sciclient_procboot.obj (.text.Sciclient_procBootGetProcessorState)
                  70023d6c    00000004     --HOLE-- [fill = 0]
                  70023d70    000000a8                                              : lpddr4.obj (.text.LPDDR4_PollAndAckIrq)
                  70023e18    00000008     --HOLE-- [fill = 0]
                  70023e20    000000a8                                              : ospi_dma.obj (.text.OSPI_dmaCopy)
                  70023ec8    00000008     --HOLE-- [fill = 0]
                  70023ed0    000000a8                                              : ospi_v0.obj (.text.OSPI_writeFifoData)
                  70023f78    00000008     --HOLE-- [fill = 0]
                  70023f80    000000a8                                              : sciclient.obj (.text.Sciclient_getCurrentContext)
                  70024028    00000008     --HOLE-- [fill = 0]
                  70024030    000000a8                                              : sciclient_rm_irq.obj (.text.Sciclient_rmIrqUnmappedVintRouteDelete)
                  700240d8    00000008     --HOLE-- [fill = 0]
                  700240e0    000000a8                                              : sciclient.obj (.text.Sciclient_triggerSecHandover)
                  70024188    00000008     --HOLE-- [fill = 0]
                  70024190    000000a8                                              : udma_rm.obj (.text.Udma_rmFreeBlkCopyCh)
                  70024238    00000008     --HOLE-- [fill = 0]
                  70024240    000000a8                                              : udma_rm.obj (.text.Udma_rmFreeBlkCopyHcCh)
                  700242e8    00000008     --HOLE-- [fill = 0]
                  700242f0    000000a8                                              : udma_rm.obj (.text.Udma_rmFreeBlkCopyUhcCh)
                  70024398    00000008     --HOLE-- [fill = 0]
                  700243a0    000000a8                                              : udma_rm.obj (.text.Udma_rmFreeEvent)
                  70024448    00000008     --HOLE-- [fill = 0]
                  70024450    000000a8                                              : udma_rm.obj (.text.Udma_rmFreeIrIntr)
                  700244f8    00000008     --HOLE-- [fill = 0]
                  70024500    000000a8                                              : udma_rm.obj (.text.Udma_rmFreeRxCh)
                  700245a8    00000008     --HOLE-- [fill = 0]
                  700245b0    000000a8                                              : udma_rm.obj (.text.Udma_rmFreeRxHcCh)
                  70024658    00000008     --HOLE-- [fill = 0]
                  70024660    000000a8                                              : udma_rm.obj (.text.Udma_rmFreeRxUhcCh)
                  70024708    00000008     --HOLE-- [fill = 0]
                  70024710    000000a8                                              : udma_rm.obj (.text.Udma_rmFreeTxCh)
                  700247b8    00000008     --HOLE-- [fill = 0]
                  700247c0    000000a8                                              : udma_rm.obj (.text.Udma_rmFreeTxHcCh)
                  70024868    00000008     --HOLE-- [fill = 0]
                  70024870    000000a8                                              : udma_rm.obj (.text.Udma_rmFreeTxUhcCh)
                  70024918    00000008     --HOLE-- [fill = 0]
                  70024920    000000a8                                              : udma_rm.obj (.text.Udma_rmFreeVintr)
                  700249c8    00000008     --HOLE-- [fill = 0]
                  700249d0    000000a4                                              : bootloader_soc.obj (.text.Bootloader_socCpuRelease)
                  70024a74    0000000c     --HOLE-- [fill = 0]
                  70024a80    000000a4                                              : bootloader_sysfw_load.obj (.text.Bootloader_socLoadSysFw)
                  70024b24    0000000c     --HOLE-- [fill = 0]
                  70024b30    000000a4                                              : uart_v0.obj (.text.UART_getChar)
                  70024bd4    0000000c     --HOLE-- [fill = 0]
                  70024be0    000000a0                                              : bootloader_soc.obj (.text.Bootloader_socCpuRequest)
                  70024c80    000000a0                                              : sciclient.obj (.text.Sciclient_abiCheck)
                  70024d20    000000a0                                              : sciclient_soc_priv.obj (.text.Sciclient_getDevId)
                  70024dc0    000000a0                                              : sciclient_procboot.obj (.text.Sciclient_procBootRequestProcessor)
                  70024e60    000000a0                                              : sciclient_rm.obj (.text.Sciclient_rmIrqSetRaw)
                  70024f00    000000a0                                              : sciclient_rm.obj (.text.Sciclient_rmRingCfg)
                  70024fa0    000000a0                                              : sciclient_rm.obj (.text.Sciclient_rmUdmapFlowCfg)
                  70025040    000000a0                                              : sciclient_rm.obj (.text.Sciclient_rmUdmapFlowSizeThreshCfg)
                  700250e0    000000a0                                              : sciclient_rm.obj (.text.Sciclient_rmUdmapRxChCfg)
                  70025180    000000a0                                              : sciclient_rm.obj (.text.Sciclient_rmUdmapTxChCfg)
                  70025220    000000a0                                              : sciclient_rm_irq.obj (.text.Sciclient_rmUnmappedVintRouteCreate)
                  700252c0    000000a0                                              : udma_ring_lcdma.obj (.text.Udma_ringPrimeLcdma)
                  70025360    0000009c                                              : bootloader_soc.obj (.text.Bootloader_socCpuPowerOnReset)
                  700253fc    00000004     --HOLE-- [fill = 0]
                  70025400    0000009c                                              : lpddr4.obj (.text.LPDDR4_CheckPhyIndepInterrupt)
                  7002549c    00000004     --HOLE-- [fill = 0]
                  700254a0    0000009c                                              : sciclient_rm.obj (.text.Sciclient_rmIrqReleaseRaw)
                  7002553c    00000004     --HOLE-- [fill = 0]
                  70025540    0000009c                                              : sciclient_rm.obj (.text.Sciclient_rmPsilPair)
                  700255dc    00000004     --HOLE-- [fill = 0]
                  700255e0    0000009c                                              : sciclient_rm.obj (.text.Sciclient_rmPsilUnpair)
                  7002567c    00000004     --HOLE-- [fill = 0]
                  70025680    0000009c                                              : uart_v0.obj (.text.UART_regConfigModeEnable)
                  7002571c    00000004     --HOLE-- [fill = 0]
                  70025720    00000098                                              : csl_pktdma.obj (.text.CSL_pktdmaIsValidChanIdx)
                  700257b8    00000008     --HOLE-- [fill = 0]
                  700257c0    00000098                                              : ddr.obj (.text.DDR_probe)
                  70025858    00000008     --HOLE-- [fill = 0]
                  70025860    00000098     board.am64x.r5f.ti-arm-clang.debug.lib : flash_nor_xspi.obj (.text.Flash_norXspiResetMemory)
                  700258f8    00000008     --HOLE-- [fill = 0]
                  70025900    00000098     drivers.am64x.r5f.ti-arm-clang.debug.lib : sciclient_procboot.obj (.text.Sciclient_procBootSetProcessorCfg)
                  70025998    00000008     --HOLE-- [fill = 0]
                  700259a0    00000098                                              : sciclient_rm_irq.obj (.text.Sciclient_rmIaValidateGlobalEvt)
                  70025a38    00000008     --HOLE-- [fill = 0]
                  70025a40    00000098                                              : udma_ring_common.obj (.text.UdmaRingPrms_init)
                  70025ad8    00000008     --HOLE-- [fill = 0]
                  70025ae0    00000094                                              : bootloader_soc.obj (.text.Bootloader_socRprcToCslCoreId)
                  70025b74    0000000c     --HOLE-- [fill = 0]
                  70025b80    00000094     board.am64x.r5f.ti-arm-clang.debug.lib : flash.obj (.text.Flash_read)
                  70025c14    0000000c     --HOLE-- [fill = 0]
                  70025c20    00000094     drivers.am64x.r5f.ti-arm-clang.debug.lib : lpddr4.obj (.text.LPDDR4_AckPhyIndepInterrupt)
                  70025cb4    0000000c     --HOLE-- [fill = 0]
                  70025cc0    00000094                                              : ospi_dma.obj (.text.OSPI_dmaClose)
                  70025d54    0000000c     --HOLE-- [fill = 0]
                  70025d60    00000090                                              : bootloader.obj (.text.Bootloader_runSelfCpu)
                  70025df0    00000090                                              : soc.obj (.text.SOC_controlModuleLockMMR)
                  70025e80    00000090                                              : sciclient_rm_irq.obj (.text.Sciclient_rmPsPush)
                  70025f10    00000090     nortos.am64x.r5f.ti-arm-clang.debug.lib : SemaphoreP_nortos.obj (.text.SemaphoreP_construct)
                  70025fa0    00000090     drivers.am64x.r5f.ti-arm-clang.debug.lib : udma_utils.obj (.text.UdmaUtils_getTrSizeEncoded)
                  70026030    00000090                                              : udma_utils.obj (.text.UdmaUtils_makeTrpdTr15)
                  700260c0    0000008c                                              : csl_intaggr.obj (.text.CSL_intaggrGetCfg)
                  7002614c    00000004     --HOLE-- [fill = 0]
                  70026150    0000008c                                              : ospi_v0.obj (.text.OSPI_setDeviceSize)
                  700261dc    00000004     --HOLE-- [fill = 0]
                  700261e0    0000008c                                              : ospi_v0.obj (.text.OSPI_setRdDataCaptureDelay)
                  7002626c    00000004     --HOLE-- [fill = 0]
                  70026270    0000008c                                              : sciclient_rm_irq.obj (.text.Sciclient_rmIrGetInst)
                  700262fc    00000004     --HOLE-- [fill = 0]
                  70026300    0000008c                                              : udma_event.obj (.text.Udma_eventGetId)
                  7002638c    00000004     --HOLE-- [fill = 0]
                  70026390    0000008c                                              : udma_rmcfg.obj (.text.Udma_rmGetSharedResPrms)
                  7002641c    00000004     --HOLE-- [fill = 0]
                  70026420    00000088     ti_board_open_close.obj (.text.Board_flashClose)
                  700264a8    00000008     --HOLE-- [fill = 0]
                  700264b0    00000088     ti_drivers_open_close.obj (.text.Drivers_ospiClose)
                  70026538    00000008     --HOLE-- [fill = 0]
                  70026540    00000088     ti_drivers_open_close.obj (.text.Drivers_uartClose)
                  700265c8    00000008     --HOLE-- [fill = 0]
                  700265d0    00000088     board.am64x.r5f.ti-arm-clang.debug.lib : flash_nor_xspi.obj (.text.Flash_norXspiCmdRead)
                  70026658    00000008     --HOLE-- [fill = 0]
                  70026660    00000088                                            : flash_nor_xspi.obj (.text.Flash_norXspiCmdWrite)
                  700266e8    00000008     --HOLE-- [fill = 0]
                  700266f0    00000088     drivers.am64x.r5f.ti-arm-clang.debug.lib : lpddr4.obj (.text.LPDDR4_SanityFunction5)
                  70026778    00000008     --HOLE-- [fill = 0]
                  70026780    00000088                                              : ospi_v0.obj (.text.OSPI_getHandle)
                  70026808    00000008     --HOLE-- [fill = 0]
                  70026810    00000088                                              : uart_v0.obj (.text.UART_getHandle)
                  70026898    00000008     --HOLE-- [fill = 0]
                  700268a0    00000088     nortos.am64x.r5f.ti-arm-clang.debug.lib : printf.obj (.text._strnlen_s)
                  70026928    00000008     --HOLE-- [fill = 0]
                  70026930    00000084     drivers.am64x.r5f.ti-arm-clang.debug.lib : csl_pktdma.obj (.text.CSL_pktdmaIsChanEnabled)
                  700269b4    0000000c     --HOLE-- [fill = 0]
                  700269c0    00000084     ti_power_clock_config.obj (.text.Module_clockSetFrequency)
                  70026a44    0000000c     --HOLE-- [fill = 0]
                  70026a50    00000084     drivers.am64x.r5f.ti-arm-clang.debug.lib : sciclient_rm_irq.obj (.text.Sciclient_rmIaGetInst)
                  70026ad4    0000000c     --HOLE-- [fill = 0]
                  70026ae0    00000084                                              : uart_v0.obj (.text.UART_checkOpenParams)
                  70026b64    0000000c     --HOLE-- [fill = 0]
                  70026b70    00000080                                              : csl_bcdma.obj (.text.CSL_bcdmaGetChanPeerReg)
                  70026bf0    00000080                                              : csl_pktdma.obj (.text.CSL_pktdmaGetRxRT)
                  70026c70    00000080                                              : csl_pktdma.obj (.text.CSL_pktdmaGetTxRT)
                  70026cf0    00000080                                              : ddr.obj (.text.DDR_setClock)
                  70026d70    00000080                                              : udma_ring_lcdma.obj (.text.Udma_lcdmaRingaccMemOps)
                  70026df0    0000007c                                              : udma_utils.obj (.text.CSL_udmapCppi5SetPktLen)
                  70026e6c    00000004     --HOLE-- [fill = 0]
                  70026e70    0000007c                                              : ospi_v0.obj (.text.OSPI_enableDacMode)
                  70026eec    00000004     --HOLE-- [fill = 0]
                  70026ef0    0000007c                                              : uart_v0.obj (.text.UART_fifoRegisterWrite)
                  70026f6c    00000004     --HOLE-- [fill = 0]
                  70026f70    0000007c                                              : uart_v0.obj (.text.UART_lineCharConfig)
                  70026fec    00000004     --HOLE-- [fill = 0]
                  70026ff0    00000078                                              : bootloader.obj (.text.Bootloader_BootImageInfo_init)
                  70027068    00000008     --HOLE-- [fill = 0]
                  70027070    00000078                                              : bootloader_profile.obj (.text.Bootloader_profileAddProfilePoint)
                  700270e8    00000008     --HOLE-- [fill = 0]
                  700270f0    00000078                                              : ospi_v0.obj (.text.OSPI_setCmdDummyCycles)
                  70027168    00000008     --HOLE-- [fill = 0]
                  70027170    00000078                                              : ospi_v0.obj (.text.OSPI_setReadDummyCycles)
                  700271e8    00000008     --HOLE-- [fill = 0]
                  700271f0    00000078                                              : uart_v0.obj (.text.UART_getIntrIdentityStatus)
                  70027268    00000008     --HOLE-- [fill = 0]
                  70027270    00000078                                              : udma_ring_lcdma.obj (.text.Udma_ringGetForwardRingOccLcdma)
                  700272e8    00000008     --HOLE-- [fill = 0]
                  700272f0    00000078                                              : udma_ring_lcdma.obj (.text.Udma_ringGetReverseRingOccLcdma)
                  70027368    00000008     --HOLE-- [fill = 0]
                  70027370    00000078     nortos.am64x.r5f.ti-arm-clang.debug.lib : DebugP_nortos.obj (.text._DebugP_logZone)
                  700273e8    00000008     --HOLE-- [fill = 0]
                  700273f0    00000074     drivers.am64x.r5f.ti-arm-clang.debug.lib : bootloader.obj (.text.Bootloader_close)
                  70027464    0000000c     --HOLE-- [fill = 0]
                  70027470    00000074                                              : bootloader.obj (.text.Bootloader_rprcImageParseEntryPoint)
                  700274e4    0000000c     --HOLE-- [fill = 0]
                  700274f0    00000074     ti_power_clock_config.obj (.text.Module_clockDisable)
                  70027564    0000000c     --HOLE-- [fill = 0]
                  70027570    00000074     ti_power_clock_config.obj (.text.Module_clockEnable)
                  700275e4    0000000c     --HOLE-- [fill = 0]
                  700275f0    00000074     drivers.am64x.r5f.ti-arm-clang.debug.lib : sciclient.obj (.text.Sciclient_secProxyWaitThread)
                  70027664    0000000c     --HOLE-- [fill = 0]
                  70027670    00000074                                              : uart_v0.obj (.text.UART_readLineStatus)
                  700276e4    0000000c     --HOLE-- [fill = 0]
                  700276f0    00000074                                              : uart_v0.obj (.text.UART_writeDataPolling)
                  70027764    0000000c     --HOLE-- [fill = 0]
                  70027770    00000074                                              : udma_ch.obj (.text.Udma_chInitRegs)
                  700277e4    0000000c     --HOLE-- [fill = 0]
                  700277f0    00000070                                              : csl_bcdma.obj (.text.CSL_bcdmaSetChanPeerReg)
                  70027860    00000070                                              : csl_bcdma.obj (.text.CSL_bcdmaTeardownRxChan)
                  700278d0    00000070                                              : csl_bcdma.obj (.text.CSL_bcdmaTeardownTxChan)
                  70027940    00000070     nortos.am64x.r5f.ti-arm-clang.debug.lib : ClockP_nortos.obj (.text.ClockP_start)
                  700279b0    00000070     drivers.am64x.r5f.ti-arm-clang.debug.lib : sciclient_rm_irq.obj (.text.Sciclient_rmIrqGetNodeItf)
                  70027a20    00000070                                              : udma_utils.obj (.text.UdmaUtils_getRingMemSize)
                  70027a90    0000006c     board.am64x.r5f.ti-arm-clang.debug.lib : flash.obj (.text.Flash_close)
                  70027afc    00000004     --HOLE-- [fill = 0]
                  70027b00    0000006c                                            : flash_nor_xspi.obj (.text.Flash_norXspiRegRead)
                  70027b6c    00000004     --HOLE-- [fill = 0]
                  70027b70    0000006c     drivers.am64x.r5f.ti-arm-clang.debug.lib : lpddr4.obj (.text.LPDDR4_SanityFunction2)
                  70027bdc    00000004     --HOLE-- [fill = 0]
                  70027be0    0000006c                                              : ospi_v0.obj (.text.OSPI_disablePhyPipeline)
                  70027c4c    00000004     --HOLE-- [fill = 0]
                  70027c50    0000006c                                              : ospi_v0.obj (.text.OSPI_enableDDR)
                  70027cbc    00000004     --HOLE-- [fill = 0]
                  70027cc0    0000006c                                              : ospi_v0.obj (.text.OSPI_enablePhyPipeline)
                  70027d2c    00000004     --HOLE-- [fill = 0]
                  70027d30    0000006c                                              : ospi_v0.obj (.text.OSPI_enableSDR)
                  70027d9c    00000004     --HOLE-- [fill = 0]
                  70027da0    0000006c                                              : ospi_v0.obj (.text.OSPI_utilLog2)
                  70027e0c    00000004     --HOLE-- [fill = 0]
                  70027e10    0000006c                                              : uart_v0.obj (.text.UART_checkTransaction)
                  70027e7c    00000004     --HOLE-- [fill = 0]
                  70027e80    0000006c                                              : uart_v0.obj (.text.UART_spaceAvail)
                  70027eec    00000004     --HOLE-- [fill = 0]
                  70027ef0    0000006c     nortos.am64x.r5f.ti-arm-clang.debug.lib : printf.obj (.text._atoi)
                  70027f5c    00000004     --HOLE-- [fill = 0]
                  70027f60    00000068     drivers.am64x.r5f.ti-arm-clang.debug.lib : lpddr4.obj (.text.LPDDR4_SanityFunction1)
                  70027fc8    00000008     --HOLE-- [fill = 0]
                  70027fd0    00000068                                              : sciclient_rm_irq.obj (.text.Sciclient_rmPsSetInp)
                  70028038    00000008     --HOLE-- [fill = 0]
                  70028040    00000068                                              : sciclient_rm_irq.obj (.text.Sciclient_rmPsSetOutp)
                  700280a8    00000008     --HOLE-- [fill = 0]
                  700280b0    00000064                                              : csl_bcdma.obj (.text.CSL_REG32_FINS_RAW)
                  70028114    0000000c     --HOLE-- [fill = 0]
                  70028120    00000064                                              : ospi_phy.obj (.text.CSL_REG32_FINS_RAW)
                  70028184    0000000c     --HOLE-- [fill = 0]
                  70028190    00000064                                              : ospi_v0.obj (.text.CSL_REG32_FINS_RAW)
                  700281f4    0000000c     --HOLE-- [fill = 0]
                  70028200    00000064     nortos.am64x.r5f.ti-arm-clang.debug.lib : DebugP_uartLogWriter.obj (.text.DebugP_uartLogWriterPutChar)
                  70028264    0000000c     --HOLE-- [fill = 0]
                  70028270    00000064     drivers.am64x.r5f.ti-arm-clang.debug.lib : uart_v0.obj (.text.UART_enhanFuncEnable)
                  700282d4    0000000c     --HOLE-- [fill = 0]
                  700282e0    00000064                                              : udma_ring_lcdma.obj (.text.Udma_ringDequeueRawLcdma)
[...]
7002de28  DDRSS_phyIndepReg                                                             
7002e38c  DDRSS_phyRegNum                                                               
7002e782  DDRSS_ctlRegNum                                                               
7002ead0  DDRSS_phyIndepRegNum                                                          
7002efe8  gAddrTranslateInfo                                                            
7002f0ac  vint_usage_count_DMASS0_INTAGGR_0                                             
7002f164  gCoreBootInfo                                                                 
7002f528  gRmIrInstances                                                                
7002f588  gUdmaRmSharedResPrms                                                          
7002f5e0  gMpuRegionConfig                                                              
7002f680  gUartParams                                                                   
7002f6cc  gFlashNorXspiDeviceDefines_S28HS512T                                          
7002f714  gBootloaderConfigNum                                                          
7002f740  gFlashNorXspiAttrs_S28HS512T                                                  
7002f768  gPhyTuneWindowParamsGTE133                                                    
7002f790  gPhyTuneWindowParamsLT133                                                     
7002f7b8  gSocModulesClockFrequency                                                     
7002f7fc  gRmIaInstances                                                                
7002f81c  gCacheL1dCacheLineSize                                                        
7002f820  gSciclientSecProxyCfg                                                         
7002f840  gOspiUdma0Args                                                                
7002f85c  gSocModules                                                                   
7002f890  gBootloaderFlashFxns                                                          
7002f8a4  gClockConfig                                                                  
7002f8b8  gFlashNorXspiFxns                                                             
7002f8e0  gFlashConfig                                                                  
7002f900  gAddrTranslateConfig                                                          
7002f90c  gBootloader0Args                                                              
7002f918  gMpuConfig                                                                    
7002f924  gOspiDmaUdmaFxns                                                              
7002f930  gBootloaderConfig                                                             
7002f938  gCacheConfig                                                                  
7002f940  gOspiConfig                                                                   
7002f948  gOspiDmaConfig                                                                
7002f960  gUartConfig                                                                   
7002f968  gCacheL1pCacheLineSize                                                        
7002f96c  gDebugLogZone                                                                 
7002f970  gDebugP_uartDrvIndex                                                          
7002f974  gFlashConfigNum                                                               
7002f978  gHwiConfig                                                                    
7002f97c  gOspiConfigNum                                                                
7002f980  gOspiDmaConfigNum                                                             
7002f984  gOspiParams                                                                   
7002f988  gPhyTuneWindowParams                                                          
7002f98c  gUartConfigNum                                                                
7002fa00  gSysFw                                                                        
7005c6b4  gUdmaRmDefBoardCfg_Pktdma                                                     
7005cc58  gUdmaTxMappedChRingAttributes                                                 
7005cd90  gSciclientMap                                                                 
7005d468  gUdmaRxMappedChRingAttributes                                                 
7005d590  gUdmaRmDefBoardCfg_Bcdma                                                      
7005d774  tisci_if_TIMESYNC_EVENT_INTROUTER0                                            
7005d89c  gRmIrqTree                                                                    
7005d8f4  gRmIrqTreeCount                                                               
7005d994  gSOC_r5fVectors                                                               
7005da24  tisci_if_MAIN_GPIOMUX_INTROUTER0                                              
7005da58  tisci_if_DMASS0_INTAGGR_0                                                     
7005dab8  tisci_if_MCU_MCU_GPIOMUX_INTROUTER0                                           
7005dadc  tisci_if_CPTS0                                                                
7005dafc  tisci_if_EPWM0                                                                
7005db00  gBoardConfigLow_debug                                                         
7005db3c  tisci_if_PRU_ICSSG0                                                           
7005db58  tisci_if_PRU_ICSSG1                                                           
7005db74  tisci_if_CMP_EVENT_INTROUTER0                                                 
7005db8c  tisci_if_PCIE0                                                                
7005dbc4  tisci_if_CPSW0                                                                
7005dc04  CMP_EVENT_INTROUTER0_outp_0_15_to_GICSS0_spi_48_63                            
7005dc0c  CMP_EVENT_INTROUTER0_outp_16_23_to_R5FSS0_CORE0_intr_48_55                    
7005dc14  CMP_EVENT_INTROUTER0_outp_16_23_to_R5FSS0_CORE1_intr_48_55                    
7005dc1c  CMP_EVENT_INTROUTER0_outp_24_31_to_R5FSS1_CORE0_intr_48_55                    
7005dc24  CMP_EVENT_INTROUTER0_outp_24_31_to_R5FSS1_CORE1_intr_48_55                    
7005dc2c  CMP_EVENT_INTROUTER0_outp_32_39_to_DMASS0_INTAGGR_0_intaggr_levi_pend_0_7     
7005dc34  CPSW0_cpts_comp_0_0_to_CMP_EVENT_INTROUTER0_in_80_80                          
7005dc3c  CPSW0_cpts_genf0_1_1_to_TIMESYNC_EVENT_INTROUTER0_in_21_21                    
7005dc44  CPSW0_cpts_genf1_2_2_to_TIMESYNC_EVENT_INTROUTER0_in_22_22                    
7005dc4c  CPSW0_cpts_sync_3_3_to_TIMESYNC_EVENT_INTROUTER0_in_34_34                     
7005dc54  CPTS0_cpts_comp_0_0_to_CMP_EVENT_INTROUTER0_in_82_82                          
7005dc5c  CPTS0_cpts_genf0_1_1_to_TIMESYNC_EVENT_INTROUTER0_in_16_16                    
7005dc64  CPTS0_cpts_genf1_2_2_to_TIMESYNC_EVENT_INTROUTER0_in_17_17                    
7005dc6c  CPTS0_cpts_genf2_3_3_to_TIMESYNC_EVENT_INTROUTER0_in_18_18                    
7005dc74  CPTS0_cpts_genf3_4_4_to_TIMESYNC_EVENT_INTROUTER0_in_19_19                    
7005dc7c  CPTS0_cpts_genf4_5_5_to_TIMESYNC_EVENT_INTROUTER0_in_20_20                    
7005dc84  CPTS0_cpts_genf5_6_6_to_TIMESYNC_EVENT_INTROUTER0_in_24_24                    
7005dc8c  CPTS0_cpts_sync_7_7_to_TIMESYNC_EVENT_INTROUTER0_in_35_35                     
7005dc94  DMASS0_INTAGGR_0_intaggr_vintr_pend_0_39_to_GICSS0_spi_64_103                 
7005dc9c  DMASS0_INTAGGR_0_intaggr_vintr_pend_120_127_to_R5FSS1_CORE0_intr_8_15         
7005dca4  DMASS0_INTAGGR_0_intaggr_vintr_pend_128_135_to_R5FSS1_CORE1_intr_8_15         
7005dcac  DMASS0_INTAGGR_0_intaggr_vintr_pend_152_159_to_PRU_ICSSG0_pr1_slv_intr_16_23  
7005dcb4  DMASS0_INTAGGR_0_intaggr_vintr_pend_160_167_to_PRU_ICSSG1_pr1_slv_intr_16_23  
7005dcbc  DMASS0_INTAGGR_0_intaggr_vintr_pend_168_183_to_MCU_M4FSS0_CORE0_nvic_32_47    
7005dcc4  DMASS0_INTAGGR_0_intaggr_vintr_pend_40_71_to_R5FSS0_CORE0_intr_64_95          
7005dccc  DMASS0_INTAGGR_0_intaggr_vintr_pend_40_71_to_R5FSS0_CORE1_intr_64_95          
7005dcd4  DMASS0_INTAGGR_0_intaggr_vintr_pend_72_79_to_R5FSS0_CORE0_intr_8_15           
7005dcdc  DMASS0_INTAGGR_0_intaggr_vintr_pend_80_87_to_R5FSS0_CORE1_intr_8_15           
7005dce4  DMASS0_INTAGGR_0_intaggr_vintr_pend_88_119_to_R5FSS1_CORE0_intr_64_95         
7005dcec  DMASS0_INTAGGR_0_intaggr_vintr_pend_88_119_to_R5FSS1_CORE1_intr_64_95         
7005dcf4  EPWM0_epwm_synco_o_0_0_to_TIMESYNC_EVENT_INTROUTER0_in_39_39                  
7005dcfc  EPWM3_epwm_synco_o_0_0_to_TIMESYNC_EVENT_INTROUTER0_in_40_40                  
7005dd04  EPWM6_epwm_synco_o_0_0_to_TIMESYNC_EVENT_INTROUTER0_in_41_41                  
7005dd0c  GPIO0_gpio_0_89_to_MAIN_GPIOMUX_INTROUTER0_in_0_89                            
7005dd14  GPIO0_gpio_bank_90_98_to_MAIN_GPIOMUX_INTROUTER0_in_190_198                   
7005dd1c  GPIO1_gpio_0_89_to_MAIN_GPIOMUX_INTROUTER0_in_90_179                          
7005dd24  GPIO1_gpio_bank_90_98_to_MAIN_GPIOMUX_INTROUTER0_in_180_188                   
7005dd2c  GPMC0_gpmc_sdmareq_0_0_to_DMASS0_INTAGGR_0_intaggr_levi_pend_29_29            
7005dd34  GTC0_gtc_push_event_0_0_to_TIMESYNC_EVENT_INTROUTER0_in_36_36                 
7005dd3c  MAIN_GPIOMUX_INTROUTER0_outp_0_15_to_GICSS0_spi_32_47                         
7005dd44  MAIN_GPIOMUX_INTROUTER0_outp_0_15_to_R5FSS0_CORE0_intr_32_47                  
7005dd4c  MAIN_GPIOMUX_INTROUTER0_outp_0_15_to_R5FSS0_CORE1_intr_32_47                  
7005dd54  MAIN_GPIOMUX_INTROUTER0_outp_0_15_to_R5FSS1_CORE0_intr_32_47                  
7005dd5c  MAIN_GPIOMUX_INTROUTER0_outp_0_15_to_R5FSS1_CORE1_intr_32_47                  
7005dd64  MAIN_GPIOMUX_INTROUTER0_outp_16_17_to_DMASS0_INTAGGR_0_intaggr_levi_pend_24_25
7005dd6c  MAIN_GPIOMUX_INTROUTER0_outp_18_23_to_PRU_ICSSG0_pr1_iep0_cap_intr_req_4_9    
7005dd74  MAIN_GPIOMUX_INTROUTER0_outp_18_23_to_PRU_ICSSG1_pr1_iep0_cap_intr_req_4_9    
7005dd7c  MAIN_GPIOMUX_INTROUTER0_outp_24_29_to_PRU_ICSSG0_pr1_iep1_cap_intr_req_10_15  
7005dd84  MAIN_GPIOMUX_INTROUTER0_outp_24_29_to_PRU_ICSSG1_pr1_iep1_cap_intr_req_10_15  
7005dd8c  MAIN_GPIOMUX_INTROUTER0_outp_30_37_to_DMASS0_INTAGGR_0_intaggr_levi_pend_16_23
7005dd94  MAIN_GPIOMUX_INTROUTER0_outp_38_45_to_PRU_ICSSG0_pr1_slv_intr_46_53           
7005dd9c  MAIN_GPIOMUX_INTROUTER0_outp_46_53_to_PRU_ICSSG1_pr1_slv_intr_46_53           
7005dda4  MCU_GPIO0_gpio_0_29_to_MCU_MCU_GPIOMUX_INTROUTER0_in_0_29                     
7005ddac  MCU_GPIO0_gpio_bank_30_31_to_MCU_MCU_GPIOMUX_INTROUTER0_in_30_31              
7005ddb4  MCU_MCU_GPIOMUX_INTROUTER0_outp_0_3_to_GICSS0_spi_104_107                     
7005ddbc  MCU_MCU_GPIOMUX_INTROUTER0_outp_0_3_to_R5FSS0_CORE0_intr_104_107              
7005ddc4  MCU_MCU_GPIOMUX_INTROUTER0_outp_0_3_to_R5FSS0_CORE1_intr_104_107              
7005ddcc  MCU_MCU_GPIOMUX_INTROUTER0_outp_0_3_to_R5FSS1_CORE0_intr_104_107              
7005ddd4  MCU_MCU_GPIOMUX_INTROUTER0_outp_0_3_to_R5FSS1_CORE1_intr_104_107              
7005dddc  MCU_MCU_GPIOMUX_INTROUTER0_outp_4_7_to_MCU_M4FSS0_CORE0_nvic_0_3              
7005dde4  MCU_MCU_GPIOMUX_INTROUTER0_outp_8_11_to_MCU_ESM0_esm_pls_event0_88_91         
7005ddec  MCU_MCU_GPIOMUX_INTROUTER0_outp_8_11_to_MCU_ESM0_esm_pls_event1_92_95         
7005ddf4  MCU_MCU_GPIOMUX_INTROUTER0_outp_8_11_to_MCU_ESM0_esm_pls_event2_96_99         
7005ddfc  PCIE0_pcie_cpts_comp_0_0_to_CMP_EVENT_INTROUTER0_in_81_81                     
7005de04  PCIE0_pcie_cpts_genf0_1_1_to_TIMESYNC_EVENT_INTROUTER0_in_23_23               
7005de0c  PCIE0_pcie_cpts_hw1_push_2_2_to_TIMESYNC_EVENT_INTROUTER0_in_37_37            
7005de14  PCIE0_pcie_cpts_sync_3_3_to_TIMESYNC_EVENT_INTROUTER0_in_33_33                
7005de1c  PCIE0_pcie_ptm_valid_pulse_4_4_to_TIMESYNC_EVENT_INTROUTER0_in_38_38          
7005de24  PRU_ICSSG0_pr1_edc0_sync0_out_0_0_to_TIMESYNC_EVENT_INTROUTER0_in_25_25       
7005de2c  PRU_ICSSG0_pr1_edc0_sync1_out_1_1_to_TIMESYNC_EVENT_INTROUTER0_in_26_26       
7005de34  PRU_ICSSG0_pr1_edc1_sync0_out_2_2_to_TIMESYNC_EVENT_INTROUTER0_in_27_27       
7005de3c  PRU_ICSSG0_pr1_edc1_sync1_out_3_3_to_TIMESYNC_EVENT_INTROUTER0_in_28_28       
7005de44  PRU_ICSSG0_pr1_host_intr_req_4_11_to_CMP_EVENT_INTROUTER0_in_0_7              
7005de4c  PRU_ICSSG0_pr1_iep0_cmp_intr_req_12_27_to_CMP_EVENT_INTROUTER0_in_16_31       
7005de54  PRU_ICSSG0_pr1_iep1_cmp_intr_req_28_43_to_CMP_EVENT_INTROUTER0_in_32_47       
7005de5c  PRU_ICSSG1_pr1_edc0_sync0_out_0_0_to_TIMESYNC_EVENT_INTROUTER0_in_29_29       
7005de64  PRU_ICSSG1_pr1_edc0_sync1_out_1_1_to_TIMESYNC_EVENT_INTROUTER0_in_30_30       
7005de6c  PRU_ICSSG1_pr1_edc1_sync0_out_2_2_to_TIMESYNC_EVENT_INTROUTER0_in_31_31       
7005de74  PRU_ICSSG1_pr1_edc1_sync1_out_3_3_to_TIMESYNC_EVENT_INTROUTER0_in_32_32       
7005de7c  PRU_ICSSG1_pr1_host_intr_req_4_11_to_CMP_EVENT_INTROUTER0_in_8_15             
7005de84  PRU_ICSSG1_pr1_iep0_cmp_intr_req_12_27_to_CMP_EVENT_INTROUTER0_in_48_63       
7005de8c  PRU_ICSSG1_pr1_iep1_cmp_intr_req_28_43_to_CMP_EVENT_INTROUTER0_in_64_79       
7005de94  TIMER0_timer_pwm_0_0_to_TIMESYNC_EVENT_INTROUTER0_in_0_0                      
7005de9c  TIMER1_timer_pwm_0_0_to_TIMESYNC_EVENT_INTROUTER0_in_1_1                      
7005dea4  TIMER2_timer_pwm_0_0_to_TIMESYNC_EVENT_INTROUTER0_in_2_2                      
7005deac  TIMER3_timer_pwm_0_0_to_TIMESYNC_EVENT_INTROUTER0_in_3_3                      
7005deb4  TIMESYNC_EVENT_INTROUTER0_outl_0_7_to_DMASS0_INTAGGR_0_intaggr_levi_pend_8_15 
7005debc  TIMESYNC_EVENT_INTROUTER0_outl_10_10_to_PRU_ICSSG0_pr1_edc1_latch0_in_2_2     
7005dec4  TIMESYNC_EVENT_INTROUTER0_outl_11_11_to_PRU_ICSSG0_pr1_edc1_latch1_in_3_3     
7005decc  TIMESYNC_EVENT_INTROUTER0_outl_12_12_to_PRU_ICSSG1_pr1_edc0_latch0_in_0_0     
7005ded4  TIMESYNC_EVENT_INTROUTER0_outl_13_13_to_PRU_ICSSG1_pr1_edc0_latch1_in_1_1     
7005dedc  TIMESYNC_EVENT_INTROUTER0_outl_14_14_to_PRU_ICSSG1_pr1_edc1_latch0_in_2_2     
7005dee4  TIMESYNC_EVENT_INTROUTER0_outl_15_15_to_PRU_ICSSG1_pr1_edc1_latch1_in_3_3     
7005deec  TIMESYNC_EVENT_INTROUTER0_outl_16_16_to_CPTS0_cpts_hw1_push_0_0               
7005def4  TIMESYNC_EVENT_INTROUTER0_outl_17_17_to_CPTS0_cpts_hw2_push_1_1               
7005defc  TIMESYNC_EVENT_INTROUTER0_outl_18_18_to_CPTS0_cpts_hw3_push_2_2               
7005df04  TIMESYNC_EVENT_INTROUTER0_outl_19_19_to_CPTS0_cpts_hw4_push_3_3               
7005df0c  TIMESYNC_EVENT_INTROUTER0_outl_20_20_to_CPTS0_cpts_hw5_push_4_4               
7005df14  TIMESYNC_EVENT_INTROUTER0_outl_21_21_to_CPTS0_cpts_hw6_push_5_5               
7005df1c  TIMESYNC_EVENT_INTROUTER0_outl_22_22_to_CPTS0_cpts_hw7_push_6_6               
7005df24  TIMESYNC_EVENT_INTROUTER0_outl_23_23_to_CPTS0_cpts_hw8_push_7_7               
7005df2c  TIMESYNC_EVENT_INTROUTER0_outl_29_29_to_PCIE0_pcie_cpts_hw2_push_0_0          
7005df34  TIMESYNC_EVENT_INTROUTER0_outl_30_30_to_CPSW0_cpts_hw1_push_0_0               
7005df3c  TIMESYNC_EVENT_INTROUTER0_outl_31_31_to_CPSW0_cpts_hw2_push_1_1               
7005df44  TIMESYNC_EVENT_INTROUTER0_outl_32_32_to_CPSW0_cpts_hw3_push_2_2               
7005df4c  TIMESYNC_EVENT_INTROUTER0_outl_33_33_to_CPSW0_cpts_hw4_push_3_3               
7005df54  TIMESYNC_EVENT_INTROUTER0_outl_34_34_to_CPSW0_cpts_hw5_push_4_4               
7005df5c  TIMESYNC_EVENT_INTROUTER0_outl_35_35_to_CPSW0_cpts_hw6_push_5_5               
7005df64  TIMESYNC_EVENT_INTROUTER0_outl_36_36_to_CPSW0_cpts_hw7_push_6_6               
7005df6c  TIMESYNC_EVENT_INTROUTER0_outl_37_37_to_CPSW0_cpts_hw8_push_7_7               
7005df74  TIMESYNC_EVENT_INTROUTER0_outl_8_8_to_PRU_ICSSG0_pr1_edc0_latch0_in_0_0       
7005df7c  TIMESYNC_EVENT_INTROUTER0_outl_9_9_to_PRU_ICSSG0_pr1_edc0_latch1_in_1_1       
7005df84  gSOC_a53WhileLoop                                                             
7005df8c  tisci_if_GPIO0                                                                
7005df94  tisci_if_GPIO1                                                                
7005df9c  tisci_if_MCU_GPIO0                                                            
7005e054  tisci_if_EPWM3                                                                
7005e058  tisci_if_EPWM6                                                                
7005e05c  tisci_if_GPMC0                                                                
7005e060  tisci_if_GTC0                                                                 
7005e064  tisci_if_TIMER0                                                               
7005e068  tisci_if_TIMER1                                                               
7005e06c  tisci_if_TIMER2                                                               
7005e070  tisci_if_TIMER3                                                               
70070000  __stack                                                                       
70070000  __start___llvm_prf_cnts                                                       
70070000  __stop___llvm_prf_cnts                                                        
70074000  __BSS_START                                                                   
70074000  __STACK_END                                                                   
70074000  gHwiCtrl                                                                      
70075008  gUdmaDrvObj                                                                   
7007601c  gProfileObj                                                                   
70076120  gClockCtrl                                                                    
70076320  gFlashObject_S28HS512T                                                        
7007632c  gFlashHandle                                                                  
70076330  gOspiHandle                                                                   
70076334  gUartHandle                                                                   
70076380  __BSS_END                                                                     
70076380  __IRQ_STACK_START                                                             
70077380  __FIQ_STACK_START                                                             
70077380  __IRQ_STACK_END                                                               
70077480  __FIQ_STACK_END                                                               
70077480  __SVC_STACK_START                                                             
70077580  __ABORT_STACK_START                                                           
70077580  __SVC_STACK_END                                                               
70077680  __ABORT_STACK_END                                                             
70077680  __UNDEFINED_STACK_START                                                       
70077780  __UNDEFINED_STACK_END                                                         
ffffffff  __TI_pprof_out_hndl                                                           
ffffffff  __TI_prof_data_size                                                           
ffffffff  __TI_prof_data_start                                                          
ffffffff  __binit__                                                                     
ffffffff  binit                                                                         
UNDEFED   __TI_CINIT_Base                                                               
UNDEFED   __TI_CINIT_Limit                                                              
UNDEFED   __TI_Handler_Table_Base                                                       
UNDEFED   __TI_Handler_Table_Limit                                                      
UNDEFED   _system_post_cinit                                                            

[680 symbols]
