******************************************************************************
            TI ARM Clang Linker Unix v1.3.0                    
******************************************************************************
>> Linked Sat Nov 13 03:26:19 2021

OUTPUT FILE NAME:   <sbl_ospi.release.out>
ENTRY POINT SYMBOL: "_vectors_sbl"  address: 70000000


MEMORY CONFIGURATION

         name            origin    length      used     unused   attr    fill
----------------------  --------  ---------  --------  --------  ----  --------
  R5F_VECS              00000000   00000040  00000000  00000040  RWIX
  R5F_TCMA              00000040   00007fc0  00000000  00007fc0  RWIX
  R5F_TCMB0             41010000   00008000  00000000  00008000  RWIX
  MSRAM_VECS            70000000   00000100  00000040  000000c0  RWIX
  MSRAM_0               70000100   0006ff00  00046300  00029c00  RWIX
  MSRAM_1               70070000   00010000  00007780  00008880  RWIX


SEGMENT ALLOCATION MAP

run origin  load origin   length   init length attrs members
----------  ----------- ---------- ----------- ----- -------
70000000    70000000    00000040   00000040    r-x
  70000000    70000000    00000040   00000040    r-x .vectors
70000100    70000100    00015230   00015230    r-x
  70000100    70000100    000140a0   000140a0    r-x .text
  700141a0    700141a0    000008d0   000008d0    r-x .text.hwi
  70014a70    70014a70    000004a0   000004a0    r-x .text.cache
  70014f10    70014f10    000002d0   000002d0    r-x .text.mpu
  700151e0    700151e0    00000150   00000150    r-x .text.boot
70015330    70015330    00002708   00002708    rw-
  70015330    70015330    00002708   00002708    rw- .data
70017a80    70017a80    0002e980   0002e980    r--
  70017a80    70017a80    0002e980   0002e980    r-- .rodata
70070000    70070000    00006380   00000000    rw-
  70070000    70070000    00004000   00000000    rw- .stack
  70074000    70074000    00002380   00000000    rw- .bss
70076380    70076380    00001400   00000000    r--
  70076380    70076380    00001000   00000000    r-- .irqstack
  70077380    70077380    00000100   00000000    r-- .fiqstack
  70077480    70077480    00000100   00000000    r-- .svcstack
  70077580    70077580    00000100   00000000    r-- .abortstack
  70077680    70077680    00000100   00000000    r-- .undefinedstack


SECTION ALLOCATION MAP

 output                                  attributes/
section   page    origin      length       input sections
--------  ----  ----------  ----------   ----------------
.vectors   0    70000000    00000040     
                  70000000    00000040     nortos.am64x.r5f.ti-arm-clang.release.lib : HwiP_armv7r_vectors_nortos_sbl_asm.obj (.vectors)

.text      0    70000100    000140a0     
                  70000100    00000a00     drivers.am64x.r5f.ti-arm-clang.release.lib : sciclient_rm_irq.obj (.text.Sciclient_rmIrqFindRoute)
                  70000b00    000008e8                                                : ospi_phy.obj (.text.OSPI_phyFindOTP1)
                  700013e8    00000008     libc.a : exit.c.obj (.text:abort)
                  700013f0    00000860     nortos.am64x.r5f.ti-arm-clang.release.lib : printf.obj (.text._vsnprintf)
                  70001c50    00000828     drivers.am64x.r5f.ti-arm-clang.release.lib : udma_ch.obj (.text.Udma_chDisable)
                  70002478    00000004     libclang_rt.builtins.a : aeabi_memcpy.S.obj (.text)
                  7000247c    00000004     --HOLE-- [fill = 0]
                  70002480    00000720     drivers.am64x.r5f.ti-arm-clang.release.lib : csl_bcdma.obj (.text.CSL_bcdmaChanOp)
                  70002ba0    00000648                                                : udma_rm.obj (.text.Udma_rmDeinit)
                  700031e8    00000008     --HOLE-- [fill = 0]
                  700031f0    00000628                                                : udma_event.obj (.text.Udma_eventRegister)
                  70003818    00000008     --HOLE-- [fill = 0]
                  70003820    00000558                                                : udma_ch.obj (.text.Udma_chOpen)
                  70003d78    00000008     --HOLE-- [fill = 0]
                  70003d80    0000053c     board.am64x.r5f.ti-arm-clang.release.lib : flash_nor_xspi.obj (.text.Flash_norXspiOpen)
                  700042bc    00000004     --HOLE-- [fill = 0]
                  700042c0    000004f8     drivers.am64x.r5f.ti-arm-clang.release.lib : uart_v0.obj (.text.UART_open)
                  700047b8    00000008     --HOLE-- [fill = 0]
                  700047c0    000004c4                                                : sciclient.obj (.text.Sciclient_service)
                  70004c84    0000000c     --HOLE-- [fill = 0]
                  70004c90    000004c0                                                : sciclient_rm_irq.obj (.text.Sciclient_rmIrqGetRoute)
                  70005150    00000490                                                : ospi_phy.obj (.text.OSPI_phyFindOTP2)
                  700055e0    00000450     nortos.am64x.r5f.ti-arm-clang.release.lib : printf.obj (.text._ftoa)
                  70005a30    00000400     drivers.am64x.r5f.ti-arm-clang.release.lib : udma_rm.obj (.text.Udma_rmInit)
                  70005e30    00000390                                                : ospi_v0.obj (.text.OSPI_open)
                  700061c0    00000370     nortos.am64x.r5f.ti-arm-clang.release.lib : printf.obj (.text._etoa)
                  70006530    0000036c     drivers.am64x.r5f.ti-arm-clang.release.lib : uart_v0.obj (.text.UART_masterIsr)
                  7000689c    00000004     --HOLE-- [fill = 0]
                  700068a0    00000360     main.obj (.text.main)
                  70006c00    00000350     drivers.am64x.r5f.ti-arm-clang.release.lib : udma_rmcfg_common.obj (.text.UdmaRmInitPrms_init)
                  70006f50    00000334                                                : sciclient_rm_irq.obj (.text.Sciclient_rmProgramInterruptRoute)
                  70007284    0000000c     --HOLE-- [fill = 0]
                  70007290    00000304                                                : udma_soc.obj (.text.Udma_initDrvHandle)
                  70007594    0000000c     --HOLE-- [fill = 0]
                  700075a0    000002f0                                                : udma_event.obj (.text.Udma_eventUnRegister)
                  70007890    000002b8                                                : bootloader_soc.obj (.text.Bootloader_socCpuPowerOnResetR5f)
                  70007b48    00000008     --HOLE-- [fill = 0]
                  70007b50    000002b8                                                : sciclient_rm_irq.obj (.text.Sciclient_rmClearInterruptRoute)
                  70007e08    00000008     --HOLE-- [fill = 0]
                  70007e10    000002b4                                                : bootloader_soc.obj (.text.Bootloader_socCpuResetRelease)
                  700080c4    0000000c     --HOLE-- [fill = 0]
                  700080d0    000002b4                                                : uart_v0.obj (.text.UART_fifoConfig)
                  70008384    0000000c     --HOLE-- [fill = 0]
                  70008390    000002a4                                                : uart_v0.obj (.text.UART_write)
                  70008634    0000000c     --HOLE-- [fill = 0]
                  70008640    00000274                                                : ddr.obj (.text.DDR_init)
                  700088b4    0000000c     --HOLE-- [fill = 0]
                  700088c0    00000260     nortos.am64x.r5f.ti-arm-clang.release.lib : TimerP.obj (.text.TimerP_setup)
                  70008b20    0000025c     drivers.am64x.r5f.ti-arm-clang.release.lib : udma_ring_common.obj (.text.Udma_ringAlloc)
                  70008d7c    00000004     --HOLE-- [fill = 0]
                  70008d80    00000218                                                : sciclient_rm_irq.obj (.text.Sciclient_rmIrqDeleteRoute)
                  70008f98    00000008     --HOLE-- [fill = 0]
                  70008fa0    00000214     nortos.am64x.r5f.ti-arm-clang.release.lib : printf.obj (.text._ntoa_format)
                  700091b4    0000000c     --HOLE-- [fill = 0]
                  700091c0    0000020c     drivers.am64x.r5f.ti-arm-clang.release.lib : sciclient_rm_irq.obj (.text.Sciclient_rmIrqProgramRoute)
                  700093cc    00000004     --HOLE-- [fill = 0]
                  700093d0    000001fc                                                : soc.obj (.text.SOC_moduleSetClockFrequency)
                  700095cc    00000004     --HOLE-- [fill = 0]
                  700095d0    000001d4                                                : ospi_dma_udma.obj (.text.OspiDma_udmaOpen)
                  700097a4    0000000c     --HOLE-- [fill = 0]
                  700097b0    000001b4                                                : bootloader_soc.obj (.text.Bootloader_socCpuResetReleaseSelf)
                  70009964    0000000c     --HOLE-- [fill = 0]
                  70009970    000001ac                                                : udma_ch.obj (.text.Udma_chConfigRx)
                  70009b1c    00000004     --HOLE-- [fill = 0]
                  70009b20    000001ac                                                : udma_ch.obj (.text.Udma_chFreeResource)
                  70009ccc    00000004     --HOLE-- [fill = 0]
                  70009cd0    000001a4                                                : uart_v0.obj (.text.UART_close)
                  70009e74    0000000c     --HOLE-- [fill = 0]
                  70009e80    000001a0                                                : sciclient.obj (.text.Sciclient_loadFirmware)
                  7000a020    00000188                                                : ospi_v0.obj (.text.OSPI_writeCmd)
                  7000a1a8    00000008     --HOLE-- [fill = 0]
                  7000a1b0    00000184                                                : ospi_v0.obj (.text.OSPI_readCmd)
                  7000a334    0000000c     --HOLE-- [fill = 0]
                  7000a340    00000180                                                : lpddr4.obj (.text.LPDDR4_CheckCtlInterrupt)
                  7000a4c0    0000017c     board.am64x.r5f.ti-arm-clang.release.lib : flash_nor_xspi.obj (.text.Flash_norXspiWrite)
                  7000a63c    00000004     --HOLE-- [fill = 0]
                  7000a640    00000174     drivers.am64x.r5f.ti-arm-clang.release.lib : bootloader_soc.obj (.text.Bootloader_socCpuPowerOnResetM4f)
                  7000a7b4    0000000c     --HOLE-- [fill = 0]
                  7000a7c0    0000016c                                                : ospi_dma_udma.obj (.text.OspiDma_udmaUpdateSubmitTR)
                  7000a92c    00000004     --HOLE-- [fill = 0]
                  7000a930    0000016c                                                : udma_rm.obj (.text.Udma_rmSetSharedResRmInitPrms)
                  7000aa9c    00000004     --HOLE-- [fill = 0]
                  7000aaa0    00000168     nortos.am64x.r5f.ti-arm-clang.release.lib : ClockP_nortos_r5.obj (.text.ClockP_init)
                  7000ac08    00000008     --HOLE-- [fill = 0]
                  7000ac10    00000168     drivers.am64x.r5f.ti-arm-clang.release.lib : ospi_v0.obj (.text.OSPI_writeIndirect)
                  7000ad78    00000008     --HOLE-- [fill = 0]
                  7000ad80    00000168                                                : udma_ch.obj (.text.Udma_chEnable)
                  7000aee8    00000008     --HOLE-- [fill = 0]
                  7000aef0    00000160                                                : udma_flow.obj (.text.Udma_flowConfig)
                  7000b050    00000158                                                : csl_lcdma_ringacc.obj (.text.CSL_lcdma_ringaccPop64MultiAccess)
                  7000b1a8    00000008     --HOLE-- [fill = 0]
                  7000b1b0    00000134                                                : bootloader.obj (.text.Bootloader_loadSelfCpu)
                  7000b2e4    0000000c     --HOLE-- [fill = 0]
                  7000b2f0    00000130                                                : bootloader.obj (.text.Bootloader_rprcImageLoad)
                  7000b420    00000130                                                : udma_ch.obj (.text.Udma_chConfigTx)
                  7000b550    00000128                                                : csl_lcdma_ringacc.obj (.text.CSL_lcdma_ringaccPush64MultiAccess)
                  7000b678    00000008     --HOLE-- [fill = 0]
                  7000b680    00000128                                                : ospi_v0.obj (.text.OSPI_readDirect)
                  7000b7a8    00000008     --HOLE-- [fill = 0]
                  7000b7b0    00000124                                                : uart_v0.obj (.text.UART_divisorLatchWrite)
                  7000b8d4    0000000c     --HOLE-- [fill = 0]
                  7000b8e0    0000011c                                                : sciclient_pm.obj (.text.Sciclient_pmQueryModuleClkFreq)
                  7000b9fc    00000004     --HOLE-- [fill = 0]
                  7000ba00    00000118     board.am64x.r5f.ti-arm-clang.release.lib : flash_nor_xspi.obj (.text.Flash_norXspiErase)
                  7000bb18    00000008     --HOLE-- [fill = 0]
                  7000bb20    00000118     drivers.am64x.r5f.ti-arm-clang.release.lib : sciclient.obj (.text.Sciclient_getVersionCheck)
                  7000bc38    00000118     libclang_rt.builtins.a : udivmoddi4.S.obj (.text)
                  7000bd50    00000114     drivers.am64x.r5f.ti-arm-clang.release.lib : uart_v0.obj (.text.UART_procLineStatusErr)
                  7000be64    0000000c     --HOLE-- [fill = 0]
                  7000be70    00000110                                                : bootloader_sysfw_load.obj (.text.Bootloader_socLoadSysFw)
                  7000bf80    00000110                                                : sciclient_rm_irq.obj (.text.Sciclient_rmTranslateIntOutput)
                  7000c090    0000010c                                                : bootloader.obj (.text.Bootloader_parseMultiCoreAppImage)
                  7000c19c    00000004     --HOLE-- [fill = 0]
                  7000c1a0    00000108                                                : sciclient_rm_irq.obj (.text.Sciclient_rmIrInpIsFree)
                  7000c2a8    00000008     --HOLE-- [fill = 0]
                  7000c2b0    00000100     board.am64x.r5f.ti-arm-clang.release.lib : flash_nor_xspi.obj (.text.Flash_norXspiWaitReady)
                  7000c3b0    00000100     nortos.am64x.r5f.ti-arm-clang.release.lib : SemaphoreP_nortos.obj (.text.SemaphoreP_pend)
                  7000c4b0    000000f8     drivers.am64x.r5f.ti-arm-clang.release.lib : pinmux.obj (.text.Pinmux_config)
                  7000c5a8    00000008     --HOLE-- [fill = 0]
                  7000c5b0    000000f8                                                : sciclient_pm.obj (.text.Sciclient_pmSetModuleClkFreq)
                  7000c6a8    00000008     --HOLE-- [fill = 0]
                  7000c6b0    000000f4                                                : uart_v0.obj (.text.UART_flushTxFifo)
                  7000c7a4    0000000c     --HOLE-- [fill = 0]
                  7000c7b0    000000f0                                                : csl_lcdma_ringacc.obj (.text.CSL_lcdma_ringaccDequeue)
                  7000c8a0    000000f0                                                : udma.obj (.text.Udma_init)
                  7000c990    000000f0                                                : udma_rm.obj (.text.Udma_rmGetSciclientDefaultBoardCfgRmRange)
                  7000ca80    000000ec                                                : udma_rm.obj (.text.Udma_rmAllocMappedRxCh)
                  7000cb6c    00000004     --HOLE-- [fill = 0]
                  7000cb70    000000ec                                                : udma_rm.obj (.text.Udma_rmAllocMappedTxCh)
                  7000cc5c    00000004     --HOLE-- [fill = 0]
                  7000cc60    000000ec     nortos.am64x.r5f.ti-arm-clang.release.lib : printf.obj (.text._out_rev)
                  7000cd4c    00000004     --HOLE-- [fill = 0]
                  7000cd50    000000e8     board.am64x.r5f.ti-arm-clang.release.lib : flash_nor_xspi.obj (.text.Flash_norXspiReadId)
                  7000ce38    00000008     --HOLE-- [fill = 0]
                  7000ce40    000000e8     drivers.am64x.r5f.ti-arm-clang.release.lib : sciclient.obj (.text.Sciclient_init)
                  7000cf28    00000008     --HOLE-- [fill = 0]
                  7000cf30    000000e4                                                : udma_event.obj (.text.Udma_eventFreeResource)
                  7000d014    0000000c     --HOLE-- [fill = 0]
                  7000d020    000000e4     nortos.am64x.r5f.ti-arm-clang.release.lib : printf.obj (.text._ntoa_long_long)
                  7000d104    0000000c     --HOLE-- [fill = 0]
                  7000d110    000000e0     drivers.am64x.r5f.ti-arm-clang.release.lib : udma_ch.obj (.text.Udma_chClose)
                  7000d1f0    000000e0                                                : udma_rm.obj (.text.Udma_rmAllocBlkCopyCh)
                  7000d2d0    000000e0                                                : udma_rm.obj (.text.Udma_rmAllocBlkCopyHcCh)
                  7000d3b0    000000e0                                                : udma_rm.obj (.text.Udma_rmAllocBlkCopyUhcCh)
                  7000d490    000000e0                                                : udma_rm.obj (.text.Udma_rmAllocIrIntr)
                  7000d570    000000e0                                                : udma_rm.obj (.text.Udma_rmAllocRxCh)
                  7000d650    000000e0                                                : udma_rm.obj (.text.Udma_rmAllocRxHcCh)
                  7000d730    000000e0                                                : udma_rm.obj (.text.Udma_rmAllocRxUhcCh)
                  7000d810    000000e0                                                : udma_rm.obj (.text.Udma_rmAllocTxCh)
                  7000d8f0    000000e0                                                : udma_rm.obj (.text.Udma_rmAllocTxHcCh)
                  7000d9d0    000000e0                                                : udma_rm.obj (.text.Udma_rmAllocTxUhcCh)
                  7000dab0    000000dc                                                : sciclient.obj (.text.Sciclient_sendMessage)
                  7000db8c    00000004     --HOLE-- [fill = 0]
                  7000db90    000000dc                                                : udma_ring_lcdma.obj (.text.Udma_ringSetCfgLcdma)
                  7000dc6c    00000004     --HOLE-- [fill = 0]
                  7000dc70    000000d8                                                : sciclient_rm_irq.obj (.text.Sciclient_rmIrOutpIsFree)
                  7000dd48    00000008     --HOLE-- [fill = 0]
                  7000dd50    000000d4                                                : lpddr4.obj (.text.LPDDR4_Start)
                  7000de24    0000000c     --HOLE-- [fill = 0]
                  7000de30    000000d0     board.am64x.r5f.ti-arm-clang.release.lib : flash_nor_xspi.obj (.text.Flash_norXspiRegWrite)
                  7000df00    000000cc     drivers.am64x.r5f.ti-arm-clang.release.lib : csl_bcdma.obj (.text.CSL_bcdmaDoChanOp)
                  7000dfcc    00000004     --HOLE-- [fill = 0]
                  7000dfd0    000000c8                                                : udma_rm.obj (.text.Udma_rmAllocMappedRing)
                  7000e098    00000008     --HOLE-- [fill = 0]
                  7000e0a0    000000c4                                                : ospi_phy.obj (.text.OSPI_phyTuneDDR)
                  7000e164    0000000c     --HOLE-- [fill = 0]
                  7000e170    000000c4                                                : sciclient_boardcfg.obj (.text.Sciclient_boardCfg)
                  7000e234    0000000c     --HOLE-- [fill = 0]
                  7000e240    000000c4                                                : sciclient_boardcfg.obj (.text.Sciclient_boardCfgPm)
                  7000e304    0000000c     --HOLE-- [fill = 0]
                  7000e310    000000c4                                                : sciclient_boardcfg.obj (.text.Sciclient_boardCfgRm)
                  7000e3d4    0000000c     --HOLE-- [fill = 0]
                  7000e3e0    000000c4                                                : sciclient_boardcfg.obj (.text.Sciclient_boardCfgSec)
                  7000e4a4    0000000c     --HOLE-- [fill = 0]
                  7000e4b0    000000c0                                                : uart_v0.obj (.text.UART_init)
                  7000e570    000000bc                                                : bootloader_profile.obj (.text.Bootloader_profilePrintProfileLog)
                  7000e62c    00000004     --HOLE-- [fill = 0]
                  7000e630    000000bc                                                : ospi_dma_udma.obj (.text.OspiDma_udmaCopy)
                  7000e6ec    00000004     --HOLE-- [fill = 0]
                  7000e6f0    000000b8                                                : csl_pktdma.obj (.text.CSL_pktdmaTeardownChan)
                  7000e7a8    00000008     --HOLE-- [fill = 0]
                  7000e7b0    000000b8                                                : sciclient_pm.obj (.text.Sciclient_pmGetModuleClkNumParent)
                  7000e868    00000008     --HOLE-- [fill = 0]
                  7000e870    000000b8                                                : sciclient_procboot.obj (.text.Sciclient_procBootWaitProcessorState)
                  7000e928    00000008     --HOLE-- [fill = 0]
                  7000e930    000000b4     nortos.am64x.r5f.ti-arm-clang.release.lib : ClockP_nortos.obj (.text.ClockP_timerTickIsr)
                  7000e9e4    0000000c     --HOLE-- [fill = 0]
                  7000e9f0    000000b4     drivers.am64x.r5f.ti-arm-clang.release.lib : soc.obj (.text.SOC_moduleClockEnable)
                  7000eaa4    0000000c     --HOLE-- [fill = 0]
                  7000eab0    000000b4     nortos.am64x.r5f.ti-arm-clang.release.lib : printf.obj (.text._ntoa_long)
                  7000eb64    0000000c     --HOLE-- [fill = 0]
                  7000eb70    000000b0     drivers.am64x.r5f.ti-arm-clang.release.lib : sciclient_pm.obj (.text.Sciclient_pmGetModuleState)
                  7000ec20    000000ac                                                : bootloader_soc.obj (.text.Bootloader_socCpuSetClock)
                  7000eccc    00000004     --HOLE-- [fill = 0]
                  7000ecd0    000000a8                                                : ospi_v0.obj (.text.OSPI_init)
                  7000ed78    00000008     --HOLE-- [fill = 0]
                  7000ed80    000000a4                                                : bootloader_soc.obj (.text.Bootloader_socMemInitCpu)
                  7000ee24    0000000c     --HOLE-- [fill = 0]
                  7000ee30    000000a4                                                : sciclient_pm.obj (.text.Sciclient_pmGetModuleClkFreq)
                  7000eed4    0000000c     --HOLE-- [fill = 0]
                  7000eee0    000000a4                                                : udma_ring_lcdma.obj (.text.Udma_ringFlushRawLcdma)
                  7000ef84    0000000c     --HOLE-- [fill = 0]
                  7000ef90    000000a0                                                : sciclient_pm.obj (.text.Sciclient_pmGetModuleClkParent)
                  7000f030    000000a0                                                : sciclient_rm_irq.obj (.text.Sciclient_rmIrqGetNode)
                  7000f0d0    000000a0                                                : udma_ring_common.obj (.text.Udma_ringFree)
                  7000f170    0000009c                                                : bootloader_soc.obj (.text.Bootloader_socCpuPowerOnResetA53)
                  7000f20c    00000004     --HOLE-- [fill = 0]
                  7000f210    0000009c     board.am64x.r5f.ti-arm-clang.release.lib : flash_nor_xspi.obj (.text.Flash_norXspiRead)
                  7000f2ac    00000004     --HOLE-- [fill = 0]
                  7000f2b0    0000009c     drivers.am64x.r5f.ti-arm-clang.release.lib : sciclient_pm.obj (.text.Sciclient_pmModuleGetClkStatus)
                  7000f34c    00000004     --HOLE-- [fill = 0]
                  7000f350    00000098     nortos.am64x.r5f.ti-arm-clang.release.lib : AddrTranslateP.obj (.text.AddrTranslateP_getLocalAddr)
                  7000f3e8    00000008     --HOLE-- [fill = 0]
                  7000f3f0    00000098     drivers.am64x.r5f.ti-arm-clang.release.lib : bootloader.obj (.text.Bootloader_runCpu)
                  7000f488    00000008     --HOLE-- [fill = 0]
                  7000f490    00000098                                                : csl_pktdma.obj (.text.CSL_pktdmaAccessChanPeerReg)
                  7000f528    00000008     --HOLE-- [fill = 0]
                  7000f530    00000098                                                : ospi_dma_udma.obj (.text.OspiDma_udmaClose)
                  7000f5c8    00000008     --HOLE-- [fill = 0]
                  7000f5d0    00000098                                                : sciclient_procboot.obj (.text.Sciclient_procBootSetSequenceCtrl)
                  7000f668    00000008     --HOLE-- [fill = 0]
                  7000f670    00000094     ti_board_open_close.obj (.text.Board_flashOpen)
                  7000f704    0000000c     --HOLE-- [fill = 0]
                  7000f710    00000094     drivers.am64x.r5f.ti-arm-clang.release.lib : bootloader_soc.obj (.text.Bootloader_socCpuGetClock)
                  7000f7a4    0000000c     --HOLE-- [fill = 0]
                  7000f7b0    00000094                                                : bootloader_soc.obj (.text.Bootloader_socCpuSetEntryPoint)
                  7000f844    0000000c     --HOLE-- [fill = 0]
                  7000f850    00000094                                                : ospi_v0.obj (.text.OSPI_close)
                  7000f8e4    0000000c     --HOLE-- [fill = 0]
                  7000f8f0    00000094                                                : ospi_phy.obj (.text.OSPI_phyFindRxHigh)
                  7000f984    0000000c     --HOLE-- [fill = 0]
                  7000f990    00000094                                                : ospi_phy.obj (.text.OSPI_phyFindRxLow)
                  7000fa24    0000000c     --HOLE-- [fill = 0]
                  7000fa30    00000094                                                : ospi_phy.obj (.text.OSPI_phyFindTxHigh)
                  7000fac4    0000000c     --HOLE-- [fill = 0]
                  7000fad0    00000094                                                : ospi_phy.obj (.text.OSPI_phyFindTxLow)
                  7000fb64    0000000c     --HOLE-- [fill = 0]
                  7000fb70    00000094                                                : sciclient_pm.obj (.text.Sciclient_pmSetModuleClkParent)
                  7000fc04    0000000c     --HOLE-- [fill = 0]
                  7000fc10    00000094                                                : sciclient_pm.obj (.text.Sciclient_pmSetModuleState)
                  7000fca4    0000000c     --HOLE-- [fill = 0]
                  7000fcb0    00000094                                                : udma_rm.obj (.text.Udma_rmAllocVintrBit)
                  7000fd44    0000000c     --HOLE-- [fill = 0]
                  7000fd50    00000090                                                : csl_bcdma.obj (.text.CSL_bcdmaChanOpSetChanPause)
                  7000fde0    00000090                                                : udma_ring_common.obj (.text.Udma_ringQueueRaw)
                  7000fe70    0000008c                                                : bootloader_soc.obj (.text.Bootloader_socCpuRelease)
                  7000fefc    00000004     --HOLE-- [fill = 0]
                  7000ff00    0000008c                                                : ospi_v0.obj (.text.OSPI_setXferOpCodes)
                  7000ff8c    00000004     --HOLE-- [fill = 0]
                  7000ff90    0000008c                                                : sciclient_soc_priv.obj (.text.Sciclient_getContext)
                  7001001c    00000004     --HOLE-- [fill = 0]
                  70010020    0000008c                                                : sciclient_pm.obj (.text.Sciclient_pmModuleClkRequest)
                  700100ac    00000004     --HOLE-- [fill = 0]
                  700100b0    0000008c                                                : sciclient_procboot.obj (.text.Sciclient_procBootReleaseProcessor)
                  7001013c    00000004     --HOLE-- [fill = 0]
                  70010140    00000088                                                : bootloader_soc.obj (.text.Bootloader_socCpuRequest)
                  700101c8    00000008     --HOLE-- [fill = 0]
                  700101d0    00000088                                                : ospi_phy.obj (.text.OSPI_phyResyncDLL)
                  70010258    00000008     --HOLE-- [fill = 0]
                  70010260    00000088                                                : udma.obj (.text.Udma_deinit)
                  700102e8    00000008     --HOLE-- [fill = 0]
                  700102f0    00000088                                                : udma_ring_common.obj (.text.Udma_ringDequeueRaw)
                  70010378    00000008     --HOLE-- [fill = 0]
                  70010380    00000088                                                : udma_rm.obj (.text.Udma_rmFreeMappedRing)
                  70010408    00000008     --HOLE-- [fill = 0]
                  70010410    00000088     nortos.am64x.r5f.ti-arm-clang.release.lib : DebugP_log.obj (.text._DebugP_assert)
                  70010498    00000008     --HOLE-- [fill = 0]
                  700104a0    00000084     drivers.am64x.r5f.ti-arm-clang.release.lib : bootloader_flash.obj (.text.Flash_imgRead)
                  70010524    0000000c     --HOLE-- [fill = 0]
                  70010530    00000084                                                : sciclient_rm.obj (.text.Sciclient_rmGetResourceRange)
                  700105b4    0000000c     --HOLE-- [fill = 0]
                  700105c0    00000084                                                : sciclient_rm_irq.obj (.text.Sciclient_rmIrqUnmappedVintRouteDelete)
                  70010644    0000000c     --HOLE-- [fill = 0]
                  70010650    00000084     ti_drivers_config.obj (.text.System_init)
                  700106d4    0000000c     --HOLE-- [fill = 0]
                  700106e0    00000084     drivers.am64x.r5f.ti-arm-clang.release.lib : udma_event.obj (.text.Udma_eventIsrFxn)
                  70010764    0000000c     --HOLE-- [fill = 0]
                  70010770    00000080     board.am64x.r5f.ti-arm-clang.release.lib : flash.obj (.text.Flash_offsetToBlkPage)
                  700107f0    00000080     drivers.am64x.r5f.ti-arm-clang.release.lib : lpddr4.obj (.text.LPDDR4_ReadReg)
                  70010870    00000080                                                : sciclient.obj (.text.Sciclient_abiCheck)
                  700108f0    00000080                                                : sciclient_pm.obj (.text.Sciclient_pmSetModuleRst_flags)
                  70010970    00000080                                                : udma_rm.obj (.text.Udma_rmAllocEvent)
                  700109f0    00000080                                                : udma_rm.obj (.text.Udma_rmAllocVintr)
                  70010a70    0000007c     nortos.am64x.r5f.ti-arm-clang.release.lib : ClockP_nortos.obj (.text.ClockP_addToList)
                  70010aec    00000004     --HOLE-- [fill = 0]
                  70010af0    0000007c     drivers.am64x.r5f.ti-arm-clang.release.lib : udma_ch.obj (.text.UdmaChTxPrms_init)
                  70010b6c    00000004     --HOLE-- [fill = 0]
                  70010b70    0000007c                                                : udma_utils.obj (.text.UdmaUtils_makeTrpd)
                  70010bec    00000004     --HOLE-- [fill = 0]
                  70010bf0    00000078                                                : ospi_phy.obj (.text.OSPI_phyReadAttackVector)
                  70010c68    00000008     --HOLE-- [fill = 0]
                  70010c70    00000078                                                : sciclient_pm.obj (.text.Sciclient_pmSetModuleRst)
                  70010ce8    00000008     --HOLE-- [fill = 0]
                  70010cf0    00000078                                                : sciclient_procboot.obj (.text.Sciclient_procBootGetProcessorState)
                  70010d68    00000008     --HOLE-- [fill = 0]
                  70010d70    00000078                                                : uart_v0.obj (.text.UART_writeCancelNoCB)
                  70010de8    00000008     --HOLE-- [fill = 0]
                  70010df0    00000074     nortos.am64x.r5f.ti-arm-clang.release.lib : ClockP_nortos.obj (.text.ClockP_stop)
                  70010e64    0000000c     --HOLE-- [fill = 0]
                  70010e70    00000074     ti_drivers_open_close.obj (.text.Drivers_ospiOpen)
                  70010ee4    0000000c     --HOLE-- [fill = 0]
                  70010ef0    00000074     ti_drivers_open_close.obj (.text.Drivers_uartOpen)
                  70010f64    0000000c     --HOLE-- [fill = 0]
                  70010f70    00000074     drivers.am64x.r5f.ti-arm-clang.release.lib : sciclient_procboot.obj (.text.Sciclient_procBootRequestProcessor)
                  70010fe4    0000000c     --HOLE-- [fill = 0]
                  70010ff0    00000074                                                : sciclient_rm.obj (.text.Sciclient_rmIrqReleaseRaw)
                  70011064    0000000c     --HOLE-- [fill = 0]
                  70011070    00000074                                                : sciclient_rm.obj (.text.Sciclient_rmPsilPair)
                  700110e4    0000000c     --HOLE-- [fill = 0]
                  700110f0    00000074                                                : sciclient_rm.obj (.text.Sciclient_rmPsilUnpair)
                  70011164    0000000c     --HOLE-- [fill = 0]
                  70011170    00000074                                                : sciclient.obj (.text.Sciclient_triggerSecHandover)
                  700111e4    0000000c     --HOLE-- [fill = 0]
                  700111f0    00000070                                                : bootloader_soc.obj (.text.Bootloader_socTranslateSectionAddr)
                  70011260    00000070                                                : lpddr4.obj (.text.LPDDR4_Init)
                  700112d0    00000070                                                : lpddr4.obj (.text.LPDDR4_WritePhyConfig)
                  70011340    00000070                                                : sciclient_rm.obj (.text.Sciclient_rmIrqSetRaw)
                  700113b0    00000070                                                : sciclient_rm.obj (.text.Sciclient_rmRingCfg)
                  70011420    00000070                                                : sciclient_rm.obj (.text.Sciclient_rmUdmapFlowCfg)
                  70011490    00000070                                                : sciclient_rm.obj (.text.Sciclient_rmUdmapFlowSizeThreshCfg)
                  70011500    00000070                                                : sciclient_rm.obj (.text.Sciclient_rmUdmapRxChCfg)
                  70011570    00000070                                                : sciclient_rm.obj (.text.Sciclient_rmUdmapTxChCfg)
                  700115e0    0000006c                                                : csl_bcdma.obj (.text.CSL_bcdmaGetCfg)
                  7001164c    00000004     --HOLE-- [fill = 0]
                  70011650    0000006c     nortos.am64x.r5f.ti-arm-clang.release.lib : ClockP_nortos.obj (.text.ClockP_construct)
                  700116bc    00000004     --HOLE-- [fill = 0]
                  700116c0    0000006c     drivers.am64x.r5f.ti-arm-clang.release.lib : lpddr4.obj (.text.LPDDR4_WritePhyIndepConfig)
                  7001172c    00000004     --HOLE-- [fill = 0]
                  70011730    0000006c                                                : ospi_v0.obj (.text.OSPI_enablePhy)
                  7001179c    00000004     --HOLE-- [fill = 0]
                  700117a0    0000006c                                                : sciclient_procboot.obj (.text.Sciclient_procBootSetProcessorCfg)
                  7001180c    00000004     --HOLE-- [fill = 0]
                  70011810    0000006c                                                : udma_ring_common.obj (.text.Udma_ringFlushRaw)
                  7001187c    00000004     --HOLE-- [fill = 0]
                  70011880    0000006c                                                : udma_rm.obj (.text.Udma_rmFreeVintrBit)
                  700118ec    00000004     --HOLE-- [fill = 0]
                  700118f0    00000068                                                : lpddr4.obj (.text.LPDDR4_WriteCtlConfig)
                  70011958    00000008     --HOLE-- [fill = 0]
                  70011960    00000068                                                : ospi_dma.obj (.text.OSPI_dmaOpen)
                  700119c8    00000008     --HOLE-- [fill = 0]
                  700119d0    00000068     ti_drivers_config.obj (.text.System_deinit)
                  70011a38    00000008     --HOLE-- [fill = 0]
                  70011a40    00000068     drivers.am64x.r5f.ti-arm-clang.release.lib : udma_event.obj (.text.UdmaEventPrms_init)
                  70011aa8    00000008     --HOLE-- [fill = 0]
                  70011ab0    00000068                                                : udma_ring_lcdma.obj (.text.Udma_ringSetDoorBellLcdma)
                  70011b18    00000008     --HOLE-- [fill = 0]
                  70011b20    00000064     nortos.am64x.r5f.ti-arm-clang.release.lib : ClockP_nortos.obj (.text.ClockP_getTimeUsec)
                  70011b84    0000000c     --HOLE-- [fill = 0]
                  70011b90    00000064     drivers.am64x.r5f.ti-arm-clang.release.lib : ospi_phy.obj (.text.OSPI_phySetRdDelayTxRxDLL)
                  70011bf4    0000000c     --HOLE-- [fill = 0]
                  70011c00    00000060                                                : bootloader.obj (.text.Bootloader_loadCpu)
                  70011c60    00000060                                                : bootloader.obj (.text.Bootloader_open)
                  70011cc0    00000060                                                : csl_pktdma.obj (.text.CSL_pktdmaGetCfg)
                  70011d20    00000060                                                : udma_ch.obj (.text.UdmaChRxPrms_init)
                  70011d80    00000060                                                : udma_flow.obj (.text.UdmaFlowPrms_init)
                  70011de0    00000060     nortos.am64x.r5f.ti-arm-clang.release.lib : DebugP_nortos.obj (.text._DebugP_logZone)
                  70011e40    0000005c     drivers.am64x.r5f.ti-arm-clang.release.lib : csl_intaggr.obj (.text.CSL_intaggrClrIntr)
                  70011e9c    00000004     --HOLE-- [fill = 0]
                  70011ea0    0000005c     nortos.am64x.r5f.ti-arm-clang.release.lib : ClockP_nortos.obj (.text.ClockP_destruct)
                  70011efc    00000004     --HOLE-- [fill = 0]
                  70011f00    0000005c                                               : DebugP_uartLogWriter.obj (.text.DebugP_uartLogWriterPutChar)
                  70011f5c    00000004     --HOLE-- [fill = 0]
                  70011f60    0000005c                                               : SemaphoreP_nortos.obj (.text.SemaphoreP_constructBinary)
                  70011fbc    0000005c     libc.a : autoinit.c.obj (.text:__TI_auto_init_nobinit_nopinit)
                  70012018    00000008     --HOLE-- [fill = 0]
                  70012020    00000058     drivers.am64x.r5f.ti-arm-clang.release.lib : csl_intaggr.obj (.text.CSL_intaggrIsIntrPending)
                  70012078    00000008     --HOLE-- [fill = 0]
                  70012080    00000058                                                : lpddr4.obj (.text.LPDDR4_PollCtlIrq)
                  700120d8    00000008     --HOLE-- [fill = 0]
                  700120e0    00000058                                                : ospi_v0.obj (.text.OSPI_setXferLines)
                  70012138    00000008     --HOLE-- [fill = 0]
                  70012140    00000058     nortos.am64x.r5f.ti-arm-clang.release.lib : SemaphoreP_nortos.obj (.text.SemaphoreP_constructMutex)
                  70012198    00000008     --HOLE-- [fill = 0]
                  700121a0    00000058                                               : SemaphoreP_nortos.obj (.text.SemaphoreP_post)
                  700121f8    00000008     --HOLE-- [fill = 0]
                  70012200    00000058     drivers.am64x.r5f.ti-arm-clang.release.lib : udma_ch.obj (.text.UdmaChPrms_init)
                  70012258    00000008     --HOLE-- [fill = 0]
                  70012260    00000058                                                : udma_ring_lcdma.obj (.text.Udma_lcdmaRingaccMemOps)
                  700122b8    00000008     --HOLE-- [fill = 0]
                  700122c0    00000058                                                : udma_rm.obj (.text.Udma_rmFreeMappedRxCh)
                  70012318    00000008     --HOLE-- [fill = 0]
                  70012320    00000058                                                : udma_rm.obj (.text.Udma_rmFreeMappedTxCh)
                  70012378    00000008     --HOLE-- [fill = 0]
                  70012380    00000054     ti_dpl_config.obj (.text.Dpl_init)
                  700123d4    0000000c     --HOLE-- [fill = 0]
                  700123e0    00000054     board.am64x.r5f.ti-arm-clang.release.lib : flash.obj (.text.Flash_open)
                  70012434    0000000c     --HOLE-- [fill = 0]
                  70012440    00000054     drivers.am64x.r5f.ti-arm-clang.release.lib : ospi_v0.obj (.text.OSPI_disablePhy)
                  70012494    0000000c     --HOLE-- [fill = 0]
                  700124a0    00000054                                                : udma_ring_lcdma.obj (.text.Udma_ringPrimeReadLcdma)
                  700124f4    0000000c     --HOLE-- [fill = 0]
                  70012500    00000050                                                : bootloader.obj (.text.Bootloader_runSelfCpu)
                  70012550    00000050                                                : soc.obj (.text.SOC_controlModuleUnlockMMR)
                  700125a0    00000050                                                : udma_soc.obj (.text.Udma_getMappedChRingAttributes)
                  700125f0    00000050                                                : udma_rm.obj (.text.Udma_rmFreeBlkCopyCh)
                  70012640    00000050                                                : udma_rm.obj (.text.Udma_rmFreeBlkCopyHcCh)
                  70012690    00000050                                                : udma_rm.obj (.text.Udma_rmFreeBlkCopyUhcCh)
                  700126e0    00000050                                                : udma_rm.obj (.text.Udma_rmFreeEvent)
                  70012730    00000050                                                : udma_rm.obj (.text.Udma_rmFreeIrIntr)
                  70012780    00000050                                                : udma_rm.obj (.text.Udma_rmFreeRxCh)
                  700127d0    00000050                                                : udma_rm.obj (.text.Udma_rmFreeRxHcCh)
                  70012820    00000050                                                : udma_rm.obj (.text.Udma_rmFreeRxUhcCh)
                  70012870    00000050                                                : udma_rm.obj (.text.Udma_rmFreeTxCh)
                  700128c0    00000050                                                : udma_rm.obj (.text.Udma_rmFreeTxHcCh)
                  70012910    00000050                                                : udma_rm.obj (.text.Udma_rmFreeTxUhcCh)
                  70012960    00000050                                                : udma_rm.obj (.text.Udma_rmFreeVintr)
                  700129b0    0000004c     nortos.am64x.r5f.ti-arm-clang.release.lib : ClockP_nortos.obj (.text.ClockP_start)
                  700129fc    00000004     --HOLE-- [fill = 0]
                  70012a00    0000004c     drivers.am64x.r5f.ti-arm-clang.release.lib : ospi_v0.obj (.text.OSPI_setDeviceSize)
                  70012a4c    00000004     --HOLE-- [fill = 0]
                  70012a50    0000004c                                                : udma_ring_common.obj (.text.UdmaRingPrms_init)
                  70012a9c    00000004     --HOLE-- [fill = 0]
                  70012aa0    0000004c                                                : udma_ch.obj (.text.Udma_chGetCqRingNum)
                  70012aec    00000004     --HOLE-- [fill = 0]
                  70012af0    0000004c                                                : udma_rmcfg.obj (.text.Udma_rmGetSharedResPrms)
                  70012b3c    00000004     --HOLE-- [fill = 0]
                  70012b40    00000048     ti_drivers_open_close.obj (.text.Drivers_close)
                  70012b88    00000008     --HOLE-- [fill = 0]
                  70012b90    00000048     ti_power_clock_config.obj (.text.Module_clockSetFrequency)
                  70012bd8    00000008     --HOLE-- [fill = 0]
                  70012be0    00000044     drivers.am64x.r5f.ti-arm-clang.release.lib : bootloader_profile.obj (.text.Bootloader_profileReset)
                  70012c24    0000000c     --HOLE-- [fill = 0]
                  70012c30    00000044     nortos.am64x.r5f.ti-arm-clang.release.lib : ClockP_nortos.obj (.text.ClockP_sleepTicks)
                  70012c74    0000000c     --HOLE-- [fill = 0]
                  70012c80    00000044     drivers.am64x.r5f.ti-arm-clang.release.lib : ospi_dma.obj (.text.OSPI_dmaCopy)
                  70012cc4    0000000c     --HOLE-- [fill = 0]
                  70012cd0    00000044                                                : ospi_v0.obj (.text.OSPI_getHandle)
                  70012d14    0000000c     --HOLE-- [fill = 0]
                  70012d20    00000044                                                : uart_v0.obj (.text.UART_getHandle)
                  70012d64    0000000c     --HOLE-- [fill = 0]
                  70012d70    00000044                                                : udma_ring_lcdma.obj (.text.Udma_ringGetForwardRingOccLcdma)
                  70012db4    0000000c     --HOLE-- [fill = 0]
                  70012dc0    00000044                                                : udma_ring_lcdma.obj (.text.Udma_ringGetReverseRingOccLcdma)
                  70012e04    0000000c     --HOLE-- [fill = 0]
                  70012e10    00000040                                                : bootloader.obj (.text.Bootloader_BootImageInfo_init)
                  70012e50    00000040                                                : bootloader_soc.obj (.text.Bootloader_socCpuPowerOnReset)
                  70012e90    00000040                                                : csl_intaggr.obj (.text.CSL_intaggrGetCfg)
                  70012ed0    00000040     nortos.am64x.r5f.ti-arm-clang.release.lib : ClockP_nortos.obj (.text.ClockP_usleep)
                  70012f10    00000040     ti_power_clock_config.obj (.text.Module_clockDisable)
                  70012f50    00000040     ti_power_clock_config.obj (.text.Module_clockEnable)
                  70012f90    00000040     drivers.am64x.r5f.ti-arm-clang.release.lib : udma_ch.obj (.text.Udma_chGetCqRingHandle)
                  70012fd0    00000040                                                : udma_ch.obj (.text.Udma_chGetFqRingHandle)
                  70013010    00000040                                                : udma_utils.obj (.text.Udma_phyToVirtFxn)
                  70013050    0000003c                                                : csl_bcdma.obj (.text.CSL_bcdmaGetChanPeerReg)
                  7001308c    00000004     --HOLE-- [fill = 0]
                  70013090    0000003c                                                : ospi_dma.obj (.text.OSPI_dmaClose)
                  700130cc    00000004     --HOLE-- [fill = 0]
                  700130d0    0000003c                                                : udma_utils.obj (.text.UdmaUtils_makeTrpdTr15)
                  7001310c    00000004     --HOLE-- [fill = 0]
                  70013110    0000003c                                                : udma_ring_lcdma.obj (.text.Udma_ringPrimeLcdma)
                  7001314c    00000004     --HOLE-- [fill = 0]
                  70013150    00000038                                                : csl_bcdma.obj (.text.CSL_bcdmaSetChanPeerReg)
                  70013188    00000008     --HOLE-- [fill = 0]
                  70013190    00000038                                                : csl_pktdma.obj (.text.CSL_pktdmaGetRxRT)
                  700131c8    00000008     --HOLE-- [fill = 0]
                  700131d0    00000038                                                : csl_pktdma.obj (.text.CSL_pktdmaGetTxRT)
                  70013208    00000008     --HOLE-- [fill = 0]
                  70013210    00000038                                                : soc.obj (.text.SOC_controlModuleLockMMR)
                  70013248    00000008     --HOLE-- [fill = 0]
                  70013250    00000038                                                : udma_utils.obj (.text.Udma_virtToPhyFxn)
                  70013288    00000008     --HOLE-- [fill = 0]
                  70013290    00000034                                                : ospi_v0.obj (.text.OSPI_setNumAddrBytes)
                  700132c4    0000000c     --HOLE-- [fill = 0]
                  700132d0    00000030                                                : bootloader_profile.obj (.text.Bootloader_profileAddProfilePoint)
                  70013300    00000030                                                : bootloader_soc.obj (.text.Bootloader_socRprcToCslCoreId)
                  70013330    00000030                                                : csl_bcdma.obj (.text.CSL_bcdmaTeardownRxChan)
                  70013360    00000030                                                : csl_bcdma.obj (.text.CSL_bcdmaTeardownTxChan)
                  70013390    00000030     nortos.am64x.r5f.ti-arm-clang.release.lib : DebugP_log.obj (.text.DebugP_logZoneEnable)
                  700133c0    00000030     drivers.am64x.r5f.ti-arm-clang.release.lib : ospi_v0.obj (.text.OSPI_enableDacMode)
                  700133f0    00000030                                                : ospi_v0.obj (.text.OSPI_setRdDataCaptureDelay)
                  70013420    00000030                                                : soc.obj (.text.SOC_getSelfCpuClk)
                  70013450    00000030     nortos.am64x.r5f.ti-arm-clang.release.lib : PmuP_armv7r_asm.obj (.text.pmu)
                  70013480    0000002c     drivers.am64x.r5f.ti-arm-clang.release.lib : csl_lcdma_ringacc.obj (.text.CSL_lcdma_ringaccPush64)
                  700134ac    00000004     --HOLE-- [fill = 0]
                  700134b0    0000002c                                                : ospi_v0.obj (.text.OSPI_deinit)
                  700134dc    00000004     --HOLE-- [fill = 0]
                  700134e0    0000002c                                                : sciclient.obj (.text.Sciclient_getCurrentContext)
                  7001350c    00000004     --HOLE-- [fill = 0]
                  70013510    0000002c                                                : uart_v0.obj (.text.UART_deinit)
                  7001353c    00000004     --HOLE-- [fill = 0]
                  70013540    0000002c     nortos.am64x.r5f.ti-arm-clang.release.lib : printf.obj (.text.vprintf_)
                  7001356c    00000004     --HOLE-- [fill = 0]
                  70013570    00000028     drivers.am64x.r5f.ti-arm-clang.release.lib : bootloader.obj (.text.Bootloader_close)
                  70013598    00000008     --HOLE-- [fill = 0]
                  700135a0    00000028                                                : bootloader_soc.obj (.text.Bootloader_socCpuGetClkDefault)
                  700135c8    00000008     --HOLE-- [fill = 0]
                  700135d0    00000028                                                : csl_pktdma.obj (.text.CSL_pktdmaGetChanPeerReg)
                  700135f8    00000008     --HOLE-- [fill = 0]
                  70013600    00000028                                                : csl_pktdma.obj (.text.CSL_pktdmaSetChanPeerReg)
                  70013628    00000008     --HOLE-- [fill = 0]
                  70013630    00000028                                                : csl_pktdma.obj (.text.CSL_pktdmaSetRxRT)
                  70013658    00000008     --HOLE-- [fill = 0]
                  70013660    00000028                                                : csl_pktdma.obj (.text.CSL_pktdmaSetTxRT)
                  70013688    00000008     --HOLE-- [fill = 0]
                  70013690    00000028     board.am64x.r5f.ti-arm-clang.release.lib : flash.obj (.text.Flash_getAttrs)
                  700136b8    00000008     --HOLE-- [fill = 0]
                  700136c0    00000028                                              : flash.obj (.text.Flash_getHandle)
                  700136e8    00000008     --HOLE-- [fill = 0]
                  700136f0    00000028                                              : flash.obj (.text.Flash_read)
                  70013718    00000008     --HOLE-- [fill = 0]
                  70013720    00000028     drivers.am64x.r5f.ti-arm-clang.release.lib : ospi_v0.obj (.text.OSPI_ReadCmdParams_init)
                  70013748    00000008     --HOLE-- [fill = 0]
                  70013750    00000028                                                : ospi_v0.obj (.text.OSPI_WriteCmdParams_init)
                  70013778    00000008     --HOLE-- [fill = 0]
                  70013780    00000028                                                : ospi_v0.obj (.text.OSPI_disablePhyPipeline)
                  700137a8    00000008     --HOLE-- [fill = 0]
                  700137b0    00000028                                                : ospi_v0.obj (.text.OSPI_enableDDR)
                  700137d8    00000008     --HOLE-- [fill = 0]
                  700137e0    00000028                                                : ospi_v0.obj (.text.OSPI_enablePhyPipeline)
                  70013808    00000008     --HOLE-- [fill = 0]
                  70013810    00000028                                                : ospi_v0.obj (.text.OSPI_enableSDR)
                  70013838    00000008     --HOLE-- [fill = 0]
                  70013840    00000028                                                : ospi_v0.obj (.text.OSPI_setCmdDummyCycles)
                  70013868    00000008     --HOLE-- [fill = 0]
                  70013870    00000028                                                : ospi_v0.obj (.text.OSPI_setReadDummyCycles)
                  70013898    00000008     --HOLE-- [fill = 0]
                  700138a0    00000028     ti_pinmux_config.obj (.text.Pinmux_init)
                  700138c8    00000008     --HOLE-- [fill = 0]
                  700138d0    00000028     nortos.am64x.r5f.ti-arm-clang.release.lib : TimerP.obj (.text.TimerP_Params_init)
                  700138f8    00000008     --HOLE-- [fill = 0]
                  70013900    00000028     drivers.am64x.r5f.ti-arm-clang.release.lib : udma_ring_lcdma.obj (.text.Udma_ringGetElementCntLcdma)
                  70013928    00000008     --HOLE-- [fill = 0]
                  70013930    00000028                                                : udma_ring_lcdma.obj (.text.Udma_ringGetMemPtrLcdma)
                  70013958    00000008     --HOLE-- [fill = 0]
                  70013960    00000028                                                : udma_ring_lcdma.obj (.text.Udma_ringGetModeLcdma)
                  70013988    00000008     --HOLE-- [fill = 0]
                  70013990    00000028                                                : udma_ring_common.obj (.text.Udma_ringGetNum)
                  700139b8    00000008     --HOLE-- [fill = 0]
                  700139c0    00000028                                                : udma_ring_lcdma.obj (.text.Udma_ringGetRdIdxLcdma)
                  700139e8    00000008     --HOLE-- [fill = 0]
                  700139f0    00000028                                                : udma_ring_lcdma.obj (.text.Udma_ringGetWrIdxLcdma)
                  70013a18    00000008     --HOLE-- [fill = 0]
                  70013a20    00000028                                                : udma_ring_lcdma.obj (.text.Udma_ringQueueRawLcdma)
                  70013a48    00000008     --HOLE-- [fill = 0]
                  70013a50    00000028     nortos.am64x.r5f.ti-arm-clang.release.lib : PmuP_armv7r.obj (.text.pmu)
                  70013a78    00000008     --HOLE-- [fill = 0]
                  70013a80    00000024     drivers.am64x.r5f.ti-arm-clang.release.lib : bootloader_soc.obj (.text.Bootloader_socGetCoreName)
                  70013aa4    0000000c     --HOLE-- [fill = 0]
                  70013ab0    00000024     board.am64x.r5f.ti-arm-clang.release.lib : flash.obj (.text.Flash_close)
                  70013ad4    0000000c     --HOLE-- [fill = 0]
                  70013ae0    00000024     drivers.am64x.r5f.ti-arm-clang.release.lib : ospi_v0.obj (.text.OSPI_Transaction_init)
                  70013b04    0000000c     --HOLE-- [fill = 0]
                  70013b10    00000024                                                : udma_utils.obj (.text.UdmaUtils_getRingMemSize)
                  70013b34    0000000c     --HOLE-- [fill = 0]
                  70013b40    00000024                                                : udma_ring_lcdma.obj (.text.Udma_ringDequeueRawLcdma)
                  70013b64    0000000c     --HOLE-- [fill = 0]
                  70013b70    00000024     nortos.am64x.r5f.ti-arm-clang.release.lib : boot_armv7r.obj (.text._system_pre_init)
                  70013b94    00000024     libclang_rt.builtins.a : aeabi_uldivmod.S.obj (.text)
                  70013bb8    00000008     --HOLE-- [fill = 0]
                  70013bc0    00000020     drivers.am64x.r5f.ti-arm-clang.release.lib : csl_bcdma.obj (.text.CSL_bcdmaGetRxRT)
                  70013be0    00000020                                                : csl_bcdma.obj (.text.CSL_bcdmaGetTxRT)
                  70013c00    00000020                                                : csl_bcdma.obj (.text.CSL_bcdmaSetRxRT)
                  70013c20    00000020                                                : csl_bcdma.obj (.text.CSL_bcdmaSetTxRT)
                  70013c40    00000020                                                : lpddr4.obj (.text.LPDDR4_Probe)
                  70013c60    00000020                                                : udma_rmcfg.obj (.text.Udma_rmGetDefBoardCfgPrms)
                  70013c80    0000001c                                                : csl_lcdma_ringacc.obj (.text.CSL_lcdma_ringaccInitRingObj)
                  70013c9c    00000004     --HOLE-- [fill = 0]
                  70013ca0    0000001c                                                : csl_lcdma_ringacc.obj (.text.CSL_lcdma_ringaccPop64)
                  70013cbc    00000004     --HOLE-- [fill = 0]
                  70013cc0    0000001c     board.am64x.r5f.ti-arm-clang.release.lib : flash.obj (.text.Flash_getPhyTuningOffset)
                  70013cdc    00000004     --HOLE-- [fill = 0]
                  70013ce0    0000001c     drivers.am64x.r5f.ti-arm-clang.release.lib : ospi_v0.obj (.text.OSPI_setDualOpCodeMode)
                  70013cfc    00000004     --HOLE-- [fill = 0]
                  70013d00    0000001c                                                : sciclient_soc_priv.obj (.text.Sciclient_getDevId)
                  70013d1c    00000004     --HOLE-- [fill = 0]
                  70013d20    0000001c                                                : sciclient_rm.obj (.text.Sciclient_rmIrqRelease)
                  70013d3c    0000001c     libsysbm.a : memcpy32.S.obj (.text:TI_memcpy_small)
                  70013d58    0000001c     libclang_rt.builtins.a : aeabi_memset.S.obj (.text)
                  70013d74    0000000c     --HOLE-- [fill = 0]
                  70013d80    00000018     drivers.am64x.r5f.ti-arm-clang.release.lib : bootloader_soc.obj (.text.Bootloader_socGetSBLMem)
                  70013d98    00000008     --HOLE-- [fill = 0]
                  70013da0    00000018                                                : csl_lcdma_ringacc.obj (.text.CSL_lcdma_ringaccGetReverseRingOcc)
                  70013db8    00000008     --HOLE-- [fill = 0]
                  70013dc0    00000018                                                : ospi_phy.obj (.text.OSPI_phyGetTuningData)
                  70013dd8    00000008     --HOLE-- [fill = 0]
                  70013de0    00000018     nortos.am64x.r5f.ti-arm-clang.release.lib : TimerP.obj (.text.TimerP_clearOverflowInt)
                  70013df8    00000008     --HOLE-- [fill = 0]
                  70013e00    00000018     drivers.am64x.r5f.ti-arm-clang.release.lib : udma_rm.obj (.text.Udma_rmTranslateCoreIntrInput)
                  70013e18    00000008     --HOLE-- [fill = 0]
                  70013e20    00000018                                                : udma_rm.obj (.text.Udma_rmTranslateIrOutput)
                  70013e38    00000018     libsysbm.a : memset32.S.obj (.text:TI_memset_small)
                  70013e50    00000014     drivers.am64x.r5f.ti-arm-clang.release.lib : csl_lcdma_ringacc.obj (.text.CSL_lcdma_ringaccGetForwardRingOcc)
                  70013e64    0000000c     --HOLE-- [fill = 0]
                  70013e70    00000014                                                : csl_sec_proxy.obj (.text.CSL_secProxyGetDataAddr)
                  70013e84    0000000c     --HOLE-- [fill = 0]
                  70013e90    00000014                                                : ospi_v0.obj (.text.OSPI_getFlashDataBaseAddr)
                  70013ea4    0000000c     --HOLE-- [fill = 0]
                  70013eb0    00000010                                                : bootloader.obj (.text.Bootloader_Params_init)
                  70013ec0    00000010     nortos.am64x.r5f.ti-arm-clang.release.lib : ClockP_nortos.obj (.text.ClockP_Params_init)
                  70013ed0    00000010                                               : ClockP_nortos.obj (.text.ClockP_getTicks)
                  70013ee0    00000010                                               : ClockP_nortos.obj (.text.ClockP_isActive)
                  70013ef0    00000010                                               : DebugP_uartLogWriter.obj (.text.DebugP_uartSetDrvIndex)
                  70013f00    00000010     ti_drivers_open_close.obj (.text.Drivers_open)
                  70013f10    00000010     drivers.am64x.r5f.ti-arm-clang.release.lib : bootloader_flash.obj (.text.Flash_imgOpen)
                  70013f20    00000010                                                : bootloader_flash.obj (.text.Flash_imgSeek)
                  70013f30    00000010     board.am64x.r5f.ti-arm-clang.release.lib : flash_nor_xspi.obj (.text.Flash_norXspiClose)
                  70013f40    00000010     drivers.am64x.r5f.ti-arm-clang.release.lib : ospi_v0.obj (.text.OSPI_setCmdExtType)
                  70013f50    00000010                                                : ospi_v0.obj (.text.OSPI_setPhyEnableSuccess)
                  70013f60    00000010     ti_power_clock_config.obj (.text.PowerClock_init)
                  70013f70    00000010     drivers.am64x.r5f.ti-arm-clang.release.lib : sciclient.obj (.text.Sciclient_getSelfDevIdCore)
                  70013f80    00000010     nortos.am64x.r5f.ti-arm-clang.release.lib : TimerP.obj (.text.TimerP_start)
                  70013f90    00000010     drivers.am64x.r5f.ti-arm-clang.release.lib : udma_ring_lcdma.obj (.text.Udma_ringHandleClearRegsLcdma)
                  70013fa0    0000000c                                                : ospi_v0.obj (.text.OSPI_getXferLines)
                  70013fac    00000004     --HOLE-- [fill = 0]
                  70013fb0    0000000c                                                : ospi_v0.obj (.text.OSPI_isDtrEnable)
                  70013fbc    00000004     --HOLE-- [fill = 0]
                  70013fc0    0000000c                                                : ospi_v0.obj (.text.OSPI_isPhyEnable)
                  70013fcc    00000004     --HOLE-- [fill = 0]
                  70013fd0    0000000c                                                : udma_ring_common.obj (.text.Udma_ringGetForwardRingOcc)
                  70013fdc    00000004     --HOLE-- [fill = 0]
                  70013fe0    0000000c                                                : udma_ring_common.obj (.text.Udma_ringGetReverseRingOcc)
                  70013fec    00000004     --HOLE-- [fill = 0]
                  70013ff0    0000000c     nortos.am64x.r5f.ti-arm-clang.release.lib : printf.obj (.text._out_char)
                  70013ffc    00000004     --HOLE-- [fill = 0]
                  70014000    00000008     drivers.am64x.r5f.ti-arm-clang.release.lib : csl_pktdma.obj (.text.CSL_pktdmaTeardownRxChan)
                  70014008    00000008     --HOLE-- [fill = 0]
                  70014010    00000008                                                : csl_pktdma.obj (.text.CSL_pktdmaTeardownTxChan)
                  70014018    00000008     --HOLE-- [fill = 0]
                  70014020    00000008                                                : bootloader_flash.obj (.text.Flash_imgGetCurOffset)
                  70014028    00000008     --HOLE-- [fill = 0]
                  70014030    00000008                                                : sciclient.obj (.text.Sciclient_deinit)
                  70014038    00000008     --HOLE-- [fill = 0]
                  70014040    00000008     nortos.am64x.r5f.ti-arm-clang.release.lib : TimerP.obj (.text.TimerP_getCount)
                  70014048    00000008     --HOLE-- [fill = 0]
                  70014050    00000008                                               : TimerP.obj (.text.TimerP_getReloadCount)
                  70014058    00000008     --HOLE-- [fill = 0]
                  70014060    00000008     drivers.am64x.r5f.ti-arm-clang.release.lib : udma_utils.obj (.text.Udma_defaultVirtToPhyFxn)
                  70014068    00000008     --HOLE-- [fill = 0]
                  70014070    00000008                                                : udma_soc.obj (.text.Udma_isCacheCoherent)
                  70014078    00000008     --HOLE-- [fill = 0]
                  70014080    00000008                                                : udma_rm.obj (.text.Udma_rmAllocFreeRing)
                  70014088    00000008     --HOLE-- [fill = 0]
                  70014090    00000004     ti_board_open_close.obj (.text.Board_driversOpen)
                  70014094    0000000c     --HOLE-- [fill = 0]
                  700140a0    00000004     drivers.am64x.r5f.ti-arm-clang.release.lib : bootloader_soc.obj (.text.Bootloader_socSecHandover)
                  700140a4    0000000c     --HOLE-- [fill = 0]
                  700140b0    00000004     nortos.am64x.r5f.ti-arm-clang.release.lib : ClockP_nortos_r5.obj (.text.ClockP_getTimerCount)
                  700140b4    0000000c     --HOLE-- [fill = 0]
                  700140c0    00000004                                               : ClockP_nortos_r5.obj (.text.ClockP_timerClearOverflowInt)
                  700140c4    0000000c     --HOLE-- [fill = 0]
                  700140d0    00000004     ti_dpl_config.obj (.text.Dpl_deinit)
                  700140d4    0000000c     --HOLE-- [fill = 0]
                  700140e0    00000004     drivers.am64x.r5f.ti-arm-clang.release.lib : bootloader_flash.obj (.text.Flash_imgClose)
                  700140e4    0000000c     --HOLE-- [fill = 0]
                  700140f0    00000004                                                : ospi_v0.obj (.text.OSPI_isr)
                  700140f4    0000000c     --HOLE-- [fill = 0]
                  70014100    00000004     ti_power_clock_config.obj (.text.PowerClock_deinit)
                  70014104    0000000c     --HOLE-- [fill = 0]
                  70014110    00000004     drivers.am64x.r5f.ti-arm-clang.release.lib : sciclient_rm.obj (.text.Sciclient_rmIrqSet)
                  70014114    0000000c     --HOLE-- [fill = 0]
                  70014120    00000004                                                : sciclient_rm.obj (.text.Sciclient_rmIrqTranslateIaOutput)
                  70014124    0000000c     --HOLE-- [fill = 0]
                  70014130    00000004     nortos.am64x.r5f.ti-arm-clang.release.lib : SemaphoreP_nortos.obj (.text.SemaphoreP_destruct)
                  70014134    0000000c     --HOLE-- [fill = 0]
                  70014140    00000004                                               : TaskP_nortos.obj (.text.TaskP_yield)
                  70014144    0000000c     --HOLE-- [fill = 0]
                  70014150    00000004     drivers.am64x.r5f.ti-arm-clang.release.lib : udma_utils.obj (.text.Udma_defaultPhyToVirtFxn)
                  70014154    0000000c     --HOLE-- [fill = 0]
                  70014160    00000004                                                : udma_rm.obj (.text.Udma_rmFreeFreeRing)
                  70014164    0000000c     --HOLE-- [fill = 0]
                  70014170    00000004     libclang_rt.builtins.a : aeabi_div0.c.obj (.text.__aeabi_ldiv0)
                  70014174    0000000c     --HOLE-- [fill = 0]
                  70014180    00000004     nortos.am64x.r5f.ti-arm-clang.release.lib : printf.obj (.text._out_null)
                  70014184    0000000c     --HOLE-- [fill = 0]
                  70014190    00000004     ti_dpl_config.obj (.text.putchar_)
                  70014194    0000000c     --HOLE-- [fill = 0]

.text.hwi 
*          0    700141a0    000008d0     
                  700141a0    00000568     nortos.am64x.r5f.ti-arm-clang.release.lib : HwiP_armv7r_vim.obj (.text.hwi)
                  70014708    00000008     --HOLE-- [fill = 0]
                  70014710    00000270                                               : HwiP_armv7r_handlers_nortos.obj (.text.hwi)
                  70014980    00000078                                               : HwiP_armv7r_handlers_nortos_asm.obj (.text.hwi)
                  700149f8    00000070                                               : HwiP_armv7r_asm.obj (.text.hwi)
                  70014a68    00000008     --HOLE-- [fill = 0]

.text.cache 
*          0    70014a70    000004a0     
                  70014a70    00000340     nortos.am64x.r5f.ti-arm-clang.release.lib : CacheP_armv7r_asm.obj (.text.cache)
                  70014db0    0000015c                                               : CacheP_armv7r.obj (.text.cache)
                  70014f0c    00000004     --HOLE-- [fill = 0]

.text.mpu 
*          0    70014f10    000002d0     
                  70014f10    00000250     nortos.am64x.r5f.ti-arm-clang.release.lib : MpuP_armv7r.obj (.text.mpu)
                  70015160    00000078                                               : MpuP_armv7r_asm.obj (.text.mpu)
                  700151d8    00000008     --HOLE-- [fill = 0]

.text.boot 
*          0    700151e0    00000150     
                  700151e0    000000fc     nortos.am64x.r5f.ti-arm-clang.release.lib : boot_armv7r_asm.obj (.text.boot)
                  700152dc    00000004     --HOLE-- [fill = 0]
                  700152e0    00000034                                               : DebugP_log.obj (.text.boot)
                  70015314    0000000c     --HOLE-- [fill = 0]
                  70015320    00000010     ti_dpl_config.obj (.text.boot)

.data      0    70015330    00002708     
                  70015330    000007ec     ti_drivers_config.obj (.data.DDRSS_phyReg)
                  70015b1c    0000069c     ti_drivers_config.obj (.data.DDRSS_ctlReg)
                  700161b8    00000564     ti_drivers_config.obj (.data.DDRSS_phyIndepReg)
                  7001671c    000003f6     ti_drivers_config.obj (.data.DDRSS_phyRegNum)
                  70016b12    0000034e     ti_drivers_config.obj (.data.DDRSS_ctlRegNum)
                  70016e60    000002b2     ti_drivers_config.obj (.data.DDRSS_phyIndepRegNum)
                  70017112    00000001     drivers.am64x.r5f.ti-arm-clang.release.lib : sciclient.obj (.data.gSecHeaderSizeWords)
                  70017113    00000001     --HOLE-- [fill = 0]
                  70017114    000000c4                                                : bootloader_soc.obj (.data.gAddrTranslateInfo)
                  700171d8    000000b8                                                : sciclient_irq_rm.obj (.data.vint_usage_count_DMASS0_INTAGGR_0)
                  70017290    000000a8                                                : bootloader_soc.obj (.data.gCoreBootInfo)
                  70017338    00000094                                                : ospi_v0.obj (.data.gOspiDrvObj)
                  700173cc    00000094                                                : uart_v0.obj (.data.gUartDrvObj)
                  70017460    00000080                                                : ospi_phy.obj (.data.gOspiFlashAttackVector)
                  700174e0    00000080                                                : ospi_phy.obj (.data.gReadBuf)
                  70017560    00000070     ti_pinmux_config.obj (.data.gPinMuxMainDomainCfg)
                  700175d0    00000060     drivers.am64x.r5f.ti-arm-clang.release.lib : sciclient_irq_rm.obj (.data.gRmIrInstances)
                  70017630    00000058                                                : udma_rmcfg.obj (.data.gUdmaRmSharedResPrms)
                  70017688    00000050     ti_dpl_config.obj (.data.gMpuRegionConfig)
                  700176d8    00000050     ti_drivers_config.obj (.data.gOspiAttrs)
                  70017728    0000004c     ti_drivers_open_close.obj (.data.gUartParams)
                  70017774    00000048     board.am64x.r5f.ti-arm-clang.release.lib : flash_nor_xspi_device_S28HS512T.obj (.data.gFlashNorXspiDeviceDefines_S28HS512T)
                  700177bc    00000004     ti_drivers_config.obj (.data.gBootloaderConfigNum)
                  700177c0    00000028     ti_drivers_config.obj (.data.gDdrParams)
                  700177e8    00000028     board.am64x.r5f.ti-arm-clang.release.lib : flash_nor_xspi_device_S28HS512T.obj (.data.gFlashNorXspiAttrs_S28HS512T)
                  70017810    00000028     drivers.am64x.r5f.ti-arm-clang.release.lib : ospi_phy.obj (.data.gPhyTuneWindowParamsGTE133)
                  70017838    00000028                                                : ospi_phy.obj (.data.gPhyTuneWindowParamsLT133)
                  70017860    00000024     ti_power_clock_config.obj (.data.gSocModulesClockFrequency)
                  70017884    00000020     ti_drivers_config.obj (.data.gOspiDmaRestrictRegions)
                  700178a4    00000020     drivers.am64x.r5f.ti-arm-clang.release.lib : sciclient_irq_rm.obj (.data.gRmIaInstances)
                  700178c4    00000004     nortos.am64x.r5f.ti-arm-clang.release.lib : CacheP_armv7r.obj (.data.gCacheL1dCacheLineSize)
                  700178c8    00000020     drivers.am64x.r5f.ti-arm-clang.release.lib : sciclient_soc_priv.obj (.data.gSciclientSecProxyCfg)
                  700178e8    0000001c     ti_drivers_config.obj (.data.gOspiUdma0Args)
                  70017904    0000001c     ti_power_clock_config.obj (.data.gSocModules)
                  70017920    00000014     drivers.am64x.r5f.ti-arm-clang.release.lib : bootloader_flash.obj (.data.gBootloaderFlashFxns)
                  70017934    00000014     ti_dpl_config.obj (.data.gClockConfig)
                  70017948    00000014     board.am64x.r5f.ti-arm-clang.release.lib : flash_nor_xspi.obj (.data.gFlashNorXspiFxns)
                  7001795c    00000014     drivers.am64x.r5f.ti-arm-clang.release.lib : sciclient_irq_rm.obj (.data.rom_usage_DMASS0_INTAGGR_0)
                  70017970    00000010     ti_board_open_close.obj (.data.gFlashConfig)
                  70017980    00000010     ti_drivers_config.obj (.data.gUdmaInitPrms)
                  70017990    0000000c     nortos.am64x.r5f.ti-arm-clang.release.lib : AddrTranslateP.obj (.data.gAddrTranslateConfig)
                  7001799c    0000000c     ti_drivers_config.obj (.data.gBootloader0Args)
                  700179a8    0000000c     ti_dpl_config.obj (.data.gMpuConfig)
                  700179b4    0000000c     drivers.am64x.r5f.ti-arm-clang.release.lib : ospi_dma_udma.obj (.data.gOspiDmaUdmaFxns)
                  700179c0    00000008     ti_drivers_config.obj (.data.gBootloaderConfig)
                  700179c8    00000008     ti_dpl_config.obj (.data.gCacheConfig)
                  700179d0    00000008     ti_drivers_config.obj (.data.gOspiConfig)
                  700179d8    00000008     ti_drivers_config.obj (.data.gOspiDmaConfig)
                  700179e0    00000008     ti_pinmux_config.obj (.data.gPinMuxMcuDomainCfg)
                  700179e8    00000008     ti_drivers_config.obj (.data.gUartAttrs)
                  700179f0    00000008     ti_drivers_config.obj (.data.gUartConfig)
                  700179f8    00000004     nortos.am64x.r5f.ti-arm-clang.release.lib : CacheP_armv7r.obj (.data.gCacheL1pCacheLineSize)
                  700179fc    00000004                                               : DebugP_log.obj (.data.gDebugLogZone)
                  70017a00    00000004                                               : DebugP_uartLogWriter.obj (.data.gDebugP_uartDrvIndex)
                  70017a04    00000004     ti_board_open_close.obj (.data.gFlashConfigNum)
                  70017a08    00000004     ti_dpl_config.obj (.data.gHwiConfig)
                  70017a0c    00000004     ti_drivers_config.obj (.data.gOspiConfigNum)
                  70017a10    00000004     ti_drivers_config.obj (.data.gOspiDmaConfigNum)
                  70017a14    00000004     ti_drivers_open_close.obj (.data.gOspiParams)
                  70017a18    00000004     drivers.am64x.r5f.ti-arm-clang.release.lib : ospi_phy.obj (.data.gPhyTuneWindowParams)
                  70017a1c    00000004                                                : sciclient.obj (.data.gSciclientHandle.0)
                  70017a20    00000004                                                : sciclient.obj (.data.gSciclientHandle.2)
[...]
70015b1c  DDRSS_ctlReg                                                                  
700161b8  DDRSS_phyIndepReg                                                             
7001671c  DDRSS_phyRegNum                                                               
70016b12  DDRSS_ctlRegNum                                                               
70016e60  DDRSS_phyIndepRegNum                                                          
70017114  gAddrTranslateInfo                                                            
700171d8  vint_usage_count_DMASS0_INTAGGR_0                                             
70017290  gCoreBootInfo                                                                 
700175d0  gRmIrInstances                                                                
70017630  gUdmaRmSharedResPrms                                                          
70017688  gMpuRegionConfig                                                              
70017728  gUartParams                                                                   
70017774  gFlashNorXspiDeviceDefines_S28HS512T                                          
700177bc  gBootloaderConfigNum                                                          
700177e8  gFlashNorXspiAttrs_S28HS512T                                                  
70017810  gPhyTuneWindowParamsGTE133                                                    
70017838  gPhyTuneWindowParamsLT133                                                     
70017860  gSocModulesClockFrequency                                                     
700178a4  gRmIaInstances                                                                
700178c4  gCacheL1dCacheLineSize                                                        
700178c8  gSciclientSecProxyCfg                                                         
700178e8  gOspiUdma0Args                                                                
70017904  gSocModules                                                                   
70017920  gBootloaderFlashFxns                                                          
70017934  gClockConfig                                                                  
70017948  gFlashNorXspiFxns                                                             
70017970  gFlashConfig                                                                  
70017990  gAddrTranslateConfig                                                          
7001799c  gBootloader0Args                                                              
700179a8  gMpuConfig                                                                    
700179b4  gOspiDmaUdmaFxns                                                              
700179c0  gBootloaderConfig                                                             
700179c8  gCacheConfig                                                                  
700179d0  gOspiConfig                                                                   
700179d8  gOspiDmaConfig                                                                
700179f0  gUartConfig                                                                   
700179f8  gCacheL1pCacheLineSize                                                        
700179fc  gDebugLogZone                                                                 
70017a00  gDebugP_uartDrvIndex                                                          
70017a04  gFlashConfigNum                                                               
70017a08  gHwiConfig                                                                    
70017a0c  gOspiConfigNum                                                                
70017a10  gOspiDmaConfigNum                                                             
70017a14  gOspiParams                                                                   
70017a18  gPhyTuneWindowParams                                                          
70017a30  gUartConfigNum                                                                
70017a80  gSysFw                                                                        
70044998  gUdmaRmDefBoardCfg_Pktdma                                                     
70044f3c  gUdmaTxMappedChRingAttributes                                                 
70045074  gSciclientMap                                                                 
7004574c  gUdmaRxMappedChRingAttributes                                                 
70045874  gUdmaRmDefBoardCfg_Bcdma                                                      
70045adc  tisci_if_TIMESYNC_EVENT_INTROUTER0                                            
70045c04  gRmIrqTree                                                                    
70045c5c  gRmIrqTreeCount                                                               
70045cfc  gSOC_r5fVectors                                                               
70045d8c  tisci_if_MAIN_GPIOMUX_INTROUTER0                                              
70045dc0  tisci_if_DMASS0_INTAGGR_0                                                     
70045e20  tisci_if_MCU_MCU_GPIOMUX_INTROUTER0                                           
70045e44  tisci_if_CPTS0                                                                
70045e80  gBoardConfigLow_debug                                                         
70045ea0  tisci_if_PRU_ICSSG0                                                           
70045ebc  tisci_if_PRU_ICSSG1                                                           
70045ef0  tisci_if_CMP_EVENT_INTROUTER0                                                 
70045f08  tisci_if_PCIE0                                                                
70045f30  tisci_if_CPSW0                                                                
70045f4c  tisci_if_EPWM0                                                                
70045f5c  tisci_if_EPWM3                                                                
70045f6c  tisci_if_EPWM6                                                                
70045f7c  CMP_EVENT_INTROUTER0_outp_0_15_to_GICSS0_spi_48_63                            
70045f84  CMP_EVENT_INTROUTER0_outp_16_23_to_R5FSS0_CORE0_intr_48_55                    
70045f8c  CMP_EVENT_INTROUTER0_outp_16_23_to_R5FSS0_CORE1_intr_48_55                    
70045f94  CMP_EVENT_INTROUTER0_outp_24_31_to_R5FSS1_CORE0_intr_48_55                    
70045f9c  CMP_EVENT_INTROUTER0_outp_24_31_to_R5FSS1_CORE1_intr_48_55                    
70045fa4  CMP_EVENT_INTROUTER0_outp_32_39_to_DMASS0_INTAGGR_0_intaggr_levi_pend_0_7     
70045fac  CPSW0_cpts_comp_0_0_to_CMP_EVENT_INTROUTER0_in_80_80                          
70045fb4  CPSW0_cpts_genf0_1_1_to_TIMESYNC_EVENT_INTROUTER0_in_21_21                    
70045fbc  CPSW0_cpts_genf1_2_2_to_TIMESYNC_EVENT_INTROUTER0_in_22_22                    
70045fc4  CPSW0_cpts_sync_3_3_to_TIMESYNC_EVENT_INTROUTER0_in_34_34                     
70045fcc  CPTS0_cpts_comp_0_0_to_CMP_EVENT_INTROUTER0_in_82_82                          
70045fd4  CPTS0_cpts_genf0_1_1_to_TIMESYNC_EVENT_INTROUTER0_in_16_16                    
70045fdc  CPTS0_cpts_genf1_2_2_to_TIMESYNC_EVENT_INTROUTER0_in_17_17                    
70045fe4  CPTS0_cpts_genf2_3_3_to_TIMESYNC_EVENT_INTROUTER0_in_18_18                    
70045fec  CPTS0_cpts_genf3_4_4_to_TIMESYNC_EVENT_INTROUTER0_in_19_19                    
70045ff4  CPTS0_cpts_genf4_5_5_to_TIMESYNC_EVENT_INTROUTER0_in_20_20                    
70045ffc  CPTS0_cpts_genf5_6_6_to_TIMESYNC_EVENT_INTROUTER0_in_24_24                    
70046004  CPTS0_cpts_sync_7_7_to_TIMESYNC_EVENT_INTROUTER0_in_35_35                     
7004600c  DMASS0_INTAGGR_0_intaggr_vintr_pend_0_39_to_GICSS0_spi_64_103                 
70046014  DMASS0_INTAGGR_0_intaggr_vintr_pend_120_127_to_R5FSS1_CORE0_intr_8_15         
7004601c  DMASS0_INTAGGR_0_intaggr_vintr_pend_128_135_to_R5FSS1_CORE1_intr_8_15         
70046024  DMASS0_INTAGGR_0_intaggr_vintr_pend_152_159_to_PRU_ICSSG0_pr1_slv_intr_16_23  
7004602c  DMASS0_INTAGGR_0_intaggr_vintr_pend_160_167_to_PRU_ICSSG1_pr1_slv_intr_16_23  
70046034  DMASS0_INTAGGR_0_intaggr_vintr_pend_168_183_to_MCU_M4FSS0_CORE0_nvic_32_47    
7004603c  DMASS0_INTAGGR_0_intaggr_vintr_pend_40_71_to_R5FSS0_CORE0_intr_64_95          
70046044  DMASS0_INTAGGR_0_intaggr_vintr_pend_40_71_to_R5FSS0_CORE1_intr_64_95          
7004604c  DMASS0_INTAGGR_0_intaggr_vintr_pend_72_79_to_R5FSS0_CORE0_intr_8_15           
70046054  DMASS0_INTAGGR_0_intaggr_vintr_pend_80_87_to_R5FSS0_CORE1_intr_8_15           
7004605c  DMASS0_INTAGGR_0_intaggr_vintr_pend_88_119_to_R5FSS1_CORE0_intr_64_95         
70046064  DMASS0_INTAGGR_0_intaggr_vintr_pend_88_119_to_R5FSS1_CORE1_intr_64_95         
7004606c  EPWM0_epwm_synco_o_0_0_to_TIMESYNC_EVENT_INTROUTER0_in_39_39                  
70046074  EPWM3_epwm_synco_o_0_0_to_TIMESYNC_EVENT_INTROUTER0_in_40_40                  
7004607c  EPWM6_epwm_synco_o_0_0_to_TIMESYNC_EVENT_INTROUTER0_in_41_41                  
70046084  GPIO0_gpio_0_89_to_MAIN_GPIOMUX_INTROUTER0_in_0_89                            
7004608c  GPIO0_gpio_bank_90_98_to_MAIN_GPIOMUX_INTROUTER0_in_190_198                   
70046094  GPIO1_gpio_0_89_to_MAIN_GPIOMUX_INTROUTER0_in_90_179                          
7004609c  GPIO1_gpio_bank_90_98_to_MAIN_GPIOMUX_INTROUTER0_in_180_188                   
700460a4  GPMC0_gpmc_sdmareq_0_0_to_DMASS0_INTAGGR_0_intaggr_levi_pend_29_29            
700460ac  GTC0_gtc_push_event_0_0_to_TIMESYNC_EVENT_INTROUTER0_in_36_36                 
700460b4  MAIN_GPIOMUX_INTROUTER0_outp_0_15_to_GICSS0_spi_32_47                         
700460bc  MAIN_GPIOMUX_INTROUTER0_outp_0_15_to_R5FSS0_CORE0_intr_32_47                  
700460c4  MAIN_GPIOMUX_INTROUTER0_outp_0_15_to_R5FSS0_CORE1_intr_32_47                  
700460cc  MAIN_GPIOMUX_INTROUTER0_outp_0_15_to_R5FSS1_CORE0_intr_32_47                  
700460d4  MAIN_GPIOMUX_INTROUTER0_outp_0_15_to_R5FSS1_CORE1_intr_32_47                  
700460dc  MAIN_GPIOMUX_INTROUTER0_outp_16_17_to_DMASS0_INTAGGR_0_intaggr_levi_pend_24_25
700460e4  MAIN_GPIOMUX_INTROUTER0_outp_18_23_to_PRU_ICSSG0_pr1_iep0_cap_intr_req_4_9    
700460ec  MAIN_GPIOMUX_INTROUTER0_outp_18_23_to_PRU_ICSSG1_pr1_iep0_cap_intr_req_4_9    
700460f4  MAIN_GPIOMUX_INTROUTER0_outp_24_29_to_PRU_ICSSG0_pr1_iep1_cap_intr_req_10_15  
700460fc  MAIN_GPIOMUX_INTROUTER0_outp_24_29_to_PRU_ICSSG1_pr1_iep1_cap_intr_req_10_15  
70046104  MAIN_GPIOMUX_INTROUTER0_outp_30_37_to_DMASS0_INTAGGR_0_intaggr_levi_pend_16_23
7004610c  MAIN_GPIOMUX_INTROUTER0_outp_38_45_to_PRU_ICSSG0_pr1_slv_intr_46_53           
70046114  MAIN_GPIOMUX_INTROUTER0_outp_46_53_to_PRU_ICSSG1_pr1_slv_intr_46_53           
7004611c  MCU_GPIO0_gpio_0_29_to_MCU_MCU_GPIOMUX_INTROUTER0_in_0_29                     
70046124  MCU_GPIO0_gpio_bank_30_31_to_MCU_MCU_GPIOMUX_INTROUTER0_in_30_31              
7004612c  MCU_MCU_GPIOMUX_INTROUTER0_outp_0_3_to_GICSS0_spi_104_107                     
70046134  MCU_MCU_GPIOMUX_INTROUTER0_outp_0_3_to_R5FSS0_CORE0_intr_104_107              
7004613c  MCU_MCU_GPIOMUX_INTROUTER0_outp_0_3_to_R5FSS0_CORE1_intr_104_107              
70046144  MCU_MCU_GPIOMUX_INTROUTER0_outp_0_3_to_R5FSS1_CORE0_intr_104_107              
7004614c  MCU_MCU_GPIOMUX_INTROUTER0_outp_0_3_to_R5FSS1_CORE1_intr_104_107              
70046154  MCU_MCU_GPIOMUX_INTROUTER0_outp_4_7_to_MCU_M4FSS0_CORE0_nvic_0_3              
7004615c  MCU_MCU_GPIOMUX_INTROUTER0_outp_8_11_to_MCU_ESM0_esm_pls_event0_88_91         
70046164  MCU_MCU_GPIOMUX_INTROUTER0_outp_8_11_to_MCU_ESM0_esm_pls_event1_92_95         
7004616c  MCU_MCU_GPIOMUX_INTROUTER0_outp_8_11_to_MCU_ESM0_esm_pls_event2_96_99         
70046174  PCIE0_pcie_cpts_comp_0_0_to_CMP_EVENT_INTROUTER0_in_81_81                     
7004617c  PCIE0_pcie_cpts_genf0_1_1_to_TIMESYNC_EVENT_INTROUTER0_in_23_23               
70046184  PCIE0_pcie_cpts_hw1_push_2_2_to_TIMESYNC_EVENT_INTROUTER0_in_37_37            
7004618c  PCIE0_pcie_cpts_sync_3_3_to_TIMESYNC_EVENT_INTROUTER0_in_33_33                
70046194  PCIE0_pcie_ptm_valid_pulse_4_4_to_TIMESYNC_EVENT_INTROUTER0_in_38_38          
7004619c  PRU_ICSSG0_pr1_edc0_sync0_out_0_0_to_TIMESYNC_EVENT_INTROUTER0_in_25_25       
700461a4  PRU_ICSSG0_pr1_edc0_sync1_out_1_1_to_TIMESYNC_EVENT_INTROUTER0_in_26_26       
700461ac  PRU_ICSSG0_pr1_edc1_sync0_out_2_2_to_TIMESYNC_EVENT_INTROUTER0_in_27_27       
700461b4  PRU_ICSSG0_pr1_edc1_sync1_out_3_3_to_TIMESYNC_EVENT_INTROUTER0_in_28_28       
700461bc  PRU_ICSSG0_pr1_host_intr_req_4_11_to_CMP_EVENT_INTROUTER0_in_0_7              
700461c4  PRU_ICSSG0_pr1_iep0_cmp_intr_req_12_27_to_CMP_EVENT_INTROUTER0_in_16_31       
700461cc  PRU_ICSSG0_pr1_iep1_cmp_intr_req_28_43_to_CMP_EVENT_INTROUTER0_in_32_47       
700461d4  PRU_ICSSG1_pr1_edc0_sync0_out_0_0_to_TIMESYNC_EVENT_INTROUTER0_in_29_29       
700461dc  PRU_ICSSG1_pr1_edc0_sync1_out_1_1_to_TIMESYNC_EVENT_INTROUTER0_in_30_30       
700461e4  PRU_ICSSG1_pr1_edc1_sync0_out_2_2_to_TIMESYNC_EVENT_INTROUTER0_in_31_31       
700461ec  PRU_ICSSG1_pr1_edc1_sync1_out_3_3_to_TIMESYNC_EVENT_INTROUTER0_in_32_32       
700461f4  PRU_ICSSG1_pr1_host_intr_req_4_11_to_CMP_EVENT_INTROUTER0_in_8_15             
700461fc  PRU_ICSSG1_pr1_iep0_cmp_intr_req_12_27_to_CMP_EVENT_INTROUTER0_in_48_63       
70046204  PRU_ICSSG1_pr1_iep1_cmp_intr_req_28_43_to_CMP_EVENT_INTROUTER0_in_64_79       
7004620c  TIMER0_timer_pwm_0_0_to_TIMESYNC_EVENT_INTROUTER0_in_0_0                      
70046214  TIMER1_timer_pwm_0_0_to_TIMESYNC_EVENT_INTROUTER0_in_1_1                      
7004621c  TIMER2_timer_pwm_0_0_to_TIMESYNC_EVENT_INTROUTER0_in_2_2                      
70046224  TIMER3_timer_pwm_0_0_to_TIMESYNC_EVENT_INTROUTER0_in_3_3                      
7004622c  TIMESYNC_EVENT_INTROUTER0_outl_0_7_to_DMASS0_INTAGGR_0_intaggr_levi_pend_8_15 
70046234  TIMESYNC_EVENT_INTROUTER0_outl_10_10_to_PRU_ICSSG0_pr1_edc1_latch0_in_2_2     
7004623c  TIMESYNC_EVENT_INTROUTER0_outl_11_11_to_PRU_ICSSG0_pr1_edc1_latch1_in_3_3     
70046244  TIMESYNC_EVENT_INTROUTER0_outl_12_12_to_PRU_ICSSG1_pr1_edc0_latch0_in_0_0     
7004624c  TIMESYNC_EVENT_INTROUTER0_outl_13_13_to_PRU_ICSSG1_pr1_edc0_latch1_in_1_1     
70046254  TIMESYNC_EVENT_INTROUTER0_outl_14_14_to_PRU_ICSSG1_pr1_edc1_latch0_in_2_2     
7004625c  TIMESYNC_EVENT_INTROUTER0_outl_15_15_to_PRU_ICSSG1_pr1_edc1_latch1_in_3_3     
70046264  TIMESYNC_EVENT_INTROUTER0_outl_16_16_to_CPTS0_cpts_hw1_push_0_0               
7004626c  TIMESYNC_EVENT_INTROUTER0_outl_17_17_to_CPTS0_cpts_hw2_push_1_1               
70046274  TIMESYNC_EVENT_INTROUTER0_outl_18_18_to_CPTS0_cpts_hw3_push_2_2               
7004627c  TIMESYNC_EVENT_INTROUTER0_outl_19_19_to_CPTS0_cpts_hw4_push_3_3               
70046284  TIMESYNC_EVENT_INTROUTER0_outl_20_20_to_CPTS0_cpts_hw5_push_4_4               
7004628c  TIMESYNC_EVENT_INTROUTER0_outl_21_21_to_CPTS0_cpts_hw6_push_5_5               
70046294  TIMESYNC_EVENT_INTROUTER0_outl_22_22_to_CPTS0_cpts_hw7_push_6_6               
7004629c  TIMESYNC_EVENT_INTROUTER0_outl_23_23_to_CPTS0_cpts_hw8_push_7_7               
700462a4  TIMESYNC_EVENT_INTROUTER0_outl_29_29_to_PCIE0_pcie_cpts_hw2_push_0_0          
700462ac  TIMESYNC_EVENT_INTROUTER0_outl_30_30_to_CPSW0_cpts_hw1_push_0_0               
700462b4  TIMESYNC_EVENT_INTROUTER0_outl_31_31_to_CPSW0_cpts_hw2_push_1_1               
700462bc  TIMESYNC_EVENT_INTROUTER0_outl_32_32_to_CPSW0_cpts_hw3_push_2_2               
700462c4  TIMESYNC_EVENT_INTROUTER0_outl_33_33_to_CPSW0_cpts_hw4_push_3_3               
700462cc  TIMESYNC_EVENT_INTROUTER0_outl_34_34_to_CPSW0_cpts_hw5_push_4_4               
700462d4  TIMESYNC_EVENT_INTROUTER0_outl_35_35_to_CPSW0_cpts_hw6_push_5_5               
700462dc  TIMESYNC_EVENT_INTROUTER0_outl_36_36_to_CPSW0_cpts_hw7_push_6_6               
700462e4  TIMESYNC_EVENT_INTROUTER0_outl_37_37_to_CPSW0_cpts_hw8_push_7_7               
700462ec  TIMESYNC_EVENT_INTROUTER0_outl_8_8_to_PRU_ICSSG0_pr1_edc0_latch0_in_0_0       
700462f4  TIMESYNC_EVENT_INTROUTER0_outl_9_9_to_PRU_ICSSG0_pr1_edc0_latch1_in_1_1       
700462fc  tisci_if_GPIO0                                                                
70046304  tisci_if_GPIO1                                                                
7004630c  tisci_if_MCU_GPIO0                                                            
700463c4  tisci_if_GPMC0                                                                
700463c8  tisci_if_GTC0                                                                 
700463cc  tisci_if_TIMER0                                                               
700463d0  tisci_if_TIMER1                                                               
700463d4  tisci_if_TIMER2                                                               
700463d8  tisci_if_TIMER3                                                               
70070000  __stack                                                                       
70070000  __start___llvm_prf_cnts                                                       
70070000  __stop___llvm_prf_cnts                                                        
70074000  __BSS_START                                                                   
70074000  __STACK_END                                                                   
70074000  gHwiCtrl                                                                      
70075008  gUdmaDrvObj                                                                   
7007601c  gProfileObj                                                                   
70076120  gClockCtrl                                                                    
70076320  gFlashObject_S28HS512T                                                        
7007632c  gFlashHandle                                                                  
70076330  gOspiHandle                                                                   
70076334  gUartHandle                                                                   
70076380  __BSS_END                                                                     
70076380  __IRQ_STACK_START                                                             
70077380  __FIQ_STACK_START                                                             
70077380  __IRQ_STACK_END                                                               
70077480  __FIQ_STACK_END                                                               
70077480  __SVC_STACK_START                                                             
70077580  __ABORT_STACK_START                                                           
70077580  __SVC_STACK_END                                                               
70077680  __ABORT_STACK_END                                                             
70077680  __UNDEFINED_STACK_START                                                       
70077780  __UNDEFINED_STACK_END                                                         
ffffffff  __TI_pprof_out_hndl                                                           
ffffffff  __TI_prof_data_size                                                           
ffffffff  __TI_prof_data_start                                                          
ffffffff  __binit__                                                                     
ffffffff  binit                                                                         
UNDEFED   __TI_CINIT_Base                                                               
UNDEFED   __TI_CINIT_Limit                                                              
UNDEFED   __TI_Handler_Table_Base                                                       
UNDEFED   __TI_Handler_Table_Limit                                                      
UNDEFED   _system_post_cinit                                                            

[654 symbols]
