******************************************************************************
            TI ARM Clang Linker Unix v1.3.0                    
******************************************************************************
>> Linked Sat Nov 13 03:26:32 2021

OUTPUT FILE NAME:   <sbl_uart_uniflash.release.out>
ENTRY POINT SYMBOL: "_vectors_sbl"  address: 70000000


MEMORY CONFIGURATION

         name            origin    length      used     unused   attr    fill
----------------------  --------  ---------  --------  --------  ----  --------
  R5F_VECS              00000000   00000040  00000000  00000040  RWIX
  R5F_TCMA              00000040   00007fc0  00000000  00007fc0  RWIX
  R5F_TCMB0             41010000   00008000  00000000  00008000  RWIX
  MSRAM_VECS            70000000   00000100  00000040  000000c0  RWIX
  MSRAM_0               70000100   00067f00  00048400  0001fb00  RWIX
  MSRAM_1               70068000   00018000  00017c00  00000400  RWIX
  DDR                   80000000   00800000  00800000  00000000  RWIX


SEGMENT ALLOCATION MAP

run origin  load origin   length   init length attrs members
----------  ----------- ---------- ----------- ----- -------
70000000    70000000    00000040   00000040    r-x
  70000000    70000000    00000040   00000040    r-x .vectors
70000100    70000100    00017650   00017650    r-x
  70000100    70000100    000164c0   000164c0    r-x .text
  700165c0    700165c0    000008d0   000008d0    r-x .text.hwi
  70016e90    70016e90    000004a0   000004a0    r-x .text.cache
  70017330    70017330    000002d0   000002d0    r-x .text.mpu
  70017600    70017600    00000150   00000150    r-x .text.boot
70017750    70017750    00002660   00002660    rw-
  70017750    70017750    00002660   00002660    rw- .data
70019e00    70019e00    0002e700   0002e700    r--
  70019e00    70019e00    0002e700   0002e700    r-- .rodata
70068000    70068000    00016800   00000000    rw-
  70068000    70068000    0000a800   00000000    rw- .bss
  70072800    70072800    00008000   00000000    rw- .sysmem
  7007a800    7007a800    00004000   00000000    rw- .stack
7007e800    7007e800    00001400   00000000    r--
  7007e800    7007e800    00001000   00000000    r-- .irqstack
  7007f800    7007f800    00000100   00000000    r-- .fiqstack
  7007f900    7007f900    00000100   00000000    r-- .svcstack
  7007fa00    7007fa00    00000100   00000000    r-- .abortstack
  7007fb00    7007fb00    00000100   00000000    r-- .undefinedstack


SECTION ALLOCATION MAP

 output                                  attributes/
section   page    origin      length       input sections
--------  ----  ----------  ----------   ----------------
.vectors   0    70000000    00000040     
                  70000000    00000040     nortos.am64x.r5f.ti-arm-clang.release.lib : HwiP_armv7r_vectors_nortos_sbl_asm.obj (.vectors)

.text      0    70000100    000164c0     
                  70000100    00001538     drivers.am64x.r5f.ti-arm-clang.release.lib : mmcsd_v0.obj (.text.MMCSD_open)
                  70001638    00000c28     libc.a : _printfi.c.obj (.text:__TI_printfi_nofloat)
                  70002260    00000c1c     drivers.am64x.r5f.ti-arm-clang.release.lib : mmcsd_v0.obj (.text.MMCSD_transfer)
                  70002e7c    00000004     libclang_rt.builtins.a : aeabi_memcpy.S.obj (.text)
                  70002e80    00000a00     drivers.am64x.r5f.ti-arm-clang.release.lib : sciclient_rm_irq.obj (.text.Sciclient_rmIrqFindRoute)
                  70003880    000008e8                                                : ospi_phy.obj (.text.OSPI_phyFindOTP1)
                  70004168    00000008     libc.a : exit.c.obj (.text:abort)
                  70004170    00000860     nortos.am64x.r5f.ti-arm-clang.release.lib : printf.obj (.text._vsnprintf)
                  700049d0    00000828     drivers.am64x.r5f.ti-arm-clang.release.lib : udma_ch.obj (.text.Udma_chDisable)
                  700051f8    00000008     --HOLE-- [fill = 0]
                  70005200    00000720                                                : csl_bcdma.obj (.text.CSL_bcdmaChanOp)
                  70005920    00000628                                                : udma_event.obj (.text.Udma_eventRegister)
                  70005f48    00000008     --HOLE-- [fill = 0]
                  70005f50    00000558                                                : udma_ch.obj (.text.Udma_chOpen)
                  700064a8    00000008     --HOLE-- [fill = 0]
                  700064b0    0000053c     board.am64x.r5f.ti-arm-clang.release.lib : flash_nor_xspi.obj (.text.Flash_norXspiOpen)
                  700069ec    00000004     --HOLE-- [fill = 0]
                  700069f0    000004f8     drivers.am64x.r5f.ti-arm-clang.release.lib : uart_v0.obj (.text.UART_open)
                  70006ee8    00000008     --HOLE-- [fill = 0]
                  70006ef0    000004c4                                                : sciclient.obj (.text.Sciclient_service)
                  700073b4    0000000c     libc.a : aeabi_portable.c.obj (.text.__aeabi_errno_addr)
                  700073c0    00000490     drivers.am64x.r5f.ti-arm-clang.release.lib : ospi_phy.obj (.text.OSPI_phyFindOTP2)
                  70007850    00000450     nortos.am64x.r5f.ti-arm-clang.release.lib : printf.obj (.text._ftoa)
                  70007ca0    00000400     drivers.am64x.r5f.ti-arm-clang.release.lib : udma_rm.obj (.text.Udma_rmInit)
                  700080a0    000003d8                                                : uart_v0.obj (.text.UART_read)
                  70008478    00000008     --HOLE-- [fill = 0]
                  70008480    00000390                                                : ospi_v0.obj (.text.OSPI_open)
                  70008810    00000388                                                : bootloader_uniflash.obj (.text.Bootloader_uniflashProcessFlashCommands)
                  70008b98    00000008     --HOLE-- [fill = 0]
                  70008ba0    00000370     nortos.am64x.r5f.ti-arm-clang.release.lib : printf.obj (.text._etoa)
                  70008f10    0000036c     drivers.am64x.r5f.ti-arm-clang.release.lib : uart_v0.obj (.text.UART_masterIsr)
                  7000927c    00000004     --HOLE-- [fill = 0]
                  70009280    00000350                                                : udma_rmcfg_common.obj (.text.UdmaRmInitPrms_init)
                  700095d0    00000334                                                : sciclient_rm_irq.obj (.text.Sciclient_rmProgramInterruptRoute)
                  70009904    0000000c     --HOLE-- [fill = 0]
                  70009910    00000320                                                : xmodem.obj (.text.xmodemReceive)
                  70009c30    00000304                                                : udma_soc.obj (.text.Udma_initDrvHandle)
                  70009f34    0000000c     --HOLE-- [fill = 0]
                  70009f40    000002f4                                                : xmodem.obj (.text.xmodemTransmit)
                  7000a234    0000000c     --HOLE-- [fill = 0]
                  7000a240    000002b4                                                : uart_v0.obj (.text.UART_fifoConfig)
                  7000a4f4    0000000c     --HOLE-- [fill = 0]
                  7000a500    000002a4                                                : uart_v0.obj (.text.UART_write)
                  7000a7a4    0000000c     --HOLE-- [fill = 0]
                  7000a7b0    00000274                                                : ddr.obj (.text.DDR_init)
                  7000aa24    0000000c     --HOLE-- [fill = 0]
                  7000aa30    00000260     nortos.am64x.r5f.ti-arm-clang.release.lib : TimerP.obj (.text.TimerP_setup)
                  7000ac90    0000025c     drivers.am64x.r5f.ti-arm-clang.release.lib : udma_ring_common.obj (.text.Udma_ringAlloc)
                  7000aeec    00000004     --HOLE-- [fill = 0]
                  7000aef0    00000214     nortos.am64x.r5f.ti-arm-clang.release.lib : printf.obj (.text._ntoa_format)
                  7000b104    0000000c     --HOLE-- [fill = 0]
                  7000b110    0000020c     drivers.am64x.r5f.ti-arm-clang.release.lib : sciclient_rm_irq.obj (.text.Sciclient_rmIrqProgramRoute)
                  7000b31c    00000004     --HOLE-- [fill = 0]
                  7000b320    000001fc                                                : soc.obj (.text.SOC_moduleSetClockFrequency)
                  7000b51c    00000004     --HOLE-- [fill = 0]
                  7000b520    000001d4                                                : ospi_dma_udma.obj (.text.OspiDma_udmaOpen)
                  7000b6f4    000001d0     libclang_rt.builtins.a : udivsi3.S.obj (.text)
                  7000b8c4    0000000c     --HOLE-- [fill = 0]
                  7000b8d0    000001ac     drivers.am64x.r5f.ti-arm-clang.release.lib : udma_ch.obj (.text.Udma_chConfigRx)
                  7000ba7c    00000004     --HOLE-- [fill = 0]
                  7000ba80    000001ac                                                : udma_ch.obj (.text.Udma_chFreeResource)
                  7000bc2c    00000004     --HOLE-- [fill = 0]
                  7000bc30    000001a4                                                : uart_v0.obj (.text.UART_close)
                  7000bdd4    0000000c     --HOLE-- [fill = 0]
                  7000bde0    000001a0                                                : sciclient.obj (.text.Sciclient_loadFirmware)
                  7000bf80    00000188                                                : ospi_v0.obj (.text.OSPI_writeCmd)
                  7000c108    00000008     --HOLE-- [fill = 0]
                  7000c110    00000184                                                : ospi_v0.obj (.text.OSPI_readCmd)
                  7000c294    0000000c     --HOLE-- [fill = 0]
                  7000c2a0    00000180                                                : lpddr4.obj (.text.LPDDR4_CheckCtlInterrupt)
                  7000c420    00000180                                                : mmcsd_v0.obj (.text.MMCSD_write)
                  7000c5a0    0000017c     board.am64x.r5f.ti-arm-clang.release.lib : flash_nor_xspi.obj (.text.Flash_norXspiWrite)
                  7000c71c    00000004     --HOLE-- [fill = 0]
                  7000c720    00000174     drivers.am64x.r5f.ti-arm-clang.release.lib : bootloader_mmcsd_raw.obj (.text.Bootloader_MmcsdRaw_writeToOffset)
                  7000c894    0000000c     --HOLE-- [fill = 0]
                  7000c8a0    00000174                                                : mmcsd_v0.obj (.text.MMCSD_read)
                  7000ca14    0000000c     --HOLE-- [fill = 0]
                  7000ca20    0000016c                                                : ospi_dma_udma.obj (.text.OspiDma_udmaUpdateSubmitTR)
                  7000cb8c    00000004     --HOLE-- [fill = 0]
                  7000cb90    0000016c                                                : udma_rm.obj (.text.Udma_rmSetSharedResRmInitPrms)
                  7000ccfc    00000004     --HOLE-- [fill = 0]
                  7000cd00    00000168     nortos.am64x.r5f.ti-arm-clang.release.lib : ClockP_nortos_r5.obj (.text.ClockP_init)
                  7000ce68    00000008     --HOLE-- [fill = 0]
                  7000ce70    00000168     drivers.am64x.r5f.ti-arm-clang.release.lib : ospi_v0.obj (.text.OSPI_writeIndirect)
                  7000cfd8    00000008     --HOLE-- [fill = 0]
                  7000cfe0    00000168                                                : udma_ch.obj (.text.Udma_chEnable)
                  7000d148    00000008     --HOLE-- [fill = 0]
                  7000d150    00000160                                                : udma_flow.obj (.text.Udma_flowConfig)
                  7000d2b0    00000158                                                : csl_lcdma_ringacc.obj (.text.CSL_lcdma_ringaccPop64MultiAccess)
                  7000d408    00000008     --HOLE-- [fill = 0]
                  7000d410    0000014c                                                : bootloader_uniflash.obj (.text.Bootloader_uniflashFlashOrVerifyXipFile)
                  7000d55c    00000004     --HOLE-- [fill = 0]
                  7000d560    00000144                                                : bootloader_mmcsd_raw.obj (.text.Bootloader_MmcsdRaw_readFromOffset)
                  7000d6a4    0000000c     --HOLE-- [fill = 0]
                  7000d6b0    00000130                                                : udma_ch.obj (.text.Udma_chConfigTx)
                  7000d7e0    00000128                                                : csl_lcdma_ringacc.obj (.text.CSL_lcdma_ringaccPush64MultiAccess)
                  7000d908    00000008     --HOLE-- [fill = 0]
                  7000d910    00000128                                                : ospi_v0.obj (.text.OSPI_readDirect)
                  7000da38    00000008     --HOLE-- [fill = 0]
                  7000da40    00000124                                                : uart_v0.obj (.text.UART_divisorLatchWrite)
                  7000db64    0000000c     --HOLE-- [fill = 0]
                  7000db70    0000011c                                                : sciclient_pm.obj (.text.Sciclient_pmQueryModuleClkFreq)
                  7000dc8c    00000004     --HOLE-- [fill = 0]
                  7000dc90    00000118     board.am64x.r5f.ti-arm-clang.release.lib : flash_nor_xspi.obj (.text.Flash_norXspiErase)
                  7000dda8    00000008     --HOLE-- [fill = 0]
                  7000ddb0    00000118     drivers.am64x.r5f.ti-arm-clang.release.lib : sciclient.obj (.text.Sciclient_getVersionCheck)
                  7000dec8    00000118     libclang_rt.builtins.a : udivmoddi4.S.obj (.text)
                  7000dfe0    00000114     drivers.am64x.r5f.ti-arm-clang.release.lib : uart_v0.obj (.text.UART_procLineStatusErr)
                  7000e0f4    0000000c     --HOLE-- [fill = 0]
                  7000e100    00000110                                                : bootloader_sysfw_load.obj (.text.Bootloader_socLoadSysFw)
                  7000e210    00000110                                                : mmcsd_v0.obj (.text.MMCSD_halSetBusFreq)
                  7000e320    00000110                                                : sciclient_rm_irq.obj (.text.Sciclient_rmTranslateIntOutput)
                  7000e430    0000010c                                                : bootloader_uniflash.obj (.text.Bootloader_uniflashFlashVerifyFile)
                  7000e53c    00000004     --HOLE-- [fill = 0]
                  7000e540    00000108                                                : bootloader_uniflash.obj (.text.Bootloader_uniflashFlashVerifyFileMMCSDRaw)
                  7000e648    00000008     --HOLE-- [fill = 0]
                  7000e650    00000108                                                : mmcsd_v0.obj (.text.MMCSD_enableBootPartition)
                  7000e758    00000008     --HOLE-- [fill = 0]
                  7000e760    00000108                                                : sciclient_rm_irq.obj (.text.Sciclient_rmIrInpIsFree)
                  7000e868    00000008     --HOLE-- [fill = 0]
                  7000e870    00000100     board.am64x.r5f.ti-arm-clang.release.lib : flash_nor_xspi.obj (.text.Flash_norXspiWaitReady)
                  7000e970    00000100     drivers.am64x.r5f.ti-arm-clang.release.lib : mmcsd_v0.obj (.text.MMCSD_phyConfigure)
                  7000ea70    00000100     nortos.am64x.r5f.ti-arm-clang.release.lib : SemaphoreP_nortos.obj (.text.SemaphoreP_pend)
                  7000eb70    000000f8     drivers.am64x.r5f.ti-arm-clang.release.lib : pinmux.obj (.text.Pinmux_config)
                  7000ec68    00000008     --HOLE-- [fill = 0]
                  7000ec70    000000f8                                                : sciclient_pm.obj (.text.Sciclient_pmSetModuleClkFreq)
                  7000ed68    00000008     --HOLE-- [fill = 0]
                  7000ed70    000000f4                                                : uart_v0.obj (.text.UART_flushTxFifo)
                  7000ee64    0000000c     --HOLE-- [fill = 0]
                  7000ee70    000000f0                                                : csl_lcdma_ringacc.obj (.text.CSL_lcdma_ringaccDequeue)
                  7000ef60    000000f0                                                : udma.obj (.text.Udma_init)
                  7000f050    000000f0                                                : udma_rm.obj (.text.Udma_rmGetSciclientDefaultBoardCfgRmRange)
                  7000f140    000000ec                                                : udma_rm.obj (.text.Udma_rmAllocMappedRxCh)
                  7000f22c    00000004     --HOLE-- [fill = 0]
                  7000f230    000000ec                                                : udma_rm.obj (.text.Udma_rmAllocMappedTxCh)
                  7000f31c    00000004     --HOLE-- [fill = 0]
                  7000f320    000000ec     nortos.am64x.r5f.ti-arm-clang.release.lib : printf.obj (.text._out_rev)
                  7000f40c    00000004     --HOLE-- [fill = 0]
                  7000f410    000000e8     board.am64x.r5f.ti-arm-clang.release.lib : flash_nor_xspi.obj (.text.Flash_norXspiReadId)
                  7000f4f8    00000008     --HOLE-- [fill = 0]
                  7000f500    000000e8     drivers.am64x.r5f.ti-arm-clang.release.lib : sciclient.obj (.text.Sciclient_init)
                  7000f5e8    00000008     --HOLE-- [fill = 0]
                  7000f5f0    000000e4                                                : bootloader_uniflash.obj (.text.Bootloader_uniflashFlashFile)
                  7000f6d4    0000000c     --HOLE-- [fill = 0]
                  7000f6e0    000000e4                                                : udma_event.obj (.text.Udma_eventFreeResource)
                  7000f7c4    0000000c     --HOLE-- [fill = 0]
                  7000f7d0    000000e4     nortos.am64x.r5f.ti-arm-clang.release.lib : printf.obj (.text._ntoa_long_long)
                  7000f8b4    0000000c     --HOLE-- [fill = 0]
                  7000f8c0    000000e0     drivers.am64x.r5f.ti-arm-clang.release.lib : udma_ch.obj (.text.Udma_chClose)
                  7000f9a0    000000e0                                                : udma_rm.obj (.text.Udma_rmAllocBlkCopyCh)
                  7000fa80    000000e0                                                : udma_rm.obj (.text.Udma_rmAllocBlkCopyHcCh)
                  7000fb60    000000e0                                                : udma_rm.obj (.text.Udma_rmAllocBlkCopyUhcCh)
                  7000fc40    000000e0                                                : udma_rm.obj (.text.Udma_rmAllocIrIntr)
                  7000fd20    000000e0                                                : udma_rm.obj (.text.Udma_rmAllocRxCh)
                  7000fe00    000000e0                                                : udma_rm.obj (.text.Udma_rmAllocRxHcCh)
                  7000fee0    000000e0                                                : udma_rm.obj (.text.Udma_rmAllocRxUhcCh)
                  7000ffc0    000000e0                                                : udma_rm.obj (.text.Udma_rmAllocTxCh)
                  700100a0    000000e0                                                : udma_rm.obj (.text.Udma_rmAllocTxHcCh)
                  70010180    000000e0                                                : udma_rm.obj (.text.Udma_rmAllocTxUhcCh)
                  70010260    000000dc                                                : sciclient.obj (.text.Sciclient_sendMessage)
                  7001033c    00000004     --HOLE-- [fill = 0]
                  70010340    000000dc                                                : udma_ring_lcdma.obj (.text.Udma_ringSetCfgLcdma)
                  7001041c    00000004     --HOLE-- [fill = 0]
                  70010420    000000d8                                                : sciclient_rm_irq.obj (.text.Sciclient_rmIrOutpIsFree)
                  700104f8    00000008     --HOLE-- [fill = 0]
                  70010500    000000d8     main.obj (.text.main)
                  700105d8    00000008     --HOLE-- [fill = 0]
                  700105e0    000000d4     drivers.am64x.r5f.ti-arm-clang.release.lib : lpddr4.obj (.text.LPDDR4_Start)
                  700106b4    0000000c     --HOLE-- [fill = 0]
                  700106c0    000000d0     board.am64x.r5f.ti-arm-clang.release.lib : flash_nor_xspi.obj (.text.Flash_norXspiRegWrite)
                  70010790    000000cc     drivers.am64x.r5f.ti-arm-clang.release.lib : csl_bcdma.obj (.text.CSL_bcdmaDoChanOp)
                  7001085c    00000004     --HOLE-- [fill = 0]
                  70010860    000000cc                                                : mmcsd_priv.obj (.text.MMCSD_parseCSDSd)
                  7001092c    00000004     --HOLE-- [fill = 0]
                  70010930    000000c8                                                : udma_rm.obj (.text.Udma_rmAllocMappedRing)
                  700109f8    00000008     --HOLE-- [fill = 0]
                  70010a00    000000c4                                                : ospi_phy.obj (.text.OSPI_phyTuneDDR)
                  70010ac4    0000000c     --HOLE-- [fill = 0]
                  70010ad0    000000c4                                                : sciclient_boardcfg.obj (.text.Sciclient_boardCfg)
                  70010b94    0000000c     --HOLE-- [fill = 0]
                  70010ba0    000000c4                                                : sciclient_boardcfg.obj (.text.Sciclient_boardCfgPm)
                  70010c64    0000000c     --HOLE-- [fill = 0]
                  70010c70    000000c4                                                : sciclient_boardcfg.obj (.text.Sciclient_boardCfgRm)
                  70010d34    0000000c     --HOLE-- [fill = 0]
                  70010d40    000000c4                                                : sciclient_boardcfg.obj (.text.Sciclient_boardCfgSec)
                  70010e04    0000000c     --HOLE-- [fill = 0]
                  70010e10    000000c0                                                : mmcsd_priv.obj (.text.MMCSD_parseECSDEmmc)
                  70010ed0    000000c0                                                : uart_v0.obj (.text.UART_init)
                  70010f90    000000bc                                                : ospi_dma_udma.obj (.text.OspiDma_udmaCopy)
                  7001104c    00000004     --HOLE-- [fill = 0]
                  70011050    000000b8                                                : csl_pktdma.obj (.text.CSL_pktdmaTeardownChan)
                  70011108    00000008     --HOLE-- [fill = 0]
                  70011110    000000b8                                                : sciclient_pm.obj (.text.Sciclient_pmGetModuleClkNumParent)
                  700111c8    00000008     --HOLE-- [fill = 0]
                  700111d0    000000b4     nortos.am64x.r5f.ti-arm-clang.release.lib : ClockP_nortos.obj (.text.ClockP_timerTickIsr)
                  70011284    0000000c     --HOLE-- [fill = 0]
                  70011290    000000b4     drivers.am64x.r5f.ti-arm-clang.release.lib : soc.obj (.text.SOC_moduleClockEnable)
                  70011344    0000000c     --HOLE-- [fill = 0]
                  70011350    000000b4                                                : uart_v0.obj (.text.UART_readCancelNoCB)
                  70011404    0000000c     --HOLE-- [fill = 0]
                  70011410    000000b4     nortos.am64x.r5f.ti-arm-clang.release.lib : printf.obj (.text._ntoa_long)
                  700114c4    0000000c     --HOLE-- [fill = 0]
                  700114d0    000000b0     drivers.am64x.r5f.ti-arm-clang.release.lib : mmcsd_priv.obj (.text.MMCSD_parseCIDEmmc)
                  70011580    000000b0                                                : sciclient_pm.obj (.text.Sciclient_pmGetModuleState)
                  70011630    000000a8                                                : mmcsd_v0.obj (.text.MMCSD_init)
                  700116d8    00000008     --HOLE-- [fill = 0]
                  700116e0    000000a8                                                : mmcsd_v0.obj (.text.MMCSD_isReadyForTransfer)
                  70011788    00000008     --HOLE-- [fill = 0]
                  70011790    000000a8                                                : ospi_v0.obj (.text.OSPI_init)
                  70011838    00000008     --HOLE-- [fill = 0]
                  70011840    000000a4                                                : mmcsd_v0.obj (.text.MMCSD_phyInit)
                  700118e4    0000000c     --HOLE-- [fill = 0]
                  700118f0    000000a4                                                : udma_ring_lcdma.obj (.text.Udma_ringFlushRawLcdma)
                  70011994    0000000c     --HOLE-- [fill = 0]
                  700119a0    000000a0                                                : sciclient_pm.obj (.text.Sciclient_pmGetModuleClkParent)
                  70011a40    000000a0                                                : sciclient_rm_irq.obj (.text.Sciclient_rmIrqGetNode)
                  70011ae0    000000a0                                                : udma_ring_common.obj (.text.Udma_ringFree)
                  70011b80    0000009c     board.am64x.r5f.ti-arm-clang.release.lib : flash_nor_xspi.obj (.text.Flash_norXspiRead)
                  70011c1c    00000004     --HOLE-- [fill = 0]
                  70011c20    0000009c     drivers.am64x.r5f.ti-arm-clang.release.lib : mmcsd_priv.obj (.text.MMCSD_parseCIDSd)
                  70011cbc    00000004     --HOLE-- [fill = 0]
                  70011cc0    0000009c                                                : sciclient_pm.obj (.text.Sciclient_pmModuleGetClkStatus)
                  70011d5c    00000004     --HOLE-- [fill = 0]
                  70011d60    00000098     nortos.am64x.r5f.ti-arm-clang.release.lib : AddrTranslateP.obj (.text.AddrTranslateP_getLocalAddr)
                  70011df8    00000008     --HOLE-- [fill = 0]
                  70011e00    00000098     drivers.am64x.r5f.ti-arm-clang.release.lib : csl_pktdma.obj (.text.CSL_pktdmaAccessChanPeerReg)
                  70011e98    00000008     --HOLE-- [fill = 0]
                  70011ea0    00000098                                                : ospi_dma_udma.obj (.text.OspiDma_udmaClose)
                  70011f38    00000008     --HOLE-- [fill = 0]
                  70011f40    00000094     ti_board_open_close.obj (.text.Board_flashOpen)
                  70011fd4    0000000c     --HOLE-- [fill = 0]
                  70011fe0    00000094     drivers.am64x.r5f.ti-arm-clang.release.lib : ospi_v0.obj (.text.OSPI_close)
                  70012074    0000000c     --HOLE-- [fill = 0]
                  70012080    00000094                                                : ospi_phy.obj (.text.OSPI_phyFindRxHigh)
                  70012114    0000000c     --HOLE-- [fill = 0]
                  70012120    00000094                                                : ospi_phy.obj (.text.OSPI_phyFindRxLow)
                  700121b4    0000000c     --HOLE-- [fill = 0]
                  700121c0    00000094                                                : ospi_phy.obj (.text.OSPI_phyFindTxHigh)
                  70012254    0000000c     --HOLE-- [fill = 0]
                  70012260    00000094                                                : ospi_phy.obj (.text.OSPI_phyFindTxLow)
                  700122f4    0000000c     --HOLE-- [fill = 0]
                  70012300    00000094                                                : sciclient_pm.obj (.text.Sciclient_pmSetModuleClkParent)
                  70012394    0000000c     --HOLE-- [fill = 0]
                  700123a0    00000094                                                : sciclient_pm.obj (.text.Sciclient_pmSetModuleState)
                  70012434    0000000c     --HOLE-- [fill = 0]
                  70012440    00000094                                                : udma_rm.obj (.text.Udma_rmAllocVintrBit)
                  700124d4    0000000c     --HOLE-- [fill = 0]
                  700124e0    00000090                                                : csl_bcdma.obj (.text.CSL_bcdmaChanOpSetChanPause)
                  70012570    00000090                                                : udma_ring_common.obj (.text.Udma_ringQueueRaw)
                  70012600    0000008c                                                : ospi_v0.obj (.text.OSPI_setXferOpCodes)
                  7001268c    00000004     --HOLE-- [fill = 0]
                  70012690    0000008c                                                : sciclient_soc_priv.obj (.text.Sciclient_getContext)
                  7001271c    00000004     --HOLE-- [fill = 0]
                  70012720    0000008c                                                : sciclient_pm.obj (.text.Sciclient_pmModuleClkRequest)
                  700127ac    00000004     --HOLE-- [fill = 0]
                  700127b0    00000088                                                : ospi_phy.obj (.text.OSPI_phyResyncDLL)
                  70012838    00000008     --HOLE-- [fill = 0]
                  70012840    00000088     ti_drivers_config.obj (.text.System_init)
                  700128c8    00000008     --HOLE-- [fill = 0]
                  700128d0    00000088     drivers.am64x.r5f.ti-arm-clang.release.lib : udma_ring_common.obj (.text.Udma_ringDequeueRaw)
                  70012958    00000008     --HOLE-- [fill = 0]
                  70012960    00000088                                                : udma_rm.obj (.text.Udma_rmFreeMappedRing)
                  700129e8    00000008     --HOLE-- [fill = 0]
                  700129f0    00000088     nortos.am64x.r5f.ti-arm-clang.release.lib : DebugP_log.obj (.text._DebugP_assert)
                  70012a78    00000008     --HOLE-- [fill = 0]
                  70012a80    00000084     drivers.am64x.r5f.ti-arm-clang.release.lib : mmcsd_v0.obj (.text.MMCSD_cmdStatusPollingFxn)
                  70012b04    0000000c     --HOLE-- [fill = 0]
                  70012b10    00000084                                                : mmcsd_v0.obj (.text.MMCSD_halSendCommand)
                  70012b94    0000000c     --HOLE-- [fill = 0]
                  70012ba0    00000084                                                : sciclient_rm.obj (.text.Sciclient_rmGetResourceRange)
                  70012c24    0000000c     --HOLE-- [fill = 0]
                  70012c30    00000084                                                : udma_event.obj (.text.Udma_eventIsrFxn)
                  70012cb4    0000000c     --HOLE-- [fill = 0]
                  70012cc0    00000080     board.am64x.r5f.ti-arm-clang.release.lib : flash.obj (.text.Flash_offsetToBlkPage)
                  70012d40    00000080     drivers.am64x.r5f.ti-arm-clang.release.lib : lpddr4.obj (.text.LPDDR4_ReadReg)
                  70012dc0    00000080                                                : sciclient.obj (.text.Sciclient_abiCheck)
                  70012e40    00000080                                                : udma_rm.obj (.text.Udma_rmAllocEvent)
                  70012ec0    00000080                                                : udma_rm.obj (.text.Udma_rmAllocVintr)
                  70012f40    0000007c     nortos.am64x.r5f.ti-arm-clang.release.lib : ClockP_nortos.obj (.text.ClockP_addToList)
                  70012fbc    00000004     --HOLE-- [fill = 0]
                  70012fc0    0000007c     drivers.am64x.r5f.ti-arm-clang.release.lib : udma_ch.obj (.text.UdmaChTxPrms_init)
                  7001303c    00000004     --HOLE-- [fill = 0]
                  70013040    0000007c                                                : udma_utils.obj (.text.UdmaUtils_makeTrpd)
                  700130bc    00000004     --HOLE-- [fill = 0]
                  700130c0    00000078                                                : ospi_phy.obj (.text.OSPI_phyReadAttackVector)
                  70013138    00000008     --HOLE-- [fill = 0]
                  70013140    00000078                                                : sciclient_pm.obj (.text.Sciclient_pmSetModuleRst)
                  700131b8    00000008     --HOLE-- [fill = 0]
                  700131c0    00000078                                                : uart_v0.obj (.text.UART_writeCancelNoCB)
                  70013238    00000008     --HOLE-- [fill = 0]
                  70013240    00000074     nortos.am64x.r5f.ti-arm-clang.release.lib : ClockP_nortos.obj (.text.ClockP_stop)
                  700132b4    0000000c     --HOLE-- [fill = 0]
                  700132c0    00000074     ti_drivers_open_close.obj (.text.Drivers_mmcsdOpen)
                  70013334    0000000c     --HOLE-- [fill = 0]
                  70013340    00000074     ti_drivers_open_close.obj (.text.Drivers_ospiOpen)
                  700133b4    0000000c     --HOLE-- [fill = 0]
                  700133c0    00000074     ti_drivers_open_close.obj (.text.Drivers_uartOpen)
                  70013434    0000000c     --HOLE-- [fill = 0]
                  70013440    00000074     drivers.am64x.r5f.ti-arm-clang.release.lib : sciclient_rm.obj (.text.Sciclient_rmPsilPair)
                  700134b4    0000000c     --HOLE-- [fill = 0]
                  700134c0    00000074                                                : sciclient_rm.obj (.text.Sciclient_rmPsilUnpair)
                  70013534    00000074     libc.a : snprintf.c.obj (.text.snprintf)
                  700135a8    00000008     --HOLE-- [fill = 0]
                  700135b0    00000070     drivers.am64x.r5f.ti-arm-clang.release.lib : lpddr4.obj (.text.LPDDR4_Init)
                  70013620    00000070                                                : lpddr4.obj (.text.LPDDR4_WritePhyConfig)
                  70013690    00000070                                                : sciclient_rm.obj (.text.Sciclient_rmIrqSetRaw)
                  70013700    00000070                                                : sciclient_rm.obj (.text.Sciclient_rmRingCfg)
                  70013770    00000070                                                : sciclient_rm.obj (.text.Sciclient_rmUdmapFlowCfg)
                  700137e0    00000070                                                : sciclient_rm.obj (.text.Sciclient_rmUdmapFlowSizeThreshCfg)
                  70013850    00000070                                                : sciclient_rm.obj (.text.Sciclient_rmUdmapRxChCfg)
                  700138c0    00000070                                                : sciclient_rm.obj (.text.Sciclient_rmUdmapTxChCfg)
                  70013930    00000070                                                : bootloader_xmodem.obj (.text._inbyte)
                  700139a0    0000006c                                                : csl_bcdma.obj (.text.CSL_bcdmaGetCfg)
                  70013a0c    00000004     --HOLE-- [fill = 0]
                  70013a10    0000006c     nortos.am64x.r5f.ti-arm-clang.release.lib : ClockP_nortos.obj (.text.ClockP_construct)
                  70013a7c    00000004     --HOLE-- [fill = 0]
                  70013a80    0000006c     drivers.am64x.r5f.ti-arm-clang.release.lib : lpddr4.obj (.text.LPDDR4_WritePhyIndepConfig)
                  70013aec    00000004     --HOLE-- [fill = 0]
                  70013af0    0000006c                                                : ospi_v0.obj (.text.OSPI_enablePhy)
                  70013b5c    00000004     --HOLE-- [fill = 0]
                  70013b60    0000006c                                                : udma_ring_common.obj (.text.Udma_ringFlushRaw)
                  70013bcc    00000004     --HOLE-- [fill = 0]
                  70013bd0    0000006c                                                : udma_rm.obj (.text.Udma_rmFreeVintrBit)
                  70013c3c    0000006c     libc.a : atoi.c.obj (.text.atoi)
                  70013ca8    00000008     --HOLE-- [fill = 0]
                  70013cb0    00000068     drivers.am64x.r5f.ti-arm-clang.release.lib : lpddr4.obj (.text.LPDDR4_WriteCtlConfig)
                  70013d18    00000008     --HOLE-- [fill = 0]
                  70013d20    00000068                                                : mmcsd_v0.obj (.text.MMCSD_close)
                  70013d88    00000008     --HOLE-- [fill = 0]
                  70013d90    00000068                                                : ospi_dma.obj (.text.OSPI_dmaOpen)
                  70013df8    00000008     --HOLE-- [fill = 0]
                  70013e00    00000068                                                : udma_event.obj (.text.UdmaEventPrms_init)
                  70013e68    00000008     --HOLE-- [fill = 0]
                  70013e70    00000068                                                : udma_ring_lcdma.obj (.text.Udma_ringSetDoorBellLcdma)
                  70013ed8    00000008     --HOLE-- [fill = 0]
                  70013ee0    00000064     nortos.am64x.r5f.ti-arm-clang.release.lib : ClockP_nortos.obj (.text.ClockP_getTimeUsec)
                  70013f44    0000000c     --HOLE-- [fill = 0]
                  70013f50    00000064     drivers.am64x.r5f.ti-arm-clang.release.lib : mmcsd_v0.obj (.text.MMCSD_halSetBusWidth)
                  70013fb4    0000000c     --HOLE-- [fill = 0]
                  70013fc0    00000064                                                : ospi_phy.obj (.text.OSPI_phySetRdDelayTxRxDLL)
                  70014024    0000000c     --HOLE-- [fill = 0]
                  70014030    00000060                                                : csl_pktdma.obj (.text.CSL_pktdmaGetCfg)
                  70014090    00000060                                                : udma_ch.obj (.text.UdmaChRxPrms_init)
                  700140f0    00000060                                                : udma_flow.obj (.text.UdmaFlowPrms_init)
                  70014150    00000060     nortos.am64x.r5f.ti-arm-clang.release.lib : DebugP_nortos.obj (.text._DebugP_logZone)
                  700141b0    0000005c     drivers.am64x.r5f.ti-arm-clang.release.lib : csl_intaggr.obj (.text.CSL_intaggrClrIntr)
                  7001420c    00000004     --HOLE-- [fill = 0]
                  70014210    0000005c     nortos.am64x.r5f.ti-arm-clang.release.lib : ClockP_nortos.obj (.text.ClockP_destruct)
                  7001426c    00000004     --HOLE-- [fill = 0]
                  70014270    0000005c     drivers.am64x.r5f.ti-arm-clang.release.lib : mmcsd_v0.obj (.text.MMCSD_halBusPower)
                  700142cc    00000004     --HOLE-- [fill = 0]
                  700142d0    0000005c                                                : mmcsd_priv.obj (.text.MMCSD_parseCSDEmmc)
                  7001432c    00000004     --HOLE-- [fill = 0]
                  70014330    0000005c     nortos.am64x.r5f.ti-arm-clang.release.lib : SemaphoreP_nortos.obj (.text.SemaphoreP_constructBinary)
                  7001438c    0000005c     libc.a : autoinit.c.obj (.text:__TI_auto_init_nobinit_nopinit)
                  700143e8    00000008     --HOLE-- [fill = 0]
                  700143f0    00000058     drivers.am64x.r5f.ti-arm-clang.release.lib : csl_intaggr.obj (.text.CSL_intaggrIsIntrPending)
                  70014448    00000008     --HOLE-- [fill = 0]
                  70014450    00000058                                                : lpddr4.obj (.text.LPDDR4_PollCtlIrq)
                  700144a8    00000008     --HOLE-- [fill = 0]
                  700144b0    00000058                                                : ospi_v0.obj (.text.OSPI_setXferLines)
                  70014508    00000008     --HOLE-- [fill = 0]
                  70014510    00000058     nortos.am64x.r5f.ti-arm-clang.release.lib : SemaphoreP_nortos.obj (.text.SemaphoreP_constructMutex)
                  70014568    00000008     --HOLE-- [fill = 0]
                  70014570    00000058                                               : SemaphoreP_nortos.obj (.text.SemaphoreP_post)
                  700145c8    00000008     --HOLE-- [fill = 0]
                  700145d0    00000058     drivers.am64x.r5f.ti-arm-clang.release.lib : udma_ch.obj (.text.UdmaChPrms_init)
                  70014628    00000008     --HOLE-- [fill = 0]
                  70014630    00000058                                                : udma_ring_lcdma.obj (.text.Udma_lcdmaRingaccMemOps)
                  70014688    00000008     --HOLE-- [fill = 0]
                  70014690    00000058                                                : udma_rm.obj (.text.Udma_rmFreeMappedRxCh)
                  700146e8    00000008     --HOLE-- [fill = 0]
                  700146f0    00000058                                                : udma_rm.obj (.text.Udma_rmFreeMappedTxCh)
                  70014748    00000008     --HOLE-- [fill = 0]
                  70014750    00000058                                                : bootloader_xmodem.obj (.text._outbyte)
                  700147a8    00000058     libc.a : snprintf.c.obj (.text._outs)
                  70014800    00000054     ti_dpl_config.obj (.text.Dpl_init)
                  70014854    0000000c     --HOLE-- [fill = 0]
                  70014860    00000054     board.am64x.r5f.ti-arm-clang.release.lib : flash.obj (.text.Flash_open)
                  700148b4    0000000c     --HOLE-- [fill = 0]
                  700148c0    00000054     drivers.am64x.r5f.ti-arm-clang.release.lib : mmcsd_v0.obj (.text.MMCSD_halCmdResponseGet)
                  70014914    0000000c     --HOLE-- [fill = 0]
                  70014920    00000054                                                : mmcsd_v0.obj (.text.MMCSD_halSoftReset)
                  70014974    0000000c     --HOLE-- [fill = 0]
                  70014980    00000054                                                : ospi_v0.obj (.text.OSPI_disablePhy)
                  700149d4    0000000c     --HOLE-- [fill = 0]
                  700149e0    00000054                                                : udma_ring_lcdma.obj (.text.Udma_ringPrimeReadLcdma)
                  70014a34    0000000c     --HOLE-- [fill = 0]
                  70014a40    00000050                                                : soc.obj (.text.SOC_controlModuleUnlockMMR)
                  70014a90    00000050                                                : udma_soc.obj (.text.Udma_getMappedChRingAttributes)
                  70014ae0    00000050                                                : udma_rm.obj (.text.Udma_rmFreeBlkCopyCh)
                  70014b30    00000050                                                : udma_rm.obj (.text.Udma_rmFreeBlkCopyHcCh)
                  70014b80    00000050                                                : udma_rm.obj (.text.Udma_rmFreeBlkCopyUhcCh)
                  70014bd0    00000050                                                : udma_rm.obj (.text.Udma_rmFreeEvent)
                  70014c20    00000050                                                : udma_rm.obj (.text.Udma_rmFreeIrIntr)
                  70014c70    00000050                                                : udma_rm.obj (.text.Udma_rmFreeRxCh)
                  70014cc0    00000050                                                : udma_rm.obj (.text.Udma_rmFreeRxHcCh)
                  70014d10    00000050                                                : udma_rm.obj (.text.Udma_rmFreeRxUhcCh)
                  70014d60    00000050                                                : udma_rm.obj (.text.Udma_rmFreeTxCh)
                  70014db0    00000050                                                : udma_rm.obj (.text.Udma_rmFreeTxHcCh)
                  70014e00    00000050                                                : udma_rm.obj (.text.Udma_rmFreeTxUhcCh)
                  70014e50    00000050                                                : udma_rm.obj (.text.Udma_rmFreeVintr)
                  70014ea0    0000004c                                                : bootloader_xmodem.obj (.text.Bootloader_xmodemReceive)
                  70014eec    00000004     --HOLE-- [fill = 0]
                  70014ef0    0000004c                                                : bootloader_xmodem.obj (.text.Bootloader_xmodemTransmit)
                  70014f3c    00000004     --HOLE-- [fill = 0]
                  70014f40    0000004c     nortos.am64x.r5f.ti-arm-clang.release.lib : ClockP_nortos.obj (.text.ClockP_start)
                  70014f8c    00000004     --HOLE-- [fill = 0]
                  70014f90    0000004c     drivers.am64x.r5f.ti-arm-clang.release.lib : ospi_v0.obj (.text.OSPI_setDeviceSize)
                  70014fdc    00000004     --HOLE-- [fill = 0]
                  70014fe0    0000004c                                                : udma_ring_common.obj (.text.UdmaRingPrms_init)
                  7001502c    00000004     --HOLE-- [fill = 0]
                  70015030    0000004c                                                : udma_ch.obj (.text.Udma_chGetCqRingNum)
                  7001507c    00000004     --HOLE-- [fill = 0]
                  70015080    0000004c                                                : udma_rmcfg.obj (.text.Udma_rmGetSharedResPrms)
                  700150cc    00000004     --HOLE-- [fill = 0]
                  700150d0    00000048                                                : mmcsd_v0.obj (.text.MMCSD_halLinesResetCmd)
                  70015118    00000008     --HOLE-- [fill = 0]
                  70015120    00000048                                                : mmcsd_v0.obj (.text.MMCSD_halLinesResetDat)
                  70015168    00000008     --HOLE-- [fill = 0]
                  70015170    00000048     ti_power_clock_config.obj (.text.Module_clockSetFrequency)
                  700151b8    00000048     libc.a : memccpy.c.obj (.text.memccpy)
                  70015200    00000044     nortos.am64x.r5f.ti-arm-clang.release.lib : ClockP_nortos.obj (.text.ClockP_sleepTicks)
                  70015244    0000000c     --HOLE-- [fill = 0]
                  70015250    00000044     drivers.am64x.r5f.ti-arm-clang.release.lib : mmcsd_v0.obj (.text.MMCSD_getHandle)
                  70015294    0000000c     --HOLE-- [fill = 0]
                  700152a0    00000044                                                : ospi_dma.obj (.text.OSPI_dmaCopy)
                  700152e4    0000000c     --HOLE-- [fill = 0]
                  700152f0    00000044                                                : ospi_v0.obj (.text.OSPI_getHandle)
                  70015334    0000000c     --HOLE-- [fill = 0]
                  70015340    00000044                                                : uart_v0.obj (.text.UART_getHandle)
                  70015384    0000000c     --HOLE-- [fill = 0]
                  70015390    00000044                                                : udma_ring_lcdma.obj (.text.Udma_ringGetForwardRingOccLcdma)
                  700153d4    0000000c     --HOLE-- [fill = 0]
                  700153e0    00000044                                                : udma_ring_lcdma.obj (.text.Udma_ringGetReverseRingOccLcdma)
                  70015424    0000000c     --HOLE-- [fill = 0]
                  70015430    00000040                                                : csl_intaggr.obj (.text.CSL_intaggrGetCfg)
                  70015470    00000040     nortos.am64x.r5f.ti-arm-clang.release.lib : ClockP_nortos.obj (.text.ClockP_usleep)
                  700154b0    00000040     drivers.am64x.r5f.ti-arm-clang.release.lib : mmcsd_priv.obj (.text.MMCSD_parseSCRSd)
                  700154f0    00000040     ti_power_clock_config.obj (.text.Module_clockEnable)
                  70015530    00000040     drivers.am64x.r5f.ti-arm-clang.release.lib : udma_ch.obj (.text.Udma_chGetCqRingHandle)
                  70015570    00000040                                                : udma_ch.obj (.text.Udma_chGetFqRingHandle)
                  700155b0    00000040                                                : udma_utils.obj (.text.Udma_phyToVirtFxn)
                  700155f0    00000040                                                : crc16.obj (.text.crc16_ccitt)
                  70015630    0000003c                                                : csl_bcdma.obj (.text.CSL_bcdmaGetChanPeerReg)
                  7001566c    00000004     --HOLE-- [fill = 0]
                  70015670    0000003c                                                : ospi_dma.obj (.text.OSPI_dmaClose)
                  700156ac    00000004     --HOLE-- [fill = 0]
                  700156b0    0000003c                                                : udma_utils.obj (.text.UdmaUtils_makeTrpdTr15)
                  700156ec    00000004     --HOLE-- [fill = 0]
                  700156f0    0000003c                                                : udma_ring_lcdma.obj (.text.Udma_ringPrimeLcdma)
                  7001572c    00000004     --HOLE-- [fill = 0]
                  70015730    00000038                                                : csl_bcdma.obj (.text.CSL_bcdmaSetChanPeerReg)
                  70015768    00000008     --HOLE-- [fill = 0]
                  70015770    00000038                                                : csl_pktdma.obj (.text.CSL_pktdmaGetRxRT)
                  700157a8    00000008     --HOLE-- [fill = 0]
                  700157b0    00000038                                                : csl_pktdma.obj (.text.CSL_pktdmaGetTxRT)
                  700157e8    00000008     --HOLE-- [fill = 0]
                  700157f0    00000038                                                : soc.obj (.text.SOC_controlModuleLockMMR)
                  70015828    00000008     --HOLE-- [fill = 0]
                  70015830    00000038                                                : uart_v0.obj (.text.UART_statusIsDataReady)
                  70015868    00000008     --HOLE-- [fill = 0]
                  70015870    00000038                                                : udma_utils.obj (.text.Udma_virtToPhyFxn)
                  700158a8    00000008     --HOLE-- [fill = 0]
                  700158b0    00000034                                                : ospi_v0.obj (.text.OSPI_setNumAddrBytes)
                  700158e4    0000000c     --HOLE-- [fill = 0]
                  700158f0    00000030                                                : csl_bcdma.obj (.text.CSL_bcdmaTeardownRxChan)
                  70015920    00000030                                                : csl_bcdma.obj (.text.CSL_bcdmaTeardownTxChan)
                  70015950    00000030     nortos.am64x.r5f.ti-arm-clang.release.lib : DebugP_log.obj (.text.DebugP_logZoneEnable)
                  70015980    00000030     drivers.am64x.r5f.ti-arm-clang.release.lib : ospi_v0.obj (.text.OSPI_enableDacMode)
                  700159b0    00000030                                                : ospi_v0.obj (.text.OSPI_setRdDataCaptureDelay)
                  700159e0    00000030     libc.a : snprintf.c.obj (.text._outc)
                  70015a10    0000002c     drivers.am64x.r5f.ti-arm-clang.release.lib : csl_lcdma_ringacc.obj (.text.CSL_lcdma_ringaccPush64)
                  70015a3c    00000004     --HOLE-- [fill = 0]
                  70015a40    0000002c                                                : sciclient.obj (.text.Sciclient_getCurrentContext)
                  70015a6c    00000004     --HOLE-- [fill = 0]
                  70015a70    0000002c     nortos.am64x.r5f.ti-arm-clang.release.lib : printf.obj (.text.vprintf_)
                  70015a9c    00000004     --HOLE-- [fill = 0]
                  70015aa0    00000028     drivers.am64x.r5f.ti-arm-clang.release.lib : csl_pktdma.obj (.text.CSL_pktdmaGetChanPeerReg)
                  70015ac8    00000008     --HOLE-- [fill = 0]
                  70015ad0    00000028                                                : csl_pktdma.obj (.text.CSL_pktdmaSetChanPeerReg)
                  70015af8    00000008     --HOLE-- [fill = 0]
                  70015b00    00000028                                                : csl_pktdma.obj (.text.CSL_pktdmaSetRxRT)
                  70015b28    00000008     --HOLE-- [fill = 0]
                  70015b30    00000028                                                : csl_pktdma.obj (.text.CSL_pktdmaSetTxRT)
                  70015b58    00000008     --HOLE-- [fill = 0]
                  70015b60    00000028     board.am64x.r5f.ti-arm-clang.release.lib : flash.obj (.text.Flash_eraseBlk)
                  70015b88    00000008     --HOLE-- [fill = 0]
                  70015b90    00000028                                              : flash.obj (.text.Flash_getAttrs)
                  70015bb8    00000008     --HOLE-- [fill = 0]
                  70015bc0    00000028                                              : flash.obj (.text.Flash_getHandle)
                  70015be8    00000008     --HOLE-- [fill = 0]
                  70015bf0    00000028                                              : flash.obj (.text.Flash_read)
                  70015c18    00000008     --HOLE-- [fill = 0]
                  70015c20    00000028                                              : flash.obj (.text.Flash_write)
                  70015c48    00000008     --HOLE-- [fill = 0]
                  70015c50    00000028     drivers.am64x.r5f.ti-arm-clang.release.lib : ospi_v0.obj (.text.OSPI_ReadCmdParams_init)
                  70015c78    00000008     --HOLE-- [fill = 0]
                  70015c80    00000028                                                : ospi_v0.obj (.text.OSPI_WriteCmdParams_init)
                  70015ca8    00000008     --HOLE-- [fill = 0]
                  70015cb0    00000028                                                : ospi_v0.obj (.text.OSPI_disablePhyPipeline)
                  70015cd8    00000008     --HOLE-- [fill = 0]
                  70015ce0    00000028                                                : ospi_v0.obj (.text.OSPI_enableDDR)
                  70015d08    00000008     --HOLE-- [fill = 0]
                  70015d10    00000028                                                : ospi_v0.obj (.text.OSPI_enableSDR)
                  70015d38    00000008     --HOLE-- [fill = 0]
                  70015d40    00000028                                                : ospi_v0.obj (.text.OSPI_setCmdDummyCycles)
                  70015d68    00000008     --HOLE-- [fill = 0]
                  70015d70    00000028                                                : ospi_v0.obj (.text.OSPI_setReadDummyCycles)
                  70015d98    00000008     --HOLE-- [fill = 0]
                  70015da0    00000028     ti_pinmux_config.obj (.text.Pinmux_init)
                  70015dc8    00000008     --HOLE-- [fill = 0]
                  70015dd0    00000028     nortos.am64x.r5f.ti-arm-clang.release.lib : TimerP.obj (.text.TimerP_Params_init)
                  70015df8    00000008     --HOLE-- [fill = 0]
                  70015e00    00000028     drivers.am64x.r5f.ti-arm-clang.release.lib : udma_ring_lcdma.obj (.text.Udma_ringGetElementCntLcdma)
                  70015e28    00000008     --HOLE-- [fill = 0]
                  70015e30    00000028                                                : udma_ring_lcdma.obj (.text.Udma_ringGetMemPtrLcdma)
                  70015e58    00000008     --HOLE-- [fill = 0]
                  70015e60    00000028                                                : udma_ring_lcdma.obj (.text.Udma_ringGetModeLcdma)
                  70015e88    00000008     --HOLE-- [fill = 0]
                  70015e90    00000028                                                : udma_ring_common.obj (.text.Udma_ringGetNum)
                  70015eb8    00000008     --HOLE-- [fill = 0]
                  70015ec0    00000028                                                : udma_ring_lcdma.obj (.text.Udma_ringGetRdIdxLcdma)
                  70015ee8    00000008     --HOLE-- [fill = 0]
                  70015ef0    00000028                                                : udma_ring_lcdma.obj (.text.Udma_ringGetWrIdxLcdma)
                  70015f18    00000008     --HOLE-- [fill = 0]
                  70015f20    00000028                                                : udma_ring_lcdma.obj (.text.Udma_ringQueueRawLcdma)
                  70015f48    00000008     --HOLE-- [fill = 0]
                  70015f50    00000024     board.am64x.r5f.ti-arm-clang.release.lib : flash.obj (.text.Flash_close)
                  70015f74    0000000c     --HOLE-- [fill = 0]
                  70015f80    00000024     drivers.am64x.r5f.ti-arm-clang.release.lib : ospi_v0.obj (.text.OSPI_Transaction_init)
                  70015fa4    0000000c     --HOLE-- [fill = 0]
                  70015fb0    00000024                                                : udma_utils.obj (.text.UdmaUtils_getRingMemSize)
                  70015fd4    0000000c     --HOLE-- [fill = 0]
                  70015fe0    00000024                                                : udma_ring_lcdma.obj (.text.Udma_ringDequeueRawLcdma)
                  70016004    0000000c     --HOLE-- [fill = 0]
                  70016010    00000024     nortos.am64x.r5f.ti-arm-clang.release.lib : boot_armv7r.obj (.text._system_pre_init)
                  70016034    00000024     libclang_rt.builtins.a : aeabi_uldivmod.S.obj (.text)
                  70016058    00000008     --HOLE-- [fill = 0]
                  70016060    00000020     drivers.am64x.r5f.ti-arm-clang.release.lib : csl_bcdma.obj (.text.CSL_bcdmaGetRxRT)
                  70016080    00000020                                                : csl_bcdma.obj (.text.CSL_bcdmaGetTxRT)
                  700160a0    00000020                                                : csl_bcdma.obj (.text.CSL_bcdmaSetRxRT)
                  700160c0    00000020                                                : csl_bcdma.obj (.text.CSL_bcdmaSetTxRT)
                  700160e0    00000020                                                : lpddr4.obj (.text.LPDDR4_Probe)
                  70016100    00000020                                                : mmcsd_v0.obj (.text.MMCSD_getBlockSize)
                  70016120    00000020                                                : udma_rmcfg.obj (.text.Udma_rmGetDefBoardCfgPrms)
                  70016140    00000020     libc.a : wcslen.c.obj (.text.wcslen)
                  70016160    0000001c     drivers.am64x.r5f.ti-arm-clang.release.lib : csl_lcdma_ringacc.obj (.text.CSL_lcdma_ringaccInitRingObj)
                  7001617c    00000004     --HOLE-- [fill = 0]
                  70016180    0000001c                                                : csl_lcdma_ringacc.obj (.text.CSL_lcdma_ringaccPop64)
                  7001619c    00000004     --HOLE-- [fill = 0]
                  700161a0    0000001c     board.am64x.r5f.ti-arm-clang.release.lib : flash.obj (.text.Flash_getPhyTuningOffset)
                  700161bc    00000004     --HOLE-- [fill = 0]
                  700161c0    0000001c     drivers.am64x.r5f.ti-arm-clang.release.lib : ospi_v0.obj (.text.OSPI_setDualOpCodeMode)
                  700161dc    00000004     --HOLE-- [fill = 0]
                  700161e0    0000001c                                                : sciclient_soc_priv.obj (.text.Sciclient_getDevId)
                  700161fc    0000001c     libc.a : _printfi.c.obj (.text.strlen)
                  70016218    0000001c     libsysbm.a : memcpy32.S.obj (.text:TI_memcpy_small)
                  70016234    0000001c     libclang_rt.builtins.a : aeabi_memset.S.obj (.text)
                  70016250    00000018     drivers.am64x.r5f.ti-arm-clang.release.lib : csl_lcdma_ringacc.obj (.text.CSL_lcdma_ringaccGetReverseRingOcc)
                  70016268    00000008     --HOLE-- [fill = 0]
                  70016270    00000018                                                : ospi_phy.obj (.text.OSPI_phyGetTuningData)
                  70016288    00000008     --HOLE-- [fill = 0]
                  70016290    00000018     nortos.am64x.r5f.ti-arm-clang.release.lib : TimerP.obj (.text.TimerP_clearOverflowInt)
                  700162a8    00000008     --HOLE-- [fill = 0]
                  700162b0    00000018     drivers.am64x.r5f.ti-arm-clang.release.lib : udma_rm.obj (.text.Udma_rmTranslateCoreIntrInput)
                  700162c8    00000008     --HOLE-- [fill = 0]
                  700162d0    00000018                                                : udma_rm.obj (.text.Udma_rmTranslateIrOutput)
                  700162e8    00000018     libsysbm.a : memset32.S.obj (.text:TI_memset_small)
                  70016300    00000014     drivers.am64x.r5f.ti-arm-clang.release.lib : csl_lcdma_ringacc.obj (.text.CSL_lcdma_ringaccGetForwardRingOcc)
                  70016314    0000000c     --HOLE-- [fill = 0]
                  70016320    00000014                                                : csl_sec_proxy.obj (.text.CSL_secProxyGetDataAddr)
                  70016334    0000000c     --HOLE-- [fill = 0]
                  70016340    00000014     ti_drivers_open_close.obj (.text.Drivers_open)
                  70016354    0000000c     --HOLE-- [fill = 0]
                  70016360    00000014     drivers.am64x.r5f.ti-arm-clang.release.lib : ospi_v0.obj (.text.OSPI_getFlashDataBaseAddr)
                  70016374    0000000c     --HOLE-- [fill = 0]
                  70016380    00000010     nortos.am64x.r5f.ti-arm-clang.release.lib : ClockP_nortos.obj (.text.ClockP_Params_init)
                  70016390    00000010                                               : ClockP_nortos.obj (.text.ClockP_getTicks)
                  700163a0    00000010                                               : ClockP_nortos.obj (.text.ClockP_isActive)
                  700163b0    00000010     board.am64x.r5f.ti-arm-clang.release.lib : flash_nor_xspi.obj (.text.Flash_norXspiClose)
                  700163c0    00000010     drivers.am64x.r5f.ti-arm-clang.release.lib : ospi_v0.obj (.text.OSPI_setCmdExtType)
                  700163d0    00000010                                                : ospi_v0.obj (.text.OSPI_setPhyEnableSuccess)
                  700163e0    00000010     ti_power_clock_config.obj (.text.PowerClock_init)
                  700163f0    00000010     drivers.am64x.r5f.ti-arm-clang.release.lib : sciclient.obj (.text.Sciclient_getSelfDevIdCore)
                  70016400    00000010     nortos.am64x.r5f.ti-arm-clang.release.lib : TimerP.obj (.text.TimerP_start)
                  70016410    00000010     drivers.am64x.r5f.ti-arm-clang.release.lib : udma_ring_lcdma.obj (.text.Udma_ringHandleClearRegsLcdma)
                  70016420    0000000c                                                : ospi_v0.obj (.text.OSPI_getXferLines)
                  7001642c    00000004     --HOLE-- [fill = 0]
                  70016430    0000000c                                                : ospi_v0.obj (.text.OSPI_isDtrEnable)
                  7001643c    00000004     --HOLE-- [fill = 0]
                  70016440    0000000c                                                : ospi_v0.obj (.text.OSPI_isPhyEnable)
                  7001644c    00000004     --HOLE-- [fill = 0]
                  70016450    0000000c     nortos.am64x.r5f.ti-arm-clang.release.lib : printf.obj (.text._out_char)
                  7001645c    00000004     --HOLE-- [fill = 0]
                  70016460    00000008     drivers.am64x.r5f.ti-arm-clang.release.lib : csl_pktdma.obj (.text.CSL_pktdmaTeardownRxChan)
                  70016468    00000008     --HOLE-- [fill = 0]
                  70016470    00000008                                                : csl_pktdma.obj (.text.CSL_pktdmaTeardownTxChan)
                  70016478    00000008     --HOLE-- [fill = 0]
                  70016480    00000008     nortos.am64x.r5f.ti-arm-clang.release.lib : TimerP.obj (.text.TimerP_getCount)
                  70016488    00000008     --HOLE-- [fill = 0]
                  70016490    00000008                                               : TimerP.obj (.text.TimerP_getReloadCount)
                  70016498    00000008     --HOLE-- [fill = 0]
                  700164a0    00000008     drivers.am64x.r5f.ti-arm-clang.release.lib : udma_utils.obj (.text.Udma_defaultVirtToPhyFxn)
                  700164a8    00000008     --HOLE-- [fill = 0]
                  700164b0    00000008                                                : udma_soc.obj (.text.Udma_isCacheCoherent)
                  700164b8    00000008     --HOLE-- [fill = 0]
                  700164c0    00000008                                                : udma_rm.obj (.text.Udma_rmAllocFreeRing)
                  700164c8    00000008     --HOLE-- [fill = 0]
                  700164d0    00000004     ti_board_open_close.obj (.text.Board_driversOpen)
                  700164d4    0000000c     --HOLE-- [fill = 0]
                  700164e0    00000004     nortos.am64x.r5f.ti-arm-clang.release.lib : ClockP_nortos_r5.obj (.text.ClockP_getTimerCount)
                  700164e4    0000000c     --HOLE-- [fill = 0]
                  700164f0    00000004                                               : ClockP_nortos_r5.obj (.text.ClockP_timerClearOverflowInt)
                  700164f4    0000000c     --HOLE-- [fill = 0]
                  70016500    00000004     drivers.am64x.r5f.ti-arm-clang.release.lib : mmcsd_v0.obj (.text.MMCSD_isr)
                  70016504    0000000c     --HOLE-- [fill = 0]
                  70016510    00000004                                                : ospi_v0.obj (.text.OSPI_isr)
                  70016514    0000000c     --HOLE-- [fill = 0]
                  70016520    00000004                                                : sciclient_rm.obj (.text.Sciclient_rmIrqSet)
                  70016524    0000000c     --HOLE-- [fill = 0]
                  70016530    00000004                                                : sciclient_rm.obj (.text.Sciclient_rmIrqTranslateIaOutput)
                  70016534    0000000c     --HOLE-- [fill = 0]
                  70016540    00000004     nortos.am64x.r5f.ti-arm-clang.release.lib : SemaphoreP_nortos.obj (.text.SemaphoreP_destruct)
                  70016544    0000000c     --HOLE-- [fill = 0]
                  70016550    00000004                                               : TaskP_nortos.obj (.text.TaskP_yield)
                  70016554    0000000c     --HOLE-- [fill = 0]
                  70016560    00000004     drivers.am64x.r5f.ti-arm-clang.release.lib : udma_utils.obj (.text.Udma_defaultPhyToVirtFxn)
                  70016564    0000000c     --HOLE-- [fill = 0]
                  70016570    00000004                                                : udma_rm.obj (.text.Udma_rmFreeFreeRing)
                  70016574    0000000c     --HOLE-- [fill = 0]
                  70016580    00000004     libclang_rt.builtins.a : aeabi_div0.c.obj (.text.__aeabi_idiv0)
                  70016584    0000000c     --HOLE-- [fill = 0]
                  70016590    00000004                            : aeabi_div0.c.obj (.text.__aeabi_ldiv0)
                  70016594    0000000c     --HOLE-- [fill = 0]
                  700165a0    00000004     nortos.am64x.r5f.ti-arm-clang.release.lib : printf.obj (.text._out_null)
                  700165a4    0000000c     --HOLE-- [fill = 0]
                  700165b0    00000004     ti_dpl_config.obj (.text.putchar_)
                  700165b4    0000000c     --HOLE-- [fill = 0]

.text.hwi 
*          0    700165c0    000008d0     
                  700165c0    00000568     nortos.am64x.r5f.ti-arm-clang.release.lib : HwiP_armv7r_vim.obj (.text.hwi)
                  70016b28    00000008     --HOLE-- [fill = 0]
                  70016b30    00000270                                               : HwiP_armv7r_handlers_nortos.obj (.text.hwi)
                  70016da0    00000078                                               : HwiP_armv7r_handlers_nortos_asm.obj (.text.hwi)
                  70016e18    00000070                                               : HwiP_armv7r_asm.obj (.text.hwi)
                  70016e88    00000008     --HOLE-- [fill = 0]

.text.cache 
*          0    70016e90    000004a0     
                  70016e90    00000340     nortos.am64x.r5f.ti-arm-clang.release.lib : CacheP_armv7r_asm.obj (.text.cache)
                  700171d0    0000015c                                               : CacheP_armv7r.obj (.text.cache)
                  7001732c    00000004     --HOLE-- [fill = 0]

.text.mpu 
*          0    70017330    000002d0     
                  70017330    00000250     nortos.am64x.r5f.ti-arm-clang.release.lib : MpuP_armv7r.obj (.text.mpu)
                  70017580    00000078                                               : MpuP_armv7r_asm.obj (.text.mpu)
                  700175f8    00000008     --HOLE-- [fill = 0]

.text.boot 
*          0    70017600    00000150     
                  70017600    000000fc     nortos.am64x.r5f.ti-arm-clang.release.lib : boot_armv7r_asm.obj (.text.boot)
                  700176fc    00000004     --HOLE-- [fill = 0]
                  70017700    00000034                                               : DebugP_log.obj (.text.boot)
                  70017734    0000000c     --HOLE-- [fill = 0]
                  70017740    00000010     ti_dpl_config.obj (.text.boot)

.data      0    70017750    00002660     
                  70017750    000007ec     ti_drivers_config.obj (.data.DDRSS_phyReg)
                  70017f3c    0000069c     ti_drivers_config.obj (.data.DDRSS_ctlReg)
                  700185d8    00000564     ti_drivers_config.obj (.data.DDRSS_phyIndepReg)
                  70018b3c    000003f6     ti_drivers_config.obj (.data.DDRSS_phyRegNum)
                  70018f32    0000034e     ti_drivers_config.obj (.data.DDRSS_ctlRegNum)
                  70019280    000002b2     ti_drivers_config.obj (.data.DDRSS_phyIndepRegNum)
                  70019532    000000b8     drivers.am64x.r5f.ti-arm-clang.release.lib : sciclient_irq_rm.obj (.data.vint_usage_count_DMASS0_INTAGGR_0)
                  700195ea    00000001                                                : sciclient.obj (.data.gSecHeaderSizeWords)
                  700195eb    00000001     --HOLE-- [fill = 0]
                  700195ec    00000094                                                : mmcsd_v0.obj (.data.gMmcsdDrvObj)
                  70019680    00000094                                                : ospi_v0.obj (.data.gOspiDrvObj)
                  70019714    00000094                                                : uart_v0.obj (.data.gUartDrvObj)
                  700197a8    00000080                                                : ospi_phy.obj (.data.gOspiFlashAttackVector)
                  70019828    00000080                                                : ospi_phy.obj (.data.gReadBuf)
                  700198a8    00000070     ti_pinmux_config.obj (.data.gPinMuxMainDomainCfg)
                  70019918    00000060     drivers.am64x.r5f.ti-arm-clang.release.lib : sciclient_irq_rm.obj (.data.gRmIrInstances)
                  70019978    00000058                                                : udma_rmcfg.obj (.data.gUdmaRmSharedResPrms)
                  700199d0    00000050     ti_dpl_config.obj (.data.gMpuRegionConfig)
                  70019a20    00000050     ti_drivers_config.obj (.data.gOspiAttrs)
                  70019a70    0000004c     ti_drivers_open_close.obj (.data.gUartParams)
                  70019abc    00000048     board.am64x.r5f.ti-arm-clang.release.lib : flash_nor_xspi_device_S28HS512T.obj (.data.gFlashNorXspiDeviceDefines_S28HS512T)
                  70019b04    0000003c     ti_drivers_config.obj (.data.gMmcsdAttrs)
                  70019b40    00000030     ti_power_clock_config.obj (.data.gSocModulesClockFrequency)
                  70019b70    00000028     ti_drivers_config.obj (.data.gDdrParams)
                  70019b98    00000028     board.am64x.r5f.ti-arm-clang.release.lib : flash_nor_xspi_device_S28HS512T.obj (.data.gFlashNorXspiAttrs_S28HS512T)
                  70019bc0    00000028     drivers.am64x.r5f.ti-arm-clang.release.lib : ospi_phy.obj (.data.gPhyTuneWindowParamsGTE133)
                  70019be8    00000028                                                : ospi_phy.obj (.data.gPhyTuneWindowParamsLT133)
                  70019c10    00000020     ti_drivers_config.obj (.data.gOspiDmaRestrictRegions)
                  70019c30    00000020     drivers.am64x.r5f.ti-arm-clang.release.lib : sciclient_irq_rm.obj (.data.gRmIaInstances)
                  70019c50    00000020                                                : sciclient_soc_priv.obj (.data.gSciclientSecProxyCfg)
                  70019c70    00000020     ti_power_clock_config.obj (.data.gSocModules)
                  70019c90    0000001c     ti_drivers_config.obj (.data.gOspiUdma0Args)
                  70019cac    00000014     ti_dpl_config.obj (.data.gClockConfig)
                  70019cc0    00000014     board.am64x.r5f.ti-arm-clang.release.lib : flash_nor_xspi.obj (.data.gFlashNorXspiFxns)
                  70019cd4    00000014     drivers.am64x.r5f.ti-arm-clang.release.lib : sciclient_irq_rm.obj (.data.rom_usage_DMASS0_INTAGGR_0)
                  70019ce8    00000010     ti_board_open_close.obj (.data.gFlashConfig)
                  70019cf8    00000010     ti_drivers_config.obj (.data.gUdmaInitPrms)
                  70019d08    0000000c     nortos.am64x.r5f.ti-arm-clang.release.lib : AddrTranslateP.obj (.data.gAddrTranslateConfig)
                  70019d14    0000000c     ti_dpl_config.obj (.data.gMpuConfig)
                  70019d20    0000000c     drivers.am64x.r5f.ti-arm-clang.release.lib : ospi_dma_udma.obj (.data.gOspiDmaUdmaFxns)
                  70019d2c    00000008     ti_dpl_config.obj (.data.gCacheConfig)
                  70019d34    00000008     ti_drivers_config.obj (.data.gMmcsdConfig)
                  70019d3c    00000008     ti_drivers_open_close.obj (.data.gMmcsdParams)
                  70019d44    00000008     ti_drivers_config.obj (.data.gOspiConfig)
                  70019d4c    00000008     ti_drivers_config.obj (.data.gOspiDmaConfig)
                  70019d54    00000008     ti_pinmux_config.obj (.data.gPinMuxMcuDomainCfg)
                  70019d5c    00000008     ti_drivers_config.obj (.data.gUartAttrs)
                  70019d64    00000008     ti_drivers_config.obj (.data.gUartConfig)
                  70019d6c    00000004     libc.a : aeabi_portable.c.obj (.data.__aeabi_errno)
                  70019d70    00000004     nortos.am64x.r5f.ti-arm-clang.release.lib : CacheP_armv7r.obj (.data.gCacheL1dCacheLineSize)
                  70019d74    00000004                                               : CacheP_armv7r.obj (.data.gCacheL1pCacheLineSize)
                  70019d78    00000004                                               : DebugP_log.obj (.data.gDebugLogZone)
                  70019d7c    00000004     ti_board_open_close.obj (.data.gFlashConfigNum)
                  70019d80    00000004     ti_dpl_config.obj (.data.gHwiConfig)
                  70019d84    00000004     ti_drivers_config.obj (.data.gMmcsdConfigNum)
                  70019d88    00000004     ti_drivers_config.obj (.data.gOspiConfigNum)
                  70019d8c    00000004     ti_drivers_config.obj (.data.gOspiDmaConfigNum)
                  70019d90    00000004     ti_drivers_open_close.obj (.data.gOspiParams)
                  70019d94    00000004     drivers.am64x.r5f.ti-arm-clang.release.lib : ospi_phy.obj (.data.gPhyTuneWindowParams)
                  70019d98    00000004                                                : sciclient.obj (.data.gSciclientHandle.0)
                  70019d9c    00000004                                                : sciclient.obj (.data.gSciclientHandle.2)
                  70019da0    00000004                                                : sciclient.obj (.data.gSciclientHandle.3)
                  70019da4    00000004                                                : sciclient.obj (.data.gSciclientHandle.4)
                  70019da8    00000004                                                : sciclient.obj (.data.gSciclientHandle.5)
                  70019dac    00000004     ti_drivers_config.obj (.data.gUartConfigNum)

.rodata    0    70019e00    0002e700     
                  70019e00    0002bbcb     drivers.am64x.r5f.ti-arm-clang.release.lib : bootloader_sysfw_load.obj (.rodata.gSysFw)
                  700459cb    00000cae                                                : bootloader_sysfw_load.obj (.rodata.sciclient_set_boardcfg.boardCfgLow.1)
                  70046679    00000002                                                : bootloader_sysfw_load.obj (.rodata.sciclient_set_boardcfg.boardCfgLow)
                  7004667b    00000001     --HOLE-- [fill = 0]
                  7004667c    00000264                                                : lpddr4.obj (.rodata.CtlIntMap)
                  700468e0    00000200                                                : crc16.obj (.rodata.crc16tab)
                  70046ae0    000001a4                                                : udma_rmcfg.obj (.rodata.gUdmaRmDefBoardCfg_Pktdma)
                  70046c84    0000015d                                                : bootloader_sysfw_load.obj (.rodata.sciclient_set_boardcfg.boardCfgLow.2)
                  70046de1    0000013d                                                : ddr.obj (.rodata.str1.1)
                  70046f1e    00000002     --HOLE-- [fill = 0]
                  70046f20    00000138                                                : udma_soc.obj (.rodata.gUdmaTxMappedChRingAttributes)
                  70047058    0000012c                                                : sciclient_fmwSecureProxyMap.obj (.rodata.gSciclientMap)
                  70047184    00000116                                                : uart_v0.obj (.rodata.str1.1)
                  7004729a    00000103     nortos.am64x.r5f.ti-arm-clang.release.lib : TimerP.obj (.rodata.str1.1)
                  7004739d    00000003     --HOLE-- [fill = 0]
                  700473a0    00000101     libc.a : aeabi_ctype.S.obj (.rodata)
                  700474a1    000000d4     ti_drivers_open_close.obj (.rodata.str1.1)
                  70047575    000000c1     board.am64x.r5f.ti-arm-clang.release.lib : flash_nor_xspi.obj (.rodata.str1.1)
                  70047636    000000bc     drivers.am64x.r5f.ti-arm-clang.release.lib : ospi_dma_udma.obj (.rodata.str1.1)
                  700476f2    000000ac     nortos.am64x.r5f.ti-arm-clang.release.lib : ClockP_nortos_r5.obj (.rodata.str1.1)
                  7004779e    000000a9     drivers.am64x.r5f.ti-arm-clang.release.lib : sciclient.obj (.rodata.str1.1)
                  70047847    00000001     --HOLE-- [fill = 0]
                  70047848    0000009c                                                : udma_soc.obj (.rodata.gUdmaRxMappedChRingAttributes)
                  700478e4    00000084                                                : udma_rmcfg.obj (.rodata.gUdmaRmDefBoardCfg_Bcdma)
                  70047968    00000084                                                : udma_utils.obj (.rodata.gUdmaUtilsTrSizeTable)
[...]
70019280  DDRSS_phyIndepRegNum                                                          
70019532  vint_usage_count_DMASS0_INTAGGR_0                                             
70019918  gRmIrInstances                                                                
70019978  gUdmaRmSharedResPrms                                                          
700199d0  gMpuRegionConfig                                                              
70019a70  gUartParams                                                                   
70019abc  gFlashNorXspiDeviceDefines_S28HS512T                                          
70019b40  gSocModulesClockFrequency                                                     
70019b98  gFlashNorXspiAttrs_S28HS512T                                                  
70019bc0  gPhyTuneWindowParamsGTE133                                                    
70019be8  gPhyTuneWindowParamsLT133                                                     
70019c30  gRmIaInstances                                                                
70019c50  gSciclientSecProxyCfg                                                         
70019c70  gSocModules                                                                   
70019c90  gOspiUdma0Args                                                                
70019cac  gClockConfig                                                                  
70019cc0  gFlashNorXspiFxns                                                             
70019ce8  gFlashConfig                                                                  
70019d08  gAddrTranslateConfig                                                          
70019d14  gMpuConfig                                                                    
70019d20  gOspiDmaUdmaFxns                                                              
70019d2c  gCacheConfig                                                                  
70019d34  gMmcsdConfig                                                                  
70019d3c  gMmcsdParams                                                                  
70019d44  gOspiConfig                                                                   
70019d4c  gOspiDmaConfig                                                                
70019d64  gUartConfig                                                                   
70019d6c  __aeabi_errno                                                                 
70019d70  gCacheL1dCacheLineSize                                                        
70019d74  gCacheL1pCacheLineSize                                                        
70019d78  gDebugLogZone                                                                 
70019d7c  gFlashConfigNum                                                               
70019d80  gHwiConfig                                                                    
70019d84  gMmcsdConfigNum                                                               
70019d88  gOspiConfigNum                                                                
70019d8c  gOspiDmaConfigNum                                                             
70019d90  gOspiParams                                                                   
70019d94  gPhyTuneWindowParams                                                          
70019dac  gUartConfigNum                                                                
70019e00  gSysFw                                                                        
70046ae0  gUdmaRmDefBoardCfg_Pktdma                                                     
70046f20  gUdmaTxMappedChRingAttributes                                                 
70047058  gSciclientMap                                                                 
700473a0  __aeabi_ctype_table_                                                          
700473a0  __aeabi_ctype_table_C                                                         
70047848  gUdmaRxMappedChRingAttributes                                                 
700478e4  gUdmaRmDefBoardCfg_Bcdma                                                      
70047b44  tisci_if_TIMESYNC_EVENT_INTROUTER0                                            
70047c6c  gRmIrqTree                                                                    
70047cc4  gRmIrqTreeCount                                                               
70047de0  tisci_if_MAIN_GPIOMUX_INTROUTER0                                              
70047e44  tisci_if_DMASS0_INTAGGR_0                                                     
70047ecc  tisci_if_MCU_MCU_GPIOMUX_INTROUTER0                                           
70047f34  tisci_if_CPTS0                                                                
70047f54  tisci_if_PRU_ICSSG0                                                           
70047f70  tisci_if_CPSW0                                                                
70047f80  gBoardConfigLow_debug                                                         
70047fa0  tisci_if_PRU_ICSSG1                                                           
70047fd4  tisci_if_CMP_EVENT_INTROUTER0                                                 
70047fec  tisci_if_PCIE0                                                                
70048014  tisci_if_EPWM0                                                                
70048024  tisci_if_EPWM3                                                                
70048034  tisci_if_EPWM6                                                                
70048044  tisci_if_GPMC0                                                                
70048054  CMP_EVENT_INTROUTER0_outp_0_15_to_GICSS0_spi_48_63                            
7004805c  CMP_EVENT_INTROUTER0_outp_16_23_to_R5FSS0_CORE0_intr_48_55                    
70048064  CMP_EVENT_INTROUTER0_outp_16_23_to_R5FSS0_CORE1_intr_48_55                    
7004806c  CMP_EVENT_INTROUTER0_outp_24_31_to_R5FSS1_CORE0_intr_48_55                    
70048074  CMP_EVENT_INTROUTER0_outp_24_31_to_R5FSS1_CORE1_intr_48_55                    
7004807c  CMP_EVENT_INTROUTER0_outp_32_39_to_DMASS0_INTAGGR_0_intaggr_levi_pend_0_7     
70048084  CPSW0_cpts_comp_0_0_to_CMP_EVENT_INTROUTER0_in_80_80                          
7004808c  CPSW0_cpts_genf0_1_1_to_TIMESYNC_EVENT_INTROUTER0_in_21_21                    
70048094  CPSW0_cpts_genf1_2_2_to_TIMESYNC_EVENT_INTROUTER0_in_22_22                    
7004809c  CPSW0_cpts_sync_3_3_to_TIMESYNC_EVENT_INTROUTER0_in_34_34                     
700480a4  CPTS0_cpts_comp_0_0_to_CMP_EVENT_INTROUTER0_in_82_82                          
700480ac  CPTS0_cpts_genf0_1_1_to_TIMESYNC_EVENT_INTROUTER0_in_16_16                    
700480b4  CPTS0_cpts_genf1_2_2_to_TIMESYNC_EVENT_INTROUTER0_in_17_17                    
700480bc  CPTS0_cpts_genf2_3_3_to_TIMESYNC_EVENT_INTROUTER0_in_18_18                    
700480c4  CPTS0_cpts_genf3_4_4_to_TIMESYNC_EVENT_INTROUTER0_in_19_19                    
700480cc  CPTS0_cpts_genf4_5_5_to_TIMESYNC_EVENT_INTROUTER0_in_20_20                    
700480d4  CPTS0_cpts_genf5_6_6_to_TIMESYNC_EVENT_INTROUTER0_in_24_24                    
700480dc  CPTS0_cpts_sync_7_7_to_TIMESYNC_EVENT_INTROUTER0_in_35_35                     
700480e4  DMASS0_INTAGGR_0_intaggr_vintr_pend_0_39_to_GICSS0_spi_64_103                 
700480ec  DMASS0_INTAGGR_0_intaggr_vintr_pend_120_127_to_R5FSS1_CORE0_intr_8_15         
700480f4  DMASS0_INTAGGR_0_intaggr_vintr_pend_128_135_to_R5FSS1_CORE1_intr_8_15         
700480fc  DMASS0_INTAGGR_0_intaggr_vintr_pend_152_159_to_PRU_ICSSG0_pr1_slv_intr_16_23  
70048104  DMASS0_INTAGGR_0_intaggr_vintr_pend_160_167_to_PRU_ICSSG1_pr1_slv_intr_16_23  
7004810c  DMASS0_INTAGGR_0_intaggr_vintr_pend_168_183_to_MCU_M4FSS0_CORE0_nvic_32_47    
70048114  DMASS0_INTAGGR_0_intaggr_vintr_pend_40_71_to_R5FSS0_CORE0_intr_64_95          
7004811c  DMASS0_INTAGGR_0_intaggr_vintr_pend_40_71_to_R5FSS0_CORE1_intr_64_95          
70048124  DMASS0_INTAGGR_0_intaggr_vintr_pend_72_79_to_R5FSS0_CORE0_intr_8_15           
7004812c  DMASS0_INTAGGR_0_intaggr_vintr_pend_80_87_to_R5FSS0_CORE1_intr_8_15           
70048134  DMASS0_INTAGGR_0_intaggr_vintr_pend_88_119_to_R5FSS1_CORE0_intr_64_95         
7004813c  DMASS0_INTAGGR_0_intaggr_vintr_pend_88_119_to_R5FSS1_CORE1_intr_64_95         
70048144  EPWM0_epwm_synco_o_0_0_to_TIMESYNC_EVENT_INTROUTER0_in_39_39                  
7004814c  EPWM3_epwm_synco_o_0_0_to_TIMESYNC_EVENT_INTROUTER0_in_40_40                  
70048154  EPWM6_epwm_synco_o_0_0_to_TIMESYNC_EVENT_INTROUTER0_in_41_41                  
7004815c  GPIO0_gpio_0_89_to_MAIN_GPIOMUX_INTROUTER0_in_0_89                            
70048164  GPIO0_gpio_bank_90_98_to_MAIN_GPIOMUX_INTROUTER0_in_190_198                   
7004816c  GPIO1_gpio_0_89_to_MAIN_GPIOMUX_INTROUTER0_in_90_179                          
70048174  GPIO1_gpio_bank_90_98_to_MAIN_GPIOMUX_INTROUTER0_in_180_188                   
7004817c  GPMC0_gpmc_sdmareq_0_0_to_DMASS0_INTAGGR_0_intaggr_levi_pend_29_29            
70048184  GTC0_gtc_push_event_0_0_to_TIMESYNC_EVENT_INTROUTER0_in_36_36                 
7004818c  MAIN_GPIOMUX_INTROUTER0_outp_0_15_to_GICSS0_spi_32_47                         
70048194  MAIN_GPIOMUX_INTROUTER0_outp_0_15_to_R5FSS0_CORE0_intr_32_47                  
7004819c  MAIN_GPIOMUX_INTROUTER0_outp_0_15_to_R5FSS0_CORE1_intr_32_47                  
700481a4  MAIN_GPIOMUX_INTROUTER0_outp_0_15_to_R5FSS1_CORE0_intr_32_47                  
700481ac  MAIN_GPIOMUX_INTROUTER0_outp_0_15_to_R5FSS1_CORE1_intr_32_47                  
700481b4  MAIN_GPIOMUX_INTROUTER0_outp_16_17_to_DMASS0_INTAGGR_0_intaggr_levi_pend_24_25
700481bc  MAIN_GPIOMUX_INTROUTER0_outp_18_23_to_PRU_ICSSG0_pr1_iep0_cap_intr_req_4_9    
700481c4  MAIN_GPIOMUX_INTROUTER0_outp_18_23_to_PRU_ICSSG1_pr1_iep0_cap_intr_req_4_9    
700481cc  MAIN_GPIOMUX_INTROUTER0_outp_24_29_to_PRU_ICSSG0_pr1_iep1_cap_intr_req_10_15  
700481d4  MAIN_GPIOMUX_INTROUTER0_outp_24_29_to_PRU_ICSSG1_pr1_iep1_cap_intr_req_10_15  
700481dc  MAIN_GPIOMUX_INTROUTER0_outp_30_37_to_DMASS0_INTAGGR_0_intaggr_levi_pend_16_23
700481e4  MAIN_GPIOMUX_INTROUTER0_outp_38_45_to_PRU_ICSSG0_pr1_slv_intr_46_53           
700481ec  MAIN_GPIOMUX_INTROUTER0_outp_46_53_to_PRU_ICSSG1_pr1_slv_intr_46_53           
700481f4  MCU_GPIO0_gpio_0_29_to_MCU_MCU_GPIOMUX_INTROUTER0_in_0_29                     
700481fc  MCU_GPIO0_gpio_bank_30_31_to_MCU_MCU_GPIOMUX_INTROUTER0_in_30_31              
70048204  MCU_MCU_GPIOMUX_INTROUTER0_outp_0_3_to_GICSS0_spi_104_107                     
7004820c  MCU_MCU_GPIOMUX_INTROUTER0_outp_0_3_to_R5FSS0_CORE0_intr_104_107              
70048214  MCU_MCU_GPIOMUX_INTROUTER0_outp_0_3_to_R5FSS0_CORE1_intr_104_107              
7004821c  MCU_MCU_GPIOMUX_INTROUTER0_outp_0_3_to_R5FSS1_CORE0_intr_104_107              
70048224  MCU_MCU_GPIOMUX_INTROUTER0_outp_0_3_to_R5FSS1_CORE1_intr_104_107              
7004822c  MCU_MCU_GPIOMUX_INTROUTER0_outp_4_7_to_MCU_M4FSS0_CORE0_nvic_0_3              
70048234  MCU_MCU_GPIOMUX_INTROUTER0_outp_8_11_to_MCU_ESM0_esm_pls_event0_88_91         
7004823c  MCU_MCU_GPIOMUX_INTROUTER0_outp_8_11_to_MCU_ESM0_esm_pls_event1_92_95         
70048244  MCU_MCU_GPIOMUX_INTROUTER0_outp_8_11_to_MCU_ESM0_esm_pls_event2_96_99         
7004824c  PCIE0_pcie_cpts_comp_0_0_to_CMP_EVENT_INTROUTER0_in_81_81                     
70048254  PCIE0_pcie_cpts_genf0_1_1_to_TIMESYNC_EVENT_INTROUTER0_in_23_23               
7004825c  PCIE0_pcie_cpts_hw1_push_2_2_to_TIMESYNC_EVENT_INTROUTER0_in_37_37            
70048264  PCIE0_pcie_cpts_sync_3_3_to_TIMESYNC_EVENT_INTROUTER0_in_33_33                
7004826c  PCIE0_pcie_ptm_valid_pulse_4_4_to_TIMESYNC_EVENT_INTROUTER0_in_38_38          
70048274  PRU_ICSSG0_pr1_edc0_sync0_out_0_0_to_TIMESYNC_EVENT_INTROUTER0_in_25_25       
7004827c  PRU_ICSSG0_pr1_edc0_sync1_out_1_1_to_TIMESYNC_EVENT_INTROUTER0_in_26_26       
70048284  PRU_ICSSG0_pr1_edc1_sync0_out_2_2_to_TIMESYNC_EVENT_INTROUTER0_in_27_27       
7004828c  PRU_ICSSG0_pr1_edc1_sync1_out_3_3_to_TIMESYNC_EVENT_INTROUTER0_in_28_28       
70048294  PRU_ICSSG0_pr1_host_intr_req_4_11_to_CMP_EVENT_INTROUTER0_in_0_7              
7004829c  PRU_ICSSG0_pr1_iep0_cmp_intr_req_12_27_to_CMP_EVENT_INTROUTER0_in_16_31       
700482a4  PRU_ICSSG0_pr1_iep1_cmp_intr_req_28_43_to_CMP_EVENT_INTROUTER0_in_32_47       
700482ac  PRU_ICSSG1_pr1_edc0_sync0_out_0_0_to_TIMESYNC_EVENT_INTROUTER0_in_29_29       
700482b4  PRU_ICSSG1_pr1_edc0_sync1_out_1_1_to_TIMESYNC_EVENT_INTROUTER0_in_30_30       
700482bc  PRU_ICSSG1_pr1_edc1_sync0_out_2_2_to_TIMESYNC_EVENT_INTROUTER0_in_31_31       
700482c4  PRU_ICSSG1_pr1_edc1_sync1_out_3_3_to_TIMESYNC_EVENT_INTROUTER0_in_32_32       
700482cc  PRU_ICSSG1_pr1_host_intr_req_4_11_to_CMP_EVENT_INTROUTER0_in_8_15             
700482d4  PRU_ICSSG1_pr1_iep0_cmp_intr_req_12_27_to_CMP_EVENT_INTROUTER0_in_48_63       
700482dc  PRU_ICSSG1_pr1_iep1_cmp_intr_req_28_43_to_CMP_EVENT_INTROUTER0_in_64_79       
700482e4  TIMER0_timer_pwm_0_0_to_TIMESYNC_EVENT_INTROUTER0_in_0_0                      
700482ec  TIMER1_timer_pwm_0_0_to_TIMESYNC_EVENT_INTROUTER0_in_1_1                      
700482f4  TIMER2_timer_pwm_0_0_to_TIMESYNC_EVENT_INTROUTER0_in_2_2                      
700482fc  TIMER3_timer_pwm_0_0_to_TIMESYNC_EVENT_INTROUTER0_in_3_3                      
70048304  TIMESYNC_EVENT_INTROUTER0_outl_0_7_to_DMASS0_INTAGGR_0_intaggr_levi_pend_8_15 
7004830c  TIMESYNC_EVENT_INTROUTER0_outl_10_10_to_PRU_ICSSG0_pr1_edc1_latch0_in_2_2     
70048314  TIMESYNC_EVENT_INTROUTER0_outl_11_11_to_PRU_ICSSG0_pr1_edc1_latch1_in_3_3     
7004831c  TIMESYNC_EVENT_INTROUTER0_outl_12_12_to_PRU_ICSSG1_pr1_edc0_latch0_in_0_0     
70048324  TIMESYNC_EVENT_INTROUTER0_outl_13_13_to_PRU_ICSSG1_pr1_edc0_latch1_in_1_1     
7004832c  TIMESYNC_EVENT_INTROUTER0_outl_14_14_to_PRU_ICSSG1_pr1_edc1_latch0_in_2_2     
70048334  TIMESYNC_EVENT_INTROUTER0_outl_15_15_to_PRU_ICSSG1_pr1_edc1_latch1_in_3_3     
7004833c  TIMESYNC_EVENT_INTROUTER0_outl_16_16_to_CPTS0_cpts_hw1_push_0_0               
70048344  TIMESYNC_EVENT_INTROUTER0_outl_17_17_to_CPTS0_cpts_hw2_push_1_1               
7004834c  TIMESYNC_EVENT_INTROUTER0_outl_18_18_to_CPTS0_cpts_hw3_push_2_2               
70048354  TIMESYNC_EVENT_INTROUTER0_outl_19_19_to_CPTS0_cpts_hw4_push_3_3               
7004835c  TIMESYNC_EVENT_INTROUTER0_outl_20_20_to_CPTS0_cpts_hw5_push_4_4               
70048364  TIMESYNC_EVENT_INTROUTER0_outl_21_21_to_CPTS0_cpts_hw6_push_5_5               
7004836c  TIMESYNC_EVENT_INTROUTER0_outl_22_22_to_CPTS0_cpts_hw7_push_6_6               
70048374  TIMESYNC_EVENT_INTROUTER0_outl_23_23_to_CPTS0_cpts_hw8_push_7_7               
7004837c  TIMESYNC_EVENT_INTROUTER0_outl_29_29_to_PCIE0_pcie_cpts_hw2_push_0_0          
70048384  TIMESYNC_EVENT_INTROUTER0_outl_30_30_to_CPSW0_cpts_hw1_push_0_0               
7004838c  TIMESYNC_EVENT_INTROUTER0_outl_31_31_to_CPSW0_cpts_hw2_push_1_1               
70048394  TIMESYNC_EVENT_INTROUTER0_outl_32_32_to_CPSW0_cpts_hw3_push_2_2               
7004839c  TIMESYNC_EVENT_INTROUTER0_outl_33_33_to_CPSW0_cpts_hw4_push_3_3               
700483a4  TIMESYNC_EVENT_INTROUTER0_outl_34_34_to_CPSW0_cpts_hw5_push_4_4               
700483ac  TIMESYNC_EVENT_INTROUTER0_outl_35_35_to_CPSW0_cpts_hw6_push_5_5               
700483b4  TIMESYNC_EVENT_INTROUTER0_outl_36_36_to_CPSW0_cpts_hw7_push_6_6               
700483bc  TIMESYNC_EVENT_INTROUTER0_outl_37_37_to_CPSW0_cpts_hw8_push_7_7               
700483c4  TIMESYNC_EVENT_INTROUTER0_outl_8_8_to_PRU_ICSSG0_pr1_edc0_latch0_in_0_0       
700483cc  TIMESYNC_EVENT_INTROUTER0_outl_9_9_to_PRU_ICSSG0_pr1_edc0_latch1_in_1_1       
700483d4  tisci_if_GPIO0                                                                
700483dc  tisci_if_GPIO1                                                                
700483e4  tisci_if_MCU_GPIO0                                                            
7004849c  tisci_if_GTC0                                                                 
700484a0  tisci_if_TIMER0                                                               
700484a4  tisci_if_TIMER1                                                               
700484a8  tisci_if_TIMER2                                                               
700484ac  tisci_if_TIMER3                                                               
70068000  __BSS_START                                                                   
70068000  __start___llvm_prf_cnts                                                       
70068000  __stop___llvm_prf_cnts                                                        
70068000  gUniflashVerifyBuf                                                            
70070000  gHwiCtrl                                                                      
70071008  gUdmaDrvObj                                                                   
7007223c  gFlashHandle                                                                  
70072240  gClockCtrl                                                                    
70072278  gMmcsdHandle                                                                  
7007227c  gOspiHandle                                                                   
70072280  gMmcsdDataBuf0                                                                
700725f4  gADMA2Desc                                                                    
700727a8  gEmmcData0                                                                    
700727f0  gFlashObject_S28HS512T                                                        
700727fc  gUartHandle                                                                   
70072800  __BSS_END                                                                     
70072800  _sys_memory                                                                   
7007a800  __stack                                                                       
7007e800  __IRQ_STACK_START                                                             
7007e800  __STACK_END                                                                   
7007f800  __FIQ_STACK_START                                                             
7007f800  __IRQ_STACK_END                                                               
7007f900  __FIQ_STACK_END                                                               
7007f900  __SVC_STACK_START                                                             
7007fa00  __ABORT_STACK_START                                                           
7007fa00  __SVC_STACK_END                                                               
7007fb00  __ABORT_STACK_END                                                             
7007fb00  __UNDEFINED_STACK_START                                                       
7007fc00  __UNDEFINED_STACK_END                                                         
80000000  gUniflashFileBuf                                                              
ffffffff  __TI_pprof_out_hndl                                                           
ffffffff  __TI_prof_data_size                                                           
ffffffff  __TI_prof_data_start                                                          
ffffffff  __binit__                                                                     
ffffffff  binit                                                                         
UNDEFED   __TI_CINIT_Base                                                               
UNDEFED   __TI_CINIT_Limit                                                              
UNDEFED   __TI_Handler_Table_Base                                                       
UNDEFED   __TI_Handler_Table_Limit                                                      
UNDEFED   _system_post_cinit                                                            

[629 symbols]
