******************************************************************************
            TI ARM Clang Linker Unix v1.3.0                    
******************************************************************************
>> Linked Sat Nov 13 03:26:27 2021

OUTPUT FILE NAME:   <sbl_sd.release.out>
ENTRY POINT SYMBOL: "_vectors_sbl"  address: 70000000


MEMORY CONFIGURATION

         name            origin    length      used     unused   attr    fill
----------------------  --------  ---------  --------  --------  ----  --------
  R5F_VECS              00000000   00000040  00000000  00000040  RWIX
  R5F_TCMA              00000040   00007fc0  00000000  00007fc0  RWIX
  R5F_TCMB0             41010000   00008000  00000000  00008000  RWIX
  MSRAM_VECS            70000000   00000100  00000040  000000c0  RWIX
  MSRAM_0               70000100   0005ff00  00044680  0001b880  RWIX
  MSRAM_1               70060000   00020000  0000ee80  00011180  RWIX
  MSRAM_2               70180000   00060000  00060000  00000000  RWIX


SEGMENT ALLOCATION MAP

run origin  load origin   length   init length attrs members
----------  ----------- ---------- ----------- ----- -------
70000000    70000000    00000040   00000040    r-x
  70000000    70000000    00000040   00000040    r-x .vectors
70000100    70000100    00013b70   00013b70    r-x
  70000100    70000100    000129e0   000129e0    r-x .text
  70012ae0    70012ae0    000008d0   000008d0    r-x .text.hwi
  700133b0    700133b0    000004a0   000004a0    r-x .text.cache
  70013850    70013850    000002d0   000002d0    r-x .text.mpu
  70013b20    70013b20    00000150   00000150    r-x .text.boot
70013c70    70013c70    00002300   00002300    rw-
  70013c70    70013c70    00002300   00002300    rw- .data
70015f80    70015f80    0002e800   0002e800    r--
  70015f80    70015f80    0002e800   0002e800    r-- .rodata
70060000    70060000    0000da80   00000000    rw-
  70060000    70060000    00008000   00000000    rw- .sysmem
  70068000    70068000    00004000   00000000    rw- .stack
  7006c000    7006c000    00001a80   00000000    rw- .bss
7006da80    7006da80    00001400   00000000    r--
  7006da80    7006da80    00001000   00000000    r-- .irqstack
  7006ea80    7006ea80    00000100   00000000    r-- .fiqstack
  7006eb80    7006eb80    00000100   00000000    r-- .svcstack
  7006ec80    7006ec80    00000100   00000000    r-- .abortstack
  7006ed80    7006ed80    00000100   00000000    r-- .undefinedstack


SECTION ALLOCATION MAP

 output                                  attributes/
section   page    origin      length       input sections
--------  ----  ----------  ----------   ----------------
.vectors   0    70000000    00000040     
                  70000000    00000040     nortos.am64x.r5f.ti-arm-clang.release.lib : HwiP_armv7r_vectors_nortos_sbl_asm.obj (.vectors)

.text      0    70000100    000129e0     
                  70000100    00001538     drivers.am64x.r5f.ti-arm-clang.release.lib : mmcsd_v0.obj (.text.MMCSD_open)
                  70001638    00000c28     libc.a : _printfi.c.obj (.text:__TI_printfi_nofloat)
                  70002260    00000c1c     drivers.am64x.r5f.ti-arm-clang.release.lib : mmcsd_v0.obj (.text.MMCSD_transfer)
                  70002e7c    00000004     libc.a : _lock.c.obj (.text._nop)
                  70002e80    00000860     nortos.am64x.r5f.ti-arm-clang.release.lib : printf.obj (.text._vsnprintf)
                  700036e0    000005fc     freertos_fat.am64x.r5f.ti-arm-clang.release.lib : ff_dir.obj (.text.FF_CreateDirent)
                  70003cdc    00000004     libclang_rt.builtins.a : aeabi_memcpy.S.obj (.text)
                  70003ce0    000005d8     freertos_fat.am64x.r5f.ti-arm-clang.release.lib : ff_dir.obj (.text.FF_FindEntryInDir)
                  700042b8    00000008     libc.a : exit.c.obj (.text:abort)
                  700042c0    00000598     freertos_fat.am64x.r5f.ti-arm-clang.release.lib : ff_ioman.obj (.text.FF_Mount)
                  70004858    00000008     --HOLE-- [fill = 0]
                  70004860    00000530                                                     : ff_ioman.obj (.text.FF_PartitionSearch)
                  70004d90    000004f8     drivers.am64x.r5f.ti-arm-clang.release.lib : uart_v0.obj (.text.UART_open)
                  70005288    00000008     --HOLE-- [fill = 0]
                  70005290    000004c4                                                : sciclient.obj (.text.Sciclient_service)
                  70005754    0000000c     libc.a : aeabi_portable.c.obj (.text.__aeabi_errno_addr)
                  70005760    0000049c     freertos_fat.am64x.r5f.ti-arm-clang.release.lib : ff_file.obj (.text.FF_Read)
                  70005bfc    00000004     --HOLE-- [fill = 0]
                  70005c00    0000046c                                                     : ff_dir.obj (.text.FF_FindShortName)
                  7000606c    00000004     --HOLE-- [fill = 0]
                  70006070    00000450                                                     : ff_file.obj (.text.FF_Open)
                  700064c0    00000450     nortos.am64x.r5f.ti-arm-clang.release.lib : printf.obj (.text._ftoa)
                  70006910    00000378     main.obj (.text.main)
                  70006c88    00000008     --HOLE-- [fill = 0]
                  70006c90    00000370     nortos.am64x.r5f.ti-arm-clang.release.lib : printf.obj (.text._etoa)
                  70007000    0000036c     drivers.am64x.r5f.ti-arm-clang.release.lib : uart_v0.obj (.text.UART_masterIsr)
                  7000736c    00000004     --HOLE-- [fill = 0]
                  70007370    00000350     freertos_fat.am64x.r5f.ti-arm-clang.release.lib : ff_dir.obj (.text.FF_PopulateLongDirent)
                  700076c0    000002b8     drivers.am64x.r5f.ti-arm-clang.release.lib : bootloader_soc.obj (.text.Bootloader_socCpuPowerOnResetR5f)
                  70007978    00000008     --HOLE-- [fill = 0]
                  70007980    000002b4                                                : bootloader_soc.obj (.text.Bootloader_socCpuResetRelease)
                  70007c34    0000000c     libc.a : memory.c.obj (.text.malloc)
                  70007c40    000002b4     drivers.am64x.r5f.ti-arm-clang.release.lib : uart_v0.obj (.text.UART_fifoConfig)
                  70007ef4    0000000c     --HOLE-- [fill = 0]
                  70007f00    000002a8     freertos_fat.am64x.r5f.ti-arm-clang.release.lib : ff_fat.obj (.text.FF_FindFreeCluster)
                  700081a8    00000008     --HOLE-- [fill = 0]
                  700081b0    000002a4     drivers.am64x.r5f.ti-arm-clang.release.lib : uart_v0.obj (.text.UART_write)
                  70008454    0000000c     --HOLE-- [fill = 0]
                  70008460    00000274                                                : ddr.obj (.text.DDR_init)
                  700086d4    0000000c     --HOLE-- [fill = 0]
                  700086e0    00000260     nortos.am64x.r5f.ti-arm-clang.release.lib : TimerP.obj (.text.TimerP_setup)
                  70008940    00000248     freertos_fat.am64x.r5f.ti-arm-clang.release.lib : ff_file.obj (.text.FF_Close)
                  70008b88    00000008     --HOLE-- [fill = 0]
                  70008b90    00000234                                                     : ff_fat.obj (.text.FF_CountFreeClusters)
                  70008dc4    0000000c     --HOLE-- [fill = 0]
                  70008dd0    00000234                                                     : ff_dir.obj (.text.FF_CreateShortName)
                  70009004    0000000c     --HOLE-- [fill = 0]
                  70009010    00000234                                                     : ff_ioman.obj (.text.FF_GetBuffer)
                  70009244    0000000c     --HOLE-- [fill = 0]
                  70009250    00000214     nortos.am64x.r5f.ti-arm-clang.release.lib : printf.obj (.text._ntoa_format)
                  70009464    0000000c     --HOLE-- [fill = 0]
                  70009470    000001fc     drivers.am64x.r5f.ti-arm-clang.release.lib : soc.obj (.text.SOC_moduleSetClockFrequency)
                  7000966c    00000004     --HOLE-- [fill = 0]
                  70009670    000001f8     freertos_fat.am64x.r5f.ti-arm-clang.release.lib : ff_fat.obj (.text.FF_putFATEntry)
                  70009868    00000008     --HOLE-- [fill = 0]
                  70009870    000001d8                                                     : ff_ioman.obj (.text.FF_CreateIOManger)
                  70009a48    000001d0     libclang_rt.builtins.a : udivsi3.S.obj (.text)
                  70009c18    00000008     --HOLE-- [fill = 0]
                  70009c20    000001c4     freertos_fat.am64x.r5f.ti-arm-clang.release.lib : ff_sys.obj (.text.FF_FS_Add)
                  70009de4    0000000c     --HOLE-- [fill = 0]
                  70009df0    000001c4                                                     : ff_fat.obj (.text.FF_UnlinkClusterChain)
                  70009fb4    000001bc     libc.a : memory.c.obj (.text.free)
                  7000a170    000001b4     drivers.am64x.r5f.ti-arm-clang.release.lib : bootloader_soc.obj (.text.Bootloader_socCpuResetReleaseSelf)
                  7000a324    000001b0     libc.a : memory.c.obj (.text.aligned_alloc)
                  7000a4d4    0000000c     --HOLE-- [fill = 0]
                  7000a4e0    000001a4     drivers.am64x.r5f.ti-arm-clang.release.lib : uart_v0.obj (.text.UART_close)
                  7000a684    0000000c     --HOLE-- [fill = 0]
                  7000a690    000001a0                                                : sciclient.obj (.text.Sciclient_loadFirmware)
                  7000a830    00000180                                                : lpddr4.obj (.text.LPDDR4_CheckCtlInterrupt)
                  7000a9b0    00000180                                                : mmcsd_v0.obj (.text.MMCSD_write)
                  7000ab30    00000174                                                : bootloader_soc.obj (.text.Bootloader_socCpuPowerOnResetM4f)
                  7000aca4    0000000c     --HOLE-- [fill = 0]
                  7000acb0    00000174                                                : mmcsd_v0.obj (.text.MMCSD_read)
                  7000ae24    0000000c     --HOLE-- [fill = 0]
                  7000ae30    00000168     nortos.am64x.r5f.ti-arm-clang.release.lib : ClockP_nortos_r5.obj (.text.ClockP_init)
                  7000af98    00000008     --HOLE-- [fill = 0]
                  7000afa0    00000164     freertos_fat.am64x.r5f.ti-arm-clang.release.lib : ff_dir.obj (.text.FF_PopulateShortDirent)
                  7000b104    0000000c     --HOLE-- [fill = 0]
                  7000b110    00000160                                                     : ff_fat.obj (.text.FF_getFATEntry)
                  7000b270    00000158                                                     : ff_dir.obj (.text.FF_ExtendDirectory)
                  7000b3c8    00000008     --HOLE-- [fill = 0]
                  7000b3d0    00000158                                                     : ff_ioman.obj (.text.FF_IncreaseFreeClusters)
                  7000b528    00000008     --HOLE-- [fill = 0]
                  7000b530    00000158                                                     : ff_fat.obj (.text.FF_TraverseFAT)
                  7000b688    00000008     --HOLE-- [fill = 0]
                  7000b690    00000148                                                     : ff_dir.obj (.text.FF_FindDir)
                  7000b7d8    00000008     --HOLE-- [fill = 0]
                  7000b7e0    00000134     drivers.am64x.r5f.ti-arm-clang.release.lib : bootloader.obj (.text.Bootloader_loadSelfCpu)
                  7000b914    0000000c     --HOLE-- [fill = 0]
                  7000b920    00000134     freertos_fat.am64x.r5f.ti-arm-clang.release.lib : ff_ioman.obj (.text.FF_FlushCache)
                  7000ba54    0000000c     --HOLE-- [fill = 0]
                  7000ba60    00000130     drivers.am64x.r5f.ti-arm-clang.release.lib : bootloader.obj (.text.Bootloader_rprcImageLoad)
                  7000bb90    00000130     freertos_fat.am64x.r5f.ti-arm-clang.release.lib : ff_dir.obj (.text.FF_CreateLFNEntry)
                  7000bcc0    00000130                                                     : ff_dir.obj (.text.FF_FetchEntryWithContext)
                  7000bdf0    00000130                                                     : ff_fat.obj (.text.FF_GetChainLength)
                  7000bf20    00000130                                                     : ff_file.obj (.text.FF_Truncate)
                  7000c050    0000012c                                                     : ff_ioman.obj (.text.FF_DecreaseFreeClusters)
                  7000c17c    00000004     --HOLE-- [fill = 0]
                  7000c180    0000012c                                                     : ff_dir.obj (.text.FF_PushEntryWithContext)
                  7000c2ac    00000004     --HOLE-- [fill = 0]
                  7000c2b0    00000124                                                     : ff_mmcsd.obj (.text.FF_MMCSDDiskInit)
                  7000c3d4    0000000c     --HOLE-- [fill = 0]
                  7000c3e0    00000124     drivers.am64x.r5f.ti-arm-clang.release.lib : uart_v0.obj (.text.UART_divisorLatchWrite)
                  7000c504    0000000c     --HOLE-- [fill = 0]
                  7000c510    00000120     freertos_fat.am64x.r5f.ti-arm-clang.release.lib : ff_dir.obj (.text.FF_CreateFile)
                  7000c630    0000011c     drivers.am64x.r5f.ti-arm-clang.release.lib : sciclient_pm.obj (.text.Sciclient_pmQueryModuleClkFreq)
                  7000c74c    00000004     --HOLE-- [fill = 0]
                  7000c750    00000118     freertos_fat.am64x.r5f.ti-arm-clang.release.lib : ff_string.obj (.text.FF_Utf16ctoUtf8c)
                  7000c868    00000008     --HOLE-- [fill = 0]
                  7000c870    00000118     drivers.am64x.r5f.ti-arm-clang.release.lib : sciclient.obj (.text.Sciclient_getVersionCheck)
                  7000c988    00000118     libclang_rt.builtins.a : udivmoddi4.S.obj (.text)
                  7000caa0    00000114     freertos_fat.am64x.r5f.ti-arm-clang.release.lib : ff_string.obj (.text.FF_strtok)
                  7000cbb4    0000000c     --HOLE-- [fill = 0]
                  7000cbc0    00000114     drivers.am64x.r5f.ti-arm-clang.release.lib : uart_v0.obj (.text.UART_procLineStatusErr)
                  7000ccd4    0000000c     --HOLE-- [fill = 0]
                  7000cce0    00000110                                                : bootloader_sysfw_load.obj (.text.Bootloader_socLoadSysFw)
                  7000cdf0    00000110     freertos_fat.am64x.r5f.ti-arm-clang.release.lib : ff_string.obj (.text.FF_Utf8ctoUtf16c)
                  7000cf00    00000110     drivers.am64x.r5f.ti-arm-clang.release.lib : mmcsd_v0.obj (.text.MMCSD_halSetBusFreq)
                  7000d010    0000010c                                                : bootloader.obj (.text.Bootloader_parseMultiCoreAppImage)
                  7000d11c    00000004     --HOLE-- [fill = 0]
                  7000d120    00000104     freertos_fat.am64x.r5f.ti-arm-clang.release.lib : ff_fat.obj (.text.FF_ClearCluster)
                  7000d224    0000000c     --HOLE-- [fill = 0]
                  7000d230    00000104                                                     : ff_dir.obj (.text.FF_PutEntry)
                  7000d334    0000000c     --HOLE-- [fill = 0]
                  7000d340    00000100     drivers.am64x.r5f.ti-arm-clang.release.lib : mmcsd_v0.obj (.text.MMCSD_phyConfigure)
                  7000d440    00000100     nortos.am64x.r5f.ti-arm-clang.release.lib : SemaphoreP_nortos.obj (.text.SemaphoreP_pend)
                  7000d540    000000fc     freertos_fat.am64x.r5f.ti-arm-clang.release.lib : ff_file.obj (.text.FF_ReadPartial)
                  7000d63c    00000004     --HOLE-- [fill = 0]
                  7000d640    000000f8     drivers.am64x.r5f.ti-arm-clang.release.lib : pinmux.obj (.text.Pinmux_config)
                  7000d738    00000008     --HOLE-- [fill = 0]
                  7000d740    000000f8                                                : sciclient_pm.obj (.text.Sciclient_pmSetModuleClkFreq)
                  7000d838    00000008     --HOLE-- [fill = 0]
                  7000d840    000000f4                                                : uart_v0.obj (.text.UART_flushTxFifo)
                  7000d934    0000000c     --HOLE-- [fill = 0]
                  7000d940    000000f0     freertos_fat.am64x.r5f.ti-arm-clang.release.lib : ff_sys.obj (.text.FF_FS_Find)
                  7000da30    000000f0                                                     : ff_dir.obj (.text.FF_GetEntry)
                  7000db20    000000ec     nortos.am64x.r5f.ti-arm-clang.release.lib : printf.obj (.text._out_rev)
                  7000dc0c    00000004     --HOLE-- [fill = 0]
                  7000dc10    000000e8     drivers.am64x.r5f.ti-arm-clang.release.lib : sciclient.obj (.text.Sciclient_init)
                  7000dcf8    00000008     --HOLE-- [fill = 0]
                  7000dd00    000000e4     freertos_fat.am64x.r5f.ti-arm-clang.release.lib : ff_ioman.obj (.text.FF_BlockRead)
                  7000dde4    0000000c     --HOLE-- [fill = 0]
                  7000ddf0    000000e4                                                     : ff_ioman.obj (.text.FF_BlockWrite)
                  7000ded4    0000000c     --HOLE-- [fill = 0]
                  7000dee0    000000e4     nortos.am64x.r5f.ti-arm-clang.release.lib : printf.obj (.text._ntoa_long_long)
                  7000dfc4    0000000c     --HOLE-- [fill = 0]
                  7000dfd0    000000dc     drivers.am64x.r5f.ti-arm-clang.release.lib : sciclient.obj (.text.Sciclient_sendMessage)
                  7000e0ac    00000004     --HOLE-- [fill = 0]
                  7000e0b0    000000d4                                                : lpddr4.obj (.text.LPDDR4_Start)
                  7000e184    0000000c     --HOLE-- [fill = 0]
                  7000e190    000000d0     freertos_fat.am64x.r5f.ti-arm-clang.release.lib : ff_dir.obj (.text.FF_Traverse)
                  7000e260    000000cc     drivers.am64x.r5f.ti-arm-clang.release.lib : mmcsd_priv.obj (.text.MMCSD_parseCSDSd)
                  7000e32c    00000004     --HOLE-- [fill = 0]
                  7000e330    000000c4                                                : sciclient_boardcfg.obj (.text.Sciclient_boardCfg)
                  7000e3f4    0000000c     --HOLE-- [fill = 0]
                  7000e400    000000c4                                                : sciclient_boardcfg.obj (.text.Sciclient_boardCfgPm)
                  7000e4c4    0000000c     --HOLE-- [fill = 0]
                  7000e4d0    000000c4                                                : sciclient_boardcfg.obj (.text.Sciclient_boardCfgRm)
                  7000e594    0000000c     --HOLE-- [fill = 0]
                  7000e5a0    000000c4                                                : sciclient_boardcfg.obj (.text.Sciclient_boardCfgSec)
                  7000e664    0000000c     --HOLE-- [fill = 0]
                  7000e670    000000c0                                                : mmcsd_priv.obj (.text.MMCSD_parseECSDEmmc)
                  7000e730    000000c0                                                : uart_v0.obj (.text.UART_init)
                  7000e7f0    000000bc                                                : bootloader_profile.obj (.text.Bootloader_profilePrintProfileLog)
                  7000e8ac    00000004     --HOLE-- [fill = 0]
                  7000e8b0    000000b8     freertos_fat.am64x.r5f.ti-arm-clang.release.lib : ff_file.obj (.text.FF_SetCluster)
                  7000e968    00000008     --HOLE-- [fill = 0]
                  7000e970    000000b8     drivers.am64x.r5f.ti-arm-clang.release.lib : sciclient_pm.obj (.text.Sciclient_pmGetModuleClkNumParent)
                  7000ea28    00000008     --HOLE-- [fill = 0]
                  7000ea30    000000b8                                                : sciclient_procboot.obj (.text.Sciclient_procBootWaitProcessorState)
                  7000eae8    00000008     --HOLE-- [fill = 0]
                  7000eaf0    000000b4     nortos.am64x.r5f.ti-arm-clang.release.lib : ClockP_nortos.obj (.text.ClockP_timerTickIsr)
                  7000eba4    0000000c     --HOLE-- [fill = 0]
                  7000ebb0    000000b4     drivers.am64x.r5f.ti-arm-clang.release.lib : soc.obj (.text.SOC_moduleClockEnable)
                  7000ec64    0000000c     --HOLE-- [fill = 0]
                  7000ec70    000000b4     nortos.am64x.r5f.ti-arm-clang.release.lib : printf.obj (.text._ntoa_long)
                  7000ed24    0000000c     --HOLE-- [fill = 0]
                  7000ed30    000000b0     drivers.am64x.r5f.ti-arm-clang.release.lib : mmcsd_priv.obj (.text.MMCSD_parseCIDEmmc)
                  7000ede0    000000b0                                                : sciclient_pm.obj (.text.Sciclient_pmGetModuleState)
                  7000ee90    000000ac                                                : bootloader_soc.obj (.text.Bootloader_socCpuSetClock)
                  7000ef3c    00000004     --HOLE-- [fill = 0]
                  7000ef40    000000ac     freertos_fat.am64x.r5f.ti-arm-clang.release.lib : ff_file.obj (.text.FF_GetSequentialClusters)
                  7000efec    00000004     --HOLE-- [fill = 0]
                  7000eff0    000000ac                                                     : ff_string.obj (.text.FF_strmatch)
                  7000f09c    00000004     --HOLE-- [fill = 0]
                  7000f0a0    000000a8                                                     : ff_file.obj (.text.FF_GetModeBits)
                  7000f148    00000008     --HOLE-- [fill = 0]
                  7000f150    000000a8     drivers.am64x.r5f.ti-arm-clang.release.lib : mmcsd_v0.obj (.text.MMCSD_init)
                  7000f1f8    00000008     --HOLE-- [fill = 0]
                  7000f200    000000a8                                                : mmcsd_v0.obj (.text.MMCSD_isReadyForTransfer)
                  7000f2a8    00000008     --HOLE-- [fill = 0]
                  7000f2b0    000000a4                                                : bootloader_soc.obj (.text.Bootloader_socMemInitCpu)
                  7000f354    0000000c     --HOLE-- [fill = 0]
                  7000f360    000000a4                                                : mmcsd_v0.obj (.text.MMCSD_phyInit)
                  7000f404    0000000c     --HOLE-- [fill = 0]
                  7000f410    000000a4                                                : sciclient_pm.obj (.text.Sciclient_pmGetModuleClkFreq)
                  7000f4b4    000000a4     libc.a : memory.c.obj (.text.split)
                  7000f558    00000008     --HOLE-- [fill = 0]
                  7000f560    000000a0     drivers.am64x.r5f.ti-arm-clang.release.lib : sciclient_pm.obj (.text.Sciclient_pmGetModuleClkParent)
                  7000f600    000000a0     freertos_fat.am64x.r5f.ti-arm-clang.release.lib : ff_fat.obj (.text.prvGetFromFATBuffers)
                  7000f6a0    0000009c     drivers.am64x.r5f.ti-arm-clang.release.lib : bootloader_soc.obj (.text.Bootloader_socCpuPowerOnResetA53)
                  7000f73c    00000004     --HOLE-- [fill = 0]
                  7000f740    0000009c                                                : mmcsd_priv.obj (.text.MMCSD_parseCIDSd)
                  7000f7dc    00000004     --HOLE-- [fill = 0]
                  7000f7e0    0000009c                                                : sciclient_pm.obj (.text.Sciclient_pmModuleGetClkStatus)
                  7000f87c    00000004     --HOLE-- [fill = 0]
                  7000f880    00000098     nortos.am64x.r5f.ti-arm-clang.release.lib : AddrTranslateP.obj (.text.AddrTranslateP_getLocalAddr)
                  7000f918    00000008     --HOLE-- [fill = 0]
                  7000f920    00000098     drivers.am64x.r5f.ti-arm-clang.release.lib : bootloader.obj (.text.Bootloader_runCpu)
                  7000f9b8    00000008     --HOLE-- [fill = 0]
                  7000f9c0    00000098                                                : sciclient_procboot.obj (.text.Sciclient_procBootSetSequenceCtrl)
                  7000fa58    00000008     --HOLE-- [fill = 0]
                  7000fa60    00000094                                                : bootloader_soc.obj (.text.Bootloader_socCpuGetClock)
                  7000faf4    0000000c     --HOLE-- [fill = 0]
                  7000fb00    00000094                                                : bootloader_soc.obj (.text.Bootloader_socCpuSetEntryPoint)
                  7000fb94    0000000c     --HOLE-- [fill = 0]
                  7000fba0    00000094                                                : sciclient_pm.obj (.text.Sciclient_pmSetModuleClkParent)
                  7000fc34    0000000c     --HOLE-- [fill = 0]
                  7000fc40    00000094                                                : sciclient_pm.obj (.text.Sciclient_pmSetModuleState)
                  7000fcd4    0000000c     --HOLE-- [fill = 0]
                  7000fce0    0000008c                                                : bootloader_soc.obj (.text.Bootloader_socCpuRelease)
                  7000fd6c    00000004     --HOLE-- [fill = 0]
                  7000fd70    0000008c                                                : sciclient_soc_priv.obj (.text.Sciclient_getContext)
                  7000fdfc    00000004     --HOLE-- [fill = 0]
                  7000fe00    0000008c                                                : sciclient_pm.obj (.text.Sciclient_pmModuleClkRequest)
                  7000fe8c    00000004     --HOLE-- [fill = 0]
                  7000fe90    0000008c                                                : sciclient_procboot.obj (.text.Sciclient_procBootReleaseProcessor)
                  7000ff1c    00000004     --HOLE-- [fill = 0]
                  7000ff20    0000008c     freertos_fat.am64x.r5f.ti-arm-clang.release.lib : ff_mmcsd.obj (.text.prvReadMmcsd)
                  7000ffac    00000004     --HOLE-- [fill = 0]
                  7000ffb0    0000008c                                                     : ff_mmcsd.obj (.text.prvWriteMmcsd)
                  7001003c    00000004     --HOLE-- [fill = 0]
                  70010040    00000088     drivers.am64x.r5f.ti-arm-clang.release.lib : bootloader_soc.obj (.text.Bootloader_socCpuRequest)
                  700100c8    00000008     --HOLE-- [fill = 0]
                  700100d0    00000088     freertos_fat.am64x.r5f.ti-arm-clang.release.lib : ff_fat.obj (.text.FF_FindEndOfChain)
                  70010158    00000008     --HOLE-- [fill = 0]
                  70010160    00000088                                                     : ff_dir.obj (.text.FF_InitEntryFetch)
                  700101e8    00000008     --HOLE-- [fill = 0]
                  700101f0    00000088     nortos.am64x.r5f.ti-arm-clang.release.lib : DebugP_log.obj (.text._DebugP_assert)
                  70010278    00000008     --HOLE-- [fill = 0]
                  70010280    00000084     drivers.am64x.r5f.ti-arm-clang.release.lib : mmcsd_v0.obj (.text.MMCSD_cmdStatusPollingFxn)
                  70010304    0000000c     --HOLE-- [fill = 0]
                  70010310    00000084                                                : mmcsd_v0.obj (.text.MMCSD_halSendCommand)
                  70010394    0000000c     --HOLE-- [fill = 0]
                  700103a0    00000080                                                : lpddr4.obj (.text.LPDDR4_ReadReg)
                  70010420    00000080                                                : sciclient.obj (.text.Sciclient_abiCheck)
                  700104a0    00000080                                                : sciclient_pm.obj (.text.Sciclient_pmSetModuleRst_flags)
                  70010520    0000007c     nortos.am64x.r5f.ti-arm-clang.release.lib : ClockP_nortos.obj (.text.ClockP_addToList)
                  7001059c    00000004     --HOLE-- [fill = 0]
                  700105a0    00000078     freertos_fat.am64x.r5f.ti-arm-clang.release.lib : ff_file.obj (.text.FF_CheckValid)
                  70010618    00000008     --HOLE-- [fill = 0]
                  70010620    00000078     drivers.am64x.r5f.ti-arm-clang.release.lib : sciclient_pm.obj (.text.Sciclient_pmSetModuleRst)
                  70010698    00000008     --HOLE-- [fill = 0]
                  700106a0    00000078                                                : sciclient_procboot.obj (.text.Sciclient_procBootGetProcessorState)
                  70010718    00000008     --HOLE-- [fill = 0]
                  70010720    00000078                                                : uart_v0.obj (.text.UART_writeCancelNoCB)
                  70010798    00000008     --HOLE-- [fill = 0]
                  700107a0    00000074     nortos.am64x.r5f.ti-arm-clang.release.lib : ClockP_nortos.obj (.text.ClockP_stop)
                  70010814    0000000c     --HOLE-- [fill = 0]
                  70010820    00000074     ti_drivers_open_close.obj (.text.Drivers_mmcsdOpen)
                  70010894    0000000c     --HOLE-- [fill = 0]
                  700108a0    00000074     ti_drivers_open_close.obj (.text.Drivers_uartOpen)
                  70010914    0000000c     --HOLE-- [fill = 0]
                  70010920    00000074     freertos_fat.am64x.r5f.ti-arm-clang.release.lib : ff_ioman.obj (.text.FF_ReleaseBuffer)
                  70010994    0000000c     --HOLE-- [fill = 0]
                  700109a0    00000074     drivers.am64x.r5f.ti-arm-clang.release.lib : sciclient_procboot.obj (.text.Sciclient_procBootRequestProcessor)
                  70010a14    0000000c     --HOLE-- [fill = 0]
                  70010a20    00000074                                                : sciclient.obj (.text.Sciclient_triggerSecHandover)
                  70010a94    0000000c     --HOLE-- [fill = 0]
                  70010aa0    00000074     freertos_fat.am64x.r5f.ti-arm-clang.release.lib : ff_stdio.obj (.text.ff_fopen)
                  70010b14    00000074     libc.a : snprintf.c.obj (.text.snprintf)
                  70010b88    00000008     --HOLE-- [fill = 0]
                  70010b90    00000070     drivers.am64x.r5f.ti-arm-clang.release.lib : bootloader_soc.obj (.text.Bootloader_socTranslateSectionAddr)
                  70010c00    00000070     ti_drivers_open_close.obj (.text.Drivers_ffOpen)
                  70010c70    00000070     drivers.am64x.r5f.ti-arm-clang.release.lib : lpddr4.obj (.text.LPDDR4_Init)
                  70010ce0    00000070                                                : lpddr4.obj (.text.LPDDR4_WritePhyConfig)
                  70010d50    0000006c     nortos.am64x.r5f.ti-arm-clang.release.lib : ClockP_nortos.obj (.text.ClockP_construct)
                  70010dbc    00000004     --HOLE-- [fill = 0]
                  70010dc0    0000006c     freertos_fat.am64x.r5f.ti-arm-clang.release.lib : ff_ioman.obj (.text.FF_ReadParts)
                  70010e2c    00000004     --HOLE-- [fill = 0]
                  70010e30    0000006c     drivers.am64x.r5f.ti-arm-clang.release.lib : lpddr4.obj (.text.LPDDR4_WritePhyIndepConfig)
                  70010e9c    00000004     --HOLE-- [fill = 0]
                  70010ea0    0000006c                                                : sciclient_procboot.obj (.text.Sciclient_procBootSetProcessorCfg)
                  70010f0c    0000006c     libc.a : atoi.c.obj (.text.atoi)
                  70010f78    00000008     --HOLE-- [fill = 0]
                  70010f80    00000068     freertos_fat.am64x.r5f.ti-arm-clang.release.lib : ff_fat.obj (.text.FF_CreateClusterChain)
                  70010fe8    00000008     --HOLE-- [fill = 0]
                  70010ff0    00000068     drivers.am64x.r5f.ti-arm-clang.release.lib : lpddr4.obj (.text.LPDDR4_WriteCtlConfig)
                  70011058    00000008     --HOLE-- [fill = 0]
                  70011060    00000068                                                : mmcsd_v0.obj (.text.MMCSD_close)
                  700110c8    00000008     --HOLE-- [fill = 0]
                  700110d0    00000064     nortos.am64x.r5f.ti-arm-clang.release.lib : ClockP_nortos.obj (.text.ClockP_getTimeUsec)
                  70011134    0000000c     --HOLE-- [fill = 0]
                  70011140    00000064     drivers.am64x.r5f.ti-arm-clang.release.lib : mmcsd_v0.obj (.text.MMCSD_halSetBusWidth)
                  700111a4    0000000c     --HOLE-- [fill = 0]
                  700111b0    00000060                                                : bootloader.obj (.text.Bootloader_loadCpu)
                  70011210    00000060                                                : bootloader.obj (.text.Bootloader_open)
                  70011270    00000060     nortos.am64x.r5f.ti-arm-clang.release.lib : DebugP_nortos.obj (.text._DebugP_logZone)
                  700112d0    0000005c                                               : ClockP_nortos.obj (.text.ClockP_destruct)
                  7001132c    00000004     --HOLE-- [fill = 0]
                  70011330    0000005c                                               : DebugP_uartLogWriter.obj (.text.DebugP_uartLogWriterPutChar)
                  7001138c    00000004     --HOLE-- [fill = 0]
                  70011390    0000005c     drivers.am64x.r5f.ti-arm-clang.release.lib : mmcsd_v0.obj (.text.MMCSD_halBusPower)
                  700113ec    00000004     --HOLE-- [fill = 0]
                  700113f0    0000005c                                                : mmcsd_priv.obj (.text.MMCSD_parseCSDEmmc)
                  7001144c    00000004     --HOLE-- [fill = 0]
                  70011450    0000005c     nortos.am64x.r5f.ti-arm-clang.release.lib : SemaphoreP_nortos.obj (.text.SemaphoreP_constructBinary)
                  700114ac    0000005c     libc.a : autoinit.c.obj (.text:__TI_auto_init_nobinit_nopinit)
                  70011508    00000008     --HOLE-- [fill = 0]
                  70011510    00000058     freertos_fat.am64x.r5f.ti-arm-clang.release.lib : ff_ioman.obj (.text.FF_DeleteIOManager)
                  70011568    00000008     --HOLE-- [fill = 0]
                  70011570    00000058     drivers.am64x.r5f.ti-arm-clang.release.lib : lpddr4.obj (.text.LPDDR4_PollCtlIrq)
                  700115c8    00000008     --HOLE-- [fill = 0]
                  700115d0    00000058     nortos.am64x.r5f.ti-arm-clang.release.lib : SemaphoreP_nortos.obj (.text.SemaphoreP_constructMutex)
                  70011628    00000008     --HOLE-- [fill = 0]
                  70011630    00000058                                               : SemaphoreP_nortos.obj (.text.SemaphoreP_post)
                  70011688    00000058     libc.a : snprintf.c.obj (.text._outs)
                  700116e0    00000054     ti_drivers_open_close.obj (.text.Drivers_close)
                  70011734    0000000c     --HOLE-- [fill = 0]
                  70011740    00000054     freertos_fat.am64x.r5f.ti-arm-clang.release.lib : ff_fat.obj (.text.FF_ReleaseFATBuffers)
                  70011794    0000000c     --HOLE-- [fill = 0]
                  700117a0    00000054     drivers.am64x.r5f.ti-arm-clang.release.lib : mmcsd_v0.obj (.text.MMCSD_halCmdResponseGet)
                  700117f4    0000000c     --HOLE-- [fill = 0]
                  70011800    00000054                                                : mmcsd_v0.obj (.text.MMCSD_halSoftReset)
                  70011854    0000000c     --HOLE-- [fill = 0]
                  70011860    00000050                                                : bootloader.obj (.text.Bootloader_runSelfCpu)
                  700118b0    00000050     freertos_fat.am64x.r5f.ti-arm-clang.release.lib : ff_crc.obj (.text.FF_GetCRC16)
                  70011900    00000050     drivers.am64x.r5f.ti-arm-clang.release.lib : soc.obj (.text.SOC_controlModuleUnlockMMR)
                  70011950    0000004c     nortos.am64x.r5f.ti-arm-clang.release.lib : ClockP_nortos.obj (.text.ClockP_start)
                  7001199c    00000004     --HOLE-- [fill = 0]
                  700119a0    0000004c     ti_dpl_config.obj (.text.Dpl_init)
                  700119ec    00000004     --HOLE-- [fill = 0]
                  700119f0    0000004c     freertos_fat.am64x.r5f.ti-arm-clang.release.lib : ff_file.obj (.text.FF_FileLBA)
                  70011a3c    00000004     --HOLE-- [fill = 0]
                  70011a40    0000004c                                                     : ff_stdio.obj (.text.prvFFErrorToErrno)
                  70011a8c    00000004     --HOLE-- [fill = 0]
                  70011a90    00000048     drivers.am64x.r5f.ti-arm-clang.release.lib : mmcsd_v0.obj (.text.MMCSD_halLinesResetCmd)
                  70011ad8    00000008     --HOLE-- [fill = 0]
                  70011ae0    00000048                                                : mmcsd_v0.obj (.text.MMCSD_halLinesResetDat)
                  70011b28    00000008     --HOLE-- [fill = 0]
                  70011b30    00000048                                                : bootloader_mem.obj (.text.Mem_imgRead)
                  70011b78    00000008     --HOLE-- [fill = 0]
                  70011b80    00000048     ti_power_clock_config.obj (.text.Module_clockSetFrequency)
                  70011bc8    00000048     libc.a : memccpy.c.obj (.text.memccpy)
                  70011c10    00000044     drivers.am64x.r5f.ti-arm-clang.release.lib : bootloader_profile.obj (.text.Bootloader_profileReset)
                  70011c54    0000000c     --HOLE-- [fill = 0]
                  70011c60    00000044     nortos.am64x.r5f.ti-arm-clang.release.lib : ClockP_nortos.obj (.text.ClockP_sleepTicks)
                  70011ca4    0000000c     --HOLE-- [fill = 0]
                  70011cb0    00000044     drivers.am64x.r5f.ti-arm-clang.release.lib : mmcsd_v0.obj (.text.MMCSD_getHandle)
                  70011cf4    0000000c     --HOLE-- [fill = 0]
                  70011d00    00000044                                                : uart_v0.obj (.text.UART_getHandle)
                  70011d44    0000000c     --HOLE-- [fill = 0]
                  70011d50    00000044     freertos_fat.am64x.r5f.ti-arm-clang.release.lib : ff_stdio.obj (.text.ff_filelength)
                  70011d94    0000000c     --HOLE-- [fill = 0]
                  70011da0    00000044                                                     : ff_stdio.obj (.text.ff_fread)
                  70011de4    0000000c     --HOLE-- [fill = 0]
                  70011df0    00000040     drivers.am64x.r5f.ti-arm-clang.release.lib : bootloader.obj (.text.Bootloader_BootImageInfo_init)
                  70011e30    00000040                                                : bootloader_soc.obj (.text.Bootloader_socCpuPowerOnReset)
                  70011e70    00000040     nortos.am64x.r5f.ti-arm-clang.release.lib : ClockP_nortos.obj (.text.ClockP_usleep)
                  70011eb0    00000040     freertos_fat.am64x.r5f.ti-arm-clang.release.lib : ff_crc.obj (.text.FF_GetCRC32)
                  70011ef0    00000040                                                     : ff_file.obj (.text.FF_GetFileSize)
                  70011f30    00000040     drivers.am64x.r5f.ti-arm-clang.release.lib : mmcsd_priv.obj (.text.MMCSD_parseSCRSd)
                  70011f70    00000040     ti_power_clock_config.obj (.text.Module_clockDisable)
                  70011fb0    00000040     ti_power_clock_config.obj (.text.Module_clockEnable)
                  70011ff0    00000040     libc.a : memory.c.obj (.text.free_list_insert)
                  70012030    0000003c     freertos_fat.am64x.r5f.ti-arm-clang.release.lib : ff_mmcsd.obj (.text.FF_MMCSDDiskDelete)
                  7001206c    00000004     --HOLE-- [fill = 0]
                  70012070    0000003c                                                     : ff_fat.obj (.text.FF_getMinorBlockEntry)
                  700120ac    00000004     --HOLE-- [fill = 0]
                  700120b0    0000003c                                                     : ff_string.obj (.text.FF_tolower)
                  700120ec    00000004     --HOLE-- [fill = 0]
                  700120f0    0000003c     ti_drivers_config.obj (.text.System_init)
                  7001212c    00000004     --HOLE-- [fill = 0]
                  70012130    00000038     freertos_fat.am64x.r5f.ti-arm-clang.release.lib : ff_fat.obj (.text.FF_getMinorBlockNumber)
                  70012168    00000008     --HOLE-- [fill = 0]
                  70012170    00000038     drivers.am64x.r5f.ti-arm-clang.release.lib : soc.obj (.text.SOC_controlModuleLockMMR)
                  700121a8    00000008     --HOLE-- [fill = 0]
                  700121b0    00000030                                                : bootloader_profile.obj (.text.Bootloader_profileAddProfilePoint)
                  700121e0    00000030                                                : bootloader_soc.obj (.text.Bootloader_socRprcToCslCoreId)
                  70012210    00000030     nortos.am64x.r5f.ti-arm-clang.release.lib : DebugP_log.obj (.text.DebugP_logZoneEnable)
                  70012240    00000030     drivers.am64x.r5f.ti-arm-clang.release.lib : soc.obj (.text.SOC_getSelfCpuClk)
                  70012270    00000030     libc.a : snprintf.c.obj (.text._outc)
                  700122a0    00000030     freertos_fat.am64x.r5f.ti-arm-clang.release.lib : ff_stdio.obj (.text.ff_fclose)
                  700122d0    00000030     libc.a : memory.c.obj (.text.free_list_remove)
                  70012300    00000030     nortos.am64x.r5f.ti-arm-clang.release.lib : PmuP_armv7r_asm.obj (.text.pmu)
                  70012330    0000002c     freertos_fat.am64x.r5f.ti-arm-clang.release.lib : ff_fat.obj (.text.FF_Cluster2LBA)
                  7001235c    00000004     --HOLE-- [fill = 0]
                  70012360    0000002c     drivers.am64x.r5f.ti-arm-clang.release.lib : mmcsd_v0.obj (.text.MMCSD_deinit)
                  7001238c    00000004     --HOLE-- [fill = 0]
                  70012390    0000002c                                                : bootloader_mem.obj (.text.Mem_imgOpen)
                  700123bc    00000004     --HOLE-- [fill = 0]
                  700123c0    0000002c                                                : sciclient.obj (.text.Sciclient_getCurrentContext)
                  700123ec    00000004     --HOLE-- [fill = 0]
                  700123f0    0000002c                                                : uart_v0.obj (.text.UART_deinit)
                  7001241c    00000004     --HOLE-- [fill = 0]
                  70012420    0000002c     nortos.am64x.r5f.ti-arm-clang.release.lib : printf.obj (.text.vprintf_)
                  7001244c    00000004     --HOLE-- [fill = 0]
                  70012450    00000028     drivers.am64x.r5f.ti-arm-clang.release.lib : bootloader.obj (.text.Bootloader_close)
                  70012478    00000008     --HOLE-- [fill = 0]
                  70012480    00000028                                                : bootloader_soc.obj (.text.Bootloader_socCpuGetClkDefault)
                  700124a8    00000008     --HOLE-- [fill = 0]
                  700124b0    00000028     ti_pinmux_config.obj (.text.Pinmux_init)
                  700124d8    00000008     --HOLE-- [fill = 0]
                  700124e0    00000028     ti_drivers_config.obj (.text.System_deinit)
                  70012508    00000008     --HOLE-- [fill = 0]
                  70012510    00000028     nortos.am64x.r5f.ti-arm-clang.release.lib : TimerP.obj (.text.TimerP_Params_init)
                  70012538    00000008     --HOLE-- [fill = 0]
                  70012540    00000028                                               : PmuP_armv7r.obj (.text.pmu)
                  70012568    00000008     --HOLE-- [fill = 0]
                  70012570    00000024     drivers.am64x.r5f.ti-arm-clang.release.lib : bootloader_soc.obj (.text.Bootloader_socGetCoreName)
                  70012594    0000000c     --HOLE-- [fill = 0]
                  700125a0    00000024     freertos_fat.am64x.r5f.ti-arm-clang.release.lib : ff_fat.obj (.text.FF_getMajorBlockNumber)
                  700125c4    0000000c     --HOLE-- [fill = 0]
                  700125d0    00000024     nortos.am64x.r5f.ti-arm-clang.release.lib : boot_armv7r.obj (.text._system_pre_init)
                  700125f4    00000024     libclang_rt.builtins.a : aeabi_uldivmod.S.obj (.text)
                  70012618    00000008     --HOLE-- [fill = 0]
                  70012620    00000020     drivers.am64x.r5f.ti-arm-clang.release.lib : lpddr4.obj (.text.LPDDR4_Probe)
                  70012640    00000020                                                : mmcsd_v0.obj (.text.MMCSD_getBlockCount)
                  70012660    00000020     libc.a : wcslen.c.obj (.text.wcslen)
                  70012680    0000001c     drivers.am64x.r5f.ti-arm-clang.release.lib : sciclient_soc_priv.obj (.text.Sciclient_getDevId)
                  7001269c    0000001c     libc.a : _printfi.c.obj (.text.strlen)
                  700126b8    0000001c     libsysbm.a : memcpy32.S.obj (.text:TI_memcpy_small)
                  700126d4    0000001c     libclang_rt.builtins.a : aeabi_memset.S.obj (.text)
                  700126f0    00000018     drivers.am64x.r5f.ti-arm-clang.release.lib : bootloader_soc.obj (.text.Bootloader_socGetSBLMem)
                  70012708    00000008     --HOLE-- [fill = 0]
                  70012710    00000018     freertos_fat.am64x.r5f.ti-arm-clang.release.lib : ff_fat.obj (.text.FF_getClusterChainNumber)
                  70012728    00000008     --HOLE-- [fill = 0]
                  70012730    00000018     nortos.am64x.r5f.ti-arm-clang.release.lib : TimerP.obj (.text.TimerP_clearOverflowInt)
                  70012748    00000018     libsysbm.a : memset32.S.obj (.text:TI_memset_small)
                  70012760    00000014     drivers.am64x.r5f.ti-arm-clang.release.lib : csl_sec_proxy.obj (.text.CSL_secProxyGetDataAddr)
                  70012774    0000000c     --HOLE-- [fill = 0]
                  70012780    00000014     ti_drivers_open_close.obj (.text.Drivers_open)
                  70012794    0000000c     --HOLE-- [fill = 0]
                  700127a0    00000014     freertos_fat.am64x.r5f.ti-arm-clang.release.lib : ff_string.obj (.text.FF_GetUtf16SequenceLen)
                  700127b4    0000000c     --HOLE-- [fill = 0]
                  700127c0    00000010     drivers.am64x.r5f.ti-arm-clang.release.lib : bootloader.obj (.text.Bootloader_Params_init)
                  700127d0    00000010     nortos.am64x.r5f.ti-arm-clang.release.lib : ClockP_nortos.obj (.text.ClockP_Params_init)
                  700127e0    00000010                                               : ClockP_nortos.obj (.text.ClockP_getTicks)
                  700127f0    00000010                                               : ClockP_nortos.obj (.text.ClockP_isActive)
                  70012800    00000010                                               : DebugP_uartLogWriter.obj (.text.DebugP_uartSetDrvIndex)
                  70012810    00000010     ti_power_clock_config.obj (.text.PowerClock_init)
                  70012820    00000010     drivers.am64x.r5f.ti-arm-clang.release.lib : sciclient.obj (.text.Sciclient_getSelfDevIdCore)
                  70012830    00000010     nortos.am64x.r5f.ti-arm-clang.release.lib : TimerP.obj (.text.TimerP_start)
                  70012840    0000000c     freertos_fat.am64x.r5f.ti-arm-clang.release.lib : ff_memory.obj (.text.FF_getShort)
                  7001284c    00000004     --HOLE-- [fill = 0]
                  70012850    0000000c                                                     : ff_memory.obj (.text.FF_putShort)
                  7001285c    00000004     --HOLE-- [fill = 0]
                  70012860    0000000c     nortos.am64x.r5f.ti-arm-clang.release.lib : printf.obj (.text._out_char)
                  7001286c    00000004     --HOLE-- [fill = 0]
                  70012870    00000008     ti_board_open_close.obj (.text.Board_driversOpen)
                  70012878    00000008     --HOLE-- [fill = 0]
                  70012880    00000008     freertos_fat.am64x.r5f.ti-arm-clang.release.lib : portable.obj (.text.FF_BufferWait)
                  70012888    00000008     --HOLE-- [fill = 0]
                  70012890    00000008                                                     : portable.obj (.text.FF_CreateEvents)
                  70012898    00000008     --HOLE-- [fill = 0]
                  700128a0    00000008                                                     : portable.obj (.text.FF_Has_Lock)
                  700128a8    00000008     --HOLE-- [fill = 0]
                  700128b0    00000008                                                     : ff_memory.obj (.text.FF_getChar)
                  700128b8    00000008     --HOLE-- [fill = 0]
                  700128c0    00000008                                                     : ff_memory.obj (.text.FF_getLong)
                  700128c8    00000008     --HOLE-- [fill = 0]
                  700128d0    00000008                                                     : ff_memory.obj (.text.FF_putChar)
                  700128d8    00000008     --HOLE-- [fill = 0]
                  700128e0    00000008                                                     : ff_memory.obj (.text.FF_putLong)
                  700128e8    00000008     --HOLE-- [fill = 0]
                  700128f0    00000008     drivers.am64x.r5f.ti-arm-clang.release.lib : bootloader_mem.obj (.text.Mem_imgGetCurOffset)
                  700128f8    00000008     --HOLE-- [fill = 0]
                  70012900    00000008                                                : bootloader_mem.obj (.text.Mem_imgSeek)
                  70012908    00000008     --HOLE-- [fill = 0]
                  70012910    00000008                                                : sciclient.obj (.text.Sciclient_deinit)
                  70012918    00000008     --HOLE-- [fill = 0]
                  70012920    00000008     nortos.am64x.r5f.ti-arm-clang.release.lib : TimerP.obj (.text.TimerP_getCount)
                  70012928    00000008     --HOLE-- [fill = 0]
                  70012930    00000008                                               : TimerP.obj (.text.TimerP_getReloadCount)
                  70012938    00000008     --HOLE-- [fill = 0]
                  70012940    00000008     freertos_fat.am64x.r5f.ti-arm-clang.release.lib : portable.obj (.text.vTaskSetThreadLocalStoragePointer)
                  70012948    00000008     --HOLE-- [fill = 0]
                  70012950    00000004     drivers.am64x.r5f.ti-arm-clang.release.lib : bootloader_soc.obj (.text.Bootloader_socSecHandover)
                  70012954    0000000c     --HOLE-- [fill = 0]
                  70012960    00000004     nortos.am64x.r5f.ti-arm-clang.release.lib : ClockP_nortos_r5.obj (.text.ClockP_getTimerCount)
                  70012964    0000000c     --HOLE-- [fill = 0]
                  70012970    00000004                                               : ClockP_nortos_r5.obj (.text.ClockP_timerClearOverflowInt)
                  70012974    0000000c     --HOLE-- [fill = 0]
                  70012980    00000004     ti_dpl_config.obj (.text.Dpl_deinit)
                  70012984    0000000c     --HOLE-- [fill = 0]
                  70012990    00000004     freertos_fat.am64x.r5f.ti-arm-clang.release.lib : portable.obj (.text.FF_Assert_Lock)
                  70012994    0000000c     --HOLE-- [fill = 0]
                  700129a0    00000004                                                     : portable.obj (.text.FF_BufferProceed)
                  700129a4    0000000c     --HOLE-- [fill = 0]
                  700129b0    00000004                                                     : portable.obj (.text.FF_DeleteEvents)
                  700129b4    0000000c     --HOLE-- [fill = 0]
                  700129c0    00000004                                                     : portable.obj (.text.FF_LockDirectory)
                  700129c4    0000000c     --HOLE-- [fill = 0]
                  700129d0    00000004                                                     : portable.obj (.text.FF_LockFAT)
                  700129d4    0000000c     --HOLE-- [fill = 0]
                  700129e0    00000004                                                     : portable.obj (.text.FF_PendSemaphore)
                  700129e4    0000000c     --HOLE-- [fill = 0]
                  700129f0    00000004                                                     : portable.obj (.text.FF_ReleaseSemaphore)
                  700129f4    0000000c     --HOLE-- [fill = 0]
                  70012a00    00000004                                                     : portable.obj (.text.FF_Sleep)
                  70012a04    0000000c     --HOLE-- [fill = 0]
                  70012a10    00000004                                                     : portable.obj (.text.FF_UnlockDirectory)
                  70012a14    0000000c     --HOLE-- [fill = 0]
                  70012a20    00000004                                                     : portable.obj (.text.FF_UnlockFAT)
                  70012a24    0000000c     --HOLE-- [fill = 0]
                  70012a30    00000004     drivers.am64x.r5f.ti-arm-clang.release.lib : mmcsd_v0.obj (.text.MMCSD_isr)
                  70012a34    0000000c     --HOLE-- [fill = 0]
                  70012a40    00000004                                                : bootloader_mem.obj (.text.Mem_imgClose)
                  70012a44    0000000c     --HOLE-- [fill = 0]
                  70012a50    00000004     ti_power_clock_config.obj (.text.PowerClock_deinit)
                  70012a54    0000000c     --HOLE-- [fill = 0]
                  70012a60    00000004     nortos.am64x.r5f.ti-arm-clang.release.lib : SemaphoreP_nortos.obj (.text.SemaphoreP_destruct)
                  70012a64    0000000c     --HOLE-- [fill = 0]
                  70012a70    00000004                                               : TaskP_nortos.obj (.text.TaskP_yield)
                  70012a74    0000000c     --HOLE-- [fill = 0]
                  70012a80    00000004     libclang_rt.builtins.a : aeabi_div0.c.obj (.text.__aeabi_idiv0)
                  70012a84    0000000c     --HOLE-- [fill = 0]
                  70012a90    00000004                            : aeabi_div0.c.obj (.text.__aeabi_ldiv0)
                  70012a94    0000000c     --HOLE-- [fill = 0]
                  70012aa0    00000004     nortos.am64x.r5f.ti-arm-clang.release.lib : printf.obj (.text._out_null)
                  70012aa4    0000000c     --HOLE-- [fill = 0]
                  70012ab0    00000004     ti_dpl_config.obj (.text.putchar_)
                  70012ab4    0000000c     --HOLE-- [fill = 0]
                  70012ac0    00000004     freertos_fat.am64x.r5f.ti-arm-clang.release.lib : portable.obj (.text.vTaskSuspendAll)
                  70012ac4    0000000c     --HOLE-- [fill = 0]
                  70012ad0    00000004                                                     : portable.obj (.text.xTaskResumeAll)
                  70012ad4    0000000c     --HOLE-- [fill = 0]

.text.hwi 
*          0    70012ae0    000008d0     
                  70012ae0    00000568     nortos.am64x.r5f.ti-arm-clang.release.lib : HwiP_armv7r_vim.obj (.text.hwi)
                  70013048    00000008     --HOLE-- [fill = 0]
                  70013050    00000270                                               : HwiP_armv7r_handlers_nortos.obj (.text.hwi)
                  700132c0    00000078                                               : HwiP_armv7r_handlers_nortos_asm.obj (.text.hwi)
                  70013338    00000070                                               : HwiP_armv7r_asm.obj (.text.hwi)
                  700133a8    00000008     --HOLE-- [fill = 0]

.text.cache 
*          0    700133b0    000004a0     
                  700133b0    00000340     nortos.am64x.r5f.ti-arm-clang.release.lib : CacheP_armv7r_asm.obj (.text.cache)
                  700136f0    0000015c                                               : CacheP_armv7r.obj (.text.cache)
                  7001384c    00000004     --HOLE-- [fill = 0]

.text.mpu 
*          0    70013850    000002d0     
                  70013850    00000250     nortos.am64x.r5f.ti-arm-clang.release.lib : MpuP_armv7r.obj (.text.mpu)
                  70013aa0    00000078                                               : MpuP_armv7r_asm.obj (.text.mpu)
                  70013b18    00000008     --HOLE-- [fill = 0]

.text.boot 
*          0    70013b20    00000150     
                  70013b20    000000fc     nortos.am64x.r5f.ti-arm-clang.release.lib : boot_armv7r_asm.obj (.text.boot)
                  70013c1c    00000004     --HOLE-- [fill = 0]
                  70013c20    00000034                                               : DebugP_log.obj (.text.boot)
                  70013c54    0000000c     --HOLE-- [fill = 0]
                  70013c60    00000010     ti_dpl_config.obj (.text.boot)

.data      0    70013c70    00002300     
                  70013c70    000007ec     ti_drivers_config.obj (.data.DDRSS_phyReg)
                  7001445c    0000069c     ti_drivers_config.obj (.data.DDRSS_ctlReg)
                  70014af8    00000564     ti_drivers_config.obj (.data.DDRSS_phyIndepReg)
                  7001505c    000003f6     ti_drivers_config.obj (.data.DDRSS_phyRegNum)
                  70015452    0000034e     ti_drivers_config.obj (.data.DDRSS_ctlRegNum)
                  700157a0    000002b2     ti_drivers_config.obj (.data.DDRSS_phyIndepRegNum)
                  70015a52    00000001     drivers.am64x.r5f.ti-arm-clang.release.lib : sciclient.obj (.data.gSecHeaderSizeWords)
                  70015a53    00000001     --HOLE-- [fill = 0]
                  70015a54    000000c4                                                : bootloader_soc.obj (.data.gAddrTranslateInfo)
                  70015b18    000000a8                                                : bootloader_soc.obj (.data.gCoreBootInfo)
                  70015bc0    00000094                                                : mmcsd_v0.obj (.data.gMmcsdDrvObj)
                  70015c54    00000094                                                : uart_v0.obj (.data.gUartDrvObj)
                  70015ce8    00000058     ti_pinmux_config.obj (.data.gPinMuxMainDomainCfg)
                  70015d40    00000050     ti_dpl_config.obj (.data.gMpuRegionConfig)
                  70015d90    0000004c     ti_drivers_open_close.obj (.data.gUartParams)
                  70015ddc    0000003c     ti_drivers_config.obj (.data.gMmcsdAttrs)
                  70015e18    00000028     ti_drivers_config.obj (.data.gDdrParams)
                  70015e40    00000024     ti_power_clock_config.obj (.data.gSocModulesClockFrequency)
                  70015e64    00000004     libc.a : aeabi_portable.c.obj (.data.__aeabi_errno)
                  70015e68    00000020     drivers.am64x.r5f.ti-arm-clang.release.lib : sciclient_soc_priv.obj (.data.gSciclientSecProxyCfg)
                  70015e88    00000014                                                : bootloader_mem.obj (.data.gBootloaderMemFxns)
                  70015e9c    00000014     ti_dpl_config.obj (.data.gClockConfig)
                  70015eb0    00000014     ti_power_clock_config.obj (.data.gSocModules)
                  70015ec4    00000004     libc.a : _lock.c.obj (.data._lock)
                  70015ec8    0000000c     nortos.am64x.r5f.ti-arm-clang.release.lib : AddrTranslateP.obj (.data.gAddrTranslateConfig)
                  70015ed4    0000000c     ti_dpl_config.obj (.data.gMpuConfig)
                  70015ee0    00000008     ti_drivers_config.obj (.data.gBootloader0Args)
                  70015ee8    00000008     ti_drivers_config.obj (.data.gBootloaderConfig)
                  70015ef0    00000008     ti_dpl_config.obj (.data.gCacheConfig)
                  70015ef8    00000008     ti_drivers_open_close.obj (.data.gFFMmcsdConfig)
                  70015f00    00000008     ti_drivers_open_close.obj (.data.gFFPartitionIds)
                  70015f08    00000008     ti_drivers_config.obj (.data.gMmcsdConfig)
                  70015f10    00000008     ti_drivers_open_close.obj (.data.gMmcsdParams)
                  70015f18    00000008     ti_pinmux_config.obj (.data.gPinMuxMcuDomainCfg)
                  70015f20    00000008     ti_drivers_config.obj (.data.gUartAttrs)
                  70015f28    00000008     ti_drivers_config.obj (.data.gUartConfig)
                  70015f30    00000004     libc.a : _lock.c.obj (.data._unlock)
                  70015f34    00000004     ti_drivers_config.obj (.data.gBootloaderConfigNum)
                  70015f38    00000004     nortos.am64x.r5f.ti-arm-clang.release.lib : CacheP_armv7r.obj (.data.gCacheL1dCacheLineSize)
                  70015f3c    00000004                                               : CacheP_armv7r.obj (.data.gCacheL1pCacheLineSize)
                  70015f40    00000004                                               : DebugP_log.obj (.data.gDebugLogZone)
                  70015f44    00000004                                               : DebugP_uartLogWriter.obj (.data.gDebugP_uartDrvIndex)
                  70015f48    00000004     ti_dpl_config.obj (.data.gHwiConfig)
                  70015f4c    00000004     ti_drivers_config.obj (.data.gMmcsdConfigNum)
                  70015f50    00000004     drivers.am64x.r5f.ti-arm-clang.release.lib : sciclient.obj (.data.gSciclientHandle.0)
                  70015f54    00000004                                                : sciclient.obj (.data.gSciclientHandle.2)
                  70015f58    00000004                                                : sciclient.obj (.data.gSciclientHandle.3)
                  70015f5c    00000004                                                : sciclient.obj (.data.gSciclientHandle.4)
                  70015f60    00000004                                                : sciclient.obj (.data.gSciclientHandle.5)
                  70015f64    00000004     ti_drivers_config.obj (.data.gUartConfigNum)
                  70015f68    00000001     libc.a : memory.c.obj (.data.memory_is_initialized)
                  70015f69    00000007     --HOLE-- [fill = 0]

.rodata    0    70015f80    0002e800     
                  70015f80    0002bbcb     drivers.am64x.r5f.ti-arm-clang.release.lib : bootloader_sysfw_load.obj (.rodata.gSysFw)
                  70041b4b    00000cae                                                : bootloader_sysfw_load.obj (.rodata.sciclient_set_boardcfg.boardCfgLow.1)
                  700427f9    0000043b                                                : bootloader_soc.obj (.rodata.str1.1)
                  70042c34    00000400     freertos_fat.am64x.r5f.ti-arm-clang.release.lib : ff_crc.obj (.rodata.crc32_table)
                  70043034    00000264     drivers.am64x.r5f.ti-arm-clang.release.lib : lpddr4.obj (.rodata.CtlIntMap)
                  70043298    000001a0     freertos_fat.am64x.r5f.ti-arm-clang.release.lib : ff_stdio.obj (.rodata..Lswitch.table.prvFFErrorToErrno)
                  70043438    00000163     drivers.am64x.r5f.ti-arm-clang.release.lib : bootloader.obj (.rodata.str1.1)
                  7004359b    0000015d                                                : bootloader_sysfw_load.obj (.rodata.sciclient_set_boardcfg.boardCfgLow.2)
                  700436f8    0000013d                                                : ddr.obj (.rodata.str1.1)
                  70043835    00000002     freertos_fat.am64x.r5f.ti-arm-clang.release.lib : ff_sys.obj (.rodata.rootDir)
                  70043837    00000001     --HOLE-- [fill = 0]
                  70043838    0000012c     drivers.am64x.r5f.ti-arm-clang.release.lib : sciclient_fmwSecureProxyMap.obj (.rodata.gSciclientMap)
                  70043964    00000116                                                : uart_v0.obj (.rodata.str1.1)
                  70043a7a    00000103     main.obj (.rodata.str1.1)
                  70043b7d    00000103     nortos.am64x.r5f.ti-arm-clang.release.lib : TimerP.obj (.rodata.str1.1)
                  70043c80    00000101     libc.a : aeabi_ctype.S.obj (.rodata)
                  70043d81    00000100     freertos_fat.am64x.r5f.ti-arm-clang.release.lib : ff_crc.obj (.rodata.crc16_table_high)
                  70043e81    00000100                                                     : ff_crc.obj (.rodata.crc16_table_low)
                  70043f81    000000da     ti_drivers_open_close.obj (.rodata.str1.1)
                  7004405b    000000cc     freertos_fat.am64x.r5f.ti-arm-clang.release.lib : ff_ioman.obj (.rodata.str1.1)
                  70044127    000000ac     nortos.am64x.r5f.ti-arm-clang.release.lib : ClockP_nortos_r5.obj (.rodata.str1.1)
                  700441d3    000000a9     drivers.am64x.r5f.ti-arm-clang.release.lib : sciclient.obj (.rodata.str1.1)
                  7004427c    000000a5     freertos_fat.am64x.r5f.ti-arm-clang.release.lib : ff_sys.obj (.rodata.str1.1)
                  70044321    00000082     drivers.am64x.r5f.ti-arm-clang.release.lib : sciclient_boardcfg.obj (.rodata.str1.1)
                  700443a3    00000070                                                : bootloader_profile.obj (.rodata.str1.1)
                  70044413    0000006b     nortos.am64x.r5f.ti-arm-clang.release.lib : SemaphoreP_nortos.obj (.rodata.str1.1)
                  7004447e    0000006a     drivers.am64x.r5f.ti-arm-clang.release.lib : mmcsd_v0.obj (.rodata.str1.1)
                  700444e8    0000005a     nortos.am64x.r5f.ti-arm-clang.release.lib : ClockP_nortos.obj (.rodata.str1.1)
                  70044542    00000002     drivers.am64x.r5f.ti-arm-clang.release.lib : bootloader_sysfw_load.obj (.rodata.sciclient_set_boardcfg.boardCfgLow)
                  70044544    00000004     --HOLE-- [fill = 0]
                  70044548    00000050     nortos.am64x.r5f.ti-arm-clang.release.lib : printf.obj (.rodata._ftoa.pow10)
                  70044598    00000048     drivers.am64x.r5f.ti-arm-clang.release.lib : bootloader_soc.obj (.rodata.gSOC_r5fVectors)
                  700445e0    00000037                                                : mmcsd_priv.obj (.rodata.str1.1)
                  70044617    00000001     --HOLE-- [fill = 0]
                  70044618    00000030                                                : mmcsd_priv.obj (.rodata.gMonths)
                  70044648    0000002d     nortos.am64x.r5f.ti-arm-clang.release.lib : DebugP_log.obj (.rodata.str1.1)
                  70044675    00000022     libc.a : _printfi.c.obj (.rodata.str1.1)
                  70044697    00000001     --HOLE-- [fill = 0]
                  70044698    00000020     drivers.am64x.r5f.ti-arm-clang.release.lib : mmcsd_v0.obj (.rodata.cst32)
                  700446b8    0000001c                                                : bootloader_soc.obj (.rodata..L__const.Bootloader_socRprcToCslCoreId.rprcCoreIds)
                  700446d4    00000018                                                : sciclient_soc_priv.obj (.rodata..Lswitch.table.Sciclient_getDevId)
                  700446ec    00000012     nortos.am64x.r5f.ti-arm-clang.release.lib : printf.obj (.rodata.str1.1)
                  700446fe    00000002     --HOLE-- [fill = 0]
                  70044700    0000001d     drivers.am64x.r5f.ti-arm-clang.release.lib : bootloader_sysfw_load.obj (.rodata.gBoardConfigLow_debug)
                  7004471d    00000018     freertos_fat.am64x.r5f.ti-arm-clang.release.lib : ff_dir.obj (.rodata.str1.1)
                  70044735    00000003     --HOLE-- [fill = 0]
                  70044738    0000000c     drivers.am64x.r5f.ti-arm-clang.release.lib : bootloader_sysfw_load.obj (.rodata..L__const.sciclient_set_boardcfg.boardCfgPrms_pm)
                  70044744    00000004     --HOLE-- [fill = 0]
                  70044748    0000000c                                                : bootloader_sysfw_load.obj (.rodata..L__const.sciclient_set_boardcfg.boardCfgPrms_rm)
                  70044754    00000004     --HOLE-- [fill = 0]
                  70044758    0000000c                                                : bootloader_sysfw_load.obj (.rodata..L__const.sciclient_set_boardcfg.boardCfgPrms_sec)
                  70044764    00000004     --HOLE-- [fill = 0]
                  70044768    0000000c                                                : bootloader_sysfw_load.obj (.rodata..L__const.sciclient_set_boardcfg_linux.boardCfgPrms)
                  70044774    0000000a     freertos_fat.am64x.r5f.ti-arm-clang.release.lib : ff_dir.obj (.rodata.forbiddenChrs)
                  7004477e    00000002     --HOLE-- [fill = 0]

.sysmem    0    70060000    00008000     UNINITIALIZED
                  70060000    00000010     libc.a : memory.c.obj (.sysmem)
                  70060010    00007ff0     --HOLE--

.stack     0    70068000    00004000     UNINITIALIZED
                  70068000    00000004     nortos.am64x.r5f.ti-arm-clang.release.lib : boot_armv7r_asm.obj (.stack)
                  70068004    00003ffc     --HOLE--

.bss       0    7006c000    00001a80     UNINITIALIZED
                  7006c000    00001008     (.common:gHwiCtrl)
                  7006d008    00000390     ti_drivers_config.obj (.bss.gMmcsdObjects)
                  7006d398    0000025c     ti_drivers_config.obj (.bss.gUartObjects)
                  7006d5f4    0000000c     (.common:gADMA2Desc)
                  7006d600    00000200     (.common:gMmcsdDataBuf0)
                  7006d800    00000104     (.common:gProfileObj)
                  7006d904    00000004     libc.a : memory.c.obj (.bss.sys_free)
                  7006d908    00000064     freertos_fat.am64x.r5f.ti-arm-clang.release.lib : ff_sys.obj (.bss.file_systems)
                  7006d96c    00000004     (.common:gMmcsdHandle)
                  7006d970    00000038     (.common:gClockCtrl)
                  7006d9a8    00000030     (.common:gSdData0)
                  7006d9d8    00000018     (.common:gFFDisks)
                  7006d9f0    00000010     drivers.am64x.r5f.ti-arm-clang.release.lib : ddr.obj (.bss.gLpddrCfg)
                  7006da00    00000010                                                : ddr.obj (.bss.gLpddrPd)
                  7006da10    00000004     (.common:gUartHandle)
                  7006da14    00000001     (.common:ucAssumeFATType)
                  7006da15    0000006b     --HOLE--

.irqstack 
*          0    7006da80    00001000     UNINITIALIZED
                  7006da80    00001000     --HOLE--

.fiqstack 
*          0    7006ea80    00000100     UNINITIALIZED
                  7006ea80    00000100     --HOLE--

.svcstack 
*          0    7006eb80    00000100     UNINITIALIZED
                  7006eb80    00000100     --HOLE--

.abortstack 
*          0    7006ec80    00000100     UNINITIALIZED
                  7006ec80    00000100     --HOLE--

.undefinedstack 
*          0    7006ed80    00000100     UNINITIALIZED
                  7006ed80    00000100     --HOLE--

.bss.filebuf 
*          0    70180000    00060000     NOLOAD SECTION
                  70180000    00060000     main.obj (.bss.filebuf)

__llvm_prf_cnts 
*          0    70060000    00000000     UNINITIALIZED

MODULE SUMMARY

       Module                                   code    ro data   rw data
       ------                                   ----    -------   -------
    obj/release/
       main.obj                                 888     259       393216 
       ti_drivers_config.obj                    100     0         9318   
       ti_drivers_open_close.obj                448     218       692    
       ti_power_clock_config.obj                220     0         56     
       ti_dpl_config.obj                        100     0         124    
       ti_pinmux_config.obj                     40      0         96     
       ti_board_open_close.obj                  8       0         0      
    +--+----------------------------------------+-------+---------+---------+
       Total:                                   1804    477       403502 
                                                                         
    /home/gtbldadm/nightlybuilds/repo_manifests/scripts/jenkins/mcu_plus_sdk_am64x_08_01_00_36/source/drivers/lib/drivers.am64x.r5f.ti-arm-clang.release.lib
       bootloader_sysfw_load.obj                272     182821    0      
       mmcsd_v0.obj                             11336   138       160    
       uart_v0.obj                              5172    278       148    
       bootloader_soc.obj                       3588    1183      364    
       sciclient.obj                            2680    169       21     
       sciclient_pm.obj                         2056    0         0      
       lpddr4.obj                               1280    612       0      
       bootloader.obj                           1424    355       0      
       mmcsd_priv.obj                           884     103       0      
       ddr.obj                                  628     317       32     
       sciclient_boardcfg.obj                   784     130       0      
       soc.obj                                  872     0         0      
       sciclient_procboot.obj                   820     0         0      
       bootloader_profile.obj                   304     112       260    
       sciclient_fmwSecureProxyMap.obj          0       300       0      
       pinmux.obj                               248     0         0      
       sciclient_soc_priv.obj                   168     24        32     
       bootloader_mem.obj                       136     0         20     
       csl_sec_proxy.obj                        20      0         0      
    +--+----------------------------------------+-------+---------+---------+
       Total:                                   32672   186542    1037   
                                                                         
    /home/gtbldadm/nightlybuilds/repo_manifests/scripts/jenkins/mcu_plus_sdk_am64x_08_01_00_36/source/fs/freertos_fat/lib/freertos_fat.am64x.r5f.ti-arm-clang.release.lib
       ff_dir.obj                               8640    34        0      
       ff_ioman.obj                             5516    204       1      
       ff_file.obj                              4208    0         0      
       ff_fat.obj                               4164    0         0      
       ff_crc.obj                               144     1536      0      
       ff_string.obj                            1080    0         0      
       ff_sys.obj                               692     167       100    
       ff_stdio.obj                             376     416       0      
       ff_mmcsd.obj                             632     0         0      
       portable.obj                             80      0         0      
       ff_memory.obj                            56      0         0      
    +--+----------------------------------------+-------+---------+---------+
       Total:                                   25588   2357      101    
                                                                         
    /home/gtbldadm/nightlybuilds/repo_manifests/scripts/jenkins/mcu_plus_sdk_am64x_08_01_00_36/source/kernel/nortos/lib/nortos.am64x.r5f.ti-arm-clang.release.lib
       HwiP_armv7r_vim.obj                      1384    0         4104   
       printf.obj                               5364    98        0      
       ClockP_nortos.obj                        976     90        56     
       TimerP.obj                               704     259       0      
       CacheP_armv7r_asm.obj                    832     0         0      
       SemaphoreP_nortos.obj                    528     107       0      
       HwiP_armv7r_handlers_nortos.obj          624     0         0      
       MpuP_armv7r.obj                          592     0         0      
       ClockP_nortos_r5.obj                     368     172       0      
       CacheP_armv7r.obj                        348     0         8      
       DebugP_log.obj                           236     45        4      
       boot_armv7r_asm.obj                      252     0         0      
       AddrTranslateP.obj                       152     0         12     
       HwiP_armv7r_handlers_nortos_asm.obj      120     0         0      
       MpuP_armv7r_asm.obj                      120     0         0      
       DebugP_uartLogWriter.obj                 108     0         4      
       HwiP_armv7r_asm.obj                      112     0         0      
       DebugP_nortos.obj                        96      0         0      
       HwiP_armv7r_vectors_nortos_sbl_asm.obj   64      0         0      
       PmuP_armv7r_asm.obj                      48      0         0      
       PmuP_armv7r.obj                          40      0         0      
       boot_armv7r.obj                          36      0         0      
       TaskP_nortos.obj                         4       0         0      
    +--+----------------------------------------+-------+---------+---------+
       Total:                                   13108   771       4188   
                                                                         
    /home/gtbldadm/ti/ccs1100/ccs/tools/compiler/ti-cgt-armllvm_1.3.0.LTS/lib/armv7r-ti-none-eabihf/c/libc.a
       _printfi.c.obj                           3140    34        0      
       memory.c.obj                             1164    0         5      
       aeabi_ctype.S.obj                        0       257       0      
       snprintf.c.obj                           252     0         0      
       atoi.c.obj                               108     0         0      
       autoinit.c.obj                           92      0         0      
       memccpy.c.obj                            72      0         0      
       wcslen.c.obj                             32      0         0      
       aeabi_portable.c.obj                     12      0         4      
       _lock.c.obj                              4       0         8      
       exit.c.obj                               8       0         0      
    +--+----------------------------------------+-------+---------+---------+
       Total:                                   4884    291       17     
                                                                         
    /home/gtbldadm/ti/ccs1100/ccs/tools/compiler/ti-cgt-armllvm_1.3.0.LTS/lib/armv7r-ti-none-eabihf/c/libsysbm.a
       memcpy32.S.obj                           28      0         0      
       memset32.S.obj                           24      0         0      
    +--+----------------------------------------+-------+---------+---------+
       Total:                                   52      0         0      
                                                                         
    /home/gtbldadm/ti/ccs1100/ccs/tools/compiler/ti-cgt-armllvm_1.3.0.LTS/lib/clang/12.0.1/lib/armv7r-ti-none-eabihf/libclang_rt.builtins.a
       udivsi3.S.obj                            464     0         0      
       udivmoddi4.S.obj                         280     0         0      
       aeabi_uldivmod.S.obj                     36      0         0      
[...]
70000000  __TI_static_base__                  
70000000  _vectors_sbl                        
70000100  MMCSD_open                          
70001638  __TI_printfi_nofloat                
70002e7c  _nop                                
700036e0  FF_CreateDirent                     
70003cdc  __aeabi_memcpy                      
70003cdc  __aeabi_memcpy4                     
70003cdc  __aeabi_memcpy8                     
70003ce0  FF_FindEntryInDir                   
700042b8  C$$EXIT                             
700042b8  abort                               
700042c0  FF_Mount                            
70004860  FF_PartitionSearch                  
70004d90  UART_open                           
70005290  Sciclient_service                   
70005754  __aeabi_errno_addr                  
70005760  FF_Read                             
70005c00  FF_FindShortName                    
70006070  FF_Open                             
70006910  main                                
70007370  FF_PopulateLongDirent               
700076c0  Bootloader_socCpuPowerOnResetR5f    
70007980  Bootloader_socCpuResetRelease       
70007c34  malloc                              
70007f00  FF_FindFreeCluster                  
700081b0  UART_write                          
70008460  DDR_init                            
700086e0  TimerP_setup                        
70008940  FF_Close                            
70008b90  FF_CountFreeClusters                
70008dd0  FF_CreateShortName                  
70009010  FF_GetBuffer                        
70009470  SOC_moduleSetClockFrequency         
70009670  FF_putFATEntry                      
70009870  FF_CreateIOManger                   
70009a48  __aeabi_uidiv                       
70009a48  __udivsi3                           
70009c20  FF_FS_Add                           
70009df0  FF_UnlinkClusterChain               
70009fb4  free                                
7000a170  Bootloader_socCpuResetReleaseSelf   
7000a324  aligned_alloc                       
7000a324  memalign                            
7000a4e0  UART_close                          
7000a690  Sciclient_loadFirmware              
7000a830  LPDDR4_CheckCtlInterrupt            
7000a9b0  MMCSD_write                         
7000ab30  Bootloader_socCpuPowerOnResetM4f    
7000acb0  MMCSD_read                          
7000ae30  ClockP_init                         
7000afa0  FF_PopulateShortDirent              
7000b110  FF_getFATEntry                      
7000b270  FF_ExtendDirectory                  
7000b3d0  FF_IncreaseFreeClusters             
7000b530  FF_TraverseFAT                      
7000b690  FF_FindDir                          
7000b7e0  Bootloader_loadSelfCpu              
7000b920  FF_FlushCache                       
7000ba60  Bootloader_rprcImageLoad            
7000bcc0  FF_FetchEntryWithContext            
7000bdf0  FF_GetChainLength                   
7000c050  FF_DecreaseFreeClusters             
7000c180  FF_PushEntryWithContext             
7000c2b0  FF_MMCSDDiskInit                    
7000c510  FF_CreateFile                       
7000c630  Sciclient_pmQueryModuleClkFreq      
7000c750  FF_Utf16ctoUtf8c                    
7000c870  Sciclient_getVersionCheck           
7000c988  __udivmoddi4                        
7000caa0  FF_strtok                           
7000cce0  Bootloader_socLoadSysFw             
7000cdf0  FF_Utf8ctoUtf16c                    
7000d010  Bootloader_parseMultiCoreAppImage   
7000d120  FF_ClearCluster                     
7000d230  FF_PutEntry                         
7000d440  SemaphoreP_pend                     
7000d640  Pinmux_config                       
7000d740  Sciclient_pmSetModuleClkFreq        
7000d840  UART_flushTxFifo                    
7000d940  FF_FS_Find                          
7000da30  FF_GetEntry                         
7000dc10  Sciclient_init                      
7000dd00  FF_BlockRead                        
7000ddf0  FF_BlockWrite                       
7000e0b0  LPDDR4_Start                        
7000e260  MMCSD_parseCSDSd                    
7000e330  Sciclient_boardCfg                  
7000e400  Sciclient_boardCfgPm                
7000e4d0  Sciclient_boardCfgRm                
7000e5a0  Sciclient_boardCfgSec               
7000e670  MMCSD_parseECSDEmmc                 
7000e730  UART_init                           
7000e7f0  Bootloader_profilePrintProfileLog   
7000e970  Sciclient_pmGetModuleClkNumParent   
7000ea30  Sciclient_procBootWaitProcessorState
7000eaf0  ClockP_timerTickIsr                 
7000ebb0  SOC_moduleClockEnable               
7000ed30  MMCSD_parseCIDEmmc                  
7000ede0  Sciclient_pmGetModuleState          
7000ee90  Bootloader_socCpuSetClock           
7000eff0  FF_strmatch                         
7000f0a0  FF_GetModeBits                      
7000f150  MMCSD_init                          
7000f2b0  Bootloader_socMemInitCpu            
7000f410  Sciclient_pmGetModuleClkFreq        
7000f560  Sciclient_pmGetModuleClkParent      
7000f600  prvGetFromFATBuffers                
7000f6a0  Bootloader_socCpuPowerOnResetA53    
7000f740  MMCSD_parseCIDSd                    
7000f7e0  Sciclient_pmModuleGetClkStatus      
7000f880  AddrTranslateP_getLocalAddr         
7000f920  Bootloader_runCpu                   
7000f9c0  Sciclient_procBootSetSequenceCtrl   
7000fa60  Bootloader_socCpuGetClock           
7000fb00  Bootloader_socCpuSetEntryPoint      
7000fba0  Sciclient_pmSetModuleClkParent      
7000fc40  Sciclient_pmSetModuleState          
7000fce0  Bootloader_socCpuRelease            
7000fd70  Sciclient_getContext                
7000fe00  Sciclient_pmModuleClkRequest        
7000fe90  Sciclient_procBootReleaseProcessor  
70010040  Bootloader_socCpuRequest            
700100d0  FF_FindEndOfChain                   
70010160  FF_InitEntryFetch                   
700101f0  _DebugP_assert                      
700103a0  LPDDR4_ReadReg                      
70010420  Sciclient_abiCheck                  
700104a0  Sciclient_pmSetModuleRst_flags      
700105a0  FF_CheckValid                       
70010620  Sciclient_pmSetModuleRst            
700106a0  Sciclient_procBootGetProcessorState 
700107a0  ClockP_stop                         
70010820  Drivers_mmcsdOpen                   
700108a0  Drivers_uartOpen                    
70010920  FF_ReleaseBuffer                    
700109a0  Sciclient_procBootRequestProcessor  
70010a20  Sciclient_triggerSecHandover        
70010aa0  ff_fopen                            
70010b14  snprintf                            
70010b90  Bootloader_socTranslateSectionAddr  
70010c00  Drivers_ffOpen                      
70010c70  LPDDR4_Init                         
70010ce0  LPDDR4_WritePhyConfig               
70010d50  ClockP_construct                    
70010dc0  FF_ReadParts                        
70010e30  LPDDR4_WritePhyIndepConfig          
70010ea0  Sciclient_procBootSetProcessorCfg   
70010f0c  atoi                                
70010f80  FF_CreateClusterChain               
70010ff0  LPDDR4_WriteCtlConfig               
70011060  MMCSD_close                         
700110d0  ClockP_getTimeUsec                  
700111b0  Bootloader_loadCpu                  
70011210  Bootloader_open                     
70011270  _DebugP_logZone                     
700112d0  ClockP_destruct                     
70011330  DebugP_uartLogWriterPutChar         
700113f0  MMCSD_parseCSDEmmc                  
70011450  SemaphoreP_constructBinary          
700114ac  __TI_auto_init_nobinit_nopinit      
70011510  FF_DeleteIOManager                  
700115d0  SemaphoreP_constructMutex           
70011630  SemaphoreP_post                     
700116e0  Drivers_close                       
70011740  FF_ReleaseFATBuffers                
70011860  Bootloader_runSelfCpu               
700118b0  FF_GetCRC16                         
70011900  SOC_controlModuleUnlockMMR          
70011950  ClockP_start                        
700119a0  Dpl_init                            
70011a40  prvFFErrorToErrno                   
70011b80  Module_clockSetFrequency            
70011bc8  memccpy                             
70011c10  Bootloader_profileReset             
70011cb0  MMCSD_getHandle                     
70011d00  UART_getHandle                      
70011d50  ff_filelength                       
70011da0  ff_fread                            
70011df0  Bootloader_BootImageInfo_init       
70011e30  Bootloader_socCpuPowerOnReset       
70011e70  ClockP_usleep                       
70011eb0  FF_GetCRC32                         
70011ef0  FF_GetFileSize                      
70011f30  MMCSD_parseSCRSd                    
70011f70  Module_clockDisable                 
70011fb0  Module_clockEnable                  
70012030  FF_MMCSDDiskDelete                  
70012070  FF_getMinorBlockEntry               
700120b0  FF_tolower                          
700120f0  System_init                         
70012130  FF_getMinorBlockNumber              
70012170  SOC_controlModuleLockMMR            
700121b0  Bootloader_profileAddProfilePoint   
700121e0  Bootloader_socRprcToCslCoreId       
70012210  DebugP_logZoneEnable                
70012240  SOC_getSelfCpuClk                   
700122a0  ff_fclose                           
70012300  CycleCounterP_getCount32            
70012308  PmuP_setup                          
70012310  PmuP_enableCounters                 
70012318  PmuP_disableCounters                
70012320  PmuP_getOverflowStatus              
70012328  PmuP_clearOverflowStatus            
70012330  FF_Cluster2LBA                      
70012360  MMCSD_deinit                        
700123c0  Sciclient_getCurrentContext         
700123f0  UART_deinit                         
70012420  vprintf_                            
70012450  Bootloader_close                    
70012480  Bootloader_socCpuGetClkDefault      
700124b0  Pinmux_init                         
700124e0  System_deinit                       
70012510  TimerP_Params_init                  
70012540  CycleCounterP_reset                 
70012570  Bootloader_socGetCoreName           
700125a0  FF_getMajorBlockNumber              
700125d0  _system_pre_init                    
700125f4  __aeabi_uldivmod                    
70012620  LPDDR4_Probe                        
70012640  MMCSD_getBlockCount                 
70012660  wcslen                              
70012680  Sciclient_getDevId                  
700126b8  TI_memcpy_small                     
700126d4  __aeabi_memset                      
700126d4  __aeabi_memset4                     
700126d4  __aeabi_memset8                     
700126e4  __aeabi_memclr                      
700126e4  __aeabi_memclr4                     
700126e4  __aeabi_memclr8                     
700126f0  Bootloader_socGetSBLMem             
70012710  FF_getClusterChainNumber            
70012730  TimerP_clearOverflowInt             
70012748  TI_memset_small                     
70012760  CSL_secProxyGetDataAddr             
70012780  Drivers_open                        
700127a0  FF_GetUtf16SequenceLen              
700127c0  Bootloader_Params_init              
700127d0  ClockP_Params_init                  
700127e0  ClockP_getTicks                     
700127f0  ClockP_isActive                     
70012800  DebugP_uartSetDrvIndex              
70012810  PowerClock_init                     
70012820  Sciclient_getSelfDevIdCore          
70012830  TimerP_start                        
70012840  FF_getShort                         
70012850  FF_putShort                         
70012870  Board_driversOpen                   
70012880  FF_BufferWait                       
70012890  FF_CreateEvents                     
700128a0  FF_Has_Lock                         
700128b0  FF_getChar                          
700128c0  FF_getLong                          
700128d0  FF_putChar                          
700128e0  FF_putLong                          
70012910  Sciclient_deinit                    
70012920  TimerP_getCount                     
70012930  TimerP_getReloadCount               
70012940  vTaskSetThreadLocalStoragePointer   
70012950  Bootloader_socSecHandover           
70012960  ClockP_getTimerCount                
70012970  ClockP_timerClearOverflowInt        
70012980  Dpl_deinit                          
70012990  FF_Assert_Lock                      
700129a0  FF_BufferProceed                    
700129b0  FF_DeleteEvents                     
700129c0  FF_LockDirectory                    
700129d0  FF_LockFAT                          
700129e0  FF_PendSemaphore                    
700129f0  FF_ReleaseSemaphore                 
70012a00  FF_Sleep                            
70012a10  FF_UnlockDirectory                  
70012a20  FF_UnlockFAT                        
70012a50  PowerClock_deinit                   
70012a60  SemaphoreP_destruct                 
70012a70  TaskP_yield                         
70012a80  __aeabi_idiv0                       
70012a90  __aeabi_ldiv0                       
70012ab0  putchar_                            
70012ac0  vTaskSuspendAll                     
70012ad0  xTaskResumeAll                      
70012ae0  HwiP_enableInt                      
70012b20  HwiP_disableInt                     
70012b70  HwiP_restoreInt                     
70012bf0  HwiP_clearInt                       
70012c20  HwiP_post                           
70012c50  HwiP_Params_init                    
70012c70  HwiP_construct                      
70012e20  HwiP_destruct                       
70012f20  HwiP_init                           
70013030  HwiP_inISR                          
70013050  HwiP_irq_handler_c                  
70013100  HwiP_fiq_handler                    
700131d0  HwiP_reserved_handler               
70013200  HwiP_undefined_handler              
70013230  HwiP_svc_handler                    
70013260  HwiP_prefetch_abort_handler         
70013290  HwiP_data_abort_handler             
700132c0  HwiP_irq_handler                    
70013338  HwiP_disable                        
70013348  HwiP_disableFIQ                     
70013358  HwiP_enable                         
70013368  HwiP_enableFIQ                      
70013378  HwiP_restore                        
70013380  HwiP_enableVIC                      
70013390  HwiP_disableVIC                     
700133a0  HwiP_getCPSR                        
700133b0  CacheP_disableL1d                   
700133d8  CacheP_disableL1p                   
700133f0  CacheP_enableL1d                    
70013408  CacheP_enableL1p                    
70013420  CacheP_invL1d                       
70013458  CacheP_invL1p                       
70013494  CacheP_invL1dAll                    
7001349c  CacheP_invL1pAll                    
700134a4  CacheP_wb                           
700134e0  CacheP_wbInv                        
7001351c  CacheP_wbAll                        
700135c4  CacheP_wbInvAll                     
700135dc  CacheP_wbInvAllAsm                  
7001367c  CacheP_getEnabled                   
700136b4  CacheP_getCacheLevelInfo            
700136c0  CacheP_configForceWrThru            
700136e0  CacheP_setDLFO                      
700136f0  CacheP_init                         
70013790  CacheP_disable                      
700137e0  CacheP_enable                       
70013810  CacheP_inv                          
70013850  MpuP_RegionAttrs_init               
70013870  MpuP_setRegion                      
70013950  MpuP_enable                         
700139a0  MpuP_disable                        
700139f0  MpuP_isEnable                       
70013a00  MpuP_init                           
70013aa0  MpuP_disableAsm                     
70013ab8  MpuP_disableBRAsm                   
70013ac8  MpuP_enableAsm                      
70013ae0  MpuP_enableBRAsm                    
70013af0  MpuP_isEnableAsm                    
70013b04  MpuP_setRegionAsm                   
70013b20  _c_int00_sbl                        
70013b44  _c_int00                            
70013c20  _DebugP_assertNoLog                 
70013c60  __mpu_init                          
70013c70  DDRSS_phyReg                        
7001445c  DDRSS_ctlReg                        
70014af8  DDRSS_phyIndepReg                   
7001505c  DDRSS_phyRegNum                     
70015452  DDRSS_ctlRegNum                     
700157a0  DDRSS_phyIndepRegNum                
70015a54  gAddrTranslateInfo                  
70015b18  gCoreBootInfo                       
70015d40  gMpuRegionConfig                    
70015d90  gUartParams                         
70015e40  gSocModulesClockFrequency           
70015e64  __aeabi_errno                       
70015e68  gSciclientSecProxyCfg               
70015e88  gBootloaderMemFxns                  
70015e9c  gClockConfig                        
70015eb0  gSocModules                         
70015ec4  _lock                               
70015ec8  gAddrTranslateConfig                
70015ed4  gMpuConfig                          
70015ee0  gBootloader0Args                    
70015ee8  gBootloaderConfig                   
70015ef0  gCacheConfig                        
70015ef8  gFFMmcsdConfig                      
70015f00  gFFPartitionIds                     
70015f08  gMmcsdConfig                        
70015f10  gMmcsdParams                        
70015f28  gUartConfig                         
70015f30  _unlock                             
70015f34  gBootloaderConfigNum                
70015f38  gCacheL1dCacheLineSize              
70015f3c  gCacheL1pCacheLineSize              
70015f40  gDebugLogZone                       
70015f44  gDebugP_uartDrvIndex                
70015f48  gHwiConfig                          
70015f4c  gMmcsdConfigNum                     
70015f64  gUartConfigNum                      
70015f80  gSysFw                              
70042c34  crc32_table                         
70043838  gSciclientMap                       
70043c80  __aeabi_ctype_table_                
70043c80  __aeabi_ctype_table_C               
70044598  gSOC_r5fVectors                     
70044700  gBoardConfigLow_debug               
70060000  __start___llvm_prf_cnts             
70060000  __stop___llvm_prf_cnts              
70060000  _sys_memory                         
70068000  __stack                             
7006c000  __BSS_START                         
7006c000  __STACK_END                         
7006c000  gHwiCtrl                            
7006d5f4  gADMA2Desc                          
7006d600  gMmcsdDataBuf0                      
7006d800  gProfileObj                         
7006d96c  gMmcsdHandle                        
7006d970  gClockCtrl                          
7006d9a8  gSdData0                            
7006d9d8  gFFDisks                            
7006da10  gUartHandle                         
7006da14  ucAssumeFATType                     
7006da80  __BSS_END                           
7006da80  __IRQ_STACK_START                   
7006ea80  __FIQ_STACK_START                   
7006ea80  __IRQ_STACK_END                     
7006eb80  __FIQ_STACK_END                     
7006eb80  __SVC_STACK_START                   
7006ec80  __ABORT_STACK_START                 
7006ec80  __SVC_STACK_END                     
7006ed80  __ABORT_STACK_END                   
7006ed80  __UNDEFINED_STACK_START             
7006ee80  __UNDEFINED_STACK_END               
70180000  gAppImageBuf                        
ffffffff  __TI_pprof_out_hndl                 
ffffffff  __TI_prof_data_size                 
ffffffff  __TI_prof_data_start                
ffffffff  __binit__                           
ffffffff  binit                               
UNDEFED   __TI_CINIT_Base                     
UNDEFED   __TI_CINIT_Limit                    
UNDEFED   __TI_Handler_Table_Base             
UNDEFED   __TI_Handler_Table_Limit            
UNDEFED   _system_post_cinit                  

[432 symbols]
